   Compiling proc-macro2 v1.0.95
   Compiling unicode-ident v1.0.18
   Compiling libc v0.2.174
   Compiling cfg-if v1.0.1
   Compiling either v1.15.0
   Compiling autocfg v1.5.0
   Compiling crossbeam-utils v0.8.21
   Compiling memchr v2.7.5
   Compiling once_cell v1.21.3
   Compiling anstyle v1.0.11
   Compiling serde v1.0.219
   Compiling equivalent v1.0.2
   Compiling rustix v1.0.7
   Compiling anyhow v1.0.98
   Compiling utf8parse v0.2.2
   Compiling bitflags v2.9.1
   Compiling anstyle-parse v0.2.7
   Compiling hashbrown v0.15.4
   Compiling getrandom v0.3.3
   Compiling anstyle-query v1.1.3
   Compiling fastrand v2.3.0
   Compiling is_terminal_polyfill v1.70.1
   Compiling serde_json v1.0.140
   Compiling colorchoice v1.0.4
   Compiling clap_lex v0.7.5
   Compiling indexmap v2.9.0
   Compiling itertools v0.14.0
   Compiling ryu v1.0.20
   Compiling shlex v1.3.0
   Compiling quote v1.0.40
   Compiling errno v0.3.12
   Compiling jobserver v0.1.33
   Compiling itoa v1.0.15
   Compiling crossbeam-epoch v0.9.18
   Compiling syn v2.0.103
   Compiling cc v1.2.27
   Compiling lock_api v0.4.13
   Compiling parking_lot_core v0.9.11
   Compiling pkg-config v0.3.32
   Compiling anstream v0.6.19
   Compiling zerocopy v0.8.26
   Compiling regex-syntax v0.8.5
   Compiling bytes v1.10.1
   Compiling strsim v0.11.1
   Compiling smallvec v1.15.1
   Compiling toml_write v0.1.2
   Compiling prettyplease v0.2.34
   Compiling scopeguard v1.2.0
   Compiling pin-project-lite v0.2.16
   Compiling winnow v0.7.11
   Compiling clap_builder v4.5.40
   Compiling tempfile v3.20.0
   Compiling crossbeam-deque v0.8.6
   Compiling zstd-sys v2.0.15+zstd.1.5.7
   Compiling regex-automata v0.4.9
   Compiling aho-corasick v1.1.3
   Compiling num-traits v0.2.19
   Compiling fixedbitset v0.5.7
   Compiling futures-core v0.3.31
   Compiling log v0.4.27
   Compiling futures-sink v0.3.31
   Compiling rayon-core v1.12.1
   Compiling cbindgen v0.29.0
   Compiling heck v0.5.0
   Compiling futures-channel v0.3.31
   Compiling regex v1.11.1
   Compiling clap v4.5.40
   Compiling petgraph v0.7.1
   Compiling rand_core v0.9.3
   Compiling protobuf v2.28.0
   Compiling multimap v0.10.1
   Compiling slab v0.4.10
   Compiling zstd-safe v7.2.4
   Compiling futures-task v0.3.31
   Compiling pin-utils v0.1.0
   Compiling futures-io v0.3.31
   Compiling fnv v1.0.7
   Compiling thiserror v1.0.69
   Compiling serde_derive v1.0.219
   Compiling prost-derive v0.14.1
   Compiling futures-macro v0.3.31
   Compiling ppv-lite86 v0.2.21
   Compiling thiserror-impl v1.0.69
   Compiling parking_lot v0.12.4
   Compiling futures-util v0.3.31
   Compiling half v2.6.0
   Compiling foldhash v0.1.5
   Compiling plotters-backend v0.3.7
   Compiling prost v0.14.1
   Compiling prometheus v0.13.4
   Compiling virtue v0.0.18
   Compiling prost-types v0.14.1
   Compiling thiserror v2.0.12
   Compiling lazy_static v1.5.0
   Compiling ciborium-io v0.2.2
   Compiling snap v1.1.1
   Compiling allocator-api2 v0.2.21
   Compiling bincode_derive v2.0.1
   Compiling ciborium-ll v0.2.2
   Compiling prost-build v0.14.1
   Compiling plotters-svg v0.3.7
   Compiling rand_chacha v0.9.0
   Compiling rayon v1.10.0
   Compiling tokio-macros v2.5.0
   Compiling futures-executor v0.3.31
   Compiling tracing-attributes v0.1.30
   Compiling thiserror-impl v2.0.12
   Compiling mio v1.0.4
   Compiling signal-hook-registry v1.4.5
   Compiling socket2 v0.5.10
   Compiling wait-timeout v0.2.1
   Compiling toml_datetime v0.6.11
   Compiling serde_spanned v0.6.9
   Compiling toml_edit v0.22.27
   Compiling crossbeam-channel v0.5.15
   Compiling crossbeam-queue v0.3.12
   Compiling tracing-core v0.1.34
   Compiling itertools v0.10.5
   Compiling bit-vec v0.4.4
   Compiling quick-error v1.2.3
   Compiling twox-hash v2.1.1
   Compiling unty v0.0.4
   Compiling same-file v1.0.6
   Compiling bit-vec v0.8.0
   Compiling cast v0.3.0
   Compiling hashbrown v0.14.5
   Compiling bit-set v0.8.0
   Compiling criterion-plot v0.5.0
   Compiling env_filter v0.1.3
   Compiling walkdir v2.5.0
   Compiling bincode v2.0.1
   Compiling toml v0.8.23
   Compiling dashmap v6.1.0
   Compiling lz4_flex v0.11.5
   Compiling rusty-fork v0.3.0
   Compiling bloom v0.3.2
   Compiling tinytemplate v1.2.1
   Compiling tracing v0.1.41
   Compiling crossbeam v0.8.4
   Compiling ciborium v0.2.2
   Compiling tokio v1.45.1
   Compiling futures v0.3.31
   Compiling rand v0.9.1
   Compiling plotters v0.3.7
   Compiling lru v0.14.0
   Compiling async-trait v0.1.88
   Compiling rand_xorshift v0.4.0
   Compiling crossbeam-skiplist v0.1.3
   Compiling memmap2 v0.9.5
   Compiling itertools v0.13.0
   Compiling crc32fast v1.4.2
   Compiling anes v0.1.6
   Compiling unarray v0.1.4
   Compiling oorandom v11.1.5
   Compiling jiff v0.2.15
   Compiling proptest v1.7.0
   Compiling criterion v0.6.0
   Compiling lightning_db v0.1.0 (/Volumes/Data/Projects/ssss/lightning_db)
   Compiling zstd v0.13.3
   Compiling env_logger v0.11.8
    Finished `test` profile [unoptimized + debuginfo] target(s) in 38.08s
     Running unittests src/lib.rs (target/debug/deps/lightning_db-4ae6287f7fe43624)

running 146 tests
test backup::tests::test_list_backups ... ok
test btree::delete::tests::test_delete_simple ... ok
test btree::delete::tests::test_delete_complete ... ok
test btree::delete::tests::test_insertions_work ... ok
test btree::iterator::tests::test_btree_iterator_forward ... ok
test btree::iterator::tests::test_btree_iterator_with_bounds ... ok
test backup::tests::test_full_backup_restore ... ok
test btree::split_handler::tests::test_internal_node_split ... ok
test btree_write_buffer::tests::test_write_buffer ... ok
test cache::batch_eviction::tests::test_batch_eviction ... ok
test cache::batch_eviction::tests::test_concurrent_eviction ... ok
test cache::optimized_arc::tests::test_optimized_arc_basic_operations ... ignored
test cache::optimized_arc::tests::test_optimized_arc_eviction ... ok
test btree_write_buffer::tests::test_auto_flush ... ok
test compression::adaptive_compression::tests::test_adaptive_compression ... ok
test compression::adaptive_compression::tests::test_pattern_detection ... ok
test compression::tests::test_adaptive_compression_random_data ... ok
test compression::tests::test_adaptive_compression_repetitive_data ... ok
test compression::tests::test_adaptive_compression_small_data ... ok
test compression::tests::test_adaptive_compression_text_data ... ok
test compression::tests::test_compression_benchmark ... ok
test compression::tests::test_compression_stats ... ok
test compression::tests::test_entropy_estimation ... ok
test compression::tests::test_lz4_compression ... ok
test compression::tests::test_no_compression ... ok
test compression::tests::test_pattern_detection ... ok
test compression::tests::test_snappy_compression ... ok
test compression::tests::test_text_detection ... ok
test compression::tests::test_zstd_compression ... ok
test consistency::tests::test_consistency_levels ... ok
test consistency::tests::test_hybrid_logical_clock ... ok
test consistency::tests::test_session_consistency ... ok
test error::tests::test_error_codes ... ok
test error::tests::test_is_corruption ... ok
test error::tests::test_is_recoverable ... ok
test index::tests::test_index_key_serialization ... ok
test index::tests::test_simple_record ... ok
test iterator::tests::test_iterator_builder ... ok
test iterator::tests::test_iterator_entry_ordering ... ok
test iterator::tests::test_range_bounds ... ok
test lock_free::btree_wrapper::tests::test_cache_invalidation ... ok
test lock_free::btree_wrapper::tests::test_lock_free_btree_basic ... ok
test lock_free::cache::tests::test_cache_eviction ... ok
test cache::optimized_arc::tests::test_optimized_arc_memory_efficiency ... ok
test btree::delete::tests::test_delete_with_underflow ... ok
test lock_free::memory_pool::tests::test_buffer_guard ... ok
test lock_free::memory_pool::tests::test_lock_free_memory_pool ... ok
test lock_free::cache::tests::test_lock_free_cache ... ok
test lock_free::metrics::tests::test_lock_free_metrics ... ok
test lock_free::cache::tests::test_sharded_cache ... ok
test lock_free::page_tracker::tests::test_concurrent_allocation ... ok
test lock_free::page_tracker::tests::test_page_bitmap ... ok
test lock_free::page_tracker::tests::test_page_tracker ... ok
test lock_free::queue::tests::test_prefetch_queue ... ok
test lock_free::queue::tests::test_lock_free_queue ... ok
test lock_free::queue::tests::test_work_stealing ... ok
test lsm::background_compaction::tests::test_compaction_scheduler_lifecycle ... ok
test lsm::background_compaction::tests::test_compaction_task_priority_ordering ... ok
test lsm::delta_compression::tests::test_compression_ratio ... ok
test lsm::delta_compression::tests::test_decompression ... ok
test lsm::delta_compression::tests::test_delta_compressor_creation ... ok
test lsm::delta_compression::tests::test_full_data_compression ... ok
test lsm::memtable::tests::test_memtable_basic ... ok
test lsm::memtable::tests::test_memtable_delete ... ok
test lsm::delta_compression::tests::test_similarity_calculation ... ok
test lsm::memtable::tests::test_memtable_iteration ... ok
test lsm::memtable::tests::test_memtable_update ... ok
test metrics::tests::test_cache_metrics ... ok
test metrics::tests::test_disabled_metrics ... ok
test metrics::tests::test_operation_metrics ... ok
test prefetch::tests::test_access_pattern_detection ... ok
test prefetch::tests::test_adaptive_prefetch_distance ... ok
test lock_free::metrics::tests::test_operation_timer ... ok
test prefetch::tests::test_stride_pattern_detection ... ok
test profiling::tests::test_basic_profiling ... ok
test profiling::tests::test_disabled_profiling ... ok
test lsm::parallel_compaction::tests::test_parallel_compaction_coordinator ... ok
test prefetch::tests::test_prefetch_manager_lifecycle ... ok
test profiling::tests::test_nested_profiling ... ok
test realtime_stats::tests::test_cache_stats_update ... ok
test profiling::tests::test_profile_function ... ok
test realtime_stats::tests::test_window_reset ... ok
test realtime_stats::tests::test_stats_collection ... ok
test profiling::tests::test_hot_paths ... ok
test replication::tests::test_replication_config ... ok
test serialization::key_encoder::tests::test_composite_encoder ... ok
test serialization::key_encoder::tests::test_identity_encoder ... ok
test serialization::key_encoder::tests::test_prefix_encoder ... ok
test serialization::key_encoder::tests::test_varint_encoder ... ok
test serialization::string_pool::tests::test_eviction ... ok
test serialization::string_pool::tests::test_pooled_encoder ... ok
test serialization::string_pool::tests::test_string_encoding ... ok
test serialization::string_pool::tests::test_string_pool ... ok
test serialization::value_encoder::tests::test_compression_encoder ... ok
test serialization::value_encoder::tests::test_identity_encoder ... ok
test sharding::tests::test_hash_sharding ... ok
test sharding::tests::test_range_sharding ... ok
test async_db::tests::test_concurrent_operations ... ok
test async_db::tests::test_async_transactions ... ok
test async_db::tests::test_async_basic_operations ... ok
test simd::batch_ops::tests::test_batch_hash ... ok
test simd::batch_ops::tests::test_batch_validate ... ok
test simd::batch_ops::tests::test_prefix_match ... ok
test async_db::tests::test_batch_operations ... ok
test simd::checksum::tests::test_checksum_verify ... ok
test simd::checksum::tests::test_count_leading_zeros ... ok
test simd::checksum::tests::test_is_zero ... ok
test simd::checksum::tests::test_simd_crc32 ... ok
test simd::key_compare::tests::test_batch_compare ... ok
test simd::key_compare::tests::test_simd_compare ... ok
test simd::key_compare::tests::test_simd_find ... ok
test simd::key_compare::tests::test_simd_memeq ... ok
test storage::optimized_page_manager::tests::test_optimized_page_manager ... ignored, Test hangs on some systems
test storage::mmap_optimized::tests::test_mmap_manager_basic ... ok
test replication::tests::test_enhanced_replication ... ok
test replication::tests::test_master_slave_setup ... ok
test backup::tests::test_incremental_backup ... ok
test tests::test_basic_operations ... ok
test tests::test_batch_operations ... ok
test tests::test_comprehensive_delete_operations ... ok
test tests::test_database_creation ... ok
test sharding::tests::test_replication ... ok
test sharding::tests::test_sharded_database ... ok
test tests::test_range_iterator ... ok
test tests::test_prefix_scan ... ok
test transaction::mvcc::tests::test_mvcc_snapshot_isolation ... ok
test transaction::mvcc::tests::test_mvcc_write_conflict ... ok
test transaction::optimized_manager::tests::test_read_write_lock_conflict ... ok
test transaction::optimized_manager::tests::test_write_lock_conflict ... ok
test transaction::tests::test_snapshot_isolation ... ok
test transaction::tests::test_transaction_basic ... ok
test transaction::tests::test_write_write_conflict ... ok
test utils::resource_guard::tests::test_bounded_memory_pool ... ok
test utils::resource_guard::tests::test_thread_guard ... ok
test wal::recovery_fixes::tests::test_duplicate_lsn_recovery ... ok
test wal::recovery_fixes::tests::test_torn_write_recovery ... ok
test wal_improved::tests::test_recovery_incomplete_write ... ok
test wal_improved::tests::test_transaction_recovery ... ok
test zero_copy::tests::test_zero_copy_page ... ok
test transaction::optimized_manager::tests::test_optimized_transaction_manager_basic ... ok
test tests::test_transaction_iterator ... ok
test tests::test_transactions ... ok
test thread_local_buffer::tests::test_auto_flush ... ok
test tests::test_database_reopening ... ok
test thread_local_buffer::tests::test_thread_local_writer ... ok
test storage::mmap_optimized::tests::test_region_eviction ... ok

test result: ok. 144 passed; 0 failed; 2 ignored; 0 measured; 0 filtered out; finished in 6.04s

     Running tests/basic_delta_test.rs (target/debug/deps/basic_delta_test-fcbc1ec289d5c370)

running 4 tests
test test_delta_compression_decompression ... ok
test test_delta_compression_basic ... ok
test test_delta_compression_ratio ... ok
test test_delta_compression_disabled ... ok

test result: ok. 4 passed; 0 failed; 0 ignored; 0 measured; 0 filtered out; finished in 0.00s

     Running tests/comprehensive_delete_test.rs (target/debug/deps/comprehensive_delete_test-6c2ab98d89ab911e)

running 1 test
test test_comprehensive_delete_functionality ... ok

test result: ok. 1 passed; 0 failed; 0 ignored; 0 measured; 0 filtered out; finished in 2.06s

     Running tests/delete_edge_cases.rs (target/debug/deps/delete_edge_cases-441363f492906b38)

running 6 tests
test test_transaction_delete_rollback ... ok
test test_delete_nonexistent_key ... ok
test test_delete_and_reinsert ... ok
test test_multiple_deletes_same_key ... ok
test test_delete_empty_value ... ok
test test_delete_with_lsm_flush ... ok

test result: ok. 6 passed; 0 failed; 0 ignored; 0 measured; 0 filtered out; finished in 1.03s

     Running tests/delete_operations.rs (target/debug/deps/delete_operations-915b502b4e54c411)

running 5 tests
test test_version_store_delete ... ok
test test_transactional_delete ... ok
test test_btree_delete ... ok
test test_direct_delete ... ok
test test_lsm_delete ... ok

test result: ok. 5 passed; 0 failed; 0 ignored; 0 measured; 0 filtered out; finished in 1.02s

     Running tests/delta_compression_test.rs (target/debug/deps/delta_compression_test-2086d93f00ee7453)

running 8 tests
test test_delta_compression_disabled ... ok
test test_delta_compression_basic ... ok
test test_delta_compression_levels ... ok
test test_delta_compression_ratio ... ok
test test_delta_compression_decompression ... ok
test test_delta_compression_large_data ... ok
test test_delta_compression_similarity ... ok
test test_delta_compression_with_lsm ... ok

test result: ok. 8 passed; 0 failed; 0 ignored; 0 measured; 0 filtered out; finished in 1.01s

     Running tests/memory_safety.rs (target/debug/deps/memory_safety-fadf7acd2538c50c)

running 5 tests
test test_iterator_memory_safety ... ignored
test test_large_value_handling ... ok
test test_concurrent_access_safety ... ok
test test_concurrent_transactions ... ok
test test_transaction_cleanup ... ok

test result: ok. 4 passed; 0 failed; 1 ignored; 0 measured; 0 filtered out; finished in 2.04s

     Running tests/property_tests.rs (target/debug/deps/property_tests-82f311ea35afd87f)

running 10 tests
test prop_large_data ... FAILED
test prop_empty_values ... FAILED
test prop_concurrent_consistency ... FAILED
test prop_memory_limits ... FAILED
test prop_key_uniqueness ... FAILED
test prop_transaction_isolation ... FAILED
test prop_range_query_ordering ... FAILED
test prop_delete_returns_none ... FAILED
test prop_put_get_consistency ... FAILED
test prop_crash_recovery ... FAILED

failures:

---- prop_large_data stdout ----
proptest: FileFailurePersistence::SourceParallel set, but failed to find lib.rs or main.rs

thread 'prop_large_data' panicked at tests/property_tests.rs:298:75:
called `Result::unwrap()` on an `Err` value: DatabaseNotFound { path: "No such file or directory (os error 2)" }

thread 'prop_large_data' panicked at tests/property_tests.rs:298:75:
called `Result::unwrap()` on an `Err` value: DatabaseNotFound { path: "No such file or directory (os error 2)" }

thread 'prop_large_data' panicked at tests/property_tests.rs:298:75:
called `Result::unwrap()` on an `Err` value: DatabaseNotFound { path: "No such file or directory (os error 2)" }

thread 'prop_large_data' panicked at tests/property_tests.rs:298:75:
called `Result::unwrap()` on an `Err` value: DatabaseNotFound { path: "No such file or directory (os error 2)" }

thread 'prop_large_data' panicked at tests/property_tests.rs:298:75:
called `Result::unwrap()` on an `Err` value: DatabaseNotFound { path: "No such file or directory (os error 2)" }

thread 'prop_large_data' panicked at tests/property_tests.rs:298:75:
called `Result::unwrap()` on an `Err` value: DatabaseNotFound { path: "No such file or directory (os error 2)" }

thread 'prop_large_data' panicked at tests/property_tests.rs:298:75:
called `Result::unwrap()` on an `Err` value: DatabaseNotFound { path: "No such file or directory (os error 2)" }

thread 'prop_large_data' panicked at tests/property_tests.rs:298:75:
called `Result::unwrap()` on an `Err` value: DatabaseNotFound { path: "No such file or directory (os error 2)" }

thread 'prop_large_data' panicked at tests/property_tests.rs:298:75:
called `Result::unwrap()` on an `Err` value: DatabaseNotFound { path: "No such file or directory (os error 2)" }

thread 'prop_large_data' panicked at tests/property_tests.rs:298:75:
called `Result::unwrap()` on an `Err` value: DatabaseNotFound { path: "No such file or directory (os error 2)" }

thread 'prop_large_data' panicked at tests/property_tests.rs:298:75:
called `Result::unwrap()` on an `Err` value: DatabaseNotFound { path: "No such file or directory (os error 2)" }

thread 'prop_large_data' panicked at tests/property_tests.rs:298:75:
called `Result::unwrap()` on an `Err` value: DatabaseNotFound { path: "No such file or directory (os error 2)" }

thread 'prop_large_data' panicked at tests/property_tests.rs:298:75:
called `Result::unwrap()` on an `Err` value: DatabaseNotFound { path: "No such file or directory (os error 2)" }

thread 'prop_large_data' panicked at tests/property_tests.rs:298:75:
called `Result::unwrap()` on an `Err` value: DatabaseNotFound { path: "No such file or directory (os error 2)" }

thread 'prop_large_data' panicked at tests/property_tests.rs:298:75:
called `Result::unwrap()` on an `Err` value: DatabaseNotFound { path: "No such file or directory (os error 2)" }

thread 'prop_large_data' panicked at tests/property_tests.rs:298:75:
called `Result::unwrap()` on an `Err` value: DatabaseNotFound { path: "No such file or directory (os error 2)" }

thread 'prop_large_data' panicked at tests/property_tests.rs:298:75:
called `Result::unwrap()` on an `Err` value: DatabaseNotFound { path: "No such file or directory (os error 2)" }

thread 'prop_large_data' panicked at tests/property_tests.rs:298:75:
called `Result::unwrap()` on an `Err` value: DatabaseNotFound { path: "No such file or directory (os error 2)" }

thread 'prop_large_data' panicked at tests/property_tests.rs:298:75:
called `Result::unwrap()` on an `Err` value: DatabaseNotFound { path: "No such file or directory (os error 2)" }

thread 'prop_large_data' panicked at tests/property_tests.rs:298:75:
called `Result::unwrap()` on an `Err` value: DatabaseNotFound { path: "No such file or directory (os error 2)" }

thread 'prop_large_data' panicked at tests/property_tests.rs:298:75:
called `Result::unwrap()` on an `Err` value: DatabaseNotFound { path: "No such file or directory (os error 2)" }

thread 'prop_large_data' panicked at tests/property_tests.rs:298:75:
called `Result::unwrap()` on an `Err` value: DatabaseNotFound { path: "No such file or directory (os error 2)" }

thread 'prop_large_data' panicked at tests/property_tests.rs:298:75:
called `Result::unwrap()` on an `Err` value: DatabaseNotFound { path: "No such file or directory (os error 2)" }

thread 'prop_large_data' panicked at tests/property_tests.rs:298:75:
called `Result::unwrap()` on an `Err` value: DatabaseNotFound { path: "No such file or directory (os error 2)" }

thread 'prop_large_data' panicked at tests/property_tests.rs:298:75:
called `Result::unwrap()` on an `Err` value: DatabaseNotFound { path: "No such file or directory (os error 2)" }

thread 'prop_large_data' panicked at tests/property_tests.rs:298:75:
called `Result::unwrap()` on an `Err` value: DatabaseNotFound { path: "No such file or directory (os error 2)" }

thread 'prop_large_data' panicked at tests/property_tests.rs:298:75:
called `Result::unwrap()` on an `Err` value: DatabaseNotFound { path: "No such file or directory (os error 2)" }

thread 'prop_large_data' panicked at tests/property_tests.rs:298:75:
called `Result::unwrap()` on an `Err` value: DatabaseNotFound { path: "No such file or directory (os error 2)" }

thread 'prop_large_data' panicked at tests/property_tests.rs:298:75:
called `Result::unwrap()` on an `Err` value: DatabaseNotFound { path: "No such file or directory (os error 2)" }

thread 'prop_large_data' panicked at tests/property_tests.rs:298:75:
called `Result::unwrap()` on an `Err` value: DatabaseNotFound { path: "No such file or directory (os error 2)" }

thread 'prop_large_data' panicked at tests/property_tests.rs:298:75:
called `Result::unwrap()` on an `Err` value: DatabaseNotFound { path: "No such file or directory (os error 2)" }

thread 'prop_large_data' panicked at tests/property_tests.rs:298:75:
called `Result::unwrap()` on an `Err` value: DatabaseNotFound { path: "No such file or directory (os error 2)" }

thread 'prop_large_data' panicked at tests/property_tests.rs:298:75:
called `Result::unwrap()` on an `Err` value: DatabaseNotFound { path: "No such file or directory (os error 2)" }

thread 'prop_large_data' panicked at tests/property_tests.rs:298:75:
called `Result::unwrap()` on an `Err` value: DatabaseNotFound { path: "No such file or directory (os error 2)" }

thread 'prop_large_data' panicked at tests/property_tests.rs:291:1:
Test failed: called `Result::unwrap()` on an `Err` value: DatabaseNotFound { path: "No such file or directory (os error 2)" }.
minimal failing input: key_size = 1, value_size = 1
	successes: 0
	local rejects: 0
	global rejects: 0


---- prop_empty_values stdout ----
proptest: FileFailurePersistence::SourceParallel set, but failed to find lib.rs or main.rs

thread 'prop_empty_values' panicked at tests/property_tests.rs:279:75:
called `Result::unwrap()` on an `Err` value: DatabaseNotFound { path: "No such file or directory (os error 2)" }

thread 'prop_empty_values' panicked at tests/property_tests.rs:279:75:
called `Result::unwrap()` on an `Err` value: DatabaseNotFound { path: "No such file or directory (os error 2)" }

thread 'prop_empty_values' panicked at tests/property_tests.rs:279:75:
called `Result::unwrap()` on an `Err` value: DatabaseNotFound { path: "No such file or directory (os error 2)" }

thread 'prop_empty_values' panicked at tests/property_tests.rs:279:75:
called `Result::unwrap()` on an `Err` value: DatabaseNotFound { path: "No such file or directory (os error 2)" }

thread 'prop_empty_values' panicked at tests/property_tests.rs:279:75:
called `Result::unwrap()` on an `Err` value: DatabaseNotFound { path: "No such file or directory (os error 2)" }

thread 'prop_empty_values' panicked at tests/property_tests.rs:279:75:
called `Result::unwrap()` on an `Err` value: DatabaseNotFound { path: "No such file or directory (os error 2)" }

thread 'prop_empty_values' panicked at tests/property_tests.rs:279:75:
called `Result::unwrap()` on an `Err` value: DatabaseNotFound { path: "No such file or directory (os error 2)" }

thread 'prop_empty_values' panicked at tests/property_tests.rs:279:75:
called `Result::unwrap()` on an `Err` value: DatabaseNotFound { path: "No such file or directory (os error 2)" }

thread 'prop_empty_values' panicked at tests/property_tests.rs:279:75:
called `Result::unwrap()` on an `Err` value: DatabaseNotFound { path: "No such file or directory (os error 2)" }

thread 'prop_empty_values' panicked at tests/property_tests.rs:279:75:
called `Result::unwrap()` on an `Err` value: DatabaseNotFound { path: "No such file or directory (os error 2)" }

thread 'prop_empty_values' panicked at tests/property_tests.rs:279:75:
called `Result::unwrap()` on an `Err` value: DatabaseNotFound { path: "No such file or directory (os error 2)" }

thread 'prop_empty_values' panicked at tests/property_tests.rs:279:75:
called `Result::unwrap()` on an `Err` value: DatabaseNotFound { path: "No such file or directory (os error 2)" }

thread 'prop_empty_values' panicked at tests/property_tests.rs:279:75:
called `Result::unwrap()` on an `Err` value: DatabaseNotFound { path: "No such file or directory (os error 2)" }

thread 'prop_empty_values' panicked at tests/property_tests.rs:279:75:
called `Result::unwrap()` on an `Err` value: DatabaseNotFound { path: "No such file or directory (os error 2)" }

thread 'prop_empty_values' panicked at tests/property_tests.rs:279:75:
called `Result::unwrap()` on an `Err` value: DatabaseNotFound { path: "No such file or directory (os error 2)" }

thread 'prop_empty_values' panicked at tests/property_tests.rs:279:75:
called `Result::unwrap()` on an `Err` value: DatabaseNotFound { path: "No such file or directory (os error 2)" }

thread 'prop_empty_values' panicked at tests/property_tests.rs:279:75:
called `Result::unwrap()` on an `Err` value: DatabaseNotFound { path: "No such file or directory (os error 2)" }

thread 'prop_empty_values' panicked at tests/property_tests.rs:279:75:
called `Result::unwrap()` on an `Err` value: DatabaseNotFound { path: "No such file or directory (os error 2)" }

thread 'prop_empty_values' panicked at tests/property_tests.rs:279:75:
called `Result::unwrap()` on an `Err` value: DatabaseNotFound { path: "No such file or directory (os error 2)" }

thread 'prop_empty_values' panicked at tests/property_tests.rs:279:75:
called `Result::unwrap()` on an `Err` value: DatabaseNotFound { path: "No such file or directory (os error 2)" }

thread 'prop_empty_values' panicked at tests/property_tests.rs:279:75:
called `Result::unwrap()` on an `Err` value: DatabaseNotFound { path: "No such file or directory (os error 2)" }

thread 'prop_empty_values' panicked at tests/property_tests.rs:279:75:
called `Result::unwrap()` on an `Err` value: DatabaseNotFound { path: "No such file or directory (os error 2)" }

thread 'prop_empty_values' panicked at tests/property_tests.rs:279:75:
called `Result::unwrap()` on an `Err` value: DatabaseNotFound { path: "No such file or directory (os error 2)" }

thread 'prop_empty_values' panicked at tests/property_tests.rs:279:75:
called `Result::unwrap()` on an `Err` value: DatabaseNotFound { path: "No such file or directory (os error 2)" }

thread 'prop_empty_values' panicked at tests/property_tests.rs:279:75:
called `Result::unwrap()` on an `Err` value: DatabaseNotFound { path: "No such file or directory (os error 2)" }

thread 'prop_empty_values' panicked at tests/property_tests.rs:279:75:
called `Result::unwrap()` on an `Err` value: DatabaseNotFound { path: "No such file or directory (os error 2)" }

thread 'prop_empty_values' panicked at tests/property_tests.rs:279:75:
called `Result::unwrap()` on an `Err` value: DatabaseNotFound { path: "No such file or directory (os error 2)" }

thread 'prop_empty_values' panicked at tests/property_tests.rs:279:75:
called `Result::unwrap()` on an `Err` value: DatabaseNotFound { path: "No such file or directory (os error 2)" }

thread 'prop_empty_values' panicked at tests/property_tests.rs:279:75:
called `Result::unwrap()` on an `Err` value: DatabaseNotFound { path: "No such file or directory (os error 2)" }

thread 'prop_empty_values' panicked at tests/property_tests.rs:279:75:
called `Result::unwrap()` on an `Err` value: DatabaseNotFound { path: "No such file or directory (os error 2)" }

thread 'prop_empty_values' panicked at tests/property_tests.rs:279:75:
called `Result::unwrap()` on an `Err` value: DatabaseNotFound { path: "No such file or directory (os error 2)" }

thread 'prop_empty_values' panicked at tests/property_tests.rs:279:75:
called `Result::unwrap()` on an `Err` value: DatabaseNotFound { path: "No such file or directory (os error 2)" }

thread 'prop_empty_values' panicked at tests/property_tests.rs:279:75:
called `Result::unwrap()` on an `Err` value: DatabaseNotFound { path: "No such file or directory (os error 2)" }

thread 'prop_empty_values' panicked at tests/property_tests.rs:279:75:
called `Result::unwrap()` on an `Err` value: DatabaseNotFound { path: "No such file or directory (os error 2)" }

thread 'prop_empty_values' panicked at tests/property_tests.rs:279:75:
called `Result::unwrap()` on an `Err` value: DatabaseNotFound { path: "No such file or directory (os error 2)" }

thread 'prop_empty_values' panicked at tests/property_tests.rs:279:75:
called `Result::unwrap()` on an `Err` value: DatabaseNotFound { path: "No such file or directory (os error 2)" }

thread 'prop_empty_values' panicked at tests/property_tests.rs:279:75:
called `Result::unwrap()` on an `Err` value: DatabaseNotFound { path: "No such file or directory (os error 2)" }

thread 'prop_empty_values' panicked at tests/property_tests.rs:279:75:
called `Result::unwrap()` on an `Err` value: DatabaseNotFound { path: "No such file or directory (os error 2)" }

thread 'prop_empty_values' panicked at tests/property_tests.rs:279:75:
called `Result::unwrap()` on an `Err` value: DatabaseNotFound { path: "No such file or directory (os error 2)" }

thread 'prop_empty_values' panicked at tests/property_tests.rs:279:75:
called `Result::unwrap()` on an `Err` value: DatabaseNotFound { path: "No such file or directory (os error 2)" }

thread 'prop_empty_values' panicked at tests/property_tests.rs:279:75:
called `Result::unwrap()` on an `Err` value: DatabaseNotFound { path: "No such file or directory (os error 2)" }

thread 'prop_empty_values' panicked at tests/property_tests.rs:279:75:
called `Result::unwrap()` on an `Err` value: DatabaseNotFound { path: "No such file or directory (os error 2)" }

thread 'prop_empty_values' panicked at tests/property_tests.rs:279:75:
called `Result::unwrap()` on an `Err` value: DatabaseNotFound { path: "No such file or directory (os error 2)" }

thread 'prop_empty_values' panicked at tests/property_tests.rs:279:75:
called `Result::unwrap()` on an `Err` value: DatabaseNotFound { path: "No such file or directory (os error 2)" }

thread 'prop_empty_values' panicked at tests/property_tests.rs:279:75:
called `Result::unwrap()` on an `Err` value: DatabaseNotFound { path: "No such file or directory (os error 2)" }

thread 'prop_empty_values' panicked at tests/property_tests.rs:279:75:
called `Result::unwrap()` on an `Err` value: DatabaseNotFound { path: "No such file or directory (os error 2)" }

thread 'prop_empty_values' panicked at tests/property_tests.rs:279:75:
called `Result::unwrap()` on an `Err` value: DatabaseNotFound { path: "No such file or directory (os error 2)" }

thread 'prop_empty_values' panicked at tests/property_tests.rs:279:75:
called `Result::unwrap()` on an `Err` value: DatabaseNotFound { path: "No such file or directory (os error 2)" }

thread 'prop_empty_values' panicked at tests/property_tests.rs:279:75:
called `Result::unwrap()` on an `Err` value: DatabaseNotFound { path: "No such file or directory (os error 2)" }

thread 'prop_empty_values' panicked at tests/property_tests.rs:279:75:
called `Result::unwrap()` on an `Err` value: DatabaseNotFound { path: "No such file or directory (os error 2)" }

thread 'prop_empty_values' panicked at tests/property_tests.rs:273:1:
Test failed: called `Result::unwrap()` on an `Err` value: DatabaseNotFound { path: "No such file or directory (os error 2)" }.
minimal failing input: key = [
    0,
]
	successes: 0
	local rejects: 0
	global rejects: 0


---- prop_concurrent_consistency stdout ----
proptest: FileFailurePersistence::SourceParallel set, but failed to find lib.rs or main.rs

thread 'prop_concurrent_consistency' panicked at tests/property_tests.rs:159:84:
called `Result::unwrap()` on an `Err` value: DatabaseNotFound { path: "No such file or directory (os error 2)" }

thread 'prop_concurrent_consistency' panicked at tests/property_tests.rs:159:84:
called `Result::unwrap()` on an `Err` value: DatabaseNotFound { path: "No such file or directory (os error 2)" }

thread 'prop_concurrent_consistency' panicked at tests/property_tests.rs:159:84:
called `Result::unwrap()` on an `Err` value: DatabaseNotFound { path: "No such file or directory (os error 2)" }

thread 'prop_concurrent_consistency' panicked at tests/property_tests.rs:159:84:
called `Result::unwrap()` on an `Err` value: DatabaseNotFound { path: "No such file or directory (os error 2)" }

thread 'prop_concurrent_consistency' panicked at tests/property_tests.rs:159:84:
called `Result::unwrap()` on an `Err` value: DatabaseNotFound { path: "No such file or directory (os error 2)" }

thread 'prop_concurrent_consistency' panicked at tests/property_tests.rs:159:84:
called `Result::unwrap()` on an `Err` value: DatabaseNotFound { path: "No such file or directory (os error 2)" }

thread 'prop_concurrent_consistency' panicked at tests/property_tests.rs:159:84:
called `Result::unwrap()` on an `Err` value: DatabaseNotFound { path: "No such file or directory (os error 2)" }

thread 'prop_concurrent_consistency' panicked at tests/property_tests.rs:159:84:
called `Result::unwrap()` on an `Err` value: DatabaseNotFound { path: "No such file or directory (os error 2)" }

thread 'prop_concurrent_consistency' panicked at tests/property_tests.rs:159:84:
called `Result::unwrap()` on an `Err` value: DatabaseNotFound { path: "No such file or directory (os error 2)" }

thread 'prop_concurrent_consistency' panicked at tests/property_tests.rs:159:84:
called `Result::unwrap()` on an `Err` value: DatabaseNotFound { path: "No such file or directory (os error 2)" }

thread 'prop_concurrent_consistency' panicked at tests/property_tests.rs:159:84:
called `Result::unwrap()` on an `Err` value: DatabaseNotFound { path: "No such file or directory (os error 2)" }

thread 'prop_concurrent_consistency' panicked at tests/property_tests.rs:159:84:
called `Result::unwrap()` on an `Err` value: DatabaseNotFound { path: "No such file or directory (os error 2)" }

thread 'prop_concurrent_consistency' panicked at tests/property_tests.rs:159:84:
called `Result::unwrap()` on an `Err` value: DatabaseNotFound { path: "No such file or directory (os error 2)" }

thread 'prop_concurrent_consistency' panicked at tests/property_tests.rs:159:84:
called `Result::unwrap()` on an `Err` value: DatabaseNotFound { path: "No such file or directory (os error 2)" }

thread 'prop_concurrent_consistency' panicked at tests/property_tests.rs:159:84:
called `Result::unwrap()` on an `Err` value: DatabaseNotFound { path: "No such file or directory (os error 2)" }

thread 'prop_concurrent_consistency' panicked at tests/property_tests.rs:159:84:
called `Result::unwrap()` on an `Err` value: DatabaseNotFound { path: "No such file or directory (os error 2)" }

thread 'prop_concurrent_consistency' panicked at tests/property_tests.rs:159:84:
called `Result::unwrap()` on an `Err` value: DatabaseNotFound { path: "No such file or directory (os error 2)" }

thread 'prop_concurrent_consistency' panicked at tests/property_tests.rs:159:84:
called `Result::unwrap()` on an `Err` value: DatabaseNotFound { path: "No such file or directory (os error 2)" }

thread 'prop_concurrent_consistency' panicked at tests/property_tests.rs:159:84:
called `Result::unwrap()` on an `Err` value: DatabaseNotFound { path: "No such file or directory (os error 2)" }

thread 'prop_concurrent_consistency' panicked at tests/property_tests.rs:159:84:
called `Result::unwrap()` on an `Err` value: DatabaseNotFound { path: "No such file or directory (os error 2)" }

thread 'prop_concurrent_consistency' panicked at tests/property_tests.rs:159:84:
called `Result::unwrap()` on an `Err` value: DatabaseNotFound { path: "No such file or directory (os error 2)" }

thread 'prop_concurrent_consistency' panicked at tests/property_tests.rs:159:84:
called `Result::unwrap()` on an `Err` value: DatabaseNotFound { path: "No such file or directory (os error 2)" }

thread 'prop_concurrent_consistency' panicked at tests/property_tests.rs:159:84:
called `Result::unwrap()` on an `Err` value: DatabaseNotFound { path: "No such file or directory (os error 2)" }

thread 'prop_concurrent_consistency' panicked at tests/property_tests.rs:159:84:
called `Result::unwrap()` on an `Err` value: DatabaseNotFound { path: "No such file or directory (os error 2)" }

thread 'prop_concurrent_consistency' panicked at tests/property_tests.rs:159:84:
called `Result::unwrap()` on an `Err` value: DatabaseNotFound { path: "No such file or directory (os error 2)" }

thread 'prop_concurrent_consistency' panicked at tests/property_tests.rs:159:84:
called `Result::unwrap()` on an `Err` value: DatabaseNotFound { path: "No such file or directory (os error 2)" }

thread 'prop_concurrent_consistency' panicked at tests/property_tests.rs:159:84:
called `Result::unwrap()` on an `Err` value: DatabaseNotFound { path: "No such file or directory (os error 2)" }

thread 'prop_concurrent_consistency' panicked at tests/property_tests.rs:159:84:
called `Result::unwrap()` on an `Err` value: DatabaseNotFound { path: "No such file or directory (os error 2)" }

thread 'prop_concurrent_consistency' panicked at tests/property_tests.rs:159:84:
called `Result::unwrap()` on an `Err` value: DatabaseNotFound { path: "No such file or directory (os error 2)" }

thread 'prop_concurrent_consistency' panicked at tests/property_tests.rs:159:84:
called `Result::unwrap()` on an `Err` value: DatabaseNotFound { path: "No such file or directory (os error 2)" }

thread 'prop_concurrent_consistency' panicked at tests/property_tests.rs:159:84:
called `Result::unwrap()` on an `Err` value: DatabaseNotFound { path: "No such file or directory (os error 2)" }

thread 'prop_concurrent_consistency' panicked at tests/property_tests.rs:159:84:
called `Result::unwrap()` on an `Err` value: DatabaseNotFound { path: "No such file or directory (os error 2)" }

thread 'prop_concurrent_consistency' panicked at tests/property_tests.rs:159:84:
called `Result::unwrap()` on an `Err` value: DatabaseNotFound { path: "No such file or directory (os error 2)" }

thread 'prop_concurrent_consistency' panicked at tests/property_tests.rs:159:84:
called `Result::unwrap()` on an `Err` value: DatabaseNotFound { path: "No such file or directory (os error 2)" }

thread 'prop_concurrent_consistency' panicked at tests/property_tests.rs:159:84:
called `Result::unwrap()` on an `Err` value: DatabaseNotFound { path: "No such file or directory (os error 2)" }

thread 'prop_concurrent_consistency' panicked at tests/property_tests.rs:159:84:
called `Result::unwrap()` on an `Err` value: DatabaseNotFound { path: "No such file or directory (os error 2)" }

thread 'prop_concurrent_consistency' panicked at tests/property_tests.rs:159:84:
called `Result::unwrap()` on an `Err` value: DatabaseNotFound { path: "No such file or directory (os error 2)" }

thread 'prop_concurrent_consistency' panicked at tests/property_tests.rs:159:84:
called `Result::unwrap()` on an `Err` value: DatabaseNotFound { path: "No such file or directory (os error 2)" }

thread 'prop_concurrent_consistency' panicked at tests/property_tests.rs:159:84:
called `Result::unwrap()` on an `Err` value: DatabaseNotFound { path: "No such file or directory (os error 2)" }

thread 'prop_concurrent_consistency' panicked at tests/property_tests.rs:159:84:
called `Result::unwrap()` on an `Err` value: DatabaseNotFound { path: "No such file or directory (os error 2)" }

thread 'prop_concurrent_consistency' panicked at tests/property_tests.rs:159:84:
called `Result::unwrap()` on an `Err` value: DatabaseNotFound { path: "No such file or directory (os error 2)" }

thread 'prop_concurrent_consistency' panicked at tests/property_tests.rs:159:84:
called `Result::unwrap()` on an `Err` value: DatabaseNotFound { path: "No such file or directory (os error 2)" }

thread 'prop_concurrent_consistency' panicked at tests/property_tests.rs:159:84:
called `Result::unwrap()` on an `Err` value: DatabaseNotFound { path: "No such file or directory (os error 2)" }

thread 'prop_concurrent_consistency' panicked at tests/property_tests.rs:159:84:
called `Result::unwrap()` on an `Err` value: DatabaseNotFound { path: "No such file or directory (os error 2)" }

thread 'prop_concurrent_consistency' panicked at tests/property_tests.rs:159:84:
called `Result::unwrap()` on an `Err` value: DatabaseNotFound { path: "No such file or directory (os error 2)" }

thread 'prop_concurrent_consistency' panicked at tests/property_tests.rs:159:84:
called `Result::unwrap()` on an `Err` value: DatabaseNotFound { path: "No such file or directory (os error 2)" }

thread 'prop_concurrent_consistency' panicked at tests/property_tests.rs:159:84:
called `Result::unwrap()` on an `Err` value: DatabaseNotFound { path: "No such file or directory (os error 2)" }

thread 'prop_concurrent_consistency' panicked at tests/property_tests.rs:159:84:
called `Result::unwrap()` on an `Err` value: DatabaseNotFound { path: "No such file or directory (os error 2)" }

thread 'prop_concurrent_consistency' panicked at tests/property_tests.rs:159:84:
called `Result::unwrap()` on an `Err` value: DatabaseNotFound { path: "No such file or directory (os error 2)" }

thread 'prop_concurrent_consistency' panicked at tests/property_tests.rs:159:84:
called `Result::unwrap()` on an `Err` value: DatabaseNotFound { path: "No such file or directory (os error 2)" }

thread 'prop_concurrent_consistency' panicked at tests/property_tests.rs:159:84:
called `Result::unwrap()` on an `Err` value: DatabaseNotFound { path: "No such file or directory (os error 2)" }

thread 'prop_concurrent_consistency' panicked at tests/property_tests.rs:159:84:
called `Result::unwrap()` on an `Err` value: DatabaseNotFound { path: "No such file or directory (os error 2)" }

thread 'prop_concurrent_consistency' panicked at tests/property_tests.rs:159:84:
called `Result::unwrap()` on an `Err` value: DatabaseNotFound { path: "No such file or directory (os error 2)" }

thread 'prop_concurrent_consistency' panicked at tests/property_tests.rs:159:84:
called `Result::unwrap()` on an `Err` value: DatabaseNotFound { path: "No such file or directory (os error 2)" }

thread 'prop_concurrent_consistency' panicked at tests/property_tests.rs:159:84:
called `Result::unwrap()` on an `Err` value: DatabaseNotFound { path: "No such file or directory (os error 2)" }

thread 'prop_concurrent_consistency' panicked at tests/property_tests.rs:159:84:
called `Result::unwrap()` on an `Err` value: DatabaseNotFound { path: "No such file or directory (os error 2)" }

thread 'prop_concurrent_consistency' panicked at tests/property_tests.rs:159:84:
called `Result::unwrap()` on an `Err` value: DatabaseNotFound { path: "No such file or directory (os error 2)" }

thread 'prop_concurrent_consistency' panicked at tests/property_tests.rs:159:84:
called `Result::unwrap()` on an `Err` value: DatabaseNotFound { path: "No such file or directory (os error 2)" }

thread 'prop_concurrent_consistency' panicked at tests/property_tests.rs:159:84:
called `Result::unwrap()` on an `Err` value: DatabaseNotFound { path: "No such file or directory (os error 2)" }

thread 'prop_concurrent_consistency' panicked at tests/property_tests.rs:159:84:
called `Result::unwrap()` on an `Err` value: DatabaseNotFound { path: "No such file or directory (os error 2)" }

thread 'prop_concurrent_consistency' panicked at tests/property_tests.rs:159:84:
called `Result::unwrap()` on an `Err` value: DatabaseNotFound { path: "No such file or directory (os error 2)" }

thread 'prop_concurrent_consistency' panicked at tests/property_tests.rs:159:84:
called `Result::unwrap()` on an `Err` value: DatabaseNotFound { path: "No such file or directory (os error 2)" }

thread 'prop_concurrent_consistency' panicked at tests/property_tests.rs:159:84:
called `Result::unwrap()` on an `Err` value: DatabaseNotFound { path: "No such file or directory (os error 2)" }

thread 'prop_concurrent_consistency' panicked at tests/property_tests.rs:159:84:
called `Result::unwrap()` on an `Err` value: DatabaseNotFound { path: "No such file or directory (os error 2)" }

thread 'prop_concurrent_consistency' panicked at tests/property_tests.rs:159:84:
called `Result::unwrap()` on an `Err` value: DatabaseNotFound { path: "No such file or directory (os error 2)" }

thread 'prop_concurrent_consistency' panicked at tests/property_tests.rs:159:84:
called `Result::unwrap()` on an `Err` value: DatabaseNotFound { path: "No such file or directory (os error 2)" }

thread 'prop_concurrent_consistency' panicked at tests/property_tests.rs:159:84:
called `Result::unwrap()` on an `Err` value: DatabaseNotFound { path: "No such file or directory (os error 2)" }

thread 'prop_concurrent_consistency' panicked at tests/property_tests.rs:159:84:
called `Result::unwrap()` on an `Err` value: DatabaseNotFound { path: "No such file or directory (os error 2)" }

thread 'prop_concurrent_consistency' panicked at tests/property_tests.rs:159:84:
called `Result::unwrap()` on an `Err` value: DatabaseNotFound { path: "No such file or directory (os error 2)" }

thread 'prop_concurrent_consistency' panicked at tests/property_tests.rs:159:84:
called `Result::unwrap()` on an `Err` value: DatabaseNotFound { path: "No such file or directory (os error 2)" }

thread 'prop_concurrent_consistency' panicked at tests/property_tests.rs:159:84:
called `Result::unwrap()` on an `Err` value: DatabaseNotFound { path: "No such file or directory (os error 2)" }

thread 'prop_concurrent_consistency' panicked at tests/property_tests.rs:159:84:
called `Result::unwrap()` on an `Err` value: DatabaseNotFound { path: "No such file or directory (os error 2)" }

thread 'prop_concurrent_consistency' panicked at tests/property_tests.rs:159:84:
called `Result::unwrap()` on an `Err` value: DatabaseNotFound { path: "No such file or directory (os error 2)" }

thread 'prop_concurrent_consistency' panicked at tests/property_tests.rs:159:84:
called `Result::unwrap()` on an `Err` value: DatabaseNotFound { path: "No such file or directory (os error 2)" }

thread 'prop_concurrent_consistency' panicked at tests/property_tests.rs:159:84:
called `Result::unwrap()` on an `Err` value: DatabaseNotFound { path: "No such file or directory (os error 2)" }

thread 'prop_concurrent_consistency' panicked at tests/property_tests.rs:159:84:
called `Result::unwrap()` on an `Err` value: DatabaseNotFound { path: "No such file or directory (os error 2)" }

thread 'prop_concurrent_consistency' panicked at tests/property_tests.rs:159:84:
called `Result::unwrap()` on an `Err` value: DatabaseNotFound { path: "No such file or directory (os error 2)" }

thread 'prop_concurrent_consistency' panicked at tests/property_tests.rs:159:84:
called `Result::unwrap()` on an `Err` value: DatabaseNotFound { path: "No such file or directory (os error 2)" }

thread 'prop_concurrent_consistency' panicked at tests/property_tests.rs:159:84:
called `Result::unwrap()` on an `Err` value: DatabaseNotFound { path: "No such file or directory (os error 2)" }

thread 'prop_concurrent_consistency' panicked at tests/property_tests.rs:159:84:
called `Result::unwrap()` on an `Err` value: DatabaseNotFound { path: "No such file or directory (os error 2)" }

thread 'prop_concurrent_consistency' panicked at tests/property_tests.rs:159:84:
called `Result::unwrap()` on an `Err` value: DatabaseNotFound { path: "No such file or directory (os error 2)" }

thread 'prop_concurrent_consistency' panicked at tests/property_tests.rs:159:84:
called `Result::unwrap()` on an `Err` value: DatabaseNotFound { path: "No such file or directory (os error 2)" }

thread 'prop_concurrent_consistency' panicked at tests/property_tests.rs:159:84:
called `Result::unwrap()` on an `Err` value: DatabaseNotFound { path: "No such file or directory (os error 2)" }

thread 'prop_concurrent_consistency' panicked at tests/property_tests.rs:159:84:
called `Result::unwrap()` on an `Err` value: DatabaseNotFound { path: "No such file or directory (os error 2)" }

thread 'prop_concurrent_consistency' panicked at tests/property_tests.rs:159:84:
called `Result::unwrap()` on an `Err` value: DatabaseNotFound { path: "No such file or directory (os error 2)" }

thread 'prop_concurrent_consistency' panicked at tests/property_tests.rs:159:84:
called `Result::unwrap()` on an `Err` value: DatabaseNotFound { path: "No such file or directory (os error 2)" }

thread 'prop_concurrent_consistency' panicked at tests/property_tests.rs:146:1:
Test failed: called `Result::unwrap()` on an `Err` value: DatabaseNotFound { path: "No such file or directory (os error 2)" }.
minimal failing input: operations = [
    "put",
    "put",
    "put",
    "put",
    "put",
    "put",
    "put",
    "put",
    "put",
    "put",
], keys = [
    "aaa",
    "aaa",
    "aaa",
    "aaa",
    "aaa",
]
	successes: 0
	local rejects: 0
	global rejects: 0


---- prop_memory_limits stdout ----
proptest: FileFailurePersistence::SourceParallel set, but failed to find lib.rs or main.rs

thread 'prop_memory_limits' panicked at tests/property_tests.rs:226:53:
called `Result::unwrap()` on an `Err` value: DatabaseNotFound { path: "No such file or directory (os error 2)" }

thread 'prop_memory_limits' panicked at tests/property_tests.rs:226:53:
called `Result::unwrap()` on an `Err` value: DatabaseNotFound { path: "No such file or directory (os error 2)" }

thread 'prop_memory_limits' panicked at tests/property_tests.rs:226:53:
called `Result::unwrap()` on an `Err` value: DatabaseNotFound { path: "No such file or directory (os error 2)" }

thread 'prop_memory_limits' panicked at tests/property_tests.rs:226:53:
called `Result::unwrap()` on an `Err` value: DatabaseNotFound { path: "No such file or directory (os error 2)" }

thread 'prop_memory_limits' panicked at tests/property_tests.rs:226:53:
called `Result::unwrap()` on an `Err` value: DatabaseNotFound { path: "No such file or directory (os error 2)" }

thread 'prop_memory_limits' panicked at tests/property_tests.rs:226:53:
called `Result::unwrap()` on an `Err` value: DatabaseNotFound { path: "No such file or directory (os error 2)" }

thread 'prop_memory_limits' panicked at tests/property_tests.rs:226:53:
called `Result::unwrap()` on an `Err` value: DatabaseNotFound { path: "No such file or directory (os error 2)" }

thread 'prop_memory_limits' panicked at tests/property_tests.rs:226:53:
called `Result::unwrap()` on an `Err` value: DatabaseNotFound { path: "No such file or directory (os error 2)" }

thread 'prop_memory_limits' panicked at tests/property_tests.rs:226:53:
called `Result::unwrap()` on an `Err` value: DatabaseNotFound { path: "No such file or directory (os error 2)" }

thread 'prop_memory_limits' panicked at tests/property_tests.rs:226:53:
called `Result::unwrap()` on an `Err` value: DatabaseNotFound { path: "No such file or directory (os error 2)" }

thread 'prop_memory_limits' panicked at tests/property_tests.rs:226:53:
called `Result::unwrap()` on an `Err` value: DatabaseNotFound { path: "No such file or directory (os error 2)" }

thread 'prop_memory_limits' panicked at tests/property_tests.rs:226:53:
called `Result::unwrap()` on an `Err` value: DatabaseNotFound { path: "No such file or directory (os error 2)" }

thread 'prop_memory_limits' panicked at tests/property_tests.rs:226:53:
called `Result::unwrap()` on an `Err` value: DatabaseNotFound { path: "No such file or directory (os error 2)" }

thread 'prop_memory_limits' panicked at tests/property_tests.rs:226:53:
called `Result::unwrap()` on an `Err` value: DatabaseNotFound { path: "No such file or directory (os error 2)" }

thread 'prop_memory_limits' panicked at tests/property_tests.rs:226:53:
called `Result::unwrap()` on an `Err` value: DatabaseNotFound { path: "No such file or directory (os error 2)" }

thread 'prop_memory_limits' panicked at tests/property_tests.rs:226:53:
called `Result::unwrap()` on an `Err` value: DatabaseNotFound { path: "No such file or directory (os error 2)" }

thread 'prop_memory_limits' panicked at tests/property_tests.rs:226:53:
called `Result::unwrap()` on an `Err` value: DatabaseNotFound { path: "No such file or directory (os error 2)" }

thread 'prop_memory_limits' panicked at tests/property_tests.rs:226:53:
called `Result::unwrap()` on an `Err` value: DatabaseNotFound { path: "No such file or directory (os error 2)" }

thread 'prop_memory_limits' panicked at tests/property_tests.rs:226:53:
called `Result::unwrap()` on an `Err` value: DatabaseNotFound { path: "No such file or directory (os error 2)" }

thread 'prop_memory_limits' panicked at tests/property_tests.rs:226:53:
called `Result::unwrap()` on an `Err` value: DatabaseNotFound { path: "No such file or directory (os error 2)" }

thread 'prop_memory_limits' panicked at tests/property_tests.rs:226:53:
called `Result::unwrap()` on an `Err` value: DatabaseNotFound { path: "No such file or directory (os error 2)" }

thread 'prop_memory_limits' panicked at tests/property_tests.rs:226:53:
called `Result::unwrap()` on an `Err` value: DatabaseNotFound { path: "No such file or directory (os error 2)" }

thread 'prop_memory_limits' panicked at tests/property_tests.rs:226:53:
called `Result::unwrap()` on an `Err` value: DatabaseNotFound { path: "No such file or directory (os error 2)" }

thread 'prop_memory_limits' panicked at tests/property_tests.rs:226:53:
called `Result::unwrap()` on an `Err` value: DatabaseNotFound { path: "No such file or directory (os error 2)" }

thread 'prop_memory_limits' panicked at tests/property_tests.rs:226:53:
called `Result::unwrap()` on an `Err` value: DatabaseNotFound { path: "No such file or directory (os error 2)" }

thread 'prop_memory_limits' panicked at tests/property_tests.rs:226:53:
called `Result::unwrap()` on an `Err` value: DatabaseNotFound { path: "No such file or directory (os error 2)" }

thread 'prop_memory_limits' panicked at tests/property_tests.rs:226:53:
called `Result::unwrap()` on an `Err` value: DatabaseNotFound { path: "No such file or directory (os error 2)" }

thread 'prop_memory_limits' panicked at tests/property_tests.rs:226:53:
called `Result::unwrap()` on an `Err` value: DatabaseNotFound { path: "No such file or directory (os error 2)" }

thread 'prop_memory_limits' panicked at tests/property_tests.rs:226:53:
called `Result::unwrap()` on an `Err` value: DatabaseNotFound { path: "No such file or directory (os error 2)" }

thread 'prop_memory_limits' panicked at tests/property_tests.rs:226:53:
called `Result::unwrap()` on an `Err` value: DatabaseNotFound { path: "No such file or directory (os error 2)" }

thread 'prop_memory_limits' panicked at tests/property_tests.rs:226:53:
called `Result::unwrap()` on an `Err` value: DatabaseNotFound { path: "No such file or directory (os error 2)" }

thread 'prop_memory_limits' panicked at tests/property_tests.rs:226:53:
called `Result::unwrap()` on an `Err` value: DatabaseNotFound { path: "No such file or directory (os error 2)" }

thread 'prop_memory_limits' panicked at tests/property_tests.rs:226:53:
called `Result::unwrap()` on an `Err` value: DatabaseNotFound { path: "No such file or directory (os error 2)" }

thread 'prop_memory_limits' panicked at tests/property_tests.rs:226:53:
called `Result::unwrap()` on an `Err` value: DatabaseNotFound { path: "No such file or directory (os error 2)" }

thread 'prop_memory_limits' panicked at tests/property_tests.rs:226:53:
called `Result::unwrap()` on an `Err` value: DatabaseNotFound { path: "No such file or directory (os error 2)" }

thread 'prop_memory_limits' panicked at tests/property_tests.rs:226:53:
called `Result::unwrap()` on an `Err` value: DatabaseNotFound { path: "No such file or directory (os error 2)" }

thread 'prop_memory_limits' panicked at tests/property_tests.rs:226:53:
called `Result::unwrap()` on an `Err` value: DatabaseNotFound { path: "No such file or directory (os error 2)" }

thread 'prop_memory_limits' panicked at tests/property_tests.rs:226:53:
called `Result::unwrap()` on an `Err` value: DatabaseNotFound { path: "No such file or directory (os error 2)" }

thread 'prop_memory_limits' panicked at tests/property_tests.rs:226:53:
called `Result::unwrap()` on an `Err` value: DatabaseNotFound { path: "No such file or directory (os error 2)" }

thread 'prop_memory_limits' panicked at tests/property_tests.rs:226:53:
called `Result::unwrap()` on an `Err` value: DatabaseNotFound { path: "No such file or directory (os error 2)" }

thread 'prop_memory_limits' panicked at tests/property_tests.rs:226:53:
called `Result::unwrap()` on an `Err` value: DatabaseNotFound { path: "No such file or directory (os error 2)" }

thread 'prop_memory_limits' panicked at tests/property_tests.rs:226:53:
called `Result::unwrap()` on an `Err` value: DatabaseNotFound { path: "No such file or directory (os error 2)" }

thread 'prop_memory_limits' panicked at tests/property_tests.rs:226:53:
called `Result::unwrap()` on an `Err` value: DatabaseNotFound { path: "No such file or directory (os error 2)" }

thread 'prop_memory_limits' panicked at tests/property_tests.rs:226:53:
called `Result::unwrap()` on an `Err` value: DatabaseNotFound { path: "No such file or directory (os error 2)" }

thread 'prop_memory_limits' panicked at tests/property_tests.rs:226:53:
called `Result::unwrap()` on an `Err` value: DatabaseNotFound { path: "No such file or directory (os error 2)" }

thread 'prop_memory_limits' panicked at tests/property_tests.rs:226:53:
called `Result::unwrap()` on an `Err` value: DatabaseNotFound { path: "No such file or directory (os error 2)" }

thread 'prop_memory_limits' panicked at tests/property_tests.rs:226:53:
called `Result::unwrap()` on an `Err` value: DatabaseNotFound { path: "No such file or directory (os error 2)" }

thread 'prop_memory_limits' panicked at tests/property_tests.rs:226:53:
called `Result::unwrap()` on an `Err` value: DatabaseNotFound { path: "No such file or directory (os error 2)" }

thread 'prop_memory_limits' panicked at tests/property_tests.rs:226:53:
called `Result::unwrap()` on an `Err` value: DatabaseNotFound { path: "No such file or directory (os error 2)" }

thread 'prop_memory_limits' panicked at tests/property_tests.rs:226:53:
called `Result::unwrap()` on an `Err` value: DatabaseNotFound { path: "No such file or directory (os error 2)" }

thread 'prop_memory_limits' panicked at tests/property_tests.rs:226:53:
called `Result::unwrap()` on an `Err` value: DatabaseNotFound { path: "No such file or directory (os error 2)" }

thread 'prop_memory_limits' panicked at tests/property_tests.rs:226:53:
called `Result::unwrap()` on an `Err` value: DatabaseNotFound { path: "No such file or directory (os error 2)" }

thread 'prop_memory_limits' panicked at tests/property_tests.rs:226:53:
called `Result::unwrap()` on an `Err` value: DatabaseNotFound { path: "No such file or directory (os error 2)" }

thread 'prop_memory_limits' panicked at tests/property_tests.rs:226:53:
called `Result::unwrap()` on an `Err` value: DatabaseNotFound { path: "No such file or directory (os error 2)" }

thread 'prop_memory_limits' panicked at tests/property_tests.rs:226:53:
called `Result::unwrap()` on an `Err` value: DatabaseNotFound { path: "No such file or directory (os error 2)" }

thread 'prop_memory_limits' panicked at tests/property_tests.rs:226:53:
called `Result::unwrap()` on an `Err` value: DatabaseNotFound { path: "No such file or directory (os error 2)" }

thread 'prop_memory_limits' panicked at tests/property_tests.rs:226:53:
called `Result::unwrap()` on an `Err` value: DatabaseNotFound { path: "No such file or directory (os error 2)" }

thread 'prop_memory_limits' panicked at tests/property_tests.rs:226:53:
called `Result::unwrap()` on an `Err` value: DatabaseNotFound { path: "No such file or directory (os error 2)" }

thread 'prop_memory_limits' panicked at tests/property_tests.rs:226:53:
called `Result::unwrap()` on an `Err` value: DatabaseNotFound { path: "No such file or directory (os error 2)" }

thread 'prop_memory_limits' panicked at tests/property_tests.rs:226:53:
called `Result::unwrap()` on an `Err` value: DatabaseNotFound { path: "No such file or directory (os error 2)" }

thread 'prop_memory_limits' panicked at tests/property_tests.rs:226:53:
called `Result::unwrap()` on an `Err` value: DatabaseNotFound { path: "No such file or directory (os error 2)" }

thread 'prop_memory_limits' panicked at tests/property_tests.rs:226:53:
called `Result::unwrap()` on an `Err` value: DatabaseNotFound { path: "No such file or directory (os error 2)" }

thread 'prop_memory_limits' panicked at tests/property_tests.rs:226:53:
called `Result::unwrap()` on an `Err` value: DatabaseNotFound { path: "No such file or directory (os error 2)" }

thread 'prop_memory_limits' panicked at tests/property_tests.rs:226:53:
called `Result::unwrap()` on an `Err` value: DatabaseNotFound { path: "No such file or directory (os error 2)" }

thread 'prop_memory_limits' panicked at tests/property_tests.rs:226:53:
called `Result::unwrap()` on an `Err` value: DatabaseNotFound { path: "No such file or directory (os error 2)" }

thread 'prop_memory_limits' panicked at tests/property_tests.rs:226:53:
called `Result::unwrap()` on an `Err` value: DatabaseNotFound { path: "No such file or directory (os error 2)" }

thread 'prop_memory_limits' panicked at tests/property_tests.rs:226:53:
called `Result::unwrap()` on an `Err` value: DatabaseNotFound { path: "No such file or directory (os error 2)" }

thread 'prop_memory_limits' panicked at tests/property_tests.rs:226:53:
called `Result::unwrap()` on an `Err` value: DatabaseNotFound { path: "No such file or directory (os error 2)" }

thread 'prop_memory_limits' panicked at tests/property_tests.rs:226:53:
called `Result::unwrap()` on an `Err` value: DatabaseNotFound { path: "No such file or directory (os error 2)" }

thread 'prop_memory_limits' panicked at tests/property_tests.rs:226:53:
called `Result::unwrap()` on an `Err` value: DatabaseNotFound { path: "No such file or directory (os error 2)" }

thread 'prop_memory_limits' panicked at tests/property_tests.rs:226:53:
called `Result::unwrap()` on an `Err` value: DatabaseNotFound { path: "No such file or directory (os error 2)" }

thread 'prop_memory_limits' panicked at tests/property_tests.rs:226:53:
called `Result::unwrap()` on an `Err` value: DatabaseNotFound { path: "No such file or directory (os error 2)" }

thread 'prop_memory_limits' panicked at tests/property_tests.rs:226:53:
called `Result::unwrap()` on an `Err` value: DatabaseNotFound { path: "No such file or directory (os error 2)" }

thread 'prop_memory_limits' panicked at tests/property_tests.rs:226:53:
called `Result::unwrap()` on an `Err` value: DatabaseNotFound { path: "No such file or directory (os error 2)" }

thread 'prop_memory_limits' panicked at tests/property_tests.rs:226:53:
called `Result::unwrap()` on an `Err` value: DatabaseNotFound { path: "No such file or directory (os error 2)" }

thread 'prop_memory_limits' panicked at tests/property_tests.rs:226:53:
called `Result::unwrap()` on an `Err` value: DatabaseNotFound { path: "No such file or directory (os error 2)" }

thread 'prop_memory_limits' panicked at tests/property_tests.rs:226:53:
called `Result::unwrap()` on an `Err` value: DatabaseNotFound { path: "No such file or directory (os error 2)" }

thread 'prop_memory_limits' panicked at tests/property_tests.rs:226:53:
called `Result::unwrap()` on an `Err` value: DatabaseNotFound { path: "No such file or directory (os error 2)" }

thread 'prop_memory_limits' panicked at tests/property_tests.rs:226:53:
called `Result::unwrap()` on an `Err` value: DatabaseNotFound { path: "No such file or directory (os error 2)" }

thread 'prop_memory_limits' panicked at tests/property_tests.rs:226:53:
called `Result::unwrap()` on an `Err` value: DatabaseNotFound { path: "No such file or directory (os error 2)" }

thread 'prop_memory_limits' panicked at tests/property_tests.rs:226:53:
called `Result::unwrap()` on an `Err` value: DatabaseNotFound { path: "No such file or directory (os error 2)" }

thread 'prop_memory_limits' panicked at tests/property_tests.rs:226:53:
called `Result::unwrap()` on an `Err` value: DatabaseNotFound { path: "No such file or directory (os error 2)" }

thread 'prop_memory_limits' panicked at tests/property_tests.rs:226:53:
called `Result::unwrap()` on an `Err` value: DatabaseNotFound { path: "No such file or directory (os error 2)" }

thread 'prop_memory_limits' panicked at tests/property_tests.rs:226:53:
called `Result::unwrap()` on an `Err` value: DatabaseNotFound { path: "No such file or directory (os error 2)" }

thread 'prop_memory_limits' panicked at tests/property_tests.rs:226:53:
called `Result::unwrap()` on an `Err` value: DatabaseNotFound { path: "No such file or directory (os error 2)" }

thread 'prop_memory_limits' panicked at tests/property_tests.rs:226:53:
called `Result::unwrap()` on an `Err` value: DatabaseNotFound { path: "No such file or directory (os error 2)" }

thread 'prop_memory_limits' panicked at tests/property_tests.rs:226:53:
called `Result::unwrap()` on an `Err` value: DatabaseNotFound { path: "No such file or directory (os error 2)" }

thread 'prop_memory_limits' panicked at tests/property_tests.rs:226:53:
called `Result::unwrap()` on an `Err` value: DatabaseNotFound { path: "No such file or directory (os error 2)" }

thread 'prop_memory_limits' panicked at tests/property_tests.rs:226:53:
called `Result::unwrap()` on an `Err` value: DatabaseNotFound { path: "No such file or directory (os error 2)" }

thread 'prop_memory_limits' panicked at tests/property_tests.rs:226:53:
called `Result::unwrap()` on an `Err` value: DatabaseNotFound { path: "No such file or directory (os error 2)" }

thread 'prop_memory_limits' panicked at tests/property_tests.rs:226:53:
called `Result::unwrap()` on an `Err` value: DatabaseNotFound { path: "No such file or directory (os error 2)" }

thread 'prop_memory_limits' panicked at tests/property_tests.rs:226:53:
called `Result::unwrap()` on an `Err` value: DatabaseNotFound { path: "No such file or directory (os error 2)" }

thread 'prop_memory_limits' panicked at tests/property_tests.rs:226:53:
called `Result::unwrap()` on an `Err` value: DatabaseNotFound { path: "No such file or directory (os error 2)" }

thread 'prop_memory_limits' panicked at tests/property_tests.rs:226:53:
called `Result::unwrap()` on an `Err` value: DatabaseNotFound { path: "No such file or directory (os error 2)" }

thread 'prop_memory_limits' panicked at tests/property_tests.rs:226:53:
called `Result::unwrap()` on an `Err` value: DatabaseNotFound { path: "No such file or directory (os error 2)" }

thread 'prop_memory_limits' panicked at tests/property_tests.rs:226:53:
called `Result::unwrap()` on an `Err` value: DatabaseNotFound { path: "No such file or directory (os error 2)" }

thread 'prop_memory_limits' panicked at tests/property_tests.rs:226:53:
called `Result::unwrap()` on an `Err` value: DatabaseNotFound { path: "No such file or directory (os error 2)" }

thread 'prop_memory_limits' panicked at tests/property_tests.rs:226:53:
called `Result::unwrap()` on an `Err` value: DatabaseNotFound { path: "No such file or directory (os error 2)" }

thread 'prop_memory_limits' panicked at tests/property_tests.rs:226:53:
called `Result::unwrap()` on an `Err` value: DatabaseNotFound { path: "No such file or directory (os error 2)" }

thread 'prop_memory_limits' panicked at tests/property_tests.rs:226:53:
called `Result::unwrap()` on an `Err` value: DatabaseNotFound { path: "No such file or directory (os error 2)" }

thread 'prop_memory_limits' panicked at tests/property_tests.rs:226:53:
called `Result::unwrap()` on an `Err` value: DatabaseNotFound { path: "No such file or directory (os error 2)" }

thread 'prop_memory_limits' panicked at tests/property_tests.rs:226:53:
called `Result::unwrap()` on an `Err` value: DatabaseNotFound { path: "No such file or directory (os error 2)" }

thread 'prop_memory_limits' panicked at tests/property_tests.rs:226:53:
called `Result::unwrap()` on an `Err` value: DatabaseNotFound { path: "No such file or directory (os error 2)" }

thread 'prop_memory_limits' panicked at tests/property_tests.rs:226:53:
called `Result::unwrap()` on an `Err` value: DatabaseNotFound { path: "No such file or directory (os error 2)" }

thread 'prop_memory_limits' panicked at tests/property_tests.rs:226:53:
called `Result::unwrap()` on an `Err` value: DatabaseNotFound { path: "No such file or directory (os error 2)" }

thread 'prop_memory_limits' panicked at tests/property_tests.rs:226:53:
called `Result::unwrap()` on an `Err` value: DatabaseNotFound { path: "No such file or directory (os error 2)" }

thread 'prop_memory_limits' panicked at tests/property_tests.rs:226:53:
called `Result::unwrap()` on an `Err` value: DatabaseNotFound { path: "No such file or directory (os error 2)" }

thread 'prop_memory_limits' panicked at tests/property_tests.rs:226:53:
called `Result::unwrap()` on an `Err` value: DatabaseNotFound { path: "No such file or directory (os error 2)" }

thread 'prop_memory_limits' panicked at tests/property_tests.rs:226:53:
called `Result::unwrap()` on an `Err` value: DatabaseNotFound { path: "No such file or directory (os error 2)" }

thread 'prop_memory_limits' panicked at tests/property_tests.rs:226:53:
called `Result::unwrap()` on an `Err` value: DatabaseNotFound { path: "No such file or directory (os error 2)" }

thread 'prop_memory_limits' panicked at tests/property_tests.rs:226:53:
called `Result::unwrap()` on an `Err` value: DatabaseNotFound { path: "No such file or directory (os error 2)" }

thread 'prop_memory_limits' panicked at tests/property_tests.rs:226:53:
called `Result::unwrap()` on an `Err` value: DatabaseNotFound { path: "No such file or directory (os error 2)" }

thread 'prop_memory_limits' panicked at tests/property_tests.rs:226:53:
called `Result::unwrap()` on an `Err` value: DatabaseNotFound { path: "No such file or directory (os error 2)" }

thread 'prop_memory_limits' panicked at tests/property_tests.rs:226:53:
called `Result::unwrap()` on an `Err` value: DatabaseNotFound { path: "No such file or directory (os error 2)" }

thread 'prop_memory_limits' panicked at tests/property_tests.rs:226:53:
called `Result::unwrap()` on an `Err` value: DatabaseNotFound { path: "No such file or directory (os error 2)" }

thread 'prop_memory_limits' panicked at tests/property_tests.rs:226:53:
called `Result::unwrap()` on an `Err` value: DatabaseNotFound { path: "No such file or directory (os error 2)" }

thread 'prop_memory_limits' panicked at tests/property_tests.rs:226:53:
called `Result::unwrap()` on an `Err` value: DatabaseNotFound { path: "No such file or directory (os error 2)" }

thread 'prop_memory_limits' panicked at tests/property_tests.rs:226:53:
called `Result::unwrap()` on an `Err` value: DatabaseNotFound { path: "No such file or directory (os error 2)" }

thread 'prop_memory_limits' panicked at tests/property_tests.rs:226:53:
called `Result::unwrap()` on an `Err` value: DatabaseNotFound { path: "No such file or directory (os error 2)" }

thread 'prop_memory_limits' panicked at tests/property_tests.rs:226:53:
called `Result::unwrap()` on an `Err` value: DatabaseNotFound { path: "No such file or directory (os error 2)" }

thread 'prop_memory_limits' panicked at tests/property_tests.rs:226:53:
called `Result::unwrap()` on an `Err` value: DatabaseNotFound { path: "No such file or directory (os error 2)" }

thread 'prop_memory_limits' panicked at tests/property_tests.rs:226:53:
called `Result::unwrap()` on an `Err` value: DatabaseNotFound { path: "No such file or directory (os error 2)" }

thread 'prop_memory_limits' panicked at tests/property_tests.rs:226:53:
called `Result::unwrap()` on an `Err` value: DatabaseNotFound { path: "No such file or directory (os error 2)" }

thread 'prop_memory_limits' panicked at tests/property_tests.rs:226:53:
called `Result::unwrap()` on an `Err` value: DatabaseNotFound { path: "No such file or directory (os error 2)" }

thread 'prop_memory_limits' panicked at tests/property_tests.rs:226:53:
called `Result::unwrap()` on an `Err` value: DatabaseNotFound { path: "No such file or directory (os error 2)" }

thread 'prop_memory_limits' panicked at tests/property_tests.rs:226:53:
called `Result::unwrap()` on an `Err` value: DatabaseNotFound { path: "No such file or directory (os error 2)" }

thread 'prop_memory_limits' panicked at tests/property_tests.rs:226:53:
called `Result::unwrap()` on an `Err` value: DatabaseNotFound { path: "No such file or directory (os error 2)" }

thread 'prop_memory_limits' panicked at tests/property_tests.rs:226:53:
called `Result::unwrap()` on an `Err` value: DatabaseNotFound { path: "No such file or directory (os error 2)" }

thread 'prop_memory_limits' panicked at tests/property_tests.rs:226:53:
called `Result::unwrap()` on an `Err` value: DatabaseNotFound { path: "No such file or directory (os error 2)" }

thread 'prop_memory_limits' panicked at tests/property_tests.rs:226:53:
called `Result::unwrap()` on an `Err` value: DatabaseNotFound { path: "No such file or directory (os error 2)" }

thread 'prop_memory_limits' panicked at tests/property_tests.rs:226:53:
called `Result::unwrap()` on an `Err` value: DatabaseNotFound { path: "No such file or directory (os error 2)" }

thread 'prop_memory_limits' panicked at tests/property_tests.rs:226:53:
called `Result::unwrap()` on an `Err` value: DatabaseNotFound { path: "No such file or directory (os error 2)" }

thread 'prop_memory_limits' panicked at tests/property_tests.rs:226:53:
called `Result::unwrap()` on an `Err` value: DatabaseNotFound { path: "No such file or directory (os error 2)" }

thread 'prop_memory_limits' panicked at tests/property_tests.rs:226:53:
called `Result::unwrap()` on an `Err` value: DatabaseNotFound { path: "No such file or directory (os error 2)" }

thread 'prop_memory_limits' panicked at tests/property_tests.rs:226:53:
called `Result::unwrap()` on an `Err` value: DatabaseNotFound { path: "No such file or directory (os error 2)" }

thread 'prop_memory_limits' panicked at tests/property_tests.rs:226:53:
called `Result::unwrap()` on an `Err` value: DatabaseNotFound { path: "No such file or directory (os error 2)" }

thread 'prop_memory_limits' panicked at tests/property_tests.rs:226:53:
called `Result::unwrap()` on an `Err` value: DatabaseNotFound { path: "No such file or directory (os error 2)" }

thread 'prop_memory_limits' panicked at tests/property_tests.rs:226:53:
called `Result::unwrap()` on an `Err` value: DatabaseNotFound { path: "No such file or directory (os error 2)" }

thread 'prop_memory_limits' panicked at tests/property_tests.rs:226:53:
called `Result::unwrap()` on an `Err` value: DatabaseNotFound { path: "No such file or directory (os error 2)" }

thread 'prop_memory_limits' panicked at tests/property_tests.rs:226:53:
called `Result::unwrap()` on an `Err` value: DatabaseNotFound { path: "No such file or directory (os error 2)" }

thread 'prop_memory_limits' panicked at tests/property_tests.rs:226:53:
called `Result::unwrap()` on an `Err` value: DatabaseNotFound { path: "No such file or directory (os error 2)" }

thread 'prop_memory_limits' panicked at tests/property_tests.rs:226:53:
called `Result::unwrap()` on an `Err` value: DatabaseNotFound { path: "No such file or directory (os error 2)" }

thread 'prop_memory_limits' panicked at tests/property_tests.rs:226:53:
called `Result::unwrap()` on an `Err` value: DatabaseNotFound { path: "No such file or directory (os error 2)" }

thread 'prop_memory_limits' panicked at tests/property_tests.rs:226:53:
called `Result::unwrap()` on an `Err` value: DatabaseNotFound { path: "No such file or directory (os error 2)" }

thread 'prop_memory_limits' panicked at tests/property_tests.rs:226:53:
called `Result::unwrap()` on an `Err` value: DatabaseNotFound { path: "No such file or directory (os error 2)" }

thread 'prop_memory_limits' panicked at tests/property_tests.rs:226:53:
called `Result::unwrap()` on an `Err` value: DatabaseNotFound { path: "No such file or directory (os error 2)" }

thread 'prop_memory_limits' panicked at tests/property_tests.rs:226:53:
called `Result::unwrap()` on an `Err` value: DatabaseNotFound { path: "No such file or directory (os error 2)" }

thread 'prop_memory_limits' panicked at tests/property_tests.rs:226:53:
called `Result::unwrap()` on an `Err` value: DatabaseNotFound { path: "No such file or directory (os error 2)" }

thread 'prop_memory_limits' panicked at tests/property_tests.rs:226:53:
called `Result::unwrap()` on an `Err` value: DatabaseNotFound { path: "No such file or directory (os error 2)" }

thread 'prop_memory_limits' panicked at tests/property_tests.rs:226:53:
called `Result::unwrap()` on an `Err` value: DatabaseNotFound { path: "No such file or directory (os error 2)" }

thread 'prop_memory_limits' panicked at tests/property_tests.rs:226:53:
called `Result::unwrap()` on an `Err` value: DatabaseNotFound { path: "No such file or directory (os error 2)" }

thread 'prop_memory_limits' panicked at tests/property_tests.rs:226:53:
called `Result::unwrap()` on an `Err` value: DatabaseNotFound { path: "No such file or directory (os error 2)" }

thread 'prop_memory_limits' panicked at tests/property_tests.rs:226:53:
called `Result::unwrap()` on an `Err` value: DatabaseNotFound { path: "No such file or directory (os error 2)" }

thread 'prop_memory_limits' panicked at tests/property_tests.rs:226:53:
called `Result::unwrap()` on an `Err` value: DatabaseNotFound { path: "No such file or directory (os error 2)" }

thread 'prop_memory_limits' panicked at tests/property_tests.rs:226:53:
called `Result::unwrap()` on an `Err` value: DatabaseNotFound { path: "No such file or directory (os error 2)" }

thread 'prop_memory_limits' panicked at tests/property_tests.rs:226:53:
called `Result::unwrap()` on an `Err` value: DatabaseNotFound { path: "No such file or directory (os error 2)" }

thread 'prop_memory_limits' panicked at tests/property_tests.rs:226:53:
called `Result::unwrap()` on an `Err` value: DatabaseNotFound { path: "No such file or directory (os error 2)" }

thread 'prop_memory_limits' panicked at tests/property_tests.rs:226:53:
called `Result::unwrap()` on an `Err` value: DatabaseNotFound { path: "No such file or directory (os error 2)" }

thread 'prop_memory_limits' panicked at tests/property_tests.rs:226:53:
called `Result::unwrap()` on an `Err` value: DatabaseNotFound { path: "No such file or directory (os error 2)" }

thread 'prop_memory_limits' panicked at tests/property_tests.rs:226:53:
called `Result::unwrap()` on an `Err` value: DatabaseNotFound { path: "No such file or directory (os error 2)" }

thread 'prop_memory_limits' panicked at tests/property_tests.rs:226:53:
called `Result::unwrap()` on an `Err` value: DatabaseNotFound { path: "No such file or directory (os error 2)" }

thread 'prop_memory_limits' panicked at tests/property_tests.rs:226:53:
called `Result::unwrap()` on an `Err` value: DatabaseNotFound { path: "No such file or directory (os error 2)" }

thread 'prop_memory_limits' panicked at tests/property_tests.rs:226:53:
called `Result::unwrap()` on an `Err` value: DatabaseNotFound { path: "No such file or directory (os error 2)" }

thread 'prop_memory_limits' panicked at tests/property_tests.rs:226:53:
called `Result::unwrap()` on an `Err` value: DatabaseNotFound { path: "No such file or directory (os error 2)" }

thread 'prop_memory_limits' panicked at tests/property_tests.rs:226:53:
called `Result::unwrap()` on an `Err` value: DatabaseNotFound { path: "No such file or directory (os error 2)" }

thread 'prop_memory_limits' panicked at tests/property_tests.rs:226:53:
called `Result::unwrap()` on an `Err` value: DatabaseNotFound { path: "No such file or directory (os error 2)" }

thread 'prop_memory_limits' panicked at tests/property_tests.rs:226:53:
called `Result::unwrap()` on an `Err` value: DatabaseNotFound { path: "No such file or directory (os error 2)" }

thread 'prop_memory_limits' panicked at tests/property_tests.rs:226:53:
called `Result::unwrap()` on an `Err` value: DatabaseNotFound { path: "No such file or directory (os error 2)" }

thread 'prop_memory_limits' panicked at tests/property_tests.rs:226:53:
called `Result::unwrap()` on an `Err` value: DatabaseNotFound { path: "No such file or directory (os error 2)" }

thread 'prop_memory_limits' panicked at tests/property_tests.rs:226:53:
called `Result::unwrap()` on an `Err` value: DatabaseNotFound { path: "No such file or directory (os error 2)" }

thread 'prop_memory_limits' panicked at tests/property_tests.rs:226:53:
called `Result::unwrap()` on an `Err` value: DatabaseNotFound { path: "No such file or directory (os error 2)" }

thread 'prop_memory_limits' panicked at tests/property_tests.rs:226:53:
called `Result::unwrap()` on an `Err` value: DatabaseNotFound { path: "No such file or directory (os error 2)" }

thread 'prop_memory_limits' panicked at tests/property_tests.rs:226:53:
called `Result::unwrap()` on an `Err` value: DatabaseNotFound { path: "No such file or directory (os error 2)" }

thread 'prop_memory_limits' panicked at tests/property_tests.rs:226:53:
called `Result::unwrap()` on an `Err` value: DatabaseNotFound { path: "No such file or directory (os error 2)" }

thread 'prop_memory_limits' panicked at tests/property_tests.rs:226:53:
called `Result::unwrap()` on an `Err` value: DatabaseNotFound { path: "No such file or directory (os error 2)" }

thread 'prop_memory_limits' panicked at tests/property_tests.rs:226:53:
called `Result::unwrap()` on an `Err` value: DatabaseNotFound { path: "No such file or directory (os error 2)" }

thread 'prop_memory_limits' panicked at tests/property_tests.rs:226:53:
called `Result::unwrap()` on an `Err` value: DatabaseNotFound { path: "No such file or directory (os error 2)" }

thread 'prop_memory_limits' panicked at tests/property_tests.rs:226:53:
called `Result::unwrap()` on an `Err` value: DatabaseNotFound { path: "No such file or directory (os error 2)" }

thread 'prop_memory_limits' panicked at tests/property_tests.rs:226:53:
called `Result::unwrap()` on an `Err` value: DatabaseNotFound { path: "No such file or directory (os error 2)" }

thread 'prop_memory_limits' panicked at tests/property_tests.rs:226:53:
called `Result::unwrap()` on an `Err` value: DatabaseNotFound { path: "No such file or directory (os error 2)" }

thread 'prop_memory_limits' panicked at tests/property_tests.rs:226:53:
called `Result::unwrap()` on an `Err` value: DatabaseNotFound { path: "No such file or directory (os error 2)" }

thread 'prop_memory_limits' panicked at tests/property_tests.rs:226:53:
called `Result::unwrap()` on an `Err` value: DatabaseNotFound { path: "No such file or directory (os error 2)" }

thread 'prop_memory_limits' panicked at tests/property_tests.rs:226:53:
called `Result::unwrap()` on an `Err` value: DatabaseNotFound { path: "No such file or directory (os error 2)" }

thread 'prop_memory_limits' panicked at tests/property_tests.rs:226:53:
called `Result::unwrap()` on an `Err` value: DatabaseNotFound { path: "No such file or directory (os error 2)" }

thread 'prop_memory_limits' panicked at tests/property_tests.rs:226:53:
called `Result::unwrap()` on an `Err` value: DatabaseNotFound { path: "No such file or directory (os error 2)" }

thread 'prop_memory_limits' panicked at tests/property_tests.rs:226:53:
called `Result::unwrap()` on an `Err` value: DatabaseNotFound { path: "No such file or directory (os error 2)" }

thread 'prop_memory_limits' panicked at tests/property_tests.rs:226:53:
called `Result::unwrap()` on an `Err` value: DatabaseNotFound { path: "No such file or directory (os error 2)" }

thread 'prop_memory_limits' panicked at tests/property_tests.rs:226:53:
called `Result::unwrap()` on an `Err` value: DatabaseNotFound { path: "No such file or directory (os error 2)" }

thread 'prop_memory_limits' panicked at tests/property_tests.rs:226:53:
called `Result::unwrap()` on an `Err` value: DatabaseNotFound { path: "No such file or directory (os error 2)" }

thread 'prop_memory_limits' panicked at tests/property_tests.rs:226:53:
called `Result::unwrap()` on an `Err` value: DatabaseNotFound { path: "No such file or directory (os error 2)" }

thread 'prop_memory_limits' panicked at tests/property_tests.rs:226:53:
called `Result::unwrap()` on an `Err` value: DatabaseNotFound { path: "No such file or directory (os error 2)" }

thread 'prop_memory_limits' panicked at tests/property_tests.rs:226:53:
called `Result::unwrap()` on an `Err` value: DatabaseNotFound { path: "No such file or directory (os error 2)" }

thread 'prop_memory_limits' panicked at tests/property_tests.rs:226:53:
called `Result::unwrap()` on an `Err` value: DatabaseNotFound { path: "No such file or directory (os error 2)" }

thread 'prop_memory_limits' panicked at tests/property_tests.rs:226:53:
called `Result::unwrap()` on an `Err` value: DatabaseNotFound { path: "No such file or directory (os error 2)" }

thread 'prop_memory_limits' panicked at tests/property_tests.rs:226:53:
called `Result::unwrap()` on an `Err` value: DatabaseNotFound { path: "No such file or directory (os error 2)" }

thread 'prop_memory_limits' panicked at tests/property_tests.rs:226:53:
called `Result::unwrap()` on an `Err` value: DatabaseNotFound { path: "No such file or directory (os error 2)" }

thread 'prop_memory_limits' panicked at tests/property_tests.rs:226:53:
called `Result::unwrap()` on an `Err` value: DatabaseNotFound { path: "No such file or directory (os error 2)" }

thread 'prop_memory_limits' panicked at tests/property_tests.rs:226:53:
called `Result::unwrap()` on an `Err` value: DatabaseNotFound { path: "No such file or directory (os error 2)" }

thread 'prop_memory_limits' panicked at tests/property_tests.rs:226:53:
called `Result::unwrap()` on an `Err` value: DatabaseNotFound { path: "No such file or directory (os error 2)" }

thread 'prop_memory_limits' panicked at tests/property_tests.rs:226:53:
called `Result::unwrap()` on an `Err` value: DatabaseNotFound { path: "No such file or directory (os error 2)" }

thread 'prop_memory_limits' panicked at tests/property_tests.rs:226:53:
called `Result::unwrap()` on an `Err` value: DatabaseNotFound { path: "No such file or directory (os error 2)" }

thread 'prop_memory_limits' panicked at tests/property_tests.rs:226:53:
called `Result::unwrap()` on an `Err` value: DatabaseNotFound { path: "No such file or directory (os error 2)" }

thread 'prop_memory_limits' panicked at tests/property_tests.rs:226:53:
called `Result::unwrap()` on an `Err` value: DatabaseNotFound { path: "No such file or directory (os error 2)" }

thread 'prop_memory_limits' panicked at tests/property_tests.rs:226:53:
called `Result::unwrap()` on an `Err` value: DatabaseNotFound { path: "No such file or directory (os error 2)" }

thread 'prop_memory_limits' panicked at tests/property_tests.rs:226:53:
called `Result::unwrap()` on an `Err` value: DatabaseNotFound { path: "No such file or directory (os error 2)" }

thread 'prop_memory_limits' panicked at tests/property_tests.rs:226:53:
called `Result::unwrap()` on an `Err` value: DatabaseNotFound { path: "No such file or directory (os error 2)" }

thread 'prop_memory_limits' panicked at tests/property_tests.rs:215:1:
Test failed: called `Result::unwrap()` on an `Err` value: DatabaseNotFound { path: "No such file or directory (os error 2)" }.
minimal failing input: value_sizes = [
    1,
    1,
    1,
    1,
    1,
    1,
    1,
    1,
    1,
    1,
]
	successes: 0
	local rejects: 0
	global rejects: 0


---- prop_key_uniqueness stdout ----
proptest: FileFailurePersistence::SourceParallel set, but failed to find lib.rs or main.rs

thread 'prop_key_uniqueness' panicked at tests/property_tests.rs:259:75:
called `Result::unwrap()` on an `Err` value: DatabaseNotFound { path: "No such file or directory (os error 2)" }
note: run with `RUST_BACKTRACE=1` environment variable to display a backtrace

thread 'prop_key_uniqueness' panicked at tests/property_tests.rs:259:75:
called `Result::unwrap()` on an `Err` value: DatabaseNotFound { path: "No such file or directory (os error 2)" }

thread 'prop_key_uniqueness' panicked at tests/property_tests.rs:259:75:
called `Result::unwrap()` on an `Err` value: DatabaseNotFound { path: "No such file or directory (os error 2)" }

thread 'prop_key_uniqueness' panicked at tests/property_tests.rs:259:75:
called `Result::unwrap()` on an `Err` value: DatabaseNotFound { path: "No such file or directory (os error 2)" }

thread 'prop_key_uniqueness' panicked at tests/property_tests.rs:259:75:
called `Result::unwrap()` on an `Err` value: DatabaseNotFound { path: "No such file or directory (os error 2)" }

thread 'prop_key_uniqueness' panicked at tests/property_tests.rs:259:75:
called `Result::unwrap()` on an `Err` value: DatabaseNotFound { path: "No such file or directory (os error 2)" }

thread 'prop_key_uniqueness' panicked at tests/property_tests.rs:259:75:
called `Result::unwrap()` on an `Err` value: DatabaseNotFound { path: "No such file or directory (os error 2)" }

thread 'prop_key_uniqueness' panicked at tests/property_tests.rs:259:75:
called `Result::unwrap()` on an `Err` value: DatabaseNotFound { path: "No such file or directory (os error 2)" }

thread 'prop_key_uniqueness' panicked at tests/property_tests.rs:259:75:
called `Result::unwrap()` on an `Err` value: DatabaseNotFound { path: "No such file or directory (os error 2)" }

thread 'prop_key_uniqueness' panicked at tests/property_tests.rs:259:75:
called `Result::unwrap()` on an `Err` value: DatabaseNotFound { path: "No such file or directory (os error 2)" }

thread 'prop_key_uniqueness' panicked at tests/property_tests.rs:259:75:
called `Result::unwrap()` on an `Err` value: DatabaseNotFound { path: "No such file or directory (os error 2)" }

thread 'prop_key_uniqueness' panicked at tests/property_tests.rs:259:75:
called `Result::unwrap()` on an `Err` value: DatabaseNotFound { path: "No such file or directory (os error 2)" }

thread 'prop_key_uniqueness' panicked at tests/property_tests.rs:259:75:
called `Result::unwrap()` on an `Err` value: DatabaseNotFound { path: "No such file or directory (os error 2)" }

thread 'prop_key_uniqueness' panicked at tests/property_tests.rs:259:75:
called `Result::unwrap()` on an `Err` value: DatabaseNotFound { path: "No such file or directory (os error 2)" }

thread 'prop_key_uniqueness' panicked at tests/property_tests.rs:259:75:
called `Result::unwrap()` on an `Err` value: DatabaseNotFound { path: "No such file or directory (os error 2)" }

thread 'prop_key_uniqueness' panicked at tests/property_tests.rs:259:75:
called `Result::unwrap()` on an `Err` value: DatabaseNotFound { path: "No such file or directory (os error 2)" }

thread 'prop_key_uniqueness' panicked at tests/property_tests.rs:259:75:
called `Result::unwrap()` on an `Err` value: DatabaseNotFound { path: "No such file or directory (os error 2)" }

thread 'prop_key_uniqueness' panicked at tests/property_tests.rs:259:75:
called `Result::unwrap()` on an `Err` value: DatabaseNotFound { path: "No such file or directory (os error 2)" }

thread 'prop_key_uniqueness' panicked at tests/property_tests.rs:259:75:
called `Result::unwrap()` on an `Err` value: DatabaseNotFound { path: "No such file or directory (os error 2)" }

thread 'prop_key_uniqueness' panicked at tests/property_tests.rs:259:75:
called `Result::unwrap()` on an `Err` value: DatabaseNotFound { path: "No such file or directory (os error 2)" }

thread 'prop_key_uniqueness' panicked at tests/property_tests.rs:259:75:
called `Result::unwrap()` on an `Err` value: DatabaseNotFound { path: "No such file or directory (os error 2)" }

thread 'prop_key_uniqueness' panicked at tests/property_tests.rs:259:75:
called `Result::unwrap()` on an `Err` value: DatabaseNotFound { path: "No such file or directory (os error 2)" }

thread 'prop_key_uniqueness' panicked at tests/property_tests.rs:259:75:
called `Result::unwrap()` on an `Err` value: DatabaseNotFound { path: "No such file or directory (os error 2)" }

thread 'prop_key_uniqueness' panicked at tests/property_tests.rs:259:75:
called `Result::unwrap()` on an `Err` value: DatabaseNotFound { path: "No such file or directory (os error 2)" }

thread 'prop_key_uniqueness' panicked at tests/property_tests.rs:259:75:
called `Result::unwrap()` on an `Err` value: DatabaseNotFound { path: "No such file or directory (os error 2)" }

thread 'prop_key_uniqueness' panicked at tests/property_tests.rs:259:75:
called `Result::unwrap()` on an `Err` value: DatabaseNotFound { path: "No such file or directory (os error 2)" }

thread 'prop_key_uniqueness' panicked at tests/property_tests.rs:259:75:
called `Result::unwrap()` on an `Err` value: DatabaseNotFound { path: "No such file or directory (os error 2)" }

thread 'prop_key_uniqueness' panicked at tests/property_tests.rs:259:75:
called `Result::unwrap()` on an `Err` value: DatabaseNotFound { path: "No such file or directory (os error 2)" }

thread 'prop_key_uniqueness' panicked at tests/property_tests.rs:259:75:
called `Result::unwrap()` on an `Err` value: DatabaseNotFound { path: "No such file or directory (os error 2)" }

thread 'prop_key_uniqueness' panicked at tests/property_tests.rs:259:75:
called `Result::unwrap()` on an `Err` value: DatabaseNotFound { path: "No such file or directory (os error 2)" }

thread 'prop_key_uniqueness' panicked at tests/property_tests.rs:259:75:
called `Result::unwrap()` on an `Err` value: DatabaseNotFound { path: "No such file or directory (os error 2)" }

thread 'prop_key_uniqueness' panicked at tests/property_tests.rs:259:75:
called `Result::unwrap()` on an `Err` value: DatabaseNotFound { path: "No such file or directory (os error 2)" }

thread 'prop_key_uniqueness' panicked at tests/property_tests.rs:259:75:
called `Result::unwrap()` on an `Err` value: DatabaseNotFound { path: "No such file or directory (os error 2)" }

thread 'prop_key_uniqueness' panicked at tests/property_tests.rs:259:75:
called `Result::unwrap()` on an `Err` value: DatabaseNotFound { path: "No such file or directory (os error 2)" }

thread 'prop_key_uniqueness' panicked at tests/property_tests.rs:259:75:
called `Result::unwrap()` on an `Err` value: DatabaseNotFound { path: "No such file or directory (os error 2)" }

thread 'prop_key_uniqueness' panicked at tests/property_tests.rs:259:75:
called `Result::unwrap()` on an `Err` value: DatabaseNotFound { path: "No such file or directory (os error 2)" }

thread 'prop_key_uniqueness' panicked at tests/property_tests.rs:259:75:
called `Result::unwrap()` on an `Err` value: DatabaseNotFound { path: "No such file or directory (os error 2)" }

thread 'prop_key_uniqueness' panicked at tests/property_tests.rs:259:75:
called `Result::unwrap()` on an `Err` value: DatabaseNotFound { path: "No such file or directory (os error 2)" }

thread 'prop_key_uniqueness' panicked at tests/property_tests.rs:259:75:
called `Result::unwrap()` on an `Err` value: DatabaseNotFound { path: "No such file or directory (os error 2)" }

thread 'prop_key_uniqueness' panicked at tests/property_tests.rs:259:75:
called `Result::unwrap()` on an `Err` value: DatabaseNotFound { path: "No such file or directory (os error 2)" }

thread 'prop_key_uniqueness' panicked at tests/property_tests.rs:259:75:
called `Result::unwrap()` on an `Err` value: DatabaseNotFound { path: "No such file or directory (os error 2)" }

thread 'prop_key_uniqueness' panicked at tests/property_tests.rs:259:75:
called `Result::unwrap()` on an `Err` value: DatabaseNotFound { path: "No such file or directory (os error 2)" }

thread 'prop_key_uniqueness' panicked at tests/property_tests.rs:259:75:
called `Result::unwrap()` on an `Err` value: DatabaseNotFound { path: "No such file or directory (os error 2)" }

thread 'prop_key_uniqueness' panicked at tests/property_tests.rs:259:75:
called `Result::unwrap()` on an `Err` value: DatabaseNotFound { path: "No such file or directory (os error 2)" }

thread 'prop_key_uniqueness' panicked at tests/property_tests.rs:259:75:
called `Result::unwrap()` on an `Err` value: DatabaseNotFound { path: "No such file or directory (os error 2)" }

thread 'prop_key_uniqueness' panicked at tests/property_tests.rs:259:75:
called `Result::unwrap()` on an `Err` value: DatabaseNotFound { path: "No such file or directory (os error 2)" }

thread 'prop_key_uniqueness' panicked at tests/property_tests.rs:259:75:
called `Result::unwrap()` on an `Err` value: DatabaseNotFound { path: "No such file or directory (os error 2)" }

thread 'prop_key_uniqueness' panicked at tests/property_tests.rs:259:75:
called `Result::unwrap()` on an `Err` value: DatabaseNotFound { path: "No such file or directory (os error 2)" }

thread 'prop_key_uniqueness' panicked at tests/property_tests.rs:259:75:
called `Result::unwrap()` on an `Err` value: DatabaseNotFound { path: "No such file or directory (os error 2)" }

thread 'prop_key_uniqueness' panicked at tests/property_tests.rs:259:75:
called `Result::unwrap()` on an `Err` value: DatabaseNotFound { path: "No such file or directory (os error 2)" }

thread 'prop_key_uniqueness' panicked at tests/property_tests.rs:259:75:
called `Result::unwrap()` on an `Err` value: DatabaseNotFound { path: "No such file or directory (os error 2)" }

thread 'prop_key_uniqueness' panicked at tests/property_tests.rs:259:75:
called `Result::unwrap()` on an `Err` value: DatabaseNotFound { path: "No such file or directory (os error 2)" }

thread 'prop_key_uniqueness' panicked at tests/property_tests.rs:259:75:
called `Result::unwrap()` on an `Err` value: DatabaseNotFound { path: "No such file or directory (os error 2)" }

thread 'prop_key_uniqueness' panicked at tests/property_tests.rs:259:75:
called `Result::unwrap()` on an `Err` value: DatabaseNotFound { path: "No such file or directory (os error 2)" }

thread 'prop_key_uniqueness' panicked at tests/property_tests.rs:259:75:
called `Result::unwrap()` on an `Err` value: DatabaseNotFound { path: "No such file or directory (os error 2)" }

thread 'prop_key_uniqueness' panicked at tests/property_tests.rs:259:75:
called `Result::unwrap()` on an `Err` value: DatabaseNotFound { path: "No such file or directory (os error 2)" }

thread 'prop_key_uniqueness' panicked at tests/property_tests.rs:259:75:
called `Result::unwrap()` on an `Err` value: DatabaseNotFound { path: "No such file or directory (os error 2)" }

thread 'prop_key_uniqueness' panicked at tests/property_tests.rs:259:75:
called `Result::unwrap()` on an `Err` value: DatabaseNotFound { path: "No such file or directory (os error 2)" }

thread 'prop_key_uniqueness' panicked at tests/property_tests.rs:259:75:
called `Result::unwrap()` on an `Err` value: DatabaseNotFound { path: "No such file or directory (os error 2)" }

thread 'prop_key_uniqueness' panicked at tests/property_tests.rs:259:75:
called `Result::unwrap()` on an `Err` value: DatabaseNotFound { path: "No such file or directory (os error 2)" }

thread 'prop_key_uniqueness' panicked at tests/property_tests.rs:259:75:
called `Result::unwrap()` on an `Err` value: DatabaseNotFound { path: "No such file or directory (os error 2)" }

thread 'prop_key_uniqueness' panicked at tests/property_tests.rs:259:75:
called `Result::unwrap()` on an `Err` value: DatabaseNotFound { path: "No such file or directory (os error 2)" }

thread 'prop_key_uniqueness' panicked at tests/property_tests.rs:259:75:
called `Result::unwrap()` on an `Err` value: DatabaseNotFound { path: "No such file or directory (os error 2)" }

thread 'prop_key_uniqueness' panicked at tests/property_tests.rs:259:75:
called `Result::unwrap()` on an `Err` value: DatabaseNotFound { path: "No such file or directory (os error 2)" }

thread 'prop_key_uniqueness' panicked at tests/property_tests.rs:259:75:
called `Result::unwrap()` on an `Err` value: DatabaseNotFound { path: "No such file or directory (os error 2)" }

thread 'prop_key_uniqueness' panicked at tests/property_tests.rs:259:75:
called `Result::unwrap()` on an `Err` value: DatabaseNotFound { path: "No such file or directory (os error 2)" }

thread 'prop_key_uniqueness' panicked at tests/property_tests.rs:259:75:
called `Result::unwrap()` on an `Err` value: DatabaseNotFound { path: "No such file or directory (os error 2)" }

thread 'prop_key_uniqueness' panicked at tests/property_tests.rs:259:75:
called `Result::unwrap()` on an `Err` value: DatabaseNotFound { path: "No such file or directory (os error 2)" }

thread 'prop_key_uniqueness' panicked at tests/property_tests.rs:259:75:
called `Result::unwrap()` on an `Err` value: DatabaseNotFound { path: "No such file or directory (os error 2)" }

thread 'prop_key_uniqueness' panicked at tests/property_tests.rs:259:75:
called `Result::unwrap()` on an `Err` value: DatabaseNotFound { path: "No such file or directory (os error 2)" }

thread 'prop_key_uniqueness' panicked at tests/property_tests.rs:259:75:
called `Result::unwrap()` on an `Err` value: DatabaseNotFound { path: "No such file or directory (os error 2)" }

thread 'prop_key_uniqueness' panicked at tests/property_tests.rs:259:75:
called `Result::unwrap()` on an `Err` value: DatabaseNotFound { path: "No such file or directory (os error 2)" }

thread 'prop_key_uniqueness' panicked at tests/property_tests.rs:259:75:
called `Result::unwrap()` on an `Err` value: DatabaseNotFound { path: "No such file or directory (os error 2)" }

thread 'prop_key_uniqueness' panicked at tests/property_tests.rs:259:75:
called `Result::unwrap()` on an `Err` value: DatabaseNotFound { path: "No such file or directory (os error 2)" }

thread 'prop_key_uniqueness' panicked at tests/property_tests.rs:259:75:
called `Result::unwrap()` on an `Err` value: DatabaseNotFound { path: "No such file or directory (os error 2)" }

thread 'prop_key_uniqueness' panicked at tests/property_tests.rs:259:75:
called `Result::unwrap()` on an `Err` value: DatabaseNotFound { path: "No such file or directory (os error 2)" }

thread 'prop_key_uniqueness' panicked at tests/property_tests.rs:259:75:
called `Result::unwrap()` on an `Err` value: DatabaseNotFound { path: "No such file or directory (os error 2)" }

thread 'prop_key_uniqueness' panicked at tests/property_tests.rs:259:75:
called `Result::unwrap()` on an `Err` value: DatabaseNotFound { path: "No such file or directory (os error 2)" }

thread 'prop_key_uniqueness' panicked at tests/property_tests.rs:259:75:
called `Result::unwrap()` on an `Err` value: DatabaseNotFound { path: "No such file or directory (os error 2)" }

thread 'prop_key_uniqueness' panicked at tests/property_tests.rs:259:75:
called `Result::unwrap()` on an `Err` value: DatabaseNotFound { path: "No such file or directory (os error 2)" }

thread 'prop_key_uniqueness' panicked at tests/property_tests.rs:259:75:
called `Result::unwrap()` on an `Err` value: DatabaseNotFound { path: "No such file or directory (os error 2)" }

thread 'prop_key_uniqueness' panicked at tests/property_tests.rs:259:75:
called `Result::unwrap()` on an `Err` value: DatabaseNotFound { path: "No such file or directory (os error 2)" }

thread 'prop_key_uniqueness' panicked at tests/property_tests.rs:259:75:
called `Result::unwrap()` on an `Err` value: DatabaseNotFound { path: "No such file or directory (os error 2)" }

thread 'prop_key_uniqueness' panicked at tests/property_tests.rs:259:75:
called `Result::unwrap()` on an `Err` value: DatabaseNotFound { path: "No such file or directory (os error 2)" }

thread 'prop_key_uniqueness' panicked at tests/property_tests.rs:259:75:
called `Result::unwrap()` on an `Err` value: DatabaseNotFound { path: "No such file or directory (os error 2)" }

thread 'prop_key_uniqueness' panicked at tests/property_tests.rs:259:75:
called `Result::unwrap()` on an `Err` value: DatabaseNotFound { path: "No such file or directory (os error 2)" }

thread 'prop_key_uniqueness' panicked at tests/property_tests.rs:259:75:
called `Result::unwrap()` on an `Err` value: DatabaseNotFound { path: "No such file or directory (os error 2)" }

thread 'prop_key_uniqueness' panicked at tests/property_tests.rs:259:75:
called `Result::unwrap()` on an `Err` value: DatabaseNotFound { path: "No such file or directory (os error 2)" }

thread 'prop_key_uniqueness' panicked at tests/property_tests.rs:259:75:
called `Result::unwrap()` on an `Err` value: DatabaseNotFound { path: "No such file or directory (os error 2)" }

thread 'prop_key_uniqueness' panicked at tests/property_tests.rs:259:75:
called `Result::unwrap()` on an `Err` value: DatabaseNotFound { path: "No such file or directory (os error 2)" }

thread 'prop_key_uniqueness' panicked at tests/property_tests.rs:259:75:
called `Result::unwrap()` on an `Err` value: DatabaseNotFound { path: "No such file or directory (os error 2)" }

thread 'prop_key_uniqueness' panicked at tests/property_tests.rs:259:75:
called `Result::unwrap()` on an `Err` value: DatabaseNotFound { path: "No such file or directory (os error 2)" }

thread 'prop_key_uniqueness' panicked at tests/property_tests.rs:259:75:
called `Result::unwrap()` on an `Err` value: DatabaseNotFound { path: "No such file or directory (os error 2)" }

thread 'prop_key_uniqueness' panicked at tests/property_tests.rs:259:75:
called `Result::unwrap()` on an `Err` value: DatabaseNotFound { path: "No such file or directory (os error 2)" }

thread 'prop_key_uniqueness' panicked at tests/property_tests.rs:259:75:
called `Result::unwrap()` on an `Err` value: DatabaseNotFound { path: "No such file or directory (os error 2)" }

thread 'prop_key_uniqueness' panicked at tests/property_tests.rs:259:75:
called `Result::unwrap()` on an `Err` value: DatabaseNotFound { path: "No such file or directory (os error 2)" }

thread 'prop_key_uniqueness' panicked at tests/property_tests.rs:259:75:
called `Result::unwrap()` on an `Err` value: DatabaseNotFound { path: "No such file or directory (os error 2)" }

thread 'prop_key_uniqueness' panicked at tests/property_tests.rs:259:75:
called `Result::unwrap()` on an `Err` value: DatabaseNotFound { path: "No such file or directory (os error 2)" }

thread 'prop_key_uniqueness' panicked at tests/property_tests.rs:259:75:
called `Result::unwrap()` on an `Err` value: DatabaseNotFound { path: "No such file or directory (os error 2)" }

thread 'prop_key_uniqueness' panicked at tests/property_tests.rs:259:75:
called `Result::unwrap()` on an `Err` value: DatabaseNotFound { path: "No such file or directory (os error 2)" }

thread 'prop_key_uniqueness' panicked at tests/property_tests.rs:259:75:
called `Result::unwrap()` on an `Err` value: DatabaseNotFound { path: "No such file or directory (os error 2)" }

thread 'prop_key_uniqueness' panicked at tests/property_tests.rs:259:75:
called `Result::unwrap()` on an `Err` value: DatabaseNotFound { path: "No such file or directory (os error 2)" }

thread 'prop_key_uniqueness' panicked at tests/property_tests.rs:259:75:
called `Result::unwrap()` on an `Err` value: DatabaseNotFound { path: "No such file or directory (os error 2)" }

thread 'prop_key_uniqueness' panicked at tests/property_tests.rs:259:75:
called `Result::unwrap()` on an `Err` value: DatabaseNotFound { path: "No such file or directory (os error 2)" }

thread 'prop_key_uniqueness' panicked at tests/property_tests.rs:259:75:
called `Result::unwrap()` on an `Err` value: DatabaseNotFound { path: "No such file or directory (os error 2)" }

thread 'prop_key_uniqueness' panicked at tests/property_tests.rs:259:75:
called `Result::unwrap()` on an `Err` value: DatabaseNotFound { path: "No such file or directory (os error 2)" }

thread 'prop_key_uniqueness' panicked at tests/property_tests.rs:259:75:
called `Result::unwrap()` on an `Err` value: DatabaseNotFound { path: "No such file or directory (os error 2)" }

thread 'prop_key_uniqueness' panicked at tests/property_tests.rs:259:75:
called `Result::unwrap()` on an `Err` value: DatabaseNotFound { path: "No such file or directory (os error 2)" }

thread 'prop_key_uniqueness' panicked at tests/property_tests.rs:259:75:
called `Result::unwrap()` on an `Err` value: DatabaseNotFound { path: "No such file or directory (os error 2)" }

thread 'prop_key_uniqueness' panicked at tests/property_tests.rs:259:75:
called `Result::unwrap()` on an `Err` value: DatabaseNotFound { path: "No such file or directory (os error 2)" }

thread 'prop_key_uniqueness' panicked at tests/property_tests.rs:259:75:
called `Result::unwrap()` on an `Err` value: DatabaseNotFound { path: "No such file or directory (os error 2)" }

thread 'prop_key_uniqueness' panicked at tests/property_tests.rs:259:75:
called `Result::unwrap()` on an `Err` value: DatabaseNotFound { path: "No such file or directory (os error 2)" }

thread 'prop_key_uniqueness' panicked at tests/property_tests.rs:259:75:
called `Result::unwrap()` on an `Err` value: DatabaseNotFound { path: "No such file or directory (os error 2)" }

thread 'prop_key_uniqueness' panicked at tests/property_tests.rs:259:75:
called `Result::unwrap()` on an `Err` value: DatabaseNotFound { path: "No such file or directory (os error 2)" }

thread 'prop_key_uniqueness' panicked at tests/property_tests.rs:259:75:
called `Result::unwrap()` on an `Err` value: DatabaseNotFound { path: "No such file or directory (os error 2)" }

thread 'prop_key_uniqueness' panicked at tests/property_tests.rs:259:75:
called `Result::unwrap()` on an `Err` value: DatabaseNotFound { path: "No such file or directory (os error 2)" }

thread 'prop_key_uniqueness' panicked at tests/property_tests.rs:259:75:
called `Result::unwrap()` on an `Err` value: DatabaseNotFound { path: "No such file or directory (os error 2)" }

thread 'prop_key_uniqueness' panicked at tests/property_tests.rs:259:75:
called `Result::unwrap()` on an `Err` value: DatabaseNotFound { path: "No such file or directory (os error 2)" }

thread 'prop_key_uniqueness' panicked at tests/property_tests.rs:259:75:
called `Result::unwrap()` on an `Err` value: DatabaseNotFound { path: "No such file or directory (os error 2)" }

thread 'prop_key_uniqueness' panicked at tests/property_tests.rs:259:75:
called `Result::unwrap()` on an `Err` value: DatabaseNotFound { path: "No such file or directory (os error 2)" }

thread 'prop_key_uniqueness' panicked at tests/property_tests.rs:259:75:
called `Result::unwrap()` on an `Err` value: DatabaseNotFound { path: "No such file or directory (os error 2)" }

thread 'prop_key_uniqueness' panicked at tests/property_tests.rs:259:75:
called `Result::unwrap()` on an `Err` value: DatabaseNotFound { path: "No such file or directory (os error 2)" }

thread 'prop_key_uniqueness' panicked at tests/property_tests.rs:259:75:
called `Result::unwrap()` on an `Err` value: DatabaseNotFound { path: "No such file or directory (os error 2)" }

thread 'prop_key_uniqueness' panicked at tests/property_tests.rs:259:75:
called `Result::unwrap()` on an `Err` value: DatabaseNotFound { path: "No such file or directory (os error 2)" }

thread 'prop_key_uniqueness' panicked at tests/property_tests.rs:259:75:
called `Result::unwrap()` on an `Err` value: DatabaseNotFound { path: "No such file or directory (os error 2)" }

thread 'prop_key_uniqueness' panicked at tests/property_tests.rs:259:75:
called `Result::unwrap()` on an `Err` value: DatabaseNotFound { path: "No such file or directory (os error 2)" }

thread 'prop_key_uniqueness' panicked at tests/property_tests.rs:259:75:
called `Result::unwrap()` on an `Err` value: DatabaseNotFound { path: "No such file or directory (os error 2)" }

thread 'prop_key_uniqueness' panicked at tests/property_tests.rs:259:75:
called `Result::unwrap()` on an `Err` value: DatabaseNotFound { path: "No such file or directory (os error 2)" }

thread 'prop_key_uniqueness' panicked at tests/property_tests.rs:259:75:
called `Result::unwrap()` on an `Err` value: DatabaseNotFound { path: "No such file or directory (os error 2)" }

thread 'prop_key_uniqueness' panicked at tests/property_tests.rs:259:75:
called `Result::unwrap()` on an `Err` value: DatabaseNotFound { path: "No such file or directory (os error 2)" }

thread 'prop_key_uniqueness' panicked at tests/property_tests.rs:259:75:
called `Result::unwrap()` on an `Err` value: DatabaseNotFound { path: "No such file or directory (os error 2)" }

thread 'prop_key_uniqueness' panicked at tests/property_tests.rs:259:75:
called `Result::unwrap()` on an `Err` value: DatabaseNotFound { path: "No such file or directory (os error 2)" }

thread 'prop_key_uniqueness' panicked at tests/property_tests.rs:259:75:
called `Result::unwrap()` on an `Err` value: DatabaseNotFound { path: "No such file or directory (os error 2)" }

thread 'prop_key_uniqueness' panicked at tests/property_tests.rs:259:75:
called `Result::unwrap()` on an `Err` value: DatabaseNotFound { path: "No such file or directory (os error 2)" }

thread 'prop_key_uniqueness' panicked at tests/property_tests.rs:259:75:
called `Result::unwrap()` on an `Err` value: DatabaseNotFound { path: "No such file or directory (os error 2)" }

thread 'prop_key_uniqueness' panicked at tests/property_tests.rs:259:75:
called `Result::unwrap()` on an `Err` value: DatabaseNotFound { path: "No such file or directory (os error 2)" }

thread 'prop_key_uniqueness' panicked at tests/property_tests.rs:259:75:
called `Result::unwrap()` on an `Err` value: DatabaseNotFound { path: "No such file or directory (os error 2)" }

thread 'prop_key_uniqueness' panicked at tests/property_tests.rs:259:75:
called `Result::unwrap()` on an `Err` value: DatabaseNotFound { path: "No such file or directory (os error 2)" }

thread 'prop_key_uniqueness' panicked at tests/property_tests.rs:259:75:
called `Result::unwrap()` on an `Err` value: DatabaseNotFound { path: "No such file or directory (os error 2)" }

thread 'prop_key_uniqueness' panicked at tests/property_tests.rs:259:75:
called `Result::unwrap()` on an `Err` value: DatabaseNotFound { path: "No such file or directory (os error 2)" }

thread 'prop_key_uniqueness' panicked at tests/property_tests.rs:259:75:
called `Result::unwrap()` on an `Err` value: DatabaseNotFound { path: "No such file or directory (os error 2)" }

thread 'prop_key_uniqueness' panicked at tests/property_tests.rs:259:75:
called `Result::unwrap()` on an `Err` value: DatabaseNotFound { path: "No such file or directory (os error 2)" }

thread 'prop_key_uniqueness' panicked at tests/property_tests.rs:259:75:
called `Result::unwrap()` on an `Err` value: DatabaseNotFound { path: "No such file or directory (os error 2)" }

thread 'prop_key_uniqueness' panicked at tests/property_tests.rs:259:75:
called `Result::unwrap()` on an `Err` value: DatabaseNotFound { path: "No such file or directory (os error 2)" }

thread 'prop_key_uniqueness' panicked at tests/property_tests.rs:259:75:
called `Result::unwrap()` on an `Err` value: DatabaseNotFound { path: "No such file or directory (os error 2)" }

thread 'prop_key_uniqueness' panicked at tests/property_tests.rs:259:75:
called `Result::unwrap()` on an `Err` value: DatabaseNotFound { path: "No such file or directory (os error 2)" }

thread 'prop_key_uniqueness' panicked at tests/property_tests.rs:259:75:
called `Result::unwrap()` on an `Err` value: DatabaseNotFound { path: "No such file or directory (os error 2)" }

thread 'prop_key_uniqueness' panicked at tests/property_tests.rs:259:75:
called `Result::unwrap()` on an `Err` value: DatabaseNotFound { path: "No such file or directory (os error 2)" }

thread 'prop_key_uniqueness' panicked at tests/property_tests.rs:259:75:
called `Result::unwrap()` on an `Err` value: DatabaseNotFound { path: "No such file or directory (os error 2)" }

thread 'prop_key_uniqueness' panicked at tests/property_tests.rs:259:75:
called `Result::unwrap()` on an `Err` value: DatabaseNotFound { path: "No such file or directory (os error 2)" }

thread 'prop_key_uniqueness' panicked at tests/property_tests.rs:259:75:
called `Result::unwrap()` on an `Err` value: DatabaseNotFound { path: "No such file or directory (os error 2)" }

thread 'prop_key_uniqueness' panicked at tests/property_tests.rs:259:75:
called `Result::unwrap()` on an `Err` value: DatabaseNotFound { path: "No such file or directory (os error 2)" }

thread 'prop_key_uniqueness' panicked at tests/property_tests.rs:259:75:
called `Result::unwrap()` on an `Err` value: DatabaseNotFound { path: "No such file or directory (os error 2)" }

thread 'prop_key_uniqueness' panicked at tests/property_tests.rs:259:75:
called `Result::unwrap()` on an `Err` value: DatabaseNotFound { path: "No such file or directory (os error 2)" }

thread 'prop_key_uniqueness' panicked at tests/property_tests.rs:259:75:
called `Result::unwrap()` on an `Err` value: DatabaseNotFound { path: "No such file or directory (os error 2)" }

thread 'prop_key_uniqueness' panicked at tests/property_tests.rs:259:75:
called `Result::unwrap()` on an `Err` value: DatabaseNotFound { path: "No such file or directory (os error 2)" }

thread 'prop_key_uniqueness' panicked at tests/property_tests.rs:259:75:
called `Result::unwrap()` on an `Err` value: DatabaseNotFound { path: "No such file or directory (os error 2)" }

thread 'prop_key_uniqueness' panicked at tests/property_tests.rs:259:75:
called `Result::unwrap()` on an `Err` value: DatabaseNotFound { path: "No such file or directory (os error 2)" }

thread 'prop_key_uniqueness' panicked at tests/property_tests.rs:259:75:
called `Result::unwrap()` on an `Err` value: DatabaseNotFound { path: "No such file or directory (os error 2)" }

thread 'prop_key_uniqueness' panicked at tests/property_tests.rs:259:75:
called `Result::unwrap()` on an `Err` value: DatabaseNotFound { path: "No such file or directory (os error 2)" }

thread 'prop_key_uniqueness' panicked at tests/property_tests.rs:259:75:
called `Result::unwrap()` on an `Err` value: DatabaseNotFound { path: "No such file or directory (os error 2)" }

thread 'prop_key_uniqueness' panicked at tests/property_tests.rs:259:75:
called `Result::unwrap()` on an `Err` value: DatabaseNotFound { path: "No such file or directory (os error 2)" }

thread 'prop_key_uniqueness' panicked at tests/property_tests.rs:259:75:
called `Result::unwrap()` on an `Err` value: DatabaseNotFound { path: "No such file or directory (os error 2)" }

thread 'prop_key_uniqueness' panicked at tests/property_tests.rs:259:75:
called `Result::unwrap()` on an `Err` value: DatabaseNotFound { path: "No such file or directory (os error 2)" }

thread 'prop_key_uniqueness' panicked at tests/property_tests.rs:259:75:
called `Result::unwrap()` on an `Err` value: DatabaseNotFound { path: "No such file or directory (os error 2)" }

thread 'prop_key_uniqueness' panicked at tests/property_tests.rs:259:75:
called `Result::unwrap()` on an `Err` value: DatabaseNotFound { path: "No such file or directory (os error 2)" }

thread 'prop_key_uniqueness' panicked at tests/property_tests.rs:259:75:
called `Result::unwrap()` on an `Err` value: DatabaseNotFound { path: "No such file or directory (os error 2)" }

thread 'prop_key_uniqueness' panicked at tests/property_tests.rs:259:75:
called `Result::unwrap()` on an `Err` value: DatabaseNotFound { path: "No such file or directory (os error 2)" }

thread 'prop_key_uniqueness' panicked at tests/property_tests.rs:259:75:
called `Result::unwrap()` on an `Err` value: DatabaseNotFound { path: "No such file or directory (os error 2)" }

thread 'prop_key_uniqueness' panicked at tests/property_tests.rs:259:75:
called `Result::unwrap()` on an `Err` value: DatabaseNotFound { path: "No such file or directory (os error 2)" }

thread 'prop_key_uniqueness' panicked at tests/property_tests.rs:259:75:
called `Result::unwrap()` on an `Err` value: DatabaseNotFound { path: "No such file or directory (os error 2)" }

thread 'prop_key_uniqueness' panicked at tests/property_tests.rs:259:75:
called `Result::unwrap()` on an `Err` value: DatabaseNotFound { path: "No such file or directory (os error 2)" }

thread 'prop_key_uniqueness' panicked at tests/property_tests.rs:259:75:
called `Result::unwrap()` on an `Err` value: DatabaseNotFound { path: "No such file or directory (os error 2)" }

thread 'prop_key_uniqueness' panicked at tests/property_tests.rs:259:75:
called `Result::unwrap()` on an `Err` value: DatabaseNotFound { path: "No such file or directory (os error 2)" }

thread 'prop_key_uniqueness' panicked at tests/property_tests.rs:259:75:
called `Result::unwrap()` on an `Err` value: DatabaseNotFound { path: "No such file or directory (os error 2)" }

thread 'prop_key_uniqueness' panicked at tests/property_tests.rs:259:75:
called `Result::unwrap()` on an `Err` value: DatabaseNotFound { path: "No such file or directory (os error 2)" }

thread 'prop_key_uniqueness' panicked at tests/property_tests.rs:259:75:
called `Result::unwrap()` on an `Err` value: DatabaseNotFound { path: "No such file or directory (os error 2)" }

thread 'prop_key_uniqueness' panicked at tests/property_tests.rs:259:75:
called `Result::unwrap()` on an `Err` value: DatabaseNotFound { path: "No such file or directory (os error 2)" }

thread 'prop_key_uniqueness' panicked at tests/property_tests.rs:259:75:
called `Result::unwrap()` on an `Err` value: DatabaseNotFound { path: "No such file or directory (os error 2)" }

thread 'prop_key_uniqueness' panicked at tests/property_tests.rs:259:75:
called `Result::unwrap()` on an `Err` value: DatabaseNotFound { path: "No such file or directory (os error 2)" }

thread 'prop_key_uniqueness' panicked at tests/property_tests.rs:259:75:
called `Result::unwrap()` on an `Err` value: DatabaseNotFound { path: "No such file or directory (os error 2)" }

thread 'prop_key_uniqueness' panicked at tests/property_tests.rs:259:75:
called `Result::unwrap()` on an `Err` value: DatabaseNotFound { path: "No such file or directory (os error 2)" }

thread 'prop_key_uniqueness' panicked at tests/property_tests.rs:259:75:
called `Result::unwrap()` on an `Err` value: DatabaseNotFound { path: "No such file or directory (os error 2)" }

thread 'prop_key_uniqueness' panicked at tests/property_tests.rs:259:75:
called `Result::unwrap()` on an `Err` value: DatabaseNotFound { path: "No such file or directory (os error 2)" }

thread 'prop_key_uniqueness' panicked at tests/property_tests.rs:259:75:
called `Result::unwrap()` on an `Err` value: DatabaseNotFound { path: "No such file or directory (os error 2)" }

thread 'prop_key_uniqueness' panicked at tests/property_tests.rs:259:75:
called `Result::unwrap()` on an `Err` value: DatabaseNotFound { path: "No such file or directory (os error 2)" }

thread 'prop_key_uniqueness' panicked at tests/property_tests.rs:259:75:
called `Result::unwrap()` on an `Err` value: DatabaseNotFound { path: "No such file or directory (os error 2)" }

thread 'prop_key_uniqueness' panicked at tests/property_tests.rs:259:75:
called `Result::unwrap()` on an `Err` value: DatabaseNotFound { path: "No such file or directory (os error 2)" }

thread 'prop_key_uniqueness' panicked at tests/property_tests.rs:259:75:
called `Result::unwrap()` on an `Err` value: DatabaseNotFound { path: "No such file or directory (os error 2)" }

thread 'prop_key_uniqueness' panicked at tests/property_tests.rs:259:75:
called `Result::unwrap()` on an `Err` value: DatabaseNotFound { path: "No such file or directory (os error 2)" }

thread 'prop_key_uniqueness' panicked at tests/property_tests.rs:259:75:
called `Result::unwrap()` on an `Err` value: DatabaseNotFound { path: "No such file or directory (os error 2)" }

thread 'prop_key_uniqueness' panicked at tests/property_tests.rs:259:75:
called `Result::unwrap()` on an `Err` value: DatabaseNotFound { path: "No such file or directory (os error 2)" }

thread 'prop_key_uniqueness' panicked at tests/property_tests.rs:259:75:
called `Result::unwrap()` on an `Err` value: DatabaseNotFound { path: "No such file or directory (os error 2)" }

thread 'prop_key_uniqueness' panicked at tests/property_tests.rs:259:75:
called `Result::unwrap()` on an `Err` value: DatabaseNotFound { path: "No such file or directory (os error 2)" }

thread 'prop_key_uniqueness' panicked at tests/property_tests.rs:259:75:
called `Result::unwrap()` on an `Err` value: DatabaseNotFound { path: "No such file or directory (os error 2)" }

thread 'prop_key_uniqueness' panicked at tests/property_tests.rs:259:75:
called `Result::unwrap()` on an `Err` value: DatabaseNotFound { path: "No such file or directory (os error 2)" }

thread 'prop_key_uniqueness' panicked at tests/property_tests.rs:259:75:
called `Result::unwrap()` on an `Err` value: DatabaseNotFound { path: "No such file or directory (os error 2)" }

thread 'prop_key_uniqueness' panicked at tests/property_tests.rs:259:75:
called `Result::unwrap()` on an `Err` value: DatabaseNotFound { path: "No such file or directory (os error 2)" }

thread 'prop_key_uniqueness' panicked at tests/property_tests.rs:259:75:
called `Result::unwrap()` on an `Err` value: DatabaseNotFound { path: "No such file or directory (os error 2)" }

thread 'prop_key_uniqueness' panicked at tests/property_tests.rs:259:75:
called `Result::unwrap()` on an `Err` value: DatabaseNotFound { path: "No such file or directory (os error 2)" }

thread 'prop_key_uniqueness' panicked at tests/property_tests.rs:259:75:
called `Result::unwrap()` on an `Err` value: DatabaseNotFound { path: "No such file or directory (os error 2)" }

thread 'prop_key_uniqueness' panicked at tests/property_tests.rs:259:75:
called `Result::unwrap()` on an `Err` value: DatabaseNotFound { path: "No such file or directory (os error 2)" }

thread 'prop_key_uniqueness' panicked at tests/property_tests.rs:259:75:
called `Result::unwrap()` on an `Err` value: DatabaseNotFound { path: "No such file or directory (os error 2)" }

thread 'prop_key_uniqueness' panicked at tests/property_tests.rs:259:75:
called `Result::unwrap()` on an `Err` value: DatabaseNotFound { path: "No such file or directory (os error 2)" }

thread 'prop_key_uniqueness' panicked at tests/property_tests.rs:259:75:
called `Result::unwrap()` on an `Err` value: DatabaseNotFound { path: "No such file or directory (os error 2)" }

thread 'prop_key_uniqueness' panicked at tests/property_tests.rs:259:75:
called `Result::unwrap()` on an `Err` value: DatabaseNotFound { path: "No such file or directory (os error 2)" }

thread 'prop_key_uniqueness' panicked at tests/property_tests.rs:259:75:
called `Result::unwrap()` on an `Err` value: DatabaseNotFound { path: "No such file or directory (os error 2)" }

thread 'prop_key_uniqueness' panicked at tests/property_tests.rs:259:75:
called `Result::unwrap()` on an `Err` value: DatabaseNotFound { path: "No such file or directory (os error 2)" }

thread 'prop_key_uniqueness' panicked at tests/property_tests.rs:259:75:
called `Result::unwrap()` on an `Err` value: DatabaseNotFound { path: "No such file or directory (os error 2)" }

thread 'prop_key_uniqueness' panicked at tests/property_tests.rs:259:75:
called `Result::unwrap()` on an `Err` value: DatabaseNotFound { path: "No such file or directory (os error 2)" }

thread 'prop_key_uniqueness' panicked at tests/property_tests.rs:259:75:
called `Result::unwrap()` on an `Err` value: DatabaseNotFound { path: "No such file or directory (os error 2)" }

thread 'prop_key_uniqueness' panicked at tests/property_tests.rs:259:75:
called `Result::unwrap()` on an `Err` value: DatabaseNotFound { path: "No such file or directory (os error 2)" }

thread 'prop_key_uniqueness' panicked at tests/property_tests.rs:259:75:
called `Result::unwrap()` on an `Err` value: DatabaseNotFound { path: "No such file or directory (os error 2)" }

thread 'prop_key_uniqueness' panicked at tests/property_tests.rs:259:75:
called `Result::unwrap()` on an `Err` value: DatabaseNotFound { path: "No such file or directory (os error 2)" }

thread 'prop_key_uniqueness' panicked at tests/property_tests.rs:259:75:
called `Result::unwrap()` on an `Err` value: DatabaseNotFound { path: "No such file or directory (os error 2)" }

thread 'prop_key_uniqueness' panicked at tests/property_tests.rs:259:75:
called `Result::unwrap()` on an `Err` value: DatabaseNotFound { path: "No such file or directory (os error 2)" }

thread 'prop_key_uniqueness' panicked at tests/property_tests.rs:259:75:
called `Result::unwrap()` on an `Err` value: DatabaseNotFound { path: "No such file or directory (os error 2)" }

thread 'prop_key_uniqueness' panicked at tests/property_tests.rs:259:75:
called `Result::unwrap()` on an `Err` value: DatabaseNotFound { path: "No such file or directory (os error 2)" }

thread 'prop_key_uniqueness' panicked at tests/property_tests.rs:259:75:
called `Result::unwrap()` on an `Err` value: DatabaseNotFound { path: "No such file or directory (os error 2)" }

thread 'prop_key_uniqueness' panicked at tests/property_tests.rs:259:75:
called `Result::unwrap()` on an `Err` value: DatabaseNotFound { path: "No such file or directory (os error 2)" }

thread 'prop_key_uniqueness' panicked at tests/property_tests.rs:259:75:
called `Result::unwrap()` on an `Err` value: DatabaseNotFound { path: "No such file or directory (os error 2)" }

thread 'prop_key_uniqueness' panicked at tests/property_tests.rs:259:75:
called `Result::unwrap()` on an `Err` value: DatabaseNotFound { path: "No such file or directory (os error 2)" }

thread 'prop_key_uniqueness' panicked at tests/property_tests.rs:259:75:
called `Result::unwrap()` on an `Err` value: DatabaseNotFound { path: "No such file or directory (os error 2)" }

thread 'prop_key_uniqueness' panicked at tests/property_tests.rs:259:75:
called `Result::unwrap()` on an `Err` value: DatabaseNotFound { path: "No such file or directory (os error 2)" }

thread 'prop_key_uniqueness' panicked at tests/property_tests.rs:259:75:
called `Result::unwrap()` on an `Err` value: DatabaseNotFound { path: "No such file or directory (os error 2)" }

thread 'prop_key_uniqueness' panicked at tests/property_tests.rs:259:75:
called `Result::unwrap()` on an `Err` value: DatabaseNotFound { path: "No such file or directory (os error 2)" }

thread 'prop_key_uniqueness' panicked at tests/property_tests.rs:259:75:
called `Result::unwrap()` on an `Err` value: DatabaseNotFound { path: "No such file or directory (os error 2)" }

thread 'prop_key_uniqueness' panicked at tests/property_tests.rs:259:75:
called `Result::unwrap()` on an `Err` value: DatabaseNotFound { path: "No such file or directory (os error 2)" }

thread 'prop_key_uniqueness' panicked at tests/property_tests.rs:259:75:
called `Result::unwrap()` on an `Err` value: DatabaseNotFound { path: "No such file or directory (os error 2)" }

thread 'prop_key_uniqueness' panicked at tests/property_tests.rs:259:75:
called `Result::unwrap()` on an `Err` value: DatabaseNotFound { path: "No such file or directory (os error 2)" }

thread 'prop_key_uniqueness' panicked at tests/property_tests.rs:259:75:
called `Result::unwrap()` on an `Err` value: DatabaseNotFound { path: "No such file or directory (os error 2)" }

thread 'prop_key_uniqueness' panicked at tests/property_tests.rs:259:75:
called `Result::unwrap()` on an `Err` value: DatabaseNotFound { path: "No such file or directory (os error 2)" }

thread 'prop_key_uniqueness' panicked at tests/property_tests.rs:259:75:
called `Result::unwrap()` on an `Err` value: DatabaseNotFound { path: "No such file or directory (os error 2)" }

thread 'prop_key_uniqueness' panicked at tests/property_tests.rs:259:75:
called `Result::unwrap()` on an `Err` value: DatabaseNotFound { path: "No such file or directory (os error 2)" }

thread 'prop_key_uniqueness' panicked at tests/property_tests.rs:259:75:
called `Result::unwrap()` on an `Err` value: DatabaseNotFound { path: "No such file or directory (os error 2)" }

thread 'prop_key_uniqueness' panicked at tests/property_tests.rs:259:75:
called `Result::unwrap()` on an `Err` value: DatabaseNotFound { path: "No such file or directory (os error 2)" }

thread 'prop_key_uniqueness' panicked at tests/property_tests.rs:259:75:
called `Result::unwrap()` on an `Err` value: DatabaseNotFound { path: "No such file or directory (os error 2)" }

thread 'prop_key_uniqueness' panicked at tests/property_tests.rs:259:75:
called `Result::unwrap()` on an `Err` value: DatabaseNotFound { path: "No such file or directory (os error 2)" }

thread 'prop_key_uniqueness' panicked at tests/property_tests.rs:252:1:
Test failed: called `Result::unwrap()` on an `Err` value: DatabaseNotFound { path: "No such file or directory (os error 2)" }.
minimal failing input: key = [
    0,
], values = [
    [
        0,
    ],
    [
        0,
    ],
]
	successes: 0
	local rejects: 0
	global rejects: 0


---- prop_transaction_isolation stdout ----
proptest: FileFailurePersistence::SourceParallel set, but failed to find lib.rs or main.rs

thread 'prop_transaction_isolation' panicked at tests/property_tests.rs:51:75:
called `Result::unwrap()` on an `Err` value: DatabaseNotFound { path: "No such file or directory (os error 2)" }

thread 'prop_transaction_isolation' panicked at tests/property_tests.rs:51:75:
called `Result::unwrap()` on an `Err` value: DatabaseNotFound { path: "No such file or directory (os error 2)" }

thread 'prop_transaction_isolation' panicked at tests/property_tests.rs:51:75:
called `Result::unwrap()` on an `Err` value: DatabaseNotFound { path: "No such file or directory (os error 2)" }

thread 'prop_transaction_isolation' panicked at tests/property_tests.rs:51:75:
called `Result::unwrap()` on an `Err` value: DatabaseNotFound { path: "No such file or directory (os error 2)" }

thread 'prop_transaction_isolation' panicked at tests/property_tests.rs:51:75:
called `Result::unwrap()` on an `Err` value: DatabaseNotFound { path: "No such file or directory (os error 2)" }

thread 'prop_transaction_isolation' panicked at tests/property_tests.rs:51:75:
called `Result::unwrap()` on an `Err` value: DatabaseNotFound { path: "No such file or directory (os error 2)" }

thread 'prop_transaction_isolation' panicked at tests/property_tests.rs:51:75:
called `Result::unwrap()` on an `Err` value: DatabaseNotFound { path: "No such file or directory (os error 2)" }

thread 'prop_transaction_isolation' panicked at tests/property_tests.rs:51:75:
called `Result::unwrap()` on an `Err` value: DatabaseNotFound { path: "No such file or directory (os error 2)" }

thread 'prop_transaction_isolation' panicked at tests/property_tests.rs:51:75:
called `Result::unwrap()` on an `Err` value: DatabaseNotFound { path: "No such file or directory (os error 2)" }

thread 'prop_transaction_isolation' panicked at tests/property_tests.rs:51:75:
called `Result::unwrap()` on an `Err` value: DatabaseNotFound { path: "No such file or directory (os error 2)" }

thread 'prop_transaction_isolation' panicked at tests/property_tests.rs:51:75:
called `Result::unwrap()` on an `Err` value: DatabaseNotFound { path: "No such file or directory (os error 2)" }

thread 'prop_transaction_isolation' panicked at tests/property_tests.rs:51:75:
called `Result::unwrap()` on an `Err` value: DatabaseNotFound { path: "No such file or directory (os error 2)" }

thread 'prop_transaction_isolation' panicked at tests/property_tests.rs:51:75:
called `Result::unwrap()` on an `Err` value: DatabaseNotFound { path: "No such file or directory (os error 2)" }

thread 'prop_transaction_isolation' panicked at tests/property_tests.rs:51:75:
called `Result::unwrap()` on an `Err` value: DatabaseNotFound { path: "No such file or directory (os error 2)" }

thread 'prop_transaction_isolation' panicked at tests/property_tests.rs:51:75:
called `Result::unwrap()` on an `Err` value: DatabaseNotFound { path: "No such file or directory (os error 2)" }

thread 'prop_transaction_isolation' panicked at tests/property_tests.rs:51:75:
called `Result::unwrap()` on an `Err` value: DatabaseNotFound { path: "No such file or directory (os error 2)" }

thread 'prop_transaction_isolation' panicked at tests/property_tests.rs:51:75:
called `Result::unwrap()` on an `Err` value: DatabaseNotFound { path: "No such file or directory (os error 2)" }

thread 'prop_transaction_isolation' panicked at tests/property_tests.rs:51:75:
called `Result::unwrap()` on an `Err` value: DatabaseNotFound { path: "No such file or directory (os error 2)" }

thread 'prop_transaction_isolation' panicked at tests/property_tests.rs:51:75:
called `Result::unwrap()` on an `Err` value: DatabaseNotFound { path: "No such file or directory (os error 2)" }

thread 'prop_transaction_isolation' panicked at tests/property_tests.rs:51:75:
called `Result::unwrap()` on an `Err` value: DatabaseNotFound { path: "No such file or directory (os error 2)" }

thread 'prop_transaction_isolation' panicked at tests/property_tests.rs:51:75:
called `Result::unwrap()` on an `Err` value: DatabaseNotFound { path: "No such file or directory (os error 2)" }

thread 'prop_transaction_isolation' panicked at tests/property_tests.rs:51:75:
called `Result::unwrap()` on an `Err` value: DatabaseNotFound { path: "No such file or directory (os error 2)" }

thread 'prop_transaction_isolation' panicked at tests/property_tests.rs:51:75:
called `Result::unwrap()` on an `Err` value: DatabaseNotFound { path: "No such file or directory (os error 2)" }

thread 'prop_transaction_isolation' panicked at tests/property_tests.rs:51:75:
called `Result::unwrap()` on an `Err` value: DatabaseNotFound { path: "No such file or directory (os error 2)" }

thread 'prop_transaction_isolation' panicked at tests/property_tests.rs:51:75:
called `Result::unwrap()` on an `Err` value: DatabaseNotFound { path: "No such file or directory (os error 2)" }

thread 'prop_transaction_isolation' panicked at tests/property_tests.rs:51:75:
called `Result::unwrap()` on an `Err` value: DatabaseNotFound { path: "No such file or directory (os error 2)" }

thread 'prop_transaction_isolation' panicked at tests/property_tests.rs:51:75:
called `Result::unwrap()` on an `Err` value: DatabaseNotFound { path: "No such file or directory (os error 2)" }

thread 'prop_transaction_isolation' panicked at tests/property_tests.rs:51:75:
called `Result::unwrap()` on an `Err` value: DatabaseNotFound { path: "No such file or directory (os error 2)" }

thread 'prop_transaction_isolation' panicked at tests/property_tests.rs:51:75:
called `Result::unwrap()` on an `Err` value: DatabaseNotFound { path: "No such file or directory (os error 2)" }

thread 'prop_transaction_isolation' panicked at tests/property_tests.rs:51:75:
called `Result::unwrap()` on an `Err` value: DatabaseNotFound { path: "No such file or directory (os error 2)" }

thread 'prop_transaction_isolation' panicked at tests/property_tests.rs:51:75:
called `Result::unwrap()` on an `Err` value: DatabaseNotFound { path: "No such file or directory (os error 2)" }

thread 'prop_transaction_isolation' panicked at tests/property_tests.rs:51:75:
called `Result::unwrap()` on an `Err` value: DatabaseNotFound { path: "No such file or directory (os error 2)" }

thread 'prop_transaction_isolation' panicked at tests/property_tests.rs:51:75:
called `Result::unwrap()` on an `Err` value: DatabaseNotFound { path: "No such file or directory (os error 2)" }

thread 'prop_transaction_isolation' panicked at tests/property_tests.rs:51:75:
called `Result::unwrap()` on an `Err` value: DatabaseNotFound { path: "No such file or directory (os error 2)" }

thread 'prop_transaction_isolation' panicked at tests/property_tests.rs:51:75:
called `Result::unwrap()` on an `Err` value: DatabaseNotFound { path: "No such file or directory (os error 2)" }

thread 'prop_transaction_isolation' panicked at tests/property_tests.rs:51:75:
called `Result::unwrap()` on an `Err` value: DatabaseNotFound { path: "No such file or directory (os error 2)" }

thread 'prop_transaction_isolation' panicked at tests/property_tests.rs:51:75:
called `Result::unwrap()` on an `Err` value: DatabaseNotFound { path: "No such file or directory (os error 2)" }

thread 'prop_transaction_isolation' panicked at tests/property_tests.rs:51:75:
called `Result::unwrap()` on an `Err` value: DatabaseNotFound { path: "No such file or directory (os error 2)" }

thread 'prop_transaction_isolation' panicked at tests/property_tests.rs:51:75:
called `Result::unwrap()` on an `Err` value: DatabaseNotFound { path: "No such file or directory (os error 2)" }

thread 'prop_transaction_isolation' panicked at tests/property_tests.rs:51:75:
called `Result::unwrap()` on an `Err` value: DatabaseNotFound { path: "No such file or directory (os error 2)" }

thread 'prop_transaction_isolation' panicked at tests/property_tests.rs:51:75:
called `Result::unwrap()` on an `Err` value: DatabaseNotFound { path: "No such file or directory (os error 2)" }

thread 'prop_transaction_isolation' panicked at tests/property_tests.rs:51:75:
called `Result::unwrap()` on an `Err` value: DatabaseNotFound { path: "No such file or directory (os error 2)" }

thread 'prop_transaction_isolation' panicked at tests/property_tests.rs:51:75:
called `Result::unwrap()` on an `Err` value: DatabaseNotFound { path: "No such file or directory (os error 2)" }

thread 'prop_transaction_isolation' panicked at tests/property_tests.rs:51:75:
called `Result::unwrap()` on an `Err` value: DatabaseNotFound { path: "No such file or directory (os error 2)" }

thread 'prop_transaction_isolation' panicked at tests/property_tests.rs:51:75:
called `Result::unwrap()` on an `Err` value: DatabaseNotFound { path: "No such file or directory (os error 2)" }

thread 'prop_transaction_isolation' panicked at tests/property_tests.rs:51:75:
called `Result::unwrap()` on an `Err` value: DatabaseNotFound { path: "No such file or directory (os error 2)" }

thread 'prop_transaction_isolation' panicked at tests/property_tests.rs:51:75:
called `Result::unwrap()` on an `Err` value: DatabaseNotFound { path: "No such file or directory (os error 2)" }

thread 'prop_transaction_isolation' panicked at tests/property_tests.rs:51:75:
called `Result::unwrap()` on an `Err` value: DatabaseNotFound { path: "No such file or directory (os error 2)" }

thread 'prop_transaction_isolation' panicked at tests/property_tests.rs:51:75:
called `Result::unwrap()` on an `Err` value: DatabaseNotFound { path: "No such file or directory (os error 2)" }

thread 'prop_transaction_isolation' panicked at tests/property_tests.rs:51:75:
called `Result::unwrap()` on an `Err` value: DatabaseNotFound { path: "No such file or directory (os error 2)" }

thread 'prop_transaction_isolation' panicked at tests/property_tests.rs:51:75:
called `Result::unwrap()` on an `Err` value: DatabaseNotFound { path: "No such file or directory (os error 2)" }

thread 'prop_transaction_isolation' panicked at tests/property_tests.rs:51:75:
called `Result::unwrap()` on an `Err` value: DatabaseNotFound { path: "No such file or directory (os error 2)" }

thread 'prop_transaction_isolation' panicked at tests/property_tests.rs:51:75:
called `Result::unwrap()` on an `Err` value: DatabaseNotFound { path: "No such file or directory (os error 2)" }

thread 'prop_transaction_isolation' panicked at tests/property_tests.rs:51:75:
called `Result::unwrap()` on an `Err` value: DatabaseNotFound { path: "No such file or directory (os error 2)" }

thread 'prop_transaction_isolation' panicked at tests/property_tests.rs:51:75:
called `Result::unwrap()` on an `Err` value: DatabaseNotFound { path: "No such file or directory (os error 2)" }

thread 'prop_transaction_isolation' panicked at tests/property_tests.rs:51:75:
called `Result::unwrap()` on an `Err` value: DatabaseNotFound { path: "No such file or directory (os error 2)" }

thread 'prop_transaction_isolation' panicked at tests/property_tests.rs:51:75:
called `Result::unwrap()` on an `Err` value: DatabaseNotFound { path: "No such file or directory (os error 2)" }

thread 'prop_transaction_isolation' panicked at tests/property_tests.rs:51:75:
called `Result::unwrap()` on an `Err` value: DatabaseNotFound { path: "No such file or directory (os error 2)" }

thread 'prop_transaction_isolation' panicked at tests/property_tests.rs:51:75:
called `Result::unwrap()` on an `Err` value: DatabaseNotFound { path: "No such file or directory (os error 2)" }

thread 'prop_transaction_isolation' panicked at tests/property_tests.rs:51:75:
called `Result::unwrap()` on an `Err` value: DatabaseNotFound { path: "No such file or directory (os error 2)" }

thread 'prop_transaction_isolation' panicked at tests/property_tests.rs:51:75:
called `Result::unwrap()` on an `Err` value: DatabaseNotFound { path: "No such file or directory (os error 2)" }

thread 'prop_transaction_isolation' panicked at tests/property_tests.rs:51:75:
called `Result::unwrap()` on an `Err` value: DatabaseNotFound { path: "No such file or directory (os error 2)" }

thread 'prop_transaction_isolation' panicked at tests/property_tests.rs:51:75:
called `Result::unwrap()` on an `Err` value: DatabaseNotFound { path: "No such file or directory (os error 2)" }

thread 'prop_transaction_isolation' panicked at tests/property_tests.rs:51:75:
called `Result::unwrap()` on an `Err` value: DatabaseNotFound { path: "No such file or directory (os error 2)" }

thread 'prop_transaction_isolation' panicked at tests/property_tests.rs:51:75:
called `Result::unwrap()` on an `Err` value: DatabaseNotFound { path: "No such file or directory (os error 2)" }

thread 'prop_transaction_isolation' panicked at tests/property_tests.rs:51:75:
called `Result::unwrap()` on an `Err` value: DatabaseNotFound { path: "No such file or directory (os error 2)" }

thread 'prop_transaction_isolation' panicked at tests/property_tests.rs:51:75:
called `Result::unwrap()` on an `Err` value: DatabaseNotFound { path: "No such file or directory (os error 2)" }

thread 'prop_transaction_isolation' panicked at tests/property_tests.rs:51:75:
called `Result::unwrap()` on an `Err` value: DatabaseNotFound { path: "No such file or directory (os error 2)" }

thread 'prop_transaction_isolation' panicked at tests/property_tests.rs:51:75:
called `Result::unwrap()` on an `Err` value: DatabaseNotFound { path: "No such file or directory (os error 2)" }

thread 'prop_transaction_isolation' panicked at tests/property_tests.rs:51:75:
called `Result::unwrap()` on an `Err` value: DatabaseNotFound { path: "No such file or directory (os error 2)" }

thread 'prop_transaction_isolation' panicked at tests/property_tests.rs:51:75:
called `Result::unwrap()` on an `Err` value: DatabaseNotFound { path: "No such file or directory (os error 2)" }

thread 'prop_transaction_isolation' panicked at tests/property_tests.rs:51:75:
called `Result::unwrap()` on an `Err` value: DatabaseNotFound { path: "No such file or directory (os error 2)" }

thread 'prop_transaction_isolation' panicked at tests/property_tests.rs:51:75:
called `Result::unwrap()` on an `Err` value: DatabaseNotFound { path: "No such file or directory (os error 2)" }

thread 'prop_transaction_isolation' panicked at tests/property_tests.rs:51:75:
called `Result::unwrap()` on an `Err` value: DatabaseNotFound { path: "No such file or directory (os error 2)" }

thread 'prop_transaction_isolation' panicked at tests/property_tests.rs:51:75:
called `Result::unwrap()` on an `Err` value: DatabaseNotFound { path: "No such file or directory (os error 2)" }

thread 'prop_transaction_isolation' panicked at tests/property_tests.rs:51:75:
called `Result::unwrap()` on an `Err` value: DatabaseNotFound { path: "No such file or directory (os error 2)" }

thread 'prop_transaction_isolation' panicked at tests/property_tests.rs:51:75:
called `Result::unwrap()` on an `Err` value: DatabaseNotFound { path: "No such file or directory (os error 2)" }

thread 'prop_transaction_isolation' panicked at tests/property_tests.rs:51:75:
called `Result::unwrap()` on an `Err` value: DatabaseNotFound { path: "No such file or directory (os error 2)" }

thread 'prop_transaction_isolation' panicked at tests/property_tests.rs:51:75:
called `Result::unwrap()` on an `Err` value: DatabaseNotFound { path: "No such file or directory (os error 2)" }

thread 'prop_transaction_isolation' panicked at tests/property_tests.rs:51:75:
called `Result::unwrap()` on an `Err` value: DatabaseNotFound { path: "No such file or directory (os error 2)" }

thread 'prop_transaction_isolation' panicked at tests/property_tests.rs:51:75:
called `Result::unwrap()` on an `Err` value: DatabaseNotFound { path: "No such file or directory (os error 2)" }

thread 'prop_transaction_isolation' panicked at tests/property_tests.rs:51:75:
called `Result::unwrap()` on an `Err` value: DatabaseNotFound { path: "No such file or directory (os error 2)" }

thread 'prop_transaction_isolation' panicked at tests/property_tests.rs:51:75:
called `Result::unwrap()` on an `Err` value: DatabaseNotFound { path: "No such file or directory (os error 2)" }

thread 'prop_transaction_isolation' panicked at tests/property_tests.rs:51:75:
called `Result::unwrap()` on an `Err` value: DatabaseNotFound { path: "No such file or directory (os error 2)" }

thread 'prop_transaction_isolation' panicked at tests/property_tests.rs:51:75:
called `Result::unwrap()` on an `Err` value: DatabaseNotFound { path: "No such file or directory (os error 2)" }

thread 'prop_transaction_isolation' panicked at tests/property_tests.rs:51:75:
called `Result::unwrap()` on an `Err` value: DatabaseNotFound { path: "No such file or directory (os error 2)" }

thread 'prop_transaction_isolation' panicked at tests/property_tests.rs:51:75:
called `Result::unwrap()` on an `Err` value: DatabaseNotFound { path: "No such file or directory (os error 2)" }

thread 'prop_transaction_isolation' panicked at tests/property_tests.rs:51:75:
called `Result::unwrap()` on an `Err` value: DatabaseNotFound { path: "No such file or directory (os error 2)" }

thread 'prop_transaction_isolation' panicked at tests/property_tests.rs:51:75:
called `Result::unwrap()` on an `Err` value: DatabaseNotFound { path: "No such file or directory (os error 2)" }

thread 'prop_transaction_isolation' panicked at tests/property_tests.rs:51:75:
called `Result::unwrap()` on an `Err` value: DatabaseNotFound { path: "No such file or directory (os error 2)" }

thread 'prop_transaction_isolation' panicked at tests/property_tests.rs:51:75:
called `Result::unwrap()` on an `Err` value: DatabaseNotFound { path: "No such file or directory (os error 2)" }

thread 'prop_transaction_isolation' panicked at tests/property_tests.rs:51:75:
called `Result::unwrap()` on an `Err` value: DatabaseNotFound { path: "No such file or directory (os error 2)" }

thread 'prop_transaction_isolation' panicked at tests/property_tests.rs:51:75:
called `Result::unwrap()` on an `Err` value: DatabaseNotFound { path: "No such file or directory (os error 2)" }

thread 'prop_transaction_isolation' panicked at tests/property_tests.rs:51:75:
called `Result::unwrap()` on an `Err` value: DatabaseNotFound { path: "No such file or directory (os error 2)" }

thread 'prop_transaction_isolation' panicked at tests/property_tests.rs:51:75:
called `Result::unwrap()` on an `Err` value: DatabaseNotFound { path: "No such file or directory (os error 2)" }

thread 'prop_transaction_isolation' panicked at tests/property_tests.rs:51:75:
called `Result::unwrap()` on an `Err` value: DatabaseNotFound { path: "No such file or directory (os error 2)" }

thread 'prop_transaction_isolation' panicked at tests/property_tests.rs:51:75:
called `Result::unwrap()` on an `Err` value: DatabaseNotFound { path: "No such file or directory (os error 2)" }

thread 'prop_transaction_isolation' panicked at tests/property_tests.rs:51:75:
called `Result::unwrap()` on an `Err` value: DatabaseNotFound { path: "No such file or directory (os error 2)" }

thread 'prop_transaction_isolation' panicked at tests/property_tests.rs:51:75:
called `Result::unwrap()` on an `Err` value: DatabaseNotFound { path: "No such file or directory (os error 2)" }

thread 'prop_transaction_isolation' panicked at tests/property_tests.rs:51:75:
called `Result::unwrap()` on an `Err` value: DatabaseNotFound { path: "No such file or directory (os error 2)" }

thread 'prop_transaction_isolation' panicked at tests/property_tests.rs:51:75:
called `Result::unwrap()` on an `Err` value: DatabaseNotFound { path: "No such file or directory (os error 2)" }

thread 'prop_transaction_isolation' panicked at tests/property_tests.rs:51:75:
called `Result::unwrap()` on an `Err` value: DatabaseNotFound { path: "No such file or directory (os error 2)" }

thread 'prop_transaction_isolation' panicked at tests/property_tests.rs:51:75:
called `Result::unwrap()` on an `Err` value: DatabaseNotFound { path: "No such file or directory (os error 2)" }

thread 'prop_transaction_isolation' panicked at tests/property_tests.rs:51:75:
called `Result::unwrap()` on an `Err` value: DatabaseNotFound { path: "No such file or directory (os error 2)" }

thread 'prop_transaction_isolation' panicked at tests/property_tests.rs:51:75:
called `Result::unwrap()` on an `Err` value: DatabaseNotFound { path: "No such file or directory (os error 2)" }

thread 'prop_transaction_isolation' panicked at tests/property_tests.rs:51:75:
called `Result::unwrap()` on an `Err` value: DatabaseNotFound { path: "No such file or directory (os error 2)" }

thread 'prop_transaction_isolation' panicked at tests/property_tests.rs:51:75:
called `Result::unwrap()` on an `Err` value: DatabaseNotFound { path: "No such file or directory (os error 2)" }

thread 'prop_transaction_isolation' panicked at tests/property_tests.rs:51:75:
called `Result::unwrap()` on an `Err` value: DatabaseNotFound { path: "No such file or directory (os error 2)" }

thread 'prop_transaction_isolation' panicked at tests/property_tests.rs:51:75:
called `Result::unwrap()` on an `Err` value: DatabaseNotFound { path: "No such file or directory (os error 2)" }

thread 'prop_transaction_isolation' panicked at tests/property_tests.rs:51:75:
called `Result::unwrap()` on an `Err` value: DatabaseNotFound { path: "No such file or directory (os error 2)" }

thread 'prop_transaction_isolation' panicked at tests/property_tests.rs:51:75:
called `Result::unwrap()` on an `Err` value: DatabaseNotFound { path: "No such file or directory (os error 2)" }

thread 'prop_transaction_isolation' panicked at tests/property_tests.rs:51:75:
called `Result::unwrap()` on an `Err` value: DatabaseNotFound { path: "No such file or directory (os error 2)" }

thread 'prop_transaction_isolation' panicked at tests/property_tests.rs:51:75:
called `Result::unwrap()` on an `Err` value: DatabaseNotFound { path: "No such file or directory (os error 2)" }

thread 'prop_transaction_isolation' panicked at tests/property_tests.rs:51:75:
called `Result::unwrap()` on an `Err` value: DatabaseNotFound { path: "No such file or directory (os error 2)" }

thread 'prop_transaction_isolation' panicked at tests/property_tests.rs:51:75:
called `Result::unwrap()` on an `Err` value: DatabaseNotFound { path: "No such file or directory (os error 2)" }

thread 'prop_transaction_isolation' panicked at tests/property_tests.rs:51:75:
called `Result::unwrap()` on an `Err` value: DatabaseNotFound { path: "No such file or directory (os error 2)" }

thread 'prop_transaction_isolation' panicked at tests/property_tests.rs:51:75:
called `Result::unwrap()` on an `Err` value: DatabaseNotFound { path: "No such file or directory (os error 2)" }

thread 'prop_transaction_isolation' panicked at tests/property_tests.rs:51:75:
called `Result::unwrap()` on an `Err` value: DatabaseNotFound { path: "No such file or directory (os error 2)" }

thread 'prop_transaction_isolation' panicked at tests/property_tests.rs:51:75:
called `Result::unwrap()` on an `Err` value: DatabaseNotFound { path: "No such file or directory (os error 2)" }

thread 'prop_transaction_isolation' panicked at tests/property_tests.rs:51:75:
called `Result::unwrap()` on an `Err` value: DatabaseNotFound { path: "No such file or directory (os error 2)" }

thread 'prop_transaction_isolation' panicked at tests/property_tests.rs:51:75:
called `Result::unwrap()` on an `Err` value: DatabaseNotFound { path: "No such file or directory (os error 2)" }

thread 'prop_transaction_isolation' panicked at tests/property_tests.rs:51:75:
called `Result::unwrap()` on an `Err` value: DatabaseNotFound { path: "No such file or directory (os error 2)" }

thread 'prop_transaction_isolation' panicked at tests/property_tests.rs:51:75:
called `Result::unwrap()` on an `Err` value: DatabaseNotFound { path: "No such file or directory (os error 2)" }

thread 'prop_transaction_isolation' panicked at tests/property_tests.rs:51:75:
called `Result::unwrap()` on an `Err` value: DatabaseNotFound { path: "No such file or directory (os error 2)" }

thread 'prop_transaction_isolation' panicked at tests/property_tests.rs:51:75:
called `Result::unwrap()` on an `Err` value: DatabaseNotFound { path: "No such file or directory (os error 2)" }

thread 'prop_transaction_isolation' panicked at tests/property_tests.rs:51:75:
called `Result::unwrap()` on an `Err` value: DatabaseNotFound { path: "No such file or directory (os error 2)" }

thread 'prop_transaction_isolation' panicked at tests/property_tests.rs:51:75:
called `Result::unwrap()` on an `Err` value: DatabaseNotFound { path: "No such file or directory (os error 2)" }

thread 'prop_transaction_isolation' panicked at tests/property_tests.rs:51:75:
called `Result::unwrap()` on an `Err` value: DatabaseNotFound { path: "No such file or directory (os error 2)" }

thread 'prop_transaction_isolation' panicked at tests/property_tests.rs:51:75:
called `Result::unwrap()` on an `Err` value: DatabaseNotFound { path: "No such file or directory (os error 2)" }

thread 'prop_transaction_isolation' panicked at tests/property_tests.rs:51:75:
called `Result::unwrap()` on an `Err` value: DatabaseNotFound { path: "No such file or directory (os error 2)" }

thread 'prop_transaction_isolation' panicked at tests/property_tests.rs:51:75:
called `Result::unwrap()` on an `Err` value: DatabaseNotFound { path: "No such file or directory (os error 2)" }

thread 'prop_transaction_isolation' panicked at tests/property_tests.rs:51:75:
called `Result::unwrap()` on an `Err` value: DatabaseNotFound { path: "No such file or directory (os error 2)" }

thread 'prop_transaction_isolation' panicked at tests/property_tests.rs:51:75:
called `Result::unwrap()` on an `Err` value: DatabaseNotFound { path: "No such file or directory (os error 2)" }

thread 'prop_transaction_isolation' panicked at tests/property_tests.rs:51:75:
called `Result::unwrap()` on an `Err` value: DatabaseNotFound { path: "No such file or directory (os error 2)" }

thread 'prop_transaction_isolation' panicked at tests/property_tests.rs:51:75:
called `Result::unwrap()` on an `Err` value: DatabaseNotFound { path: "No such file or directory (os error 2)" }

thread 'prop_transaction_isolation' panicked at tests/property_tests.rs:51:75:
called `Result::unwrap()` on an `Err` value: DatabaseNotFound { path: "No such file or directory (os error 2)" }

thread 'prop_transaction_isolation' panicked at tests/property_tests.rs:51:75:
called `Result::unwrap()` on an `Err` value: DatabaseNotFound { path: "No such file or directory (os error 2)" }

thread 'prop_transaction_isolation' panicked at tests/property_tests.rs:51:75:
called `Result::unwrap()` on an `Err` value: DatabaseNotFound { path: "No such file or directory (os error 2)" }

thread 'prop_transaction_isolation' panicked at tests/property_tests.rs:51:75:
called `Result::unwrap()` on an `Err` value: DatabaseNotFound { path: "No such file or directory (os error 2)" }

thread 'prop_transaction_isolation' panicked at tests/property_tests.rs:51:75:
called `Result::unwrap()` on an `Err` value: DatabaseNotFound { path: "No such file or directory (os error 2)" }

thread 'prop_transaction_isolation' panicked at tests/property_tests.rs:51:75:
called `Result::unwrap()` on an `Err` value: DatabaseNotFound { path: "No such file or directory (os error 2)" }

thread 'prop_transaction_isolation' panicked at tests/property_tests.rs:51:75:
called `Result::unwrap()` on an `Err` value: DatabaseNotFound { path: "No such file or directory (os error 2)" }

thread 'prop_transaction_isolation' panicked at tests/property_tests.rs:51:75:
called `Result::unwrap()` on an `Err` value: DatabaseNotFound { path: "No such file or directory (os error 2)" }

thread 'prop_transaction_isolation' panicked at tests/property_tests.rs:51:75:
called `Result::unwrap()` on an `Err` value: DatabaseNotFound { path: "No such file or directory (os error 2)" }

thread 'prop_transaction_isolation' panicked at tests/property_tests.rs:51:75:
called `Result::unwrap()` on an `Err` value: DatabaseNotFound { path: "No such file or directory (os error 2)" }

thread 'prop_transaction_isolation' panicked at tests/property_tests.rs:51:75:
called `Result::unwrap()` on an `Err` value: DatabaseNotFound { path: "No such file or directory (os error 2)" }

thread 'prop_transaction_isolation' panicked at tests/property_tests.rs:51:75:
called `Result::unwrap()` on an `Err` value: DatabaseNotFound { path: "No such file or directory (os error 2)" }

thread 'prop_transaction_isolation' panicked at tests/property_tests.rs:51:75:
called `Result::unwrap()` on an `Err` value: DatabaseNotFound { path: "No such file or directory (os error 2)" }

thread 'prop_transaction_isolation' panicked at tests/property_tests.rs:51:75:
called `Result::unwrap()` on an `Err` value: DatabaseNotFound { path: "No such file or directory (os error 2)" }

thread 'prop_transaction_isolation' panicked at tests/property_tests.rs:51:75:
called `Result::unwrap()` on an `Err` value: DatabaseNotFound { path: "No such file or directory (os error 2)" }

thread 'prop_transaction_isolation' panicked at tests/property_tests.rs:51:75:
called `Result::unwrap()` on an `Err` value: DatabaseNotFound { path: "No such file or directory (os error 2)" }

thread 'prop_transaction_isolation' panicked at tests/property_tests.rs:51:75:
called `Result::unwrap()` on an `Err` value: DatabaseNotFound { path: "No such file or directory (os error 2)" }

thread 'prop_transaction_isolation' panicked at tests/property_tests.rs:51:75:
called `Result::unwrap()` on an `Err` value: DatabaseNotFound { path: "No such file or directory (os error 2)" }

thread 'prop_transaction_isolation' panicked at tests/property_tests.rs:51:75:
called `Result::unwrap()` on an `Err` value: DatabaseNotFound { path: "No such file or directory (os error 2)" }

thread 'prop_transaction_isolation' panicked at tests/property_tests.rs:51:75:
called `Result::unwrap()` on an `Err` value: DatabaseNotFound { path: "No such file or directory (os error 2)" }

thread 'prop_transaction_isolation' panicked at tests/property_tests.rs:51:75:
called `Result::unwrap()` on an `Err` value: DatabaseNotFound { path: "No such file or directory (os error 2)" }

thread 'prop_transaction_isolation' panicked at tests/property_tests.rs:51:75:
called `Result::unwrap()` on an `Err` value: DatabaseNotFound { path: "No such file or directory (os error 2)" }

thread 'prop_transaction_isolation' panicked at tests/property_tests.rs:51:75:
called `Result::unwrap()` on an `Err` value: DatabaseNotFound { path: "No such file or directory (os error 2)" }

thread 'prop_transaction_isolation' panicked at tests/property_tests.rs:51:75:
called `Result::unwrap()` on an `Err` value: DatabaseNotFound { path: "No such file or directory (os error 2)" }

thread 'prop_transaction_isolation' panicked at tests/property_tests.rs:51:75:
called `Result::unwrap()` on an `Err` value: DatabaseNotFound { path: "No such file or directory (os error 2)" }

thread 'prop_transaction_isolation' panicked at tests/property_tests.rs:51:75:
called `Result::unwrap()` on an `Err` value: DatabaseNotFound { path: "No such file or directory (os error 2)" }

thread 'prop_transaction_isolation' panicked at tests/property_tests.rs:51:75:
called `Result::unwrap()` on an `Err` value: DatabaseNotFound { path: "No such file or directory (os error 2)" }

thread 'prop_transaction_isolation' panicked at tests/property_tests.rs:51:75:
called `Result::unwrap()` on an `Err` value: DatabaseNotFound { path: "No such file or directory (os error 2)" }

thread 'prop_transaction_isolation' panicked at tests/property_tests.rs:51:75:
called `Result::unwrap()` on an `Err` value: DatabaseNotFound { path: "No such file or directory (os error 2)" }

thread 'prop_transaction_isolation' panicked at tests/property_tests.rs:51:75:
called `Result::unwrap()` on an `Err` value: DatabaseNotFound { path: "No such file or directory (os error 2)" }

thread 'prop_transaction_isolation' panicked at tests/property_tests.rs:51:75:
called `Result::unwrap()` on an `Err` value: DatabaseNotFound { path: "No such file or directory (os error 2)" }

thread 'prop_transaction_isolation' panicked at tests/property_tests.rs:51:75:
called `Result::unwrap()` on an `Err` value: DatabaseNotFound { path: "No such file or directory (os error 2)" }

thread 'prop_transaction_isolation' panicked at tests/property_tests.rs:51:75:
called `Result::unwrap()` on an `Err` value: DatabaseNotFound { path: "No such file or directory (os error 2)" }

thread 'prop_transaction_isolation' panicked at tests/property_tests.rs:51:75:
called `Result::unwrap()` on an `Err` value: DatabaseNotFound { path: "No such file or directory (os error 2)" }

thread 'prop_transaction_isolation' panicked at tests/property_tests.rs:51:75:
called `Result::unwrap()` on an `Err` value: DatabaseNotFound { path: "No such file or directory (os error 2)" }

thread 'prop_transaction_isolation' panicked at tests/property_tests.rs:51:75:
called `Result::unwrap()` on an `Err` value: DatabaseNotFound { path: "No such file or directory (os error 2)" }

thread 'prop_transaction_isolation' panicked at tests/property_tests.rs:51:75:
called `Result::unwrap()` on an `Err` value: DatabaseNotFound { path: "No such file or directory (os error 2)" }

thread 'prop_transaction_isolation' panicked at tests/property_tests.rs:51:75:
called `Result::unwrap()` on an `Err` value: DatabaseNotFound { path: "No such file or directory (os error 2)" }

thread 'prop_transaction_isolation' panicked at tests/property_tests.rs:51:75:
called `Result::unwrap()` on an `Err` value: DatabaseNotFound { path: "No such file or directory (os error 2)" }

thread 'prop_transaction_isolation' panicked at tests/property_tests.rs:51:75:
called `Result::unwrap()` on an `Err` value: DatabaseNotFound { path: "No such file or directory (os error 2)" }

thread 'prop_transaction_isolation' panicked at tests/property_tests.rs:51:75:
called `Result::unwrap()` on an `Err` value: DatabaseNotFound { path: "No such file or directory (os error 2)" }

thread 'prop_transaction_isolation' panicked at tests/property_tests.rs:51:75:
called `Result::unwrap()` on an `Err` value: DatabaseNotFound { path: "No such file or directory (os error 2)" }

thread 'prop_transaction_isolation' panicked at tests/property_tests.rs:51:75:
called `Result::unwrap()` on an `Err` value: DatabaseNotFound { path: "No such file or directory (os error 2)" }

thread 'prop_transaction_isolation' panicked at tests/property_tests.rs:51:75:
called `Result::unwrap()` on an `Err` value: DatabaseNotFound { path: "No such file or directory (os error 2)" }

thread 'prop_transaction_isolation' panicked at tests/property_tests.rs:51:75:
called `Result::unwrap()` on an `Err` value: DatabaseNotFound { path: "No such file or directory (os error 2)" }

thread 'prop_transaction_isolation' panicked at tests/property_tests.rs:51:75:
called `Result::unwrap()` on an `Err` value: DatabaseNotFound { path: "No such file or directory (os error 2)" }

thread 'prop_transaction_isolation' panicked at tests/property_tests.rs:51:75:
called `Result::unwrap()` on an `Err` value: DatabaseNotFound { path: "No such file or directory (os error 2)" }

thread 'prop_transaction_isolation' panicked at tests/property_tests.rs:51:75:
called `Result::unwrap()` on an `Err` value: DatabaseNotFound { path: "No such file or directory (os error 2)" }

thread 'prop_transaction_isolation' panicked at tests/property_tests.rs:51:75:
called `Result::unwrap()` on an `Err` value: DatabaseNotFound { path: "No such file or directory (os error 2)" }

thread 'prop_transaction_isolation' panicked at tests/property_tests.rs:51:75:
called `Result::unwrap()` on an `Err` value: DatabaseNotFound { path: "No such file or directory (os error 2)" }

thread 'prop_transaction_isolation' panicked at tests/property_tests.rs:51:75:
called `Result::unwrap()` on an `Err` value: DatabaseNotFound { path: "No such file or directory (os error 2)" }

thread 'prop_transaction_isolation' panicked at tests/property_tests.rs:51:75:
called `Result::unwrap()` on an `Err` value: DatabaseNotFound { path: "No such file or directory (os error 2)" }

thread 'prop_transaction_isolation' panicked at tests/property_tests.rs:51:75:
called `Result::unwrap()` on an `Err` value: DatabaseNotFound { path: "No such file or directory (os error 2)" }

thread 'prop_transaction_isolation' panicked at tests/property_tests.rs:51:75:
called `Result::unwrap()` on an `Err` value: DatabaseNotFound { path: "No such file or directory (os error 2)" }

thread 'prop_transaction_isolation' panicked at tests/property_tests.rs:51:75:
called `Result::unwrap()` on an `Err` value: DatabaseNotFound { path: "No such file or directory (os error 2)" }

thread 'prop_transaction_isolation' panicked at tests/property_tests.rs:51:75:
called `Result::unwrap()` on an `Err` value: DatabaseNotFound { path: "No such file or directory (os error 2)" }

thread 'prop_transaction_isolation' panicked at tests/property_tests.rs:51:75:
called `Result::unwrap()` on an `Err` value: DatabaseNotFound { path: "No such file or directory (os error 2)" }

thread 'prop_transaction_isolation' panicked at tests/property_tests.rs:51:75:
called `Result::unwrap()` on an `Err` value: DatabaseNotFound { path: "No such file or directory (os error 2)" }

thread 'prop_transaction_isolation' panicked at tests/property_tests.rs:51:75:
called `Result::unwrap()` on an `Err` value: DatabaseNotFound { path: "No such file or directory (os error 2)" }

thread 'prop_transaction_isolation' panicked at tests/property_tests.rs:51:75:
called `Result::unwrap()` on an `Err` value: DatabaseNotFound { path: "No such file or directory (os error 2)" }

thread 'prop_transaction_isolation' panicked at tests/property_tests.rs:51:75:
called `Result::unwrap()` on an `Err` value: DatabaseNotFound { path: "No such file or directory (os error 2)" }

thread 'prop_transaction_isolation' panicked at tests/property_tests.rs:51:75:
called `Result::unwrap()` on an `Err` value: DatabaseNotFound { path: "No such file or directory (os error 2)" }

thread 'prop_transaction_isolation' panicked at tests/property_tests.rs:51:75:
called `Result::unwrap()` on an `Err` value: DatabaseNotFound { path: "No such file or directory (os error 2)" }

thread 'prop_transaction_isolation' panicked at tests/property_tests.rs:51:75:
called `Result::unwrap()` on an `Err` value: DatabaseNotFound { path: "No such file or directory (os error 2)" }

thread 'prop_transaction_isolation' panicked at tests/property_tests.rs:51:75:
called `Result::unwrap()` on an `Err` value: DatabaseNotFound { path: "No such file or directory (os error 2)" }

thread 'prop_transaction_isolation' panicked at tests/property_tests.rs:51:75:
called `Result::unwrap()` on an `Err` value: DatabaseNotFound { path: "No such file or directory (os error 2)" }

thread 'prop_transaction_isolation' panicked at tests/property_tests.rs:51:75:
called `Result::unwrap()` on an `Err` value: DatabaseNotFound { path: "No such file or directory (os error 2)" }

thread 'prop_transaction_isolation' panicked at tests/property_tests.rs:51:75:
called `Result::unwrap()` on an `Err` value: DatabaseNotFound { path: "No such file or directory (os error 2)" }

thread 'prop_transaction_isolation' panicked at tests/property_tests.rs:51:75:
called `Result::unwrap()` on an `Err` value: DatabaseNotFound { path: "No such file or directory (os error 2)" }

thread 'prop_transaction_isolation' panicked at tests/property_tests.rs:51:75:
called `Result::unwrap()` on an `Err` value: DatabaseNotFound { path: "No such file or directory (os error 2)" }

thread 'prop_transaction_isolation' panicked at tests/property_tests.rs:51:75:
called `Result::unwrap()` on an `Err` value: DatabaseNotFound { path: "No such file or directory (os error 2)" }

thread 'prop_transaction_isolation' panicked at tests/property_tests.rs:51:75:
called `Result::unwrap()` on an `Err` value: DatabaseNotFound { path: "No such file or directory (os error 2)" }

thread 'prop_transaction_isolation' panicked at tests/property_tests.rs:51:75:
called `Result::unwrap()` on an `Err` value: DatabaseNotFound { path: "No such file or directory (os error 2)" }

thread 'prop_transaction_isolation' panicked at tests/property_tests.rs:51:75:
called `Result::unwrap()` on an `Err` value: DatabaseNotFound { path: "No such file or directory (os error 2)" }

thread 'prop_transaction_isolation' panicked at tests/property_tests.rs:51:75:
called `Result::unwrap()` on an `Err` value: DatabaseNotFound { path: "No such file or directory (os error 2)" }

thread 'prop_transaction_isolation' panicked at tests/property_tests.rs:51:75:
called `Result::unwrap()` on an `Err` value: DatabaseNotFound { path: "No such file or directory (os error 2)" }

thread 'prop_transaction_isolation' panicked at tests/property_tests.rs:51:75:
called `Result::unwrap()` on an `Err` value: DatabaseNotFound { path: "No such file or directory (os error 2)" }

thread 'prop_transaction_isolation' panicked at tests/property_tests.rs:51:75:
called `Result::unwrap()` on an `Err` value: DatabaseNotFound { path: "No such file or directory (os error 2)" }

thread 'prop_transaction_isolation' panicked at tests/property_tests.rs:51:75:
called `Result::unwrap()` on an `Err` value: DatabaseNotFound { path: "No such file or directory (os error 2)" }

thread 'prop_transaction_isolation' panicked at tests/property_tests.rs:51:75:
called `Result::unwrap()` on an `Err` value: DatabaseNotFound { path: "No such file or directory (os error 2)" }

thread 'prop_transaction_isolation' panicked at tests/property_tests.rs:51:75:
called `Result::unwrap()` on an `Err` value: DatabaseNotFound { path: "No such file or directory (os error 2)" }

thread 'prop_transaction_isolation' panicked at tests/property_tests.rs:44:1:
Test failed: called `Result::unwrap()` on an `Err` value: DatabaseNotFound { path: "No such file or directory (os error 2)" }.
minimal failing input: keys = [
    [
        0,
    ],
], values = [
    [
        0,
    ],
]
	successes: 0
	local rejects: 0
	global rejects: 0


---- prop_range_query_ordering stdout ----
proptest: FileFailurePersistence::SourceParallel set, but failed to find lib.rs or main.rs

thread 'prop_range_query_ordering' panicked at tests/property_tests.rs:96:75:
called `Result::unwrap()` on an `Err` value: DatabaseNotFound { path: "No such file or directory (os error 2)" }

thread 'prop_range_query_ordering' panicked at tests/property_tests.rs:96:75:
called `Result::unwrap()` on an `Err` value: DatabaseNotFound { path: "No such file or directory (os error 2)" }

thread 'prop_range_query_ordering' panicked at tests/property_tests.rs:96:75:
called `Result::unwrap()` on an `Err` value: DatabaseNotFound { path: "No such file or directory (os error 2)" }

thread 'prop_range_query_ordering' panicked at tests/property_tests.rs:96:75:
called `Result::unwrap()` on an `Err` value: DatabaseNotFound { path: "No such file or directory (os error 2)" }

thread 'prop_range_query_ordering' panicked at tests/property_tests.rs:96:75:
called `Result::unwrap()` on an `Err` value: DatabaseNotFound { path: "No such file or directory (os error 2)" }

thread 'prop_range_query_ordering' panicked at tests/property_tests.rs:96:75:
called `Result::unwrap()` on an `Err` value: DatabaseNotFound { path: "No such file or directory (os error 2)" }

thread 'prop_range_query_ordering' panicked at tests/property_tests.rs:96:75:
called `Result::unwrap()` on an `Err` value: DatabaseNotFound { path: "No such file or directory (os error 2)" }

thread 'prop_range_query_ordering' panicked at tests/property_tests.rs:96:75:
called `Result::unwrap()` on an `Err` value: DatabaseNotFound { path: "No such file or directory (os error 2)" }

thread 'prop_range_query_ordering' panicked at tests/property_tests.rs:96:75:
called `Result::unwrap()` on an `Err` value: DatabaseNotFound { path: "No such file or directory (os error 2)" }

thread 'prop_range_query_ordering' panicked at tests/property_tests.rs:96:75:
called `Result::unwrap()` on an `Err` value: DatabaseNotFound { path: "No such file or directory (os error 2)" }

thread 'prop_range_query_ordering' panicked at tests/property_tests.rs:96:75:
called `Result::unwrap()` on an `Err` value: DatabaseNotFound { path: "No such file or directory (os error 2)" }

thread 'prop_range_query_ordering' panicked at tests/property_tests.rs:96:75:
called `Result::unwrap()` on an `Err` value: DatabaseNotFound { path: "No such file or directory (os error 2)" }

thread 'prop_range_query_ordering' panicked at tests/property_tests.rs:96:75:
called `Result::unwrap()` on an `Err` value: DatabaseNotFound { path: "No such file or directory (os error 2)" }

thread 'prop_range_query_ordering' panicked at tests/property_tests.rs:96:75:
called `Result::unwrap()` on an `Err` value: DatabaseNotFound { path: "No such file or directory (os error 2)" }

thread 'prop_range_query_ordering' panicked at tests/property_tests.rs:96:75:
called `Result::unwrap()` on an `Err` value: DatabaseNotFound { path: "No such file or directory (os error 2)" }

thread 'prop_range_query_ordering' panicked at tests/property_tests.rs:96:75:
called `Result::unwrap()` on an `Err` value: DatabaseNotFound { path: "No such file or directory (os error 2)" }

thread 'prop_range_query_ordering' panicked at tests/property_tests.rs:96:75:
called `Result::unwrap()` on an `Err` value: DatabaseNotFound { path: "No such file or directory (os error 2)" }

thread 'prop_range_query_ordering' panicked at tests/property_tests.rs:96:75:
called `Result::unwrap()` on an `Err` value: DatabaseNotFound { path: "No such file or directory (os error 2)" }

thread 'prop_range_query_ordering' panicked at tests/property_tests.rs:96:75:
called `Result::unwrap()` on an `Err` value: DatabaseNotFound { path: "No such file or directory (os error 2)" }

thread 'prop_range_query_ordering' panicked at tests/property_tests.rs:96:75:
called `Result::unwrap()` on an `Err` value: DatabaseNotFound { path: "No such file or directory (os error 2)" }

thread 'prop_range_query_ordering' panicked at tests/property_tests.rs:96:75:
called `Result::unwrap()` on an `Err` value: DatabaseNotFound { path: "No such file or directory (os error 2)" }

thread 'prop_range_query_ordering' panicked at tests/property_tests.rs:96:75:
called `Result::unwrap()` on an `Err` value: DatabaseNotFound { path: "No such file or directory (os error 2)" }

thread 'prop_range_query_ordering' panicked at tests/property_tests.rs:96:75:
called `Result::unwrap()` on an `Err` value: DatabaseNotFound { path: "No such file or directory (os error 2)" }

thread 'prop_range_query_ordering' panicked at tests/property_tests.rs:96:75:
called `Result::unwrap()` on an `Err` value: DatabaseNotFound { path: "No such file or directory (os error 2)" }

thread 'prop_range_query_ordering' panicked at tests/property_tests.rs:96:75:
called `Result::unwrap()` on an `Err` value: DatabaseNotFound { path: "No such file or directory (os error 2)" }

thread 'prop_range_query_ordering' panicked at tests/property_tests.rs:96:75:
called `Result::unwrap()` on an `Err` value: DatabaseNotFound { path: "No such file or directory (os error 2)" }

thread 'prop_range_query_ordering' panicked at tests/property_tests.rs:96:75:
called `Result::unwrap()` on an `Err` value: DatabaseNotFound { path: "No such file or directory (os error 2)" }

thread 'prop_range_query_ordering' panicked at tests/property_tests.rs:96:75:
called `Result::unwrap()` on an `Err` value: DatabaseNotFound { path: "No such file or directory (os error 2)" }

thread 'prop_range_query_ordering' panicked at tests/property_tests.rs:96:75:
called `Result::unwrap()` on an `Err` value: DatabaseNotFound { path: "No such file or directory (os error 2)" }

thread 'prop_range_query_ordering' panicked at tests/property_tests.rs:96:75:
called `Result::unwrap()` on an `Err` value: DatabaseNotFound { path: "No such file or directory (os error 2)" }

thread 'prop_range_query_ordering' panicked at tests/property_tests.rs:96:75:
called `Result::unwrap()` on an `Err` value: DatabaseNotFound { path: "No such file or directory (os error 2)" }

thread 'prop_range_query_ordering' panicked at tests/property_tests.rs:96:75:
called `Result::unwrap()` on an `Err` value: DatabaseNotFound { path: "No such file or directory (os error 2)" }

thread 'prop_range_query_ordering' panicked at tests/property_tests.rs:96:75:
called `Result::unwrap()` on an `Err` value: DatabaseNotFound { path: "No such file or directory (os error 2)" }

thread 'prop_range_query_ordering' panicked at tests/property_tests.rs:96:75:
called `Result::unwrap()` on an `Err` value: DatabaseNotFound { path: "No such file or directory (os error 2)" }

thread 'prop_range_query_ordering' panicked at tests/property_tests.rs:96:75:
called `Result::unwrap()` on an `Err` value: DatabaseNotFound { path: "No such file or directory (os error 2)" }

thread 'prop_range_query_ordering' panicked at tests/property_tests.rs:96:75:
called `Result::unwrap()` on an `Err` value: DatabaseNotFound { path: "No such file or directory (os error 2)" }

thread 'prop_range_query_ordering' panicked at tests/property_tests.rs:96:75:
called `Result::unwrap()` on an `Err` value: DatabaseNotFound { path: "No such file or directory (os error 2)" }

thread 'prop_range_query_ordering' panicked at tests/property_tests.rs:96:75:
called `Result::unwrap()` on an `Err` value: DatabaseNotFound { path: "No such file or directory (os error 2)" }

thread 'prop_range_query_ordering' panicked at tests/property_tests.rs:96:75:
called `Result::unwrap()` on an `Err` value: DatabaseNotFound { path: "No such file or directory (os error 2)" }

thread 'prop_range_query_ordering' panicked at tests/property_tests.rs:96:75:
called `Result::unwrap()` on an `Err` value: DatabaseNotFound { path: "No such file or directory (os error 2)" }

thread 'prop_range_query_ordering' panicked at tests/property_tests.rs:96:75:
called `Result::unwrap()` on an `Err` value: DatabaseNotFound { path: "No such file or directory (os error 2)" }

thread 'prop_range_query_ordering' panicked at tests/property_tests.rs:96:75:
called `Result::unwrap()` on an `Err` value: DatabaseNotFound { path: "No such file or directory (os error 2)" }

thread 'prop_range_query_ordering' panicked at tests/property_tests.rs:96:75:
called `Result::unwrap()` on an `Err` value: DatabaseNotFound { path: "No such file or directory (os error 2)" }

thread 'prop_range_query_ordering' panicked at tests/property_tests.rs:96:75:
called `Result::unwrap()` on an `Err` value: DatabaseNotFound { path: "No such file or directory (os error 2)" }

thread 'prop_range_query_ordering' panicked at tests/property_tests.rs:96:75:
called `Result::unwrap()` on an `Err` value: DatabaseNotFound { path: "No such file or directory (os error 2)" }

thread 'prop_range_query_ordering' panicked at tests/property_tests.rs:96:75:
called `Result::unwrap()` on an `Err` value: DatabaseNotFound { path: "No such file or directory (os error 2)" }

thread 'prop_range_query_ordering' panicked at tests/property_tests.rs:96:75:
called `Result::unwrap()` on an `Err` value: DatabaseNotFound { path: "No such file or directory (os error 2)" }

thread 'prop_range_query_ordering' panicked at tests/property_tests.rs:96:75:
called `Result::unwrap()` on an `Err` value: DatabaseNotFound { path: "No such file or directory (os error 2)" }

thread 'prop_range_query_ordering' panicked at tests/property_tests.rs:96:75:
called `Result::unwrap()` on an `Err` value: DatabaseNotFound { path: "No such file or directory (os error 2)" }

thread 'prop_range_query_ordering' panicked at tests/property_tests.rs:96:75:
called `Result::unwrap()` on an `Err` value: DatabaseNotFound { path: "No such file or directory (os error 2)" }

thread 'prop_range_query_ordering' panicked at tests/property_tests.rs:96:75:
called `Result::unwrap()` on an `Err` value: DatabaseNotFound { path: "No such file or directory (os error 2)" }

thread 'prop_range_query_ordering' panicked at tests/property_tests.rs:96:75:
called `Result::unwrap()` on an `Err` value: DatabaseNotFound { path: "No such file or directory (os error 2)" }

thread 'prop_range_query_ordering' panicked at tests/property_tests.rs:96:75:
called `Result::unwrap()` on an `Err` value: DatabaseNotFound { path: "No such file or directory (os error 2)" }

thread 'prop_range_query_ordering' panicked at tests/property_tests.rs:96:75:
called `Result::unwrap()` on an `Err` value: DatabaseNotFound { path: "No such file or directory (os error 2)" }

thread 'prop_range_query_ordering' panicked at tests/property_tests.rs:96:75:
called `Result::unwrap()` on an `Err` value: DatabaseNotFound { path: "No such file or directory (os error 2)" }

thread 'prop_range_query_ordering' panicked at tests/property_tests.rs:96:75:
called `Result::unwrap()` on an `Err` value: DatabaseNotFound { path: "No such file or directory (os error 2)" }

thread 'prop_range_query_ordering' panicked at tests/property_tests.rs:96:75:
called `Result::unwrap()` on an `Err` value: DatabaseNotFound { path: "No such file or directory (os error 2)" }

thread 'prop_range_query_ordering' panicked at tests/property_tests.rs:96:75:
called `Result::unwrap()` on an `Err` value: DatabaseNotFound { path: "No such file or directory (os error 2)" }

thread 'prop_range_query_ordering' panicked at tests/property_tests.rs:96:75:
called `Result::unwrap()` on an `Err` value: DatabaseNotFound { path: "No such file or directory (os error 2)" }

thread 'prop_range_query_ordering' panicked at tests/property_tests.rs:96:75:
called `Result::unwrap()` on an `Err` value: DatabaseNotFound { path: "No such file or directory (os error 2)" }

thread 'prop_range_query_ordering' panicked at tests/property_tests.rs:96:75:
called `Result::unwrap()` on an `Err` value: DatabaseNotFound { path: "No such file or directory (os error 2)" }

thread 'prop_range_query_ordering' panicked at tests/property_tests.rs:96:75:
called `Result::unwrap()` on an `Err` value: DatabaseNotFound { path: "No such file or directory (os error 2)" }

thread 'prop_range_query_ordering' panicked at tests/property_tests.rs:96:75:
called `Result::unwrap()` on an `Err` value: DatabaseNotFound { path: "No such file or directory (os error 2)" }

thread 'prop_range_query_ordering' panicked at tests/property_tests.rs:96:75:
called `Result::unwrap()` on an `Err` value: DatabaseNotFound { path: "No such file or directory (os error 2)" }

thread 'prop_range_query_ordering' panicked at tests/property_tests.rs:96:75:
called `Result::unwrap()` on an `Err` value: DatabaseNotFound { path: "No such file or directory (os error 2)" }

thread 'prop_range_query_ordering' panicked at tests/property_tests.rs:96:75:
called `Result::unwrap()` on an `Err` value: DatabaseNotFound { path: "No such file or directory (os error 2)" }

thread 'prop_range_query_ordering' panicked at tests/property_tests.rs:96:75:
called `Result::unwrap()` on an `Err` value: DatabaseNotFound { path: "No such file or directory (os error 2)" }

thread 'prop_range_query_ordering' panicked at tests/property_tests.rs:96:75:
called `Result::unwrap()` on an `Err` value: DatabaseNotFound { path: "No such file or directory (os error 2)" }

thread 'prop_range_query_ordering' panicked at tests/property_tests.rs:96:75:
called `Result::unwrap()` on an `Err` value: DatabaseNotFound { path: "No such file or directory (os error 2)" }

thread 'prop_range_query_ordering' panicked at tests/property_tests.rs:96:75:
called `Result::unwrap()` on an `Err` value: DatabaseNotFound { path: "No such file or directory (os error 2)" }

thread 'prop_range_query_ordering' panicked at tests/property_tests.rs:96:75:
called `Result::unwrap()` on an `Err` value: DatabaseNotFound { path: "No such file or directory (os error 2)" }

thread 'prop_range_query_ordering' panicked at tests/property_tests.rs:96:75:
called `Result::unwrap()` on an `Err` value: DatabaseNotFound { path: "No such file or directory (os error 2)" }

thread 'prop_range_query_ordering' panicked at tests/property_tests.rs:96:75:
called `Result::unwrap()` on an `Err` value: DatabaseNotFound { path: "No such file or directory (os error 2)" }

thread 'prop_range_query_ordering' panicked at tests/property_tests.rs:96:75:
called `Result::unwrap()` on an `Err` value: DatabaseNotFound { path: "No such file or directory (os error 2)" }

thread 'prop_range_query_ordering' panicked at tests/property_tests.rs:96:75:
called `Result::unwrap()` on an `Err` value: DatabaseNotFound { path: "No such file or directory (os error 2)" }

thread 'prop_range_query_ordering' panicked at tests/property_tests.rs:96:75:
called `Result::unwrap()` on an `Err` value: DatabaseNotFound { path: "No such file or directory (os error 2)" }

thread 'prop_range_query_ordering' panicked at tests/property_tests.rs:96:75:
called `Result::unwrap()` on an `Err` value: DatabaseNotFound { path: "No such file or directory (os error 2)" }

thread 'prop_range_query_ordering' panicked at tests/property_tests.rs:96:75:
called `Result::unwrap()` on an `Err` value: DatabaseNotFound { path: "No such file or directory (os error 2)" }

thread 'prop_range_query_ordering' panicked at tests/property_tests.rs:96:75:
called `Result::unwrap()` on an `Err` value: DatabaseNotFound { path: "No such file or directory (os error 2)" }

thread 'prop_range_query_ordering' panicked at tests/property_tests.rs:96:75:
called `Result::unwrap()` on an `Err` value: DatabaseNotFound { path: "No such file or directory (os error 2)" }

thread 'prop_range_query_ordering' panicked at tests/property_tests.rs:96:75:
called `Result::unwrap()` on an `Err` value: DatabaseNotFound { path: "No such file or directory (os error 2)" }

thread 'prop_range_query_ordering' panicked at tests/property_tests.rs:96:75:
called `Result::unwrap()` on an `Err` value: DatabaseNotFound { path: "No such file or directory (os error 2)" }

thread 'prop_range_query_ordering' panicked at tests/property_tests.rs:96:75:
called `Result::unwrap()` on an `Err` value: DatabaseNotFound { path: "No such file or directory (os error 2)" }

thread 'prop_range_query_ordering' panicked at tests/property_tests.rs:96:75:
called `Result::unwrap()` on an `Err` value: DatabaseNotFound { path: "No such file or directory (os error 2)" }

thread 'prop_range_query_ordering' panicked at tests/property_tests.rs:96:75:
called `Result::unwrap()` on an `Err` value: DatabaseNotFound { path: "No such file or directory (os error 2)" }

thread 'prop_range_query_ordering' panicked at tests/property_tests.rs:96:75:
called `Result::unwrap()` on an `Err` value: DatabaseNotFound { path: "No such file or directory (os error 2)" }

thread 'prop_range_query_ordering' panicked at tests/property_tests.rs:96:75:
called `Result::unwrap()` on an `Err` value: DatabaseNotFound { path: "No such file or directory (os error 2)" }

thread 'prop_range_query_ordering' panicked at tests/property_tests.rs:96:75:
called `Result::unwrap()` on an `Err` value: DatabaseNotFound { path: "No such file or directory (os error 2)" }

thread 'prop_range_query_ordering' panicked at tests/property_tests.rs:96:75:
called `Result::unwrap()` on an `Err` value: DatabaseNotFound { path: "No such file or directory (os error 2)" }

thread 'prop_range_query_ordering' panicked at tests/property_tests.rs:96:75:
called `Result::unwrap()` on an `Err` value: DatabaseNotFound { path: "No such file or directory (os error 2)" }

thread 'prop_range_query_ordering' panicked at tests/property_tests.rs:96:75:
called `Result::unwrap()` on an `Err` value: DatabaseNotFound { path: "No such file or directory (os error 2)" }

thread 'prop_range_query_ordering' panicked at tests/property_tests.rs:96:75:
called `Result::unwrap()` on an `Err` value: DatabaseNotFound { path: "No such file or directory (os error 2)" }

thread 'prop_range_query_ordering' panicked at tests/property_tests.rs:96:75:
called `Result::unwrap()` on an `Err` value: DatabaseNotFound { path: "No such file or directory (os error 2)" }

thread 'prop_range_query_ordering' panicked at tests/property_tests.rs:96:75:
called `Result::unwrap()` on an `Err` value: DatabaseNotFound { path: "No such file or directory (os error 2)" }

thread 'prop_range_query_ordering' panicked at tests/property_tests.rs:96:75:
called `Result::unwrap()` on an `Err` value: DatabaseNotFound { path: "No such file or directory (os error 2)" }

thread 'prop_range_query_ordering' panicked at tests/property_tests.rs:96:75:
called `Result::unwrap()` on an `Err` value: DatabaseNotFound { path: "No such file or directory (os error 2)" }

thread 'prop_range_query_ordering' panicked at tests/property_tests.rs:96:75:
called `Result::unwrap()` on an `Err` value: DatabaseNotFound { path: "No such file or directory (os error 2)" }

thread 'prop_range_query_ordering' panicked at tests/property_tests.rs:96:75:
called `Result::unwrap()` on an `Err` value: DatabaseNotFound { path: "No such file or directory (os error 2)" }

thread 'prop_range_query_ordering' panicked at tests/property_tests.rs:96:75:
called `Result::unwrap()` on an `Err` value: DatabaseNotFound { path: "No such file or directory (os error 2)" }

thread 'prop_range_query_ordering' panicked at tests/property_tests.rs:96:75:
called `Result::unwrap()` on an `Err` value: DatabaseNotFound { path: "No such file or directory (os error 2)" }

thread 'prop_range_query_ordering' panicked at tests/property_tests.rs:96:75:
called `Result::unwrap()` on an `Err` value: DatabaseNotFound { path: "No such file or directory (os error 2)" }

thread 'prop_range_query_ordering' panicked at tests/property_tests.rs:96:75:
called `Result::unwrap()` on an `Err` value: DatabaseNotFound { path: "No such file or directory (os error 2)" }

thread 'prop_range_query_ordering' panicked at tests/property_tests.rs:96:75:
called `Result::unwrap()` on an `Err` value: DatabaseNotFound { path: "No such file or directory (os error 2)" }

thread 'prop_range_query_ordering' panicked at tests/property_tests.rs:96:75:
called `Result::unwrap()` on an `Err` value: DatabaseNotFound { path: "No such file or directory (os error 2)" }

thread 'prop_range_query_ordering' panicked at tests/property_tests.rs:96:75:
called `Result::unwrap()` on an `Err` value: DatabaseNotFound { path: "No such file or directory (os error 2)" }

thread 'prop_range_query_ordering' panicked at tests/property_tests.rs:96:75:
called `Result::unwrap()` on an `Err` value: DatabaseNotFound { path: "No such file or directory (os error 2)" }

thread 'prop_range_query_ordering' panicked at tests/property_tests.rs:96:75:
called `Result::unwrap()` on an `Err` value: DatabaseNotFound { path: "No such file or directory (os error 2)" }

thread 'prop_range_query_ordering' panicked at tests/property_tests.rs:96:75:
called `Result::unwrap()` on an `Err` value: DatabaseNotFound { path: "No such file or directory (os error 2)" }

thread 'prop_range_query_ordering' panicked at tests/property_tests.rs:96:75:
called `Result::unwrap()` on an `Err` value: DatabaseNotFound { path: "No such file or directory (os error 2)" }

thread 'prop_range_query_ordering' panicked at tests/property_tests.rs:96:75:
called `Result::unwrap()` on an `Err` value: DatabaseNotFound { path: "No such file or directory (os error 2)" }

thread 'prop_range_query_ordering' panicked at tests/property_tests.rs:96:75:
called `Result::unwrap()` on an `Err` value: DatabaseNotFound { path: "No such file or directory (os error 2)" }

thread 'prop_range_query_ordering' panicked at tests/property_tests.rs:96:75:
called `Result::unwrap()` on an `Err` value: DatabaseNotFound { path: "No such file or directory (os error 2)" }

thread 'prop_range_query_ordering' panicked at tests/property_tests.rs:96:75:
called `Result::unwrap()` on an `Err` value: DatabaseNotFound { path: "No such file or directory (os error 2)" }

thread 'prop_range_query_ordering' panicked at tests/property_tests.rs:96:75:
called `Result::unwrap()` on an `Err` value: DatabaseNotFound { path: "No such file or directory (os error 2)" }

thread 'prop_range_query_ordering' panicked at tests/property_tests.rs:96:75:
called `Result::unwrap()` on an `Err` value: DatabaseNotFound { path: "No such file or directory (os error 2)" }

thread 'prop_range_query_ordering' panicked at tests/property_tests.rs:96:75:
called `Result::unwrap()` on an `Err` value: DatabaseNotFound { path: "No such file or directory (os error 2)" }

thread 'prop_range_query_ordering' panicked at tests/property_tests.rs:96:75:
called `Result::unwrap()` on an `Err` value: DatabaseNotFound { path: "No such file or directory (os error 2)" }

thread 'prop_range_query_ordering' panicked at tests/property_tests.rs:96:75:
called `Result::unwrap()` on an `Err` value: DatabaseNotFound { path: "No such file or directory (os error 2)" }

thread 'prop_range_query_ordering' panicked at tests/property_tests.rs:96:75:
called `Result::unwrap()` on an `Err` value: DatabaseNotFound { path: "No such file or directory (os error 2)" }

thread 'prop_range_query_ordering' panicked at tests/property_tests.rs:96:75:
called `Result::unwrap()` on an `Err` value: DatabaseNotFound { path: "No such file or directory (os error 2)" }

thread 'prop_range_query_ordering' panicked at tests/property_tests.rs:96:75:
called `Result::unwrap()` on an `Err` value: DatabaseNotFound { path: "No such file or directory (os error 2)" }

thread 'prop_range_query_ordering' panicked at tests/property_tests.rs:96:75:
called `Result::unwrap()` on an `Err` value: DatabaseNotFound { path: "No such file or directory (os error 2)" }

thread 'prop_range_query_ordering' panicked at tests/property_tests.rs:96:75:
called `Result::unwrap()` on an `Err` value: DatabaseNotFound { path: "No such file or directory (os error 2)" }

thread 'prop_range_query_ordering' panicked at tests/property_tests.rs:96:75:
called `Result::unwrap()` on an `Err` value: DatabaseNotFound { path: "No such file or directory (os error 2)" }

thread 'prop_range_query_ordering' panicked at tests/property_tests.rs:96:75:
called `Result::unwrap()` on an `Err` value: DatabaseNotFound { path: "No such file or directory (os error 2)" }

thread 'prop_range_query_ordering' panicked at tests/property_tests.rs:96:75:
called `Result::unwrap()` on an `Err` value: DatabaseNotFound { path: "No such file or directory (os error 2)" }

thread 'prop_range_query_ordering' panicked at tests/property_tests.rs:96:75:
called `Result::unwrap()` on an `Err` value: DatabaseNotFound { path: "No such file or directory (os error 2)" }

thread 'prop_range_query_ordering' panicked at tests/property_tests.rs:96:75:
called `Result::unwrap()` on an `Err` value: DatabaseNotFound { path: "No such file or directory (os error 2)" }

thread 'prop_range_query_ordering' panicked at tests/property_tests.rs:96:75:
called `Result::unwrap()` on an `Err` value: DatabaseNotFound { path: "No such file or directory (os error 2)" }

thread 'prop_range_query_ordering' panicked at tests/property_tests.rs:96:75:
called `Result::unwrap()` on an `Err` value: DatabaseNotFound { path: "No such file or directory (os error 2)" }

thread 'prop_range_query_ordering' panicked at tests/property_tests.rs:96:75:
called `Result::unwrap()` on an `Err` value: DatabaseNotFound { path: "No such file or directory (os error 2)" }

thread 'prop_range_query_ordering' panicked at tests/property_tests.rs:96:75:
called `Result::unwrap()` on an `Err` value: DatabaseNotFound { path: "No such file or directory (os error 2)" }

thread 'prop_range_query_ordering' panicked at tests/property_tests.rs:96:75:
called `Result::unwrap()` on an `Err` value: DatabaseNotFound { path: "No such file or directory (os error 2)" }

thread 'prop_range_query_ordering' panicked at tests/property_tests.rs:96:75:
called `Result::unwrap()` on an `Err` value: DatabaseNotFound { path: "No such file or directory (os error 2)" }

thread 'prop_range_query_ordering' panicked at tests/property_tests.rs:96:75:
called `Result::unwrap()` on an `Err` value: DatabaseNotFound { path: "No such file or directory (os error 2)" }

thread 'prop_range_query_ordering' panicked at tests/property_tests.rs:96:75:
called `Result::unwrap()` on an `Err` value: DatabaseNotFound { path: "No such file or directory (os error 2)" }

thread 'prop_range_query_ordering' panicked at tests/property_tests.rs:96:75:
called `Result::unwrap()` on an `Err` value: DatabaseNotFound { path: "No such file or directory (os error 2)" }

thread 'prop_range_query_ordering' panicked at tests/property_tests.rs:96:75:
called `Result::unwrap()` on an `Err` value: DatabaseNotFound { path: "No such file or directory (os error 2)" }

thread 'prop_range_query_ordering' panicked at tests/property_tests.rs:96:75:
called `Result::unwrap()` on an `Err` value: DatabaseNotFound { path: "No such file or directory (os error 2)" }

thread 'prop_range_query_ordering' panicked at tests/property_tests.rs:96:75:
called `Result::unwrap()` on an `Err` value: DatabaseNotFound { path: "No such file or directory (os error 2)" }

thread 'prop_range_query_ordering' panicked at tests/property_tests.rs:96:75:
called `Result::unwrap()` on an `Err` value: DatabaseNotFound { path: "No such file or directory (os error 2)" }

thread 'prop_range_query_ordering' panicked at tests/property_tests.rs:96:75:
called `Result::unwrap()` on an `Err` value: DatabaseNotFound { path: "No such file or directory (os error 2)" }

thread 'prop_range_query_ordering' panicked at tests/property_tests.rs:96:75:
called `Result::unwrap()` on an `Err` value: DatabaseNotFound { path: "No such file or directory (os error 2)" }

thread 'prop_range_query_ordering' panicked at tests/property_tests.rs:96:75:
called `Result::unwrap()` on an `Err` value: DatabaseNotFound { path: "No such file or directory (os error 2)" }

thread 'prop_range_query_ordering' panicked at tests/property_tests.rs:96:75:
called `Result::unwrap()` on an `Err` value: DatabaseNotFound { path: "No such file or directory (os error 2)" }

thread 'prop_range_query_ordering' panicked at tests/property_tests.rs:96:75:
called `Result::unwrap()` on an `Err` value: DatabaseNotFound { path: "No such file or directory (os error 2)" }

thread 'prop_range_query_ordering' panicked at tests/property_tests.rs:96:75:
called `Result::unwrap()` on an `Err` value: DatabaseNotFound { path: "No such file or directory (os error 2)" }

thread 'prop_range_query_ordering' panicked at tests/property_tests.rs:96:75:
called `Result::unwrap()` on an `Err` value: DatabaseNotFound { path: "No such file or directory (os error 2)" }

thread 'prop_range_query_ordering' panicked at tests/property_tests.rs:96:75:
called `Result::unwrap()` on an `Err` value: DatabaseNotFound { path: "No such file or directory (os error 2)" }

thread 'prop_range_query_ordering' panicked at tests/property_tests.rs:96:75:
called `Result::unwrap()` on an `Err` value: DatabaseNotFound { path: "No such file or directory (os error 2)" }

thread 'prop_range_query_ordering' panicked at tests/property_tests.rs:96:75:
called `Result::unwrap()` on an `Err` value: DatabaseNotFound { path: "No such file or directory (os error 2)" }

thread 'prop_range_query_ordering' panicked at tests/property_tests.rs:96:75:
called `Result::unwrap()` on an `Err` value: DatabaseNotFound { path: "No such file or directory (os error 2)" }

thread 'prop_range_query_ordering' panicked at tests/property_tests.rs:96:75:
called `Result::unwrap()` on an `Err` value: DatabaseNotFound { path: "No such file or directory (os error 2)" }

thread 'prop_range_query_ordering' panicked at tests/property_tests.rs:96:75:
called `Result::unwrap()` on an `Err` value: DatabaseNotFound { path: "No such file or directory (os error 2)" }

thread 'prop_range_query_ordering' panicked at tests/property_tests.rs:96:75:
called `Result::unwrap()` on an `Err` value: DatabaseNotFound { path: "No such file or directory (os error 2)" }

thread 'prop_range_query_ordering' panicked at tests/property_tests.rs:96:75:
called `Result::unwrap()` on an `Err` value: DatabaseNotFound { path: "No such file or directory (os error 2)" }

thread 'prop_range_query_ordering' panicked at tests/property_tests.rs:96:75:
called `Result::unwrap()` on an `Err` value: DatabaseNotFound { path: "No such file or directory (os error 2)" }

thread 'prop_range_query_ordering' panicked at tests/property_tests.rs:96:75:
called `Result::unwrap()` on an `Err` value: DatabaseNotFound { path: "No such file or directory (os error 2)" }

thread 'prop_range_query_ordering' panicked at tests/property_tests.rs:96:75:
called `Result::unwrap()` on an `Err` value: DatabaseNotFound { path: "No such file or directory (os error 2)" }

thread 'prop_range_query_ordering' panicked at tests/property_tests.rs:96:75:
called `Result::unwrap()` on an `Err` value: DatabaseNotFound { path: "No such file or directory (os error 2)" }

thread 'prop_range_query_ordering' panicked at tests/property_tests.rs:96:75:
called `Result::unwrap()` on an `Err` value: DatabaseNotFound { path: "No such file or directory (os error 2)" }

thread 'prop_range_query_ordering' panicked at tests/property_tests.rs:96:75:
called `Result::unwrap()` on an `Err` value: DatabaseNotFound { path: "No such file or directory (os error 2)" }

thread 'prop_range_query_ordering' panicked at tests/property_tests.rs:96:75:
called `Result::unwrap()` on an `Err` value: DatabaseNotFound { path: "No such file or directory (os error 2)" }

thread 'prop_range_query_ordering' panicked at tests/property_tests.rs:96:75:
called `Result::unwrap()` on an `Err` value: DatabaseNotFound { path: "No such file or directory (os error 2)" }

thread 'prop_range_query_ordering' panicked at tests/property_tests.rs:96:75:
called `Result::unwrap()` on an `Err` value: DatabaseNotFound { path: "No such file or directory (os error 2)" }

thread 'prop_range_query_ordering' panicked at tests/property_tests.rs:96:75:
called `Result::unwrap()` on an `Err` value: DatabaseNotFound { path: "No such file or directory (os error 2)" }

thread 'prop_range_query_ordering' panicked at tests/property_tests.rs:96:75:
called `Result::unwrap()` on an `Err` value: DatabaseNotFound { path: "No such file or directory (os error 2)" }

thread 'prop_range_query_ordering' panicked at tests/property_tests.rs:96:75:
called `Result::unwrap()` on an `Err` value: DatabaseNotFound { path: "No such file or directory (os error 2)" }

thread 'prop_range_query_ordering' panicked at tests/property_tests.rs:96:75:
called `Result::unwrap()` on an `Err` value: DatabaseNotFound { path: "No such file or directory (os error 2)" }

thread 'prop_range_query_ordering' panicked at tests/property_tests.rs:96:75:
called `Result::unwrap()` on an `Err` value: DatabaseNotFound { path: "No such file or directory (os error 2)" }

thread 'prop_range_query_ordering' panicked at tests/property_tests.rs:96:75:
called `Result::unwrap()` on an `Err` value: DatabaseNotFound { path: "No such file or directory (os error 2)" }

thread 'prop_range_query_ordering' panicked at tests/property_tests.rs:96:75:
called `Result::unwrap()` on an `Err` value: DatabaseNotFound { path: "No such file or directory (os error 2)" }

thread 'prop_range_query_ordering' panicked at tests/property_tests.rs:96:75:
called `Result::unwrap()` on an `Err` value: DatabaseNotFound { path: "No such file or directory (os error 2)" }

thread 'prop_range_query_ordering' panicked at tests/property_tests.rs:96:75:
called `Result::unwrap()` on an `Err` value: DatabaseNotFound { path: "No such file or directory (os error 2)" }

thread 'prop_range_query_ordering' panicked at tests/property_tests.rs:96:75:
called `Result::unwrap()` on an `Err` value: DatabaseNotFound { path: "No such file or directory (os error 2)" }

thread 'prop_range_query_ordering' panicked at tests/property_tests.rs:96:75:
called `Result::unwrap()` on an `Err` value: DatabaseNotFound { path: "No such file or directory (os error 2)" }

thread 'prop_range_query_ordering' panicked at tests/property_tests.rs:96:75:
called `Result::unwrap()` on an `Err` value: DatabaseNotFound { path: "No such file or directory (os error 2)" }

thread 'prop_range_query_ordering' panicked at tests/property_tests.rs:96:75:
called `Result::unwrap()` on an `Err` value: DatabaseNotFound { path: "No such file or directory (os error 2)" }

thread 'prop_range_query_ordering' panicked at tests/property_tests.rs:96:75:
called `Result::unwrap()` on an `Err` value: DatabaseNotFound { path: "No such file or directory (os error 2)" }

thread 'prop_range_query_ordering' panicked at tests/property_tests.rs:96:75:
called `Result::unwrap()` on an `Err` value: DatabaseNotFound { path: "No such file or directory (os error 2)" }

thread 'prop_range_query_ordering' panicked at tests/property_tests.rs:96:75:
called `Result::unwrap()` on an `Err` value: DatabaseNotFound { path: "No such file or directory (os error 2)" }

thread 'prop_range_query_ordering' panicked at tests/property_tests.rs:96:75:
called `Result::unwrap()` on an `Err` value: DatabaseNotFound { path: "No such file or directory (os error 2)" }

thread 'prop_range_query_ordering' panicked at tests/property_tests.rs:96:75:
called `Result::unwrap()` on an `Err` value: DatabaseNotFound { path: "No such file or directory (os error 2)" }

thread 'prop_range_query_ordering' panicked at tests/property_tests.rs:96:75:
called `Result::unwrap()` on an `Err` value: DatabaseNotFound { path: "No such file or directory (os error 2)" }

thread 'prop_range_query_ordering' panicked at tests/property_tests.rs:96:75:
called `Result::unwrap()` on an `Err` value: DatabaseNotFound { path: "No such file or directory (os error 2)" }

thread 'prop_range_query_ordering' panicked at tests/property_tests.rs:96:75:
called `Result::unwrap()` on an `Err` value: DatabaseNotFound { path: "No such file or directory (os error 2)" }

thread 'prop_range_query_ordering' panicked at tests/property_tests.rs:96:75:
called `Result::unwrap()` on an `Err` value: DatabaseNotFound { path: "No such file or directory (os error 2)" }

thread 'prop_range_query_ordering' panicked at tests/property_tests.rs:96:75:
called `Result::unwrap()` on an `Err` value: DatabaseNotFound { path: "No such file or directory (os error 2)" }

thread 'prop_range_query_ordering' panicked at tests/property_tests.rs:96:75:
called `Result::unwrap()` on an `Err` value: DatabaseNotFound { path: "No such file or directory (os error 2)" }

thread 'prop_range_query_ordering' panicked at tests/property_tests.rs:96:75:
called `Result::unwrap()` on an `Err` value: DatabaseNotFound { path: "No such file or directory (os error 2)" }

thread 'prop_range_query_ordering' panicked at tests/property_tests.rs:96:75:
called `Result::unwrap()` on an `Err` value: DatabaseNotFound { path: "No such file or directory (os error 2)" }

thread 'prop_range_query_ordering' panicked at tests/property_tests.rs:96:75:
called `Result::unwrap()` on an `Err` value: DatabaseNotFound { path: "No such file or directory (os error 2)" }

thread 'prop_range_query_ordering' panicked at tests/property_tests.rs:96:75:
called `Result::unwrap()` on an `Err` value: DatabaseNotFound { path: "No such file or directory (os error 2)" }

thread 'prop_range_query_ordering' panicked at tests/property_tests.rs:96:75:
called `Result::unwrap()` on an `Err` value: DatabaseNotFound { path: "No such file or directory (os error 2)" }

thread 'prop_range_query_ordering' panicked at tests/property_tests.rs:96:75:
called `Result::unwrap()` on an `Err` value: DatabaseNotFound { path: "No such file or directory (os error 2)" }

thread 'prop_range_query_ordering' panicked at tests/property_tests.rs:96:75:
called `Result::unwrap()` on an `Err` value: DatabaseNotFound { path: "No such file or directory (os error 2)" }

thread 'prop_range_query_ordering' panicked at tests/property_tests.rs:96:75:
called `Result::unwrap()` on an `Err` value: DatabaseNotFound { path: "No such file or directory (os error 2)" }

thread 'prop_range_query_ordering' panicked at tests/property_tests.rs:96:75:
called `Result::unwrap()` on an `Err` value: DatabaseNotFound { path: "No such file or directory (os error 2)" }

thread 'prop_range_query_ordering' panicked at tests/property_tests.rs:96:75:
called `Result::unwrap()` on an `Err` value: DatabaseNotFound { path: "No such file or directory (os error 2)" }

thread 'prop_range_query_ordering' panicked at tests/property_tests.rs:96:75:
called `Result::unwrap()` on an `Err` value: DatabaseNotFound { path: "No such file or directory (os error 2)" }

thread 'prop_range_query_ordering' panicked at tests/property_tests.rs:96:75:
called `Result::unwrap()` on an `Err` value: DatabaseNotFound { path: "No such file or directory (os error 2)" }

thread 'prop_range_query_ordering' panicked at tests/property_tests.rs:96:75:
called `Result::unwrap()` on an `Err` value: DatabaseNotFound { path: "No such file or directory (os error 2)" }

thread 'prop_range_query_ordering' panicked at tests/property_tests.rs:96:75:
called `Result::unwrap()` on an `Err` value: DatabaseNotFound { path: "No such file or directory (os error 2)" }

thread 'prop_range_query_ordering' panicked at tests/property_tests.rs:96:75:
called `Result::unwrap()` on an `Err` value: DatabaseNotFound { path: "No such file or directory (os error 2)" }

thread 'prop_range_query_ordering' panicked at tests/property_tests.rs:96:75:
called `Result::unwrap()` on an `Err` value: DatabaseNotFound { path: "No such file or directory (os error 2)" }

thread 'prop_range_query_ordering' panicked at tests/property_tests.rs:96:75:
called `Result::unwrap()` on an `Err` value: DatabaseNotFound { path: "No such file or directory (os error 2)" }

thread 'prop_range_query_ordering' panicked at tests/property_tests.rs:96:75:
called `Result::unwrap()` on an `Err` value: DatabaseNotFound { path: "No such file or directory (os error 2)" }

thread 'prop_range_query_ordering' panicked at tests/property_tests.rs:96:75:
called `Result::unwrap()` on an `Err` value: DatabaseNotFound { path: "No such file or directory (os error 2)" }

thread 'prop_range_query_ordering' panicked at tests/property_tests.rs:96:75:
called `Result::unwrap()` on an `Err` value: DatabaseNotFound { path: "No such file or directory (os error 2)" }

thread 'prop_range_query_ordering' panicked at tests/property_tests.rs:96:75:
called `Result::unwrap()` on an `Err` value: DatabaseNotFound { path: "No such file or directory (os error 2)" }

thread 'prop_range_query_ordering' panicked at tests/property_tests.rs:96:75:
called `Result::unwrap()` on an `Err` value: DatabaseNotFound { path: "No such file or directory (os error 2)" }

thread 'prop_range_query_ordering' panicked at tests/property_tests.rs:96:75:
called `Result::unwrap()` on an `Err` value: DatabaseNotFound { path: "No such file or directory (os error 2)" }

thread 'prop_range_query_ordering' panicked at tests/property_tests.rs:96:75:
called `Result::unwrap()` on an `Err` value: DatabaseNotFound { path: "No such file or directory (os error 2)" }

thread 'prop_range_query_ordering' panicked at tests/property_tests.rs:96:75:
called `Result::unwrap()` on an `Err` value: DatabaseNotFound { path: "No such file or directory (os error 2)" }

thread 'prop_range_query_ordering' panicked at tests/property_tests.rs:96:75:
called `Result::unwrap()` on an `Err` value: DatabaseNotFound { path: "No such file or directory (os error 2)" }

thread 'prop_range_query_ordering' panicked at tests/property_tests.rs:96:75:
called `Result::unwrap()` on an `Err` value: DatabaseNotFound { path: "No such file or directory (os error 2)" }

thread 'prop_range_query_ordering' panicked at tests/property_tests.rs:96:75:
called `Result::unwrap()` on an `Err` value: DatabaseNotFound { path: "No such file or directory (os error 2)" }

thread 'prop_range_query_ordering' panicked at tests/property_tests.rs:96:75:
called `Result::unwrap()` on an `Err` value: DatabaseNotFound { path: "No such file or directory (os error 2)" }

thread 'prop_range_query_ordering' panicked at tests/property_tests.rs:96:75:
called `Result::unwrap()` on an `Err` value: DatabaseNotFound { path: "No such file or directory (os error 2)" }

thread 'prop_range_query_ordering' panicked at tests/property_tests.rs:96:75:
called `Result::unwrap()` on an `Err` value: DatabaseNotFound { path: "No such file or directory (os error 2)" }

thread 'prop_range_query_ordering' panicked at tests/property_tests.rs:96:75:
called `Result::unwrap()` on an `Err` value: DatabaseNotFound { path: "No such file or directory (os error 2)" }

thread 'prop_range_query_ordering' panicked at tests/property_tests.rs:96:75:
called `Result::unwrap()` on an `Err` value: DatabaseNotFound { path: "No such file or directory (os error 2)" }

thread 'prop_range_query_ordering' panicked at tests/property_tests.rs:96:75:
called `Result::unwrap()` on an `Err` value: DatabaseNotFound { path: "No such file or directory (os error 2)" }

thread 'prop_range_query_ordering' panicked at tests/property_tests.rs:96:75:
called `Result::unwrap()` on an `Err` value: DatabaseNotFound { path: "No such file or directory (os error 2)" }

thread 'prop_range_query_ordering' panicked at tests/property_tests.rs:96:75:
called `Result::unwrap()` on an `Err` value: DatabaseNotFound { path: "No such file or directory (os error 2)" }

thread 'prop_range_query_ordering' panicked at tests/property_tests.rs:96:75:
called `Result::unwrap()` on an `Err` value: DatabaseNotFound { path: "No such file or directory (os error 2)" }

thread 'prop_range_query_ordering' panicked at tests/property_tests.rs:96:75:
called `Result::unwrap()` on an `Err` value: DatabaseNotFound { path: "No such file or directory (os error 2)" }

thread 'prop_range_query_ordering' panicked at tests/property_tests.rs:96:75:
called `Result::unwrap()` on an `Err` value: DatabaseNotFound { path: "No such file or directory (os error 2)" }

thread 'prop_range_query_ordering' panicked at tests/property_tests.rs:96:75:
called `Result::unwrap()` on an `Err` value: DatabaseNotFound { path: "No such file or directory (os error 2)" }

thread 'prop_range_query_ordering' panicked at tests/property_tests.rs:96:75:
called `Result::unwrap()` on an `Err` value: DatabaseNotFound { path: "No such file or directory (os error 2)" }

thread 'prop_range_query_ordering' panicked at tests/property_tests.rs:96:75:
called `Result::unwrap()` on an `Err` value: DatabaseNotFound { path: "No such file or directory (os error 2)" }

thread 'prop_range_query_ordering' panicked at tests/property_tests.rs:96:75:
called `Result::unwrap()` on an `Err` value: DatabaseNotFound { path: "No such file or directory (os error 2)" }

thread 'prop_range_query_ordering' panicked at tests/property_tests.rs:96:75:
called `Result::unwrap()` on an `Err` value: DatabaseNotFound { path: "No such file or directory (os error 2)" }

thread 'prop_range_query_ordering' panicked at tests/property_tests.rs:96:75:
called `Result::unwrap()` on an `Err` value: DatabaseNotFound { path: "No such file or directory (os error 2)" }

thread 'prop_range_query_ordering' panicked at tests/property_tests.rs:96:75:
called `Result::unwrap()` on an `Err` value: DatabaseNotFound { path: "No such file or directory (os error 2)" }

thread 'prop_range_query_ordering' panicked at tests/property_tests.rs:90:1:
Test failed: called `Result::unwrap()` on an `Err` value: DatabaseNotFound { path: "No such file or directory (os error 2)" }.
minimal failing input: keys = [
    "aaaaa",
    "aaaaa",
    "aaaaa",
    "aaaaa",
    "aaaaa",
    "aaaaa",
    "aaaaa",
    "aaaaa",
    "aaaaa",
    "aaaaa",
]
	successes: 0
	local rejects: 0
	global rejects: 0


---- prop_delete_returns_none stdout ----
proptest: FileFailurePersistence::SourceParallel set, but failed to find lib.rs or main.rs

thread 'prop_delete_returns_none' panicked at tests/property_tests.rs:33:75:
called `Result::unwrap()` on an `Err` value: DatabaseNotFound { path: "No such file or directory (os error 2)" }

thread 'prop_delete_returns_none' panicked at tests/property_tests.rs:33:75:
called `Result::unwrap()` on an `Err` value: DatabaseNotFound { path: "No such file or directory (os error 2)" }

thread 'prop_delete_returns_none' panicked at tests/property_tests.rs:33:75:
called `Result::unwrap()` on an `Err` value: DatabaseNotFound { path: "No such file or directory (os error 2)" }

thread 'prop_delete_returns_none' panicked at tests/property_tests.rs:33:75:
called `Result::unwrap()` on an `Err` value: DatabaseNotFound { path: "No such file or directory (os error 2)" }

thread 'prop_delete_returns_none' panicked at tests/property_tests.rs:33:75:
called `Result::unwrap()` on an `Err` value: DatabaseNotFound { path: "No such file or directory (os error 2)" }

thread 'prop_delete_returns_none' panicked at tests/property_tests.rs:33:75:
called `Result::unwrap()` on an `Err` value: DatabaseNotFound { path: "No such file or directory (os error 2)" }

thread 'prop_delete_returns_none' panicked at tests/property_tests.rs:33:75:
called `Result::unwrap()` on an `Err` value: DatabaseNotFound { path: "No such file or directory (os error 2)" }

thread 'prop_delete_returns_none' panicked at tests/property_tests.rs:33:75:
called `Result::unwrap()` on an `Err` value: DatabaseNotFound { path: "No such file or directory (os error 2)" }

thread 'prop_delete_returns_none' panicked at tests/property_tests.rs:33:75:
called `Result::unwrap()` on an `Err` value: DatabaseNotFound { path: "No such file or directory (os error 2)" }

thread 'prop_delete_returns_none' panicked at tests/property_tests.rs:33:75:
called `Result::unwrap()` on an `Err` value: DatabaseNotFound { path: "No such file or directory (os error 2)" }

thread 'prop_delete_returns_none' panicked at tests/property_tests.rs:33:75:
called `Result::unwrap()` on an `Err` value: DatabaseNotFound { path: "No such file or directory (os error 2)" }

thread 'prop_delete_returns_none' panicked at tests/property_tests.rs:33:75:
called `Result::unwrap()` on an `Err` value: DatabaseNotFound { path: "No such file or directory (os error 2)" }

thread 'prop_delete_returns_none' panicked at tests/property_tests.rs:33:75:
called `Result::unwrap()` on an `Err` value: DatabaseNotFound { path: "No such file or directory (os error 2)" }

thread 'prop_delete_returns_none' panicked at tests/property_tests.rs:33:75:
called `Result::unwrap()` on an `Err` value: DatabaseNotFound { path: "No such file or directory (os error 2)" }

thread 'prop_delete_returns_none' panicked at tests/property_tests.rs:33:75:
called `Result::unwrap()` on an `Err` value: DatabaseNotFound { path: "No such file or directory (os error 2)" }

thread 'prop_delete_returns_none' panicked at tests/property_tests.rs:33:75:
called `Result::unwrap()` on an `Err` value: DatabaseNotFound { path: "No such file or directory (os error 2)" }

thread 'prop_delete_returns_none' panicked at tests/property_tests.rs:33:75:
called `Result::unwrap()` on an `Err` value: DatabaseNotFound { path: "No such file or directory (os error 2)" }

thread 'prop_delete_returns_none' panicked at tests/property_tests.rs:33:75:
called `Result::unwrap()` on an `Err` value: DatabaseNotFound { path: "No such file or directory (os error 2)" }

thread 'prop_delete_returns_none' panicked at tests/property_tests.rs:33:75:
called `Result::unwrap()` on an `Err` value: DatabaseNotFound { path: "No such file or directory (os error 2)" }

thread 'prop_delete_returns_none' panicked at tests/property_tests.rs:33:75:
called `Result::unwrap()` on an `Err` value: DatabaseNotFound { path: "No such file or directory (os error 2)" }

thread 'prop_delete_returns_none' panicked at tests/property_tests.rs:33:75:
called `Result::unwrap()` on an `Err` value: DatabaseNotFound { path: "No such file or directory (os error 2)" }

thread 'prop_delete_returns_none' panicked at tests/property_tests.rs:33:75:
called `Result::unwrap()` on an `Err` value: DatabaseNotFound { path: "No such file or directory (os error 2)" }

thread 'prop_delete_returns_none' panicked at tests/property_tests.rs:33:75:
called `Result::unwrap()` on an `Err` value: DatabaseNotFound { path: "No such file or directory (os error 2)" }

thread 'prop_delete_returns_none' panicked at tests/property_tests.rs:33:75:
called `Result::unwrap()` on an `Err` value: DatabaseNotFound { path: "No such file or directory (os error 2)" }

thread 'prop_delete_returns_none' panicked at tests/property_tests.rs:33:75:
called `Result::unwrap()` on an `Err` value: DatabaseNotFound { path: "No such file or directory (os error 2)" }

thread 'prop_delete_returns_none' panicked at tests/property_tests.rs:33:75:
called `Result::unwrap()` on an `Err` value: DatabaseNotFound { path: "No such file or directory (os error 2)" }

thread 'prop_delete_returns_none' panicked at tests/property_tests.rs:33:75:
called `Result::unwrap()` on an `Err` value: DatabaseNotFound { path: "No such file or directory (os error 2)" }

thread 'prop_delete_returns_none' panicked at tests/property_tests.rs:33:75:
called `Result::unwrap()` on an `Err` value: DatabaseNotFound { path: "No such file or directory (os error 2)" }

thread 'prop_delete_returns_none' panicked at tests/property_tests.rs:33:75:
called `Result::unwrap()` on an `Err` value: DatabaseNotFound { path: "No such file or directory (os error 2)" }

thread 'prop_delete_returns_none' panicked at tests/property_tests.rs:33:75:
called `Result::unwrap()` on an `Err` value: DatabaseNotFound { path: "No such file or directory (os error 2)" }

thread 'prop_delete_returns_none' panicked at tests/property_tests.rs:33:75:
called `Result::unwrap()` on an `Err` value: DatabaseNotFound { path: "No such file or directory (os error 2)" }

thread 'prop_delete_returns_none' panicked at tests/property_tests.rs:33:75:
called `Result::unwrap()` on an `Err` value: DatabaseNotFound { path: "No such file or directory (os error 2)" }

thread 'prop_delete_returns_none' panicked at tests/property_tests.rs:33:75:
called `Result::unwrap()` on an `Err` value: DatabaseNotFound { path: "No such file or directory (os error 2)" }

thread 'prop_delete_returns_none' panicked at tests/property_tests.rs:33:75:
called `Result::unwrap()` on an `Err` value: DatabaseNotFound { path: "No such file or directory (os error 2)" }

thread 'prop_delete_returns_none' panicked at tests/property_tests.rs:33:75:
called `Result::unwrap()` on an `Err` value: DatabaseNotFound { path: "No such file or directory (os error 2)" }

thread 'prop_delete_returns_none' panicked at tests/property_tests.rs:33:75:
called `Result::unwrap()` on an `Err` value: DatabaseNotFound { path: "No such file or directory (os error 2)" }

thread 'prop_delete_returns_none' panicked at tests/property_tests.rs:33:75:
called `Result::unwrap()` on an `Err` value: DatabaseNotFound { path: "No such file or directory (os error 2)" }

thread 'prop_delete_returns_none' panicked at tests/property_tests.rs:33:75:
called `Result::unwrap()` on an `Err` value: DatabaseNotFound { path: "No such file or directory (os error 2)" }

thread 'prop_delete_returns_none' panicked at tests/property_tests.rs:33:75:
called `Result::unwrap()` on an `Err` value: DatabaseNotFound { path: "No such file or directory (os error 2)" }

thread 'prop_delete_returns_none' panicked at tests/property_tests.rs:33:75:
called `Result::unwrap()` on an `Err` value: DatabaseNotFound { path: "No such file or directory (os error 2)" }

thread 'prop_delete_returns_none' panicked at tests/property_tests.rs:33:75:
called `Result::unwrap()` on an `Err` value: DatabaseNotFound { path: "No such file or directory (os error 2)" }

thread 'prop_delete_returns_none' panicked at tests/property_tests.rs:33:75:
called `Result::unwrap()` on an `Err` value: DatabaseNotFound { path: "No such file or directory (os error 2)" }

thread 'prop_delete_returns_none' panicked at tests/property_tests.rs:33:75:
called `Result::unwrap()` on an `Err` value: DatabaseNotFound { path: "No such file or directory (os error 2)" }

thread 'prop_delete_returns_none' panicked at tests/property_tests.rs:33:75:
called `Result::unwrap()` on an `Err` value: DatabaseNotFound { path: "No such file or directory (os error 2)" }

thread 'prop_delete_returns_none' panicked at tests/property_tests.rs:33:75:
called `Result::unwrap()` on an `Err` value: DatabaseNotFound { path: "No such file or directory (os error 2)" }

thread 'prop_delete_returns_none' panicked at tests/property_tests.rs:33:75:
called `Result::unwrap()` on an `Err` value: DatabaseNotFound { path: "No such file or directory (os error 2)" }

thread 'prop_delete_returns_none' panicked at tests/property_tests.rs:33:75:
called `Result::unwrap()` on an `Err` value: DatabaseNotFound { path: "No such file or directory (os error 2)" }

thread 'prop_delete_returns_none' panicked at tests/property_tests.rs:33:75:
called `Result::unwrap()` on an `Err` value: DatabaseNotFound { path: "No such file or directory (os error 2)" }

thread 'prop_delete_returns_none' panicked at tests/property_tests.rs:33:75:
called `Result::unwrap()` on an `Err` value: DatabaseNotFound { path: "No such file or directory (os error 2)" }

thread 'prop_delete_returns_none' panicked at tests/property_tests.rs:33:75:
called `Result::unwrap()` on an `Err` value: DatabaseNotFound { path: "No such file or directory (os error 2)" }

thread 'prop_delete_returns_none' panicked at tests/property_tests.rs:33:75:
called `Result::unwrap()` on an `Err` value: DatabaseNotFound { path: "No such file or directory (os error 2)" }

thread 'prop_delete_returns_none' panicked at tests/property_tests.rs:33:75:
called `Result::unwrap()` on an `Err` value: DatabaseNotFound { path: "No such file or directory (os error 2)" }

thread 'prop_delete_returns_none' panicked at tests/property_tests.rs:33:75:
called `Result::unwrap()` on an `Err` value: DatabaseNotFound { path: "No such file or directory (os error 2)" }

thread 'prop_delete_returns_none' panicked at tests/property_tests.rs:33:75:
called `Result::unwrap()` on an `Err` value: DatabaseNotFound { path: "No such file or directory (os error 2)" }

thread 'prop_delete_returns_none' panicked at tests/property_tests.rs:33:75:
called `Result::unwrap()` on an `Err` value: DatabaseNotFound { path: "No such file or directory (os error 2)" }

thread 'prop_delete_returns_none' panicked at tests/property_tests.rs:33:75:
called `Result::unwrap()` on an `Err` value: DatabaseNotFound { path: "No such file or directory (os error 2)" }

thread 'prop_delete_returns_none' panicked at tests/property_tests.rs:33:75:
called `Result::unwrap()` on an `Err` value: DatabaseNotFound { path: "No such file or directory (os error 2)" }

thread 'prop_delete_returns_none' panicked at tests/property_tests.rs:33:75:
called `Result::unwrap()` on an `Err` value: DatabaseNotFound { path: "No such file or directory (os error 2)" }

thread 'prop_delete_returns_none' panicked at tests/property_tests.rs:33:75:
called `Result::unwrap()` on an `Err` value: DatabaseNotFound { path: "No such file or directory (os error 2)" }

thread 'prop_delete_returns_none' panicked at tests/property_tests.rs:33:75:
called `Result::unwrap()` on an `Err` value: DatabaseNotFound { path: "No such file or directory (os error 2)" }

thread 'prop_delete_returns_none' panicked at tests/property_tests.rs:33:75:
called `Result::unwrap()` on an `Err` value: DatabaseNotFound { path: "No such file or directory (os error 2)" }

thread 'prop_delete_returns_none' panicked at tests/property_tests.rs:33:75:
called `Result::unwrap()` on an `Err` value: DatabaseNotFound { path: "No such file or directory (os error 2)" }

thread 'prop_delete_returns_none' panicked at tests/property_tests.rs:33:75:
called `Result::unwrap()` on an `Err` value: DatabaseNotFound { path: "No such file or directory (os error 2)" }

thread 'prop_delete_returns_none' panicked at tests/property_tests.rs:33:75:
called `Result::unwrap()` on an `Err` value: DatabaseNotFound { path: "No such file or directory (os error 2)" }

thread 'prop_delete_returns_none' panicked at tests/property_tests.rs:33:75:
called `Result::unwrap()` on an `Err` value: DatabaseNotFound { path: "No such file or directory (os error 2)" }

thread 'prop_delete_returns_none' panicked at tests/property_tests.rs:33:75:
called `Result::unwrap()` on an `Err` value: DatabaseNotFound { path: "No such file or directory (os error 2)" }

thread 'prop_delete_returns_none' panicked at tests/property_tests.rs:33:75:
called `Result::unwrap()` on an `Err` value: DatabaseNotFound { path: "No such file or directory (os error 2)" }

thread 'prop_delete_returns_none' panicked at tests/property_tests.rs:33:75:
called `Result::unwrap()` on an `Err` value: DatabaseNotFound { path: "No such file or directory (os error 2)" }

thread 'prop_delete_returns_none' panicked at tests/property_tests.rs:33:75:
called `Result::unwrap()` on an `Err` value: DatabaseNotFound { path: "No such file or directory (os error 2)" }

thread 'prop_delete_returns_none' panicked at tests/property_tests.rs:33:75:
called `Result::unwrap()` on an `Err` value: DatabaseNotFound { path: "No such file or directory (os error 2)" }

thread 'prop_delete_returns_none' panicked at tests/property_tests.rs:33:75:
called `Result::unwrap()` on an `Err` value: DatabaseNotFound { path: "No such file or directory (os error 2)" }

thread 'prop_delete_returns_none' panicked at tests/property_tests.rs:33:75:
called `Result::unwrap()` on an `Err` value: DatabaseNotFound { path: "No such file or directory (os error 2)" }

thread 'prop_delete_returns_none' panicked at tests/property_tests.rs:33:75:
called `Result::unwrap()` on an `Err` value: DatabaseNotFound { path: "No such file or directory (os error 2)" }

thread 'prop_delete_returns_none' panicked at tests/property_tests.rs:33:75:
called `Result::unwrap()` on an `Err` value: DatabaseNotFound { path: "No such file or directory (os error 2)" }

thread 'prop_delete_returns_none' panicked at tests/property_tests.rs:33:75:
called `Result::unwrap()` on an `Err` value: DatabaseNotFound { path: "No such file or directory (os error 2)" }

thread 'prop_delete_returns_none' panicked at tests/property_tests.rs:33:75:
called `Result::unwrap()` on an `Err` value: DatabaseNotFound { path: "No such file or directory (os error 2)" }

thread 'prop_delete_returns_none' panicked at tests/property_tests.rs:33:75:
called `Result::unwrap()` on an `Err` value: DatabaseNotFound { path: "No such file or directory (os error 2)" }

thread 'prop_delete_returns_none' panicked at tests/property_tests.rs:33:75:
called `Result::unwrap()` on an `Err` value: DatabaseNotFound { path: "No such file or directory (os error 2)" }

thread 'prop_delete_returns_none' panicked at tests/property_tests.rs:33:75:
called `Result::unwrap()` on an `Err` value: DatabaseNotFound { path: "No such file or directory (os error 2)" }

thread 'prop_delete_returns_none' panicked at tests/property_tests.rs:33:75:
called `Result::unwrap()` on an `Err` value: DatabaseNotFound { path: "No such file or directory (os error 2)" }

thread 'prop_delete_returns_none' panicked at tests/property_tests.rs:33:75:
called `Result::unwrap()` on an `Err` value: DatabaseNotFound { path: "No such file or directory (os error 2)" }

thread 'prop_delete_returns_none' panicked at tests/property_tests.rs:33:75:
called `Result::unwrap()` on an `Err` value: DatabaseNotFound { path: "No such file or directory (os error 2)" }

thread 'prop_delete_returns_none' panicked at tests/property_tests.rs:33:75:
called `Result::unwrap()` on an `Err` value: DatabaseNotFound { path: "No such file or directory (os error 2)" }

thread 'prop_delete_returns_none' panicked at tests/property_tests.rs:33:75:
called `Result::unwrap()` on an `Err` value: DatabaseNotFound { path: "No such file or directory (os error 2)" }

thread 'prop_delete_returns_none' panicked at tests/property_tests.rs:33:75:
called `Result::unwrap()` on an `Err` value: DatabaseNotFound { path: "No such file or directory (os error 2)" }

thread 'prop_delete_returns_none' panicked at tests/property_tests.rs:33:75:
called `Result::unwrap()` on an `Err` value: DatabaseNotFound { path: "No such file or directory (os error 2)" }

thread 'prop_delete_returns_none' panicked at tests/property_tests.rs:33:75:
called `Result::unwrap()` on an `Err` value: DatabaseNotFound { path: "No such file or directory (os error 2)" }

thread 'prop_delete_returns_none' panicked at tests/property_tests.rs:33:75:
called `Result::unwrap()` on an `Err` value: DatabaseNotFound { path: "No such file or directory (os error 2)" }

thread 'prop_delete_returns_none' panicked at tests/property_tests.rs:33:75:
called `Result::unwrap()` on an `Err` value: DatabaseNotFound { path: "No such file or directory (os error 2)" }

thread 'prop_delete_returns_none' panicked at tests/property_tests.rs:33:75:
called `Result::unwrap()` on an `Err` value: DatabaseNotFound { path: "No such file or directory (os error 2)" }

thread 'prop_delete_returns_none' panicked at tests/property_tests.rs:33:75:
called `Result::unwrap()` on an `Err` value: DatabaseNotFound { path: "No such file or directory (os error 2)" }

thread 'prop_delete_returns_none' panicked at tests/property_tests.rs:33:75:
called `Result::unwrap()` on an `Err` value: DatabaseNotFound { path: "No such file or directory (os error 2)" }

thread 'prop_delete_returns_none' panicked at tests/property_tests.rs:33:75:
called `Result::unwrap()` on an `Err` value: DatabaseNotFound { path: "No such file or directory (os error 2)" }

thread 'prop_delete_returns_none' panicked at tests/property_tests.rs:33:75:
called `Result::unwrap()` on an `Err` value: DatabaseNotFound { path: "No such file or directory (os error 2)" }

thread 'prop_delete_returns_none' panicked at tests/property_tests.rs:33:75:
called `Result::unwrap()` on an `Err` value: DatabaseNotFound { path: "No such file or directory (os error 2)" }

thread 'prop_delete_returns_none' panicked at tests/property_tests.rs:33:75:
called `Result::unwrap()` on an `Err` value: DatabaseNotFound { path: "No such file or directory (os error 2)" }

thread 'prop_delete_returns_none' panicked at tests/property_tests.rs:33:75:
called `Result::unwrap()` on an `Err` value: DatabaseNotFound { path: "No such file or directory (os error 2)" }

thread 'prop_delete_returns_none' panicked at tests/property_tests.rs:33:75:
called `Result::unwrap()` on an `Err` value: DatabaseNotFound { path: "No such file or directory (os error 2)" }

thread 'prop_delete_returns_none' panicked at tests/property_tests.rs:33:75:
called `Result::unwrap()` on an `Err` value: DatabaseNotFound { path: "No such file or directory (os error 2)" }

thread 'prop_delete_returns_none' panicked at tests/property_tests.rs:33:75:
called `Result::unwrap()` on an `Err` value: DatabaseNotFound { path: "No such file or directory (os error 2)" }

thread 'prop_delete_returns_none' panicked at tests/property_tests.rs:33:75:
called `Result::unwrap()` on an `Err` value: DatabaseNotFound { path: "No such file or directory (os error 2)" }

thread 'prop_delete_returns_none' panicked at tests/property_tests.rs:33:75:
called `Result::unwrap()` on an `Err` value: DatabaseNotFound { path: "No such file or directory (os error 2)" }

thread 'prop_delete_returns_none' panicked at tests/property_tests.rs:33:75:
called `Result::unwrap()` on an `Err` value: DatabaseNotFound { path: "No such file or directory (os error 2)" }

thread 'prop_delete_returns_none' panicked at tests/property_tests.rs:33:75:
called `Result::unwrap()` on an `Err` value: DatabaseNotFound { path: "No such file or directory (os error 2)" }

thread 'prop_delete_returns_none' panicked at tests/property_tests.rs:33:75:
called `Result::unwrap()` on an `Err` value: DatabaseNotFound { path: "No such file or directory (os error 2)" }

thread 'prop_delete_returns_none' panicked at tests/property_tests.rs:33:75:
called `Result::unwrap()` on an `Err` value: DatabaseNotFound { path: "No such file or directory (os error 2)" }

thread 'prop_delete_returns_none' panicked at tests/property_tests.rs:33:75:
called `Result::unwrap()` on an `Err` value: DatabaseNotFound { path: "No such file or directory (os error 2)" }

thread 'prop_delete_returns_none' panicked at tests/property_tests.rs:33:75:
called `Result::unwrap()` on an `Err` value: DatabaseNotFound { path: "No such file or directory (os error 2)" }

thread 'prop_delete_returns_none' panicked at tests/property_tests.rs:33:75:
called `Result::unwrap()` on an `Err` value: DatabaseNotFound { path: "No such file or directory (os error 2)" }

thread 'prop_delete_returns_none' panicked at tests/property_tests.rs:33:75:
called `Result::unwrap()` on an `Err` value: DatabaseNotFound { path: "No such file or directory (os error 2)" }

thread 'prop_delete_returns_none' panicked at tests/property_tests.rs:33:75:
called `Result::unwrap()` on an `Err` value: DatabaseNotFound { path: "No such file or directory (os error 2)" }

thread 'prop_delete_returns_none' panicked at tests/property_tests.rs:33:75:
called `Result::unwrap()` on an `Err` value: DatabaseNotFound { path: "No such file or directory (os error 2)" }

thread 'prop_delete_returns_none' panicked at tests/property_tests.rs:33:75:
called `Result::unwrap()` on an `Err` value: DatabaseNotFound { path: "No such file or directory (os error 2)" }

thread 'prop_delete_returns_none' panicked at tests/property_tests.rs:33:75:
called `Result::unwrap()` on an `Err` value: DatabaseNotFound { path: "No such file or directory (os error 2)" }

thread 'prop_delete_returns_none' panicked at tests/property_tests.rs:33:75:
called `Result::unwrap()` on an `Err` value: DatabaseNotFound { path: "No such file or directory (os error 2)" }

thread 'prop_delete_returns_none' panicked at tests/property_tests.rs:33:75:
called `Result::unwrap()` on an `Err` value: DatabaseNotFound { path: "No such file or directory (os error 2)" }

thread 'prop_delete_returns_none' panicked at tests/property_tests.rs:33:75:
called `Result::unwrap()` on an `Err` value: DatabaseNotFound { path: "No such file or directory (os error 2)" }

thread 'prop_delete_returns_none' panicked at tests/property_tests.rs:33:75:
called `Result::unwrap()` on an `Err` value: DatabaseNotFound { path: "No such file or directory (os error 2)" }

thread 'prop_delete_returns_none' panicked at tests/property_tests.rs:33:75:
called `Result::unwrap()` on an `Err` value: DatabaseNotFound { path: "No such file or directory (os error 2)" }

thread 'prop_delete_returns_none' panicked at tests/property_tests.rs:33:75:
called `Result::unwrap()` on an `Err` value: DatabaseNotFound { path: "No such file or directory (os error 2)" }

thread 'prop_delete_returns_none' panicked at tests/property_tests.rs:33:75:
called `Result::unwrap()` on an `Err` value: DatabaseNotFound { path: "No such file or directory (os error 2)" }

thread 'prop_delete_returns_none' panicked at tests/property_tests.rs:33:75:
called `Result::unwrap()` on an `Err` value: DatabaseNotFound { path: "No such file or directory (os error 2)" }

thread 'prop_delete_returns_none' panicked at tests/property_tests.rs:33:75:
called `Result::unwrap()` on an `Err` value: DatabaseNotFound { path: "No such file or directory (os error 2)" }

thread 'prop_delete_returns_none' panicked at tests/property_tests.rs:33:75:
called `Result::unwrap()` on an `Err` value: DatabaseNotFound { path: "No such file or directory (os error 2)" }

thread 'prop_delete_returns_none' panicked at tests/property_tests.rs:33:75:
called `Result::unwrap()` on an `Err` value: DatabaseNotFound { path: "No such file or directory (os error 2)" }

thread 'prop_delete_returns_none' panicked at tests/property_tests.rs:33:75:
called `Result::unwrap()` on an `Err` value: DatabaseNotFound { path: "No such file or directory (os error 2)" }

thread 'prop_delete_returns_none' panicked at tests/property_tests.rs:33:75:
called `Result::unwrap()` on an `Err` value: DatabaseNotFound { path: "No such file or directory (os error 2)" }

thread 'prop_delete_returns_none' panicked at tests/property_tests.rs:33:75:
called `Result::unwrap()` on an `Err` value: DatabaseNotFound { path: "No such file or directory (os error 2)" }

thread 'prop_delete_returns_none' panicked at tests/property_tests.rs:33:75:
called `Result::unwrap()` on an `Err` value: DatabaseNotFound { path: "No such file or directory (os error 2)" }

thread 'prop_delete_returns_none' panicked at tests/property_tests.rs:33:75:
called `Result::unwrap()` on an `Err` value: DatabaseNotFound { path: "No such file or directory (os error 2)" }

thread 'prop_delete_returns_none' panicked at tests/property_tests.rs:33:75:
called `Result::unwrap()` on an `Err` value: DatabaseNotFound { path: "No such file or directory (os error 2)" }

thread 'prop_delete_returns_none' panicked at tests/property_tests.rs:33:75:
called `Result::unwrap()` on an `Err` value: DatabaseNotFound { path: "No such file or directory (os error 2)" }

thread 'prop_delete_returns_none' panicked at tests/property_tests.rs:33:75:
called `Result::unwrap()` on an `Err` value: DatabaseNotFound { path: "No such file or directory (os error 2)" }

thread 'prop_delete_returns_none' panicked at tests/property_tests.rs:33:75:
called `Result::unwrap()` on an `Err` value: DatabaseNotFound { path: "No such file or directory (os error 2)" }

thread 'prop_delete_returns_none' panicked at tests/property_tests.rs:33:75:
called `Result::unwrap()` on an `Err` value: DatabaseNotFound { path: "No such file or directory (os error 2)" }

thread 'prop_delete_returns_none' panicked at tests/property_tests.rs:33:75:
called `Result::unwrap()` on an `Err` value: DatabaseNotFound { path: "No such file or directory (os error 2)" }

thread 'prop_delete_returns_none' panicked at tests/property_tests.rs:33:75:
called `Result::unwrap()` on an `Err` value: DatabaseNotFound { path: "No such file or directory (os error 2)" }

thread 'prop_delete_returns_none' panicked at tests/property_tests.rs:33:75:
called `Result::unwrap()` on an `Err` value: DatabaseNotFound { path: "No such file or directory (os error 2)" }

thread 'prop_delete_returns_none' panicked at tests/property_tests.rs:33:75:
called `Result::unwrap()` on an `Err` value: DatabaseNotFound { path: "No such file or directory (os error 2)" }

thread 'prop_delete_returns_none' panicked at tests/property_tests.rs:33:75:
called `Result::unwrap()` on an `Err` value: DatabaseNotFound { path: "No such file or directory (os error 2)" }

thread 'prop_delete_returns_none' panicked at tests/property_tests.rs:33:75:
called `Result::unwrap()` on an `Err` value: DatabaseNotFound { path: "No such file or directory (os error 2)" }

thread 'prop_delete_returns_none' panicked at tests/property_tests.rs:33:75:
called `Result::unwrap()` on an `Err` value: DatabaseNotFound { path: "No such file or directory (os error 2)" }

thread 'prop_delete_returns_none' panicked at tests/property_tests.rs:33:75:
called `Result::unwrap()` on an `Err` value: DatabaseNotFound { path: "No such file or directory (os error 2)" }

thread 'prop_delete_returns_none' panicked at tests/property_tests.rs:33:75:
called `Result::unwrap()` on an `Err` value: DatabaseNotFound { path: "No such file or directory (os error 2)" }

thread 'prop_delete_returns_none' panicked at tests/property_tests.rs:33:75:
called `Result::unwrap()` on an `Err` value: DatabaseNotFound { path: "No such file or directory (os error 2)" }

thread 'prop_delete_returns_none' panicked at tests/property_tests.rs:33:75:
called `Result::unwrap()` on an `Err` value: DatabaseNotFound { path: "No such file or directory (os error 2)" }

thread 'prop_delete_returns_none' panicked at tests/property_tests.rs:33:75:
called `Result::unwrap()` on an `Err` value: DatabaseNotFound { path: "No such file or directory (os error 2)" }

thread 'prop_delete_returns_none' panicked at tests/property_tests.rs:33:75:
called `Result::unwrap()` on an `Err` value: DatabaseNotFound { path: "No such file or directory (os error 2)" }

thread 'prop_delete_returns_none' panicked at tests/property_tests.rs:33:75:
called `Result::unwrap()` on an `Err` value: DatabaseNotFound { path: "No such file or directory (os error 2)" }

thread 'prop_delete_returns_none' panicked at tests/property_tests.rs:33:75:
called `Result::unwrap()` on an `Err` value: DatabaseNotFound { path: "No such file or directory (os error 2)" }

thread 'prop_delete_returns_none' panicked at tests/property_tests.rs:33:75:
called `Result::unwrap()` on an `Err` value: DatabaseNotFound { path: "No such file or directory (os error 2)" }

thread 'prop_delete_returns_none' panicked at tests/property_tests.rs:33:75:
called `Result::unwrap()` on an `Err` value: DatabaseNotFound { path: "No such file or directory (os error 2)" }

thread 'prop_delete_returns_none' panicked at tests/property_tests.rs:33:75:
called `Result::unwrap()` on an `Err` value: DatabaseNotFound { path: "No such file or directory (os error 2)" }

thread 'prop_delete_returns_none' panicked at tests/property_tests.rs:33:75:
called `Result::unwrap()` on an `Err` value: DatabaseNotFound { path: "No such file or directory (os error 2)" }

thread 'prop_delete_returns_none' panicked at tests/property_tests.rs:33:75:
called `Result::unwrap()` on an `Err` value: DatabaseNotFound { path: "No such file or directory (os error 2)" }

thread 'prop_delete_returns_none' panicked at tests/property_tests.rs:33:75:
called `Result::unwrap()` on an `Err` value: DatabaseNotFound { path: "No such file or directory (os error 2)" }

thread 'prop_delete_returns_none' panicked at tests/property_tests.rs:33:75:
called `Result::unwrap()` on an `Err` value: DatabaseNotFound { path: "No such file or directory (os error 2)" }

thread 'prop_delete_returns_none' panicked at tests/property_tests.rs:33:75:
called `Result::unwrap()` on an `Err` value: DatabaseNotFound { path: "No such file or directory (os error 2)" }

thread 'prop_delete_returns_none' panicked at tests/property_tests.rs:33:75:
called `Result::unwrap()` on an `Err` value: DatabaseNotFound { path: "No such file or directory (os error 2)" }

thread 'prop_delete_returns_none' panicked at tests/property_tests.rs:33:75:
called `Result::unwrap()` on an `Err` value: DatabaseNotFound { path: "No such file or directory (os error 2)" }

thread 'prop_delete_returns_none' panicked at tests/property_tests.rs:33:75:
called `Result::unwrap()` on an `Err` value: DatabaseNotFound { path: "No such file or directory (os error 2)" }

thread 'prop_delete_returns_none' panicked at tests/property_tests.rs:33:75:
called `Result::unwrap()` on an `Err` value: DatabaseNotFound { path: "No such file or directory (os error 2)" }

thread 'prop_delete_returns_none' panicked at tests/property_tests.rs:33:75:
called `Result::unwrap()` on an `Err` value: DatabaseNotFound { path: "No such file or directory (os error 2)" }

thread 'prop_delete_returns_none' panicked at tests/property_tests.rs:33:75:
called `Result::unwrap()` on an `Err` value: DatabaseNotFound { path: "No such file or directory (os error 2)" }

thread 'prop_delete_returns_none' panicked at tests/property_tests.rs:33:75:
called `Result::unwrap()` on an `Err` value: DatabaseNotFound { path: "No such file or directory (os error 2)" }

thread 'prop_delete_returns_none' panicked at tests/property_tests.rs:33:75:
called `Result::unwrap()` on an `Err` value: DatabaseNotFound { path: "No such file or directory (os error 2)" }

thread 'prop_delete_returns_none' panicked at tests/property_tests.rs:33:75:
called `Result::unwrap()` on an `Err` value: DatabaseNotFound { path: "No such file or directory (os error 2)" }

thread 'prop_delete_returns_none' panicked at tests/property_tests.rs:33:75:
called `Result::unwrap()` on an `Err` value: DatabaseNotFound { path: "No such file or directory (os error 2)" }

thread 'prop_delete_returns_none' panicked at tests/property_tests.rs:33:75:
called `Result::unwrap()` on an `Err` value: DatabaseNotFound { path: "No such file or directory (os error 2)" }

thread 'prop_delete_returns_none' panicked at tests/property_tests.rs:33:75:
called `Result::unwrap()` on an `Err` value: DatabaseNotFound { path: "No such file or directory (os error 2)" }

thread 'prop_delete_returns_none' panicked at tests/property_tests.rs:33:75:
called `Result::unwrap()` on an `Err` value: DatabaseNotFound { path: "No such file or directory (os error 2)" }

thread 'prop_delete_returns_none' panicked at tests/property_tests.rs:33:75:
called `Result::unwrap()` on an `Err` value: DatabaseNotFound { path: "No such file or directory (os error 2)" }

thread 'prop_delete_returns_none' panicked at tests/property_tests.rs:33:75:
called `Result::unwrap()` on an `Err` value: DatabaseNotFound { path: "No such file or directory (os error 2)" }

thread 'prop_delete_returns_none' panicked at tests/property_tests.rs:33:75:
called `Result::unwrap()` on an `Err` value: DatabaseNotFound { path: "No such file or directory (os error 2)" }

thread 'prop_delete_returns_none' panicked at tests/property_tests.rs:33:75:
called `Result::unwrap()` on an `Err` value: DatabaseNotFound { path: "No such file or directory (os error 2)" }

thread 'prop_delete_returns_none' panicked at tests/property_tests.rs:33:75:
called `Result::unwrap()` on an `Err` value: DatabaseNotFound { path: "No such file or directory (os error 2)" }

thread 'prop_delete_returns_none' panicked at tests/property_tests.rs:33:75:
called `Result::unwrap()` on an `Err` value: DatabaseNotFound { path: "No such file or directory (os error 2)" }

thread 'prop_delete_returns_none' panicked at tests/property_tests.rs:33:75:
called `Result::unwrap()` on an `Err` value: DatabaseNotFound { path: "No such file or directory (os error 2)" }

thread 'prop_delete_returns_none' panicked at tests/property_tests.rs:33:75:
called `Result::unwrap()` on an `Err` value: DatabaseNotFound { path: "No such file or directory (os error 2)" }

thread 'prop_delete_returns_none' panicked at tests/property_tests.rs:33:75:
called `Result::unwrap()` on an `Err` value: DatabaseNotFound { path: "No such file or directory (os error 2)" }

thread 'prop_delete_returns_none' panicked at tests/property_tests.rs:33:75:
called `Result::unwrap()` on an `Err` value: DatabaseNotFound { path: "No such file or directory (os error 2)" }

thread 'prop_delete_returns_none' panicked at tests/property_tests.rs:33:75:
called `Result::unwrap()` on an `Err` value: DatabaseNotFound { path: "No such file or directory (os error 2)" }

thread 'prop_delete_returns_none' panicked at tests/property_tests.rs:33:75:
called `Result::unwrap()` on an `Err` value: DatabaseNotFound { path: "No such file or directory (os error 2)" }

thread 'prop_delete_returns_none' panicked at tests/property_tests.rs:33:75:
called `Result::unwrap()` on an `Err` value: DatabaseNotFound { path: "No such file or directory (os error 2)" }

thread 'prop_delete_returns_none' panicked at tests/property_tests.rs:33:75:
called `Result::unwrap()` on an `Err` value: DatabaseNotFound { path: "No such file or directory (os error 2)" }

thread 'prop_delete_returns_none' panicked at tests/property_tests.rs:33:75:
called `Result::unwrap()` on an `Err` value: DatabaseNotFound { path: "No such file or directory (os error 2)" }

thread 'prop_delete_returns_none' panicked at tests/property_tests.rs:33:75:
called `Result::unwrap()` on an `Err` value: DatabaseNotFound { path: "No such file or directory (os error 2)" }

thread 'prop_delete_returns_none' panicked at tests/property_tests.rs:33:75:
called `Result::unwrap()` on an `Err` value: DatabaseNotFound { path: "No such file or directory (os error 2)" }

thread 'prop_delete_returns_none' panicked at tests/property_tests.rs:33:75:
called `Result::unwrap()` on an `Err` value: DatabaseNotFound { path: "No such file or directory (os error 2)" }

thread 'prop_delete_returns_none' panicked at tests/property_tests.rs:33:75:
called `Result::unwrap()` on an `Err` value: DatabaseNotFound { path: "No such file or directory (os error 2)" }

thread 'prop_delete_returns_none' panicked at tests/property_tests.rs:33:75:
called `Result::unwrap()` on an `Err` value: DatabaseNotFound { path: "No such file or directory (os error 2)" }

thread 'prop_delete_returns_none' panicked at tests/property_tests.rs:33:75:
called `Result::unwrap()` on an `Err` value: DatabaseNotFound { path: "No such file or directory (os error 2)" }

thread 'prop_delete_returns_none' panicked at tests/property_tests.rs:33:75:
called `Result::unwrap()` on an `Err` value: DatabaseNotFound { path: "No such file or directory (os error 2)" }

thread 'prop_delete_returns_none' panicked at tests/property_tests.rs:33:75:
called `Result::unwrap()` on an `Err` value: DatabaseNotFound { path: "No such file or directory (os error 2)" }

thread 'prop_delete_returns_none' panicked at tests/property_tests.rs:33:75:
called `Result::unwrap()` on an `Err` value: DatabaseNotFound { path: "No such file or directory (os error 2)" }

thread 'prop_delete_returns_none' panicked at tests/property_tests.rs:33:75:
called `Result::unwrap()` on an `Err` value: DatabaseNotFound { path: "No such file or directory (os error 2)" }

thread 'prop_delete_returns_none' panicked at tests/property_tests.rs:33:75:
called `Result::unwrap()` on an `Err` value: DatabaseNotFound { path: "No such file or directory (os error 2)" }

thread 'prop_delete_returns_none' panicked at tests/property_tests.rs:33:75:
called `Result::unwrap()` on an `Err` value: DatabaseNotFound { path: "No such file or directory (os error 2)" }

thread 'prop_delete_returns_none' panicked at tests/property_tests.rs:33:75:
called `Result::unwrap()` on an `Err` value: DatabaseNotFound { path: "No such file or directory (os error 2)" }

thread 'prop_delete_returns_none' panicked at tests/property_tests.rs:33:75:
called `Result::unwrap()` on an `Err` value: DatabaseNotFound { path: "No such file or directory (os error 2)" }

thread 'prop_delete_returns_none' panicked at tests/property_tests.rs:33:75:
called `Result::unwrap()` on an `Err` value: DatabaseNotFound { path: "No such file or directory (os error 2)" }

thread 'prop_delete_returns_none' panicked at tests/property_tests.rs:33:75:
called `Result::unwrap()` on an `Err` value: DatabaseNotFound { path: "No such file or directory (os error 2)" }

thread 'prop_delete_returns_none' panicked at tests/property_tests.rs:33:75:
called `Result::unwrap()` on an `Err` value: DatabaseNotFound { path: "No such file or directory (os error 2)" }

thread 'prop_delete_returns_none' panicked at tests/property_tests.rs:33:75:
called `Result::unwrap()` on an `Err` value: DatabaseNotFound { path: "No such file or directory (os error 2)" }

thread 'prop_delete_returns_none' panicked at tests/property_tests.rs:33:75:
called `Result::unwrap()` on an `Err` value: DatabaseNotFound { path: "No such file or directory (os error 2)" }

thread 'prop_delete_returns_none' panicked at tests/property_tests.rs:33:75:
called `Result::unwrap()` on an `Err` value: DatabaseNotFound { path: "No such file or directory (os error 2)" }

thread 'prop_delete_returns_none' panicked at tests/property_tests.rs:33:75:
called `Result::unwrap()` on an `Err` value: DatabaseNotFound { path: "No such file or directory (os error 2)" }

thread 'prop_delete_returns_none' panicked at tests/property_tests.rs:33:75:
called `Result::unwrap()` on an `Err` value: DatabaseNotFound { path: "No such file or directory (os error 2)" }

thread 'prop_delete_returns_none' panicked at tests/property_tests.rs:33:75:
called `Result::unwrap()` on an `Err` value: DatabaseNotFound { path: "No such file or directory (os error 2)" }

thread 'prop_delete_returns_none' panicked at tests/property_tests.rs:33:75:
called `Result::unwrap()` on an `Err` value: DatabaseNotFound { path: "No such file or directory (os error 2)" }

thread 'prop_delete_returns_none' panicked at tests/property_tests.rs:33:75:
called `Result::unwrap()` on an `Err` value: DatabaseNotFound { path: "No such file or directory (os error 2)" }

thread 'prop_delete_returns_none' panicked at tests/property_tests.rs:33:75:
called `Result::unwrap()` on an `Err` value: DatabaseNotFound { path: "No such file or directory (os error 2)" }

thread 'prop_delete_returns_none' panicked at tests/property_tests.rs:33:75:
called `Result::unwrap()` on an `Err` value: DatabaseNotFound { path: "No such file or directory (os error 2)" }

thread 'prop_delete_returns_none' panicked at tests/property_tests.rs:33:75:
called `Result::unwrap()` on an `Err` value: DatabaseNotFound { path: "No such file or directory (os error 2)" }

thread 'prop_delete_returns_none' panicked at tests/property_tests.rs:33:75:
called `Result::unwrap()` on an `Err` value: DatabaseNotFound { path: "No such file or directory (os error 2)" }

thread 'prop_delete_returns_none' panicked at tests/property_tests.rs:33:75:
called `Result::unwrap()` on an `Err` value: DatabaseNotFound { path: "No such file or directory (os error 2)" }

thread 'prop_delete_returns_none' panicked at tests/property_tests.rs:33:75:
called `Result::unwrap()` on an `Err` value: DatabaseNotFound { path: "No such file or directory (os error 2)" }

thread 'prop_delete_returns_none' panicked at tests/property_tests.rs:33:75:
called `Result::unwrap()` on an `Err` value: DatabaseNotFound { path: "No such file or directory (os error 2)" }

thread 'prop_delete_returns_none' panicked at tests/property_tests.rs:33:75:
called `Result::unwrap()` on an `Err` value: DatabaseNotFound { path: "No such file or directory (os error 2)" }

thread 'prop_delete_returns_none' panicked at tests/property_tests.rs:33:75:
called `Result::unwrap()` on an `Err` value: DatabaseNotFound { path: "No such file or directory (os error 2)" }

thread 'prop_delete_returns_none' panicked at tests/property_tests.rs:33:75:
called `Result::unwrap()` on an `Err` value: DatabaseNotFound { path: "No such file or directory (os error 2)" }

thread 'prop_delete_returns_none' panicked at tests/property_tests.rs:33:75:
called `Result::unwrap()` on an `Err` value: DatabaseNotFound { path: "No such file or directory (os error 2)" }

thread 'prop_delete_returns_none' panicked at tests/property_tests.rs:33:75:
called `Result::unwrap()` on an `Err` value: DatabaseNotFound { path: "No such file or directory (os error 2)" }

thread 'prop_delete_returns_none' panicked at tests/property_tests.rs:33:75:
called `Result::unwrap()` on an `Err` value: DatabaseNotFound { path: "No such file or directory (os error 2)" }

thread 'prop_delete_returns_none' panicked at tests/property_tests.rs:33:75:
called `Result::unwrap()` on an `Err` value: DatabaseNotFound { path: "No such file or directory (os error 2)" }

thread 'prop_delete_returns_none' panicked at tests/property_tests.rs:33:75:
called `Result::unwrap()` on an `Err` value: DatabaseNotFound { path: "No such file or directory (os error 2)" }

thread 'prop_delete_returns_none' panicked at tests/property_tests.rs:33:75:
called `Result::unwrap()` on an `Err` value: DatabaseNotFound { path: "No such file or directory (os error 2)" }

thread 'prop_delete_returns_none' panicked at tests/property_tests.rs:33:75:
called `Result::unwrap()` on an `Err` value: DatabaseNotFound { path: "No such file or directory (os error 2)" }

thread 'prop_delete_returns_none' panicked at tests/property_tests.rs:33:75:
called `Result::unwrap()` on an `Err` value: DatabaseNotFound { path: "No such file or directory (os error 2)" }

thread 'prop_delete_returns_none' panicked at tests/property_tests.rs:33:75:
called `Result::unwrap()` on an `Err` value: DatabaseNotFound { path: "No such file or directory (os error 2)" }

thread 'prop_delete_returns_none' panicked at tests/property_tests.rs:33:75:
called `Result::unwrap()` on an `Err` value: DatabaseNotFound { path: "No such file or directory (os error 2)" }

thread 'prop_delete_returns_none' panicked at tests/property_tests.rs:33:75:
called `Result::unwrap()` on an `Err` value: DatabaseNotFound { path: "No such file or directory (os error 2)" }

thread 'prop_delete_returns_none' panicked at tests/property_tests.rs:33:75:
called `Result::unwrap()` on an `Err` value: DatabaseNotFound { path: "No such file or directory (os error 2)" }

thread 'prop_delete_returns_none' panicked at tests/property_tests.rs:33:75:
called `Result::unwrap()` on an `Err` value: DatabaseNotFound { path: "No such file or directory (os error 2)" }

thread 'prop_delete_returns_none' panicked at tests/property_tests.rs:33:75:
called `Result::unwrap()` on an `Err` value: DatabaseNotFound { path: "No such file or directory (os error 2)" }

thread 'prop_delete_returns_none' panicked at tests/property_tests.rs:33:75:
called `Result::unwrap()` on an `Err` value: DatabaseNotFound { path: "No such file or directory (os error 2)" }

thread 'prop_delete_returns_none' panicked at tests/property_tests.rs:33:75:
called `Result::unwrap()` on an `Err` value: DatabaseNotFound { path: "No such file or directory (os error 2)" }

thread 'prop_delete_returns_none' panicked at tests/property_tests.rs:33:75:
called `Result::unwrap()` on an `Err` value: DatabaseNotFound { path: "No such file or directory (os error 2)" }

thread 'prop_delete_returns_none' panicked at tests/property_tests.rs:33:75:
called `Result::unwrap()` on an `Err` value: DatabaseNotFound { path: "No such file or directory (os error 2)" }

thread 'prop_delete_returns_none' panicked at tests/property_tests.rs:33:75:
called `Result::unwrap()` on an `Err` value: DatabaseNotFound { path: "No such file or directory (os error 2)" }

thread 'prop_delete_returns_none' panicked at tests/property_tests.rs:33:75:
called `Result::unwrap()` on an `Err` value: DatabaseNotFound { path: "No such file or directory (os error 2)" }

thread 'prop_delete_returns_none' panicked at tests/property_tests.rs:33:75:
called `Result::unwrap()` on an `Err` value: DatabaseNotFound { path: "No such file or directory (os error 2)" }

thread 'prop_delete_returns_none' panicked at tests/property_tests.rs:33:75:
called `Result::unwrap()` on an `Err` value: DatabaseNotFound { path: "No such file or directory (os error 2)" }

thread 'prop_delete_returns_none' panicked at tests/property_tests.rs:33:75:
called `Result::unwrap()` on an `Err` value: DatabaseNotFound { path: "No such file or directory (os error 2)" }

thread 'prop_delete_returns_none' panicked at tests/property_tests.rs:33:75:
called `Result::unwrap()` on an `Err` value: DatabaseNotFound { path: "No such file or directory (os error 2)" }

thread 'prop_delete_returns_none' panicked at tests/property_tests.rs:33:75:
called `Result::unwrap()` on an `Err` value: DatabaseNotFound { path: "No such file or directory (os error 2)" }

thread 'prop_delete_returns_none' panicked at tests/property_tests.rs:33:75:
called `Result::unwrap()` on an `Err` value: DatabaseNotFound { path: "No such file or directory (os error 2)" }

thread 'prop_delete_returns_none' panicked at tests/property_tests.rs:33:75:
called `Result::unwrap()` on an `Err` value: DatabaseNotFound { path: "No such file or directory (os error 2)" }

thread 'prop_delete_returns_none' panicked at tests/property_tests.rs:33:75:
called `Result::unwrap()` on an `Err` value: DatabaseNotFound { path: "No such file or directory (os error 2)" }

thread 'prop_delete_returns_none' panicked at tests/property_tests.rs:33:75:
called `Result::unwrap()` on an `Err` value: DatabaseNotFound { path: "No such file or directory (os error 2)" }

thread 'prop_delete_returns_none' panicked at tests/property_tests.rs:33:75:
called `Result::unwrap()` on an `Err` value: DatabaseNotFound { path: "No such file or directory (os error 2)" }

thread 'prop_delete_returns_none' panicked at tests/property_tests.rs:33:75:
called `Result::unwrap()` on an `Err` value: DatabaseNotFound { path: "No such file or directory (os error 2)" }

thread 'prop_delete_returns_none' panicked at tests/property_tests.rs:33:75:
called `Result::unwrap()` on an `Err` value: DatabaseNotFound { path: "No such file or directory (os error 2)" }

thread 'prop_delete_returns_none' panicked at tests/property_tests.rs:33:75:
called `Result::unwrap()` on an `Err` value: DatabaseNotFound { path: "No such file or directory (os error 2)" }

thread 'prop_delete_returns_none' panicked at tests/property_tests.rs:33:75:
called `Result::unwrap()` on an `Err` value: DatabaseNotFound { path: "No such file or directory (os error 2)" }

thread 'prop_delete_returns_none' panicked at tests/property_tests.rs:33:75:
called `Result::unwrap()` on an `Err` value: DatabaseNotFound { path: "No such file or directory (os error 2)" }

thread 'prop_delete_returns_none' panicked at tests/property_tests.rs:33:75:
called `Result::unwrap()` on an `Err` value: DatabaseNotFound { path: "No such file or directory (os error 2)" }

thread 'prop_delete_returns_none' panicked at tests/property_tests.rs:33:75:
called `Result::unwrap()` on an `Err` value: DatabaseNotFound { path: "No such file or directory (os error 2)" }

thread 'prop_delete_returns_none' panicked at tests/property_tests.rs:33:75:
called `Result::unwrap()` on an `Err` value: DatabaseNotFound { path: "No such file or directory (os error 2)" }

thread 'prop_delete_returns_none' panicked at tests/property_tests.rs:33:75:
called `Result::unwrap()` on an `Err` value: DatabaseNotFound { path: "No such file or directory (os error 2)" }

thread 'prop_delete_returns_none' panicked at tests/property_tests.rs:33:75:
called `Result::unwrap()` on an `Err` value: DatabaseNotFound { path: "No such file or directory (os error 2)" }

thread 'prop_delete_returns_none' panicked at tests/property_tests.rs:33:75:
called `Result::unwrap()` on an `Err` value: DatabaseNotFound { path: "No such file or directory (os error 2)" }

thread 'prop_delete_returns_none' panicked at tests/property_tests.rs:33:75:
called `Result::unwrap()` on an `Err` value: DatabaseNotFound { path: "No such file or directory (os error 2)" }

thread 'prop_delete_returns_none' panicked at tests/property_tests.rs:33:75:
called `Result::unwrap()` on an `Err` value: DatabaseNotFound { path: "No such file or directory (os error 2)" }

thread 'prop_delete_returns_none' panicked at tests/property_tests.rs:33:75:
called `Result::unwrap()` on an `Err` value: DatabaseNotFound { path: "No such file or directory (os error 2)" }

thread 'prop_delete_returns_none' panicked at tests/property_tests.rs:33:75:
called `Result::unwrap()` on an `Err` value: DatabaseNotFound { path: "No such file or directory (os error 2)" }

thread 'prop_delete_returns_none' panicked at tests/property_tests.rs:33:75:
called `Result::unwrap()` on an `Err` value: DatabaseNotFound { path: "No such file or directory (os error 2)" }

thread 'prop_delete_returns_none' panicked at tests/property_tests.rs:33:75:
called `Result::unwrap()` on an `Err` value: DatabaseNotFound { path: "No such file or directory (os error 2)" }

thread 'prop_delete_returns_none' panicked at tests/property_tests.rs:33:75:
called `Result::unwrap()` on an `Err` value: DatabaseNotFound { path: "No such file or directory (os error 2)" }

thread 'prop_delete_returns_none' panicked at tests/property_tests.rs:33:75:
called `Result::unwrap()` on an `Err` value: DatabaseNotFound { path: "No such file or directory (os error 2)" }

thread 'prop_delete_returns_none' panicked at tests/property_tests.rs:33:75:
called `Result::unwrap()` on an `Err` value: DatabaseNotFound { path: "No such file or directory (os error 2)" }

thread 'prop_delete_returns_none' panicked at tests/property_tests.rs:33:75:
called `Result::unwrap()` on an `Err` value: DatabaseNotFound { path: "No such file or directory (os error 2)" }

thread 'prop_delete_returns_none' panicked at tests/property_tests.rs:33:75:
called `Result::unwrap()` on an `Err` value: DatabaseNotFound { path: "No such file or directory (os error 2)" }

thread 'prop_delete_returns_none' panicked at tests/property_tests.rs:33:75:
called `Result::unwrap()` on an `Err` value: DatabaseNotFound { path: "No such file or directory (os error 2)" }

thread 'prop_delete_returns_none' panicked at tests/property_tests.rs:33:75:
called `Result::unwrap()` on an `Err` value: DatabaseNotFound { path: "No such file or directory (os error 2)" }

thread 'prop_delete_returns_none' panicked at tests/property_tests.rs:33:75:
called `Result::unwrap()` on an `Err` value: DatabaseNotFound { path: "No such file or directory (os error 2)" }

thread 'prop_delete_returns_none' panicked at tests/property_tests.rs:33:75:
called `Result::unwrap()` on an `Err` value: DatabaseNotFound { path: "No such file or directory (os error 2)" }

thread 'prop_delete_returns_none' panicked at tests/property_tests.rs:33:75:
called `Result::unwrap()` on an `Err` value: DatabaseNotFound { path: "No such file or directory (os error 2)" }

thread 'prop_delete_returns_none' panicked at tests/property_tests.rs:33:75:
called `Result::unwrap()` on an `Err` value: DatabaseNotFound { path: "No such file or directory (os error 2)" }

thread 'prop_delete_returns_none' panicked at tests/property_tests.rs:33:75:
called `Result::unwrap()` on an `Err` value: DatabaseNotFound { path: "No such file or directory (os error 2)" }

thread 'prop_delete_returns_none' panicked at tests/property_tests.rs:33:75:
called `Result::unwrap()` on an `Err` value: DatabaseNotFound { path: "No such file or directory (os error 2)" }

thread 'prop_delete_returns_none' panicked at tests/property_tests.rs:33:75:
called `Result::unwrap()` on an `Err` value: DatabaseNotFound { path: "No such file or directory (os error 2)" }

thread 'prop_delete_returns_none' panicked at tests/property_tests.rs:33:75:
called `Result::unwrap()` on an `Err` value: DatabaseNotFound { path: "No such file or directory (os error 2)" }

thread 'prop_delete_returns_none' panicked at tests/property_tests.rs:33:75:
called `Result::unwrap()` on an `Err` value: DatabaseNotFound { path: "No such file or directory (os error 2)" }

thread 'prop_delete_returns_none' panicked at tests/property_tests.rs:33:75:
called `Result::unwrap()` on an `Err` value: DatabaseNotFound { path: "No such file or directory (os error 2)" }

thread 'prop_delete_returns_none' panicked at tests/property_tests.rs:33:75:
called `Result::unwrap()` on an `Err` value: DatabaseNotFound { path: "No such file or directory (os error 2)" }

thread 'prop_delete_returns_none' panicked at tests/property_tests.rs:33:75:
called `Result::unwrap()` on an `Err` value: DatabaseNotFound { path: "No such file or directory (os error 2)" }

thread 'prop_delete_returns_none' panicked at tests/property_tests.rs:33:75:
called `Result::unwrap()` on an `Err` value: DatabaseNotFound { path: "No such file or directory (os error 2)" }

thread 'prop_delete_returns_none' panicked at tests/property_tests.rs:33:75:
called `Result::unwrap()` on an `Err` value: DatabaseNotFound { path: "No such file or directory (os error 2)" }

thread 'prop_delete_returns_none' panicked at tests/property_tests.rs:33:75:
called `Result::unwrap()` on an `Err` value: DatabaseNotFound { path: "No such file or directory (os error 2)" }

thread 'prop_delete_returns_none' panicked at tests/property_tests.rs:33:75:
called `Result::unwrap()` on an `Err` value: DatabaseNotFound { path: "No such file or directory (os error 2)" }

thread 'prop_delete_returns_none' panicked at tests/property_tests.rs:33:75:
called `Result::unwrap()` on an `Err` value: DatabaseNotFound { path: "No such file or directory (os error 2)" }

thread 'prop_delete_returns_none' panicked at tests/property_tests.rs:33:75:
called `Result::unwrap()` on an `Err` value: DatabaseNotFound { path: "No such file or directory (os error 2)" }

thread 'prop_delete_returns_none' panicked at tests/property_tests.rs:33:75:
called `Result::unwrap()` on an `Err` value: DatabaseNotFound { path: "No such file or directory (os error 2)" }

thread 'prop_delete_returns_none' panicked at tests/property_tests.rs:33:75:
called `Result::unwrap()` on an `Err` value: DatabaseNotFound { path: "No such file or directory (os error 2)" }

thread 'prop_delete_returns_none' panicked at tests/property_tests.rs:33:75:
called `Result::unwrap()` on an `Err` value: DatabaseNotFound { path: "No such file or directory (os error 2)" }

thread 'prop_delete_returns_none' panicked at tests/property_tests.rs:33:75:
called `Result::unwrap()` on an `Err` value: DatabaseNotFound { path: "No such file or directory (os error 2)" }

thread 'prop_delete_returns_none' panicked at tests/property_tests.rs:33:75:
called `Result::unwrap()` on an `Err` value: DatabaseNotFound { path: "No such file or directory (os error 2)" }

thread 'prop_delete_returns_none' panicked at tests/property_tests.rs:33:75:
called `Result::unwrap()` on an `Err` value: DatabaseNotFound { path: "No such file or directory (os error 2)" }

thread 'prop_delete_returns_none' panicked at tests/property_tests.rs:33:75:
called `Result::unwrap()` on an `Err` value: DatabaseNotFound { path: "No such file or directory (os error 2)" }

thread 'prop_delete_returns_none' panicked at tests/property_tests.rs:33:75:
called `Result::unwrap()` on an `Err` value: DatabaseNotFound { path: "No such file or directory (os error 2)" }

thread 'prop_delete_returns_none' panicked at tests/property_tests.rs:33:75:
called `Result::unwrap()` on an `Err` value: DatabaseNotFound { path: "No such file or directory (os error 2)" }

thread 'prop_delete_returns_none' panicked at tests/property_tests.rs:33:75:
called `Result::unwrap()` on an `Err` value: DatabaseNotFound { path: "No such file or directory (os error 2)" }

thread 'prop_delete_returns_none' panicked at tests/property_tests.rs:33:75:
called `Result::unwrap()` on an `Err` value: DatabaseNotFound { path: "No such file or directory (os error 2)" }

thread 'prop_delete_returns_none' panicked at tests/property_tests.rs:33:75:
called `Result::unwrap()` on an `Err` value: DatabaseNotFound { path: "No such file or directory (os error 2)" }

thread 'prop_delete_returns_none' panicked at tests/property_tests.rs:33:75:
called `Result::unwrap()` on an `Err` value: DatabaseNotFound { path: "No such file or directory (os error 2)" }

thread 'prop_delete_returns_none' panicked at tests/property_tests.rs:33:75:
called `Result::unwrap()` on an `Err` value: DatabaseNotFound { path: "No such file or directory (os error 2)" }

thread 'prop_delete_returns_none' panicked at tests/property_tests.rs:33:75:
called `Result::unwrap()` on an `Err` value: DatabaseNotFound { path: "No such file or directory (os error 2)" }

thread 'prop_delete_returns_none' panicked at tests/property_tests.rs:33:75:
called `Result::unwrap()` on an `Err` value: DatabaseNotFound { path: "No such file or directory (os error 2)" }

thread 'prop_delete_returns_none' panicked at tests/property_tests.rs:33:75:
called `Result::unwrap()` on an `Err` value: DatabaseNotFound { path: "No such file or directory (os error 2)" }

thread 'prop_delete_returns_none' panicked at tests/property_tests.rs:33:75:
called `Result::unwrap()` on an `Err` value: DatabaseNotFound { path: "No such file or directory (os error 2)" }

thread 'prop_delete_returns_none' panicked at tests/property_tests.rs:33:75:
called `Result::unwrap()` on an `Err` value: DatabaseNotFound { path: "No such file or directory (os error 2)" }

thread 'prop_delete_returns_none' panicked at tests/property_tests.rs:33:75:
called `Result::unwrap()` on an `Err` value: DatabaseNotFound { path: "No such file or directory (os error 2)" }

thread 'prop_delete_returns_none' panicked at tests/property_tests.rs:33:75:
called `Result::unwrap()` on an `Err` value: DatabaseNotFound { path: "No such file or directory (os error 2)" }

thread 'prop_delete_returns_none' panicked at tests/property_tests.rs:33:75:
called `Result::unwrap()` on an `Err` value: DatabaseNotFound { path: "No such file or directory (os error 2)" }

thread 'prop_delete_returns_none' panicked at tests/property_tests.rs:33:75:
called `Result::unwrap()` on an `Err` value: DatabaseNotFound { path: "No such file or directory (os error 2)" }

thread 'prop_delete_returns_none' panicked at tests/property_tests.rs:33:75:
called `Result::unwrap()` on an `Err` value: DatabaseNotFound { path: "No such file or directory (os error 2)" }

thread 'prop_delete_returns_none' panicked at tests/property_tests.rs:33:75:
called `Result::unwrap()` on an `Err` value: DatabaseNotFound { path: "No such file or directory (os error 2)" }

thread 'prop_delete_returns_none' panicked at tests/property_tests.rs:33:75:
called `Result::unwrap()` on an `Err` value: DatabaseNotFound { path: "No such file or directory (os error 2)" }

thread 'prop_delete_returns_none' panicked at tests/property_tests.rs:33:75:
called `Result::unwrap()` on an `Err` value: DatabaseNotFound { path: "No such file or directory (os error 2)" }

thread 'prop_delete_returns_none' panicked at tests/property_tests.rs:33:75:
called `Result::unwrap()` on an `Err` value: DatabaseNotFound { path: "No such file or directory (os error 2)" }

thread 'prop_delete_returns_none' panicked at tests/property_tests.rs:33:75:
called `Result::unwrap()` on an `Err` value: DatabaseNotFound { path: "No such file or directory (os error 2)" }

thread 'prop_delete_returns_none' panicked at tests/property_tests.rs:33:75:
called `Result::unwrap()` on an `Err` value: DatabaseNotFound { path: "No such file or directory (os error 2)" }

thread 'prop_delete_returns_none' panicked at tests/property_tests.rs:33:75:
called `Result::unwrap()` on an `Err` value: DatabaseNotFound { path: "No such file or directory (os error 2)" }

thread 'prop_delete_returns_none' panicked at tests/property_tests.rs:33:75:
called `Result::unwrap()` on an `Err` value: DatabaseNotFound { path: "No such file or directory (os error 2)" }

thread 'prop_delete_returns_none' panicked at tests/property_tests.rs:33:75:
called `Result::unwrap()` on an `Err` value: DatabaseNotFound { path: "No such file or directory (os error 2)" }

thread 'prop_delete_returns_none' panicked at tests/property_tests.rs:33:75:
called `Result::unwrap()` on an `Err` value: DatabaseNotFound { path: "No such file or directory (os error 2)" }

thread 'prop_delete_returns_none' panicked at tests/property_tests.rs:33:75:
called `Result::unwrap()` on an `Err` value: DatabaseNotFound { path: "No such file or directory (os error 2)" }

thread 'prop_delete_returns_none' panicked at tests/property_tests.rs:33:75:
called `Result::unwrap()` on an `Err` value: DatabaseNotFound { path: "No such file or directory (os error 2)" }

thread 'prop_delete_returns_none' panicked at tests/property_tests.rs:33:75:
called `Result::unwrap()` on an `Err` value: DatabaseNotFound { path: "No such file or directory (os error 2)" }

thread 'prop_delete_returns_none' panicked at tests/property_tests.rs:33:75:
called `Result::unwrap()` on an `Err` value: DatabaseNotFound { path: "No such file or directory (os error 2)" }

thread 'prop_delete_returns_none' panicked at tests/property_tests.rs:33:75:
called `Result::unwrap()` on an `Err` value: DatabaseNotFound { path: "No such file or directory (os error 2)" }

thread 'prop_delete_returns_none' panicked at tests/property_tests.rs:33:75:
called `Result::unwrap()` on an `Err` value: DatabaseNotFound { path: "No such file or directory (os error 2)" }

thread 'prop_delete_returns_none' panicked at tests/property_tests.rs:33:75:
called `Result::unwrap()` on an `Err` value: DatabaseNotFound { path: "No such file or directory (os error 2)" }

thread 'prop_delete_returns_none' panicked at tests/property_tests.rs:33:75:
called `Result::unwrap()` on an `Err` value: DatabaseNotFound { path: "No such file or directory (os error 2)" }

thread 'prop_delete_returns_none' panicked at tests/property_tests.rs:33:75:
called `Result::unwrap()` on an `Err` value: DatabaseNotFound { path: "No such file or directory (os error 2)" }

thread 'prop_delete_returns_none' panicked at tests/property_tests.rs:33:75:
called `Result::unwrap()` on an `Err` value: DatabaseNotFound { path: "No such file or directory (os error 2)" }

thread 'prop_delete_returns_none' panicked at tests/property_tests.rs:33:75:
called `Result::unwrap()` on an `Err` value: DatabaseNotFound { path: "No such file or directory (os error 2)" }

thread 'prop_delete_returns_none' panicked at tests/property_tests.rs:33:75:
called `Result::unwrap()` on an `Err` value: DatabaseNotFound { path: "No such file or directory (os error 2)" }

thread 'prop_delete_returns_none' panicked at tests/property_tests.rs:33:75:
called `Result::unwrap()` on an `Err` value: DatabaseNotFound { path: "No such file or directory (os error 2)" }

thread 'prop_delete_returns_none' panicked at tests/property_tests.rs:33:75:
called `Result::unwrap()` on an `Err` value: DatabaseNotFound { path: "No such file or directory (os error 2)" }

thread 'prop_delete_returns_none' panicked at tests/property_tests.rs:33:75:
called `Result::unwrap()` on an `Err` value: DatabaseNotFound { path: "No such file or directory (os error 2)" }

thread 'prop_delete_returns_none' panicked at tests/property_tests.rs:33:75:
called `Result::unwrap()` on an `Err` value: DatabaseNotFound { path: "No such file or directory (os error 2)" }

thread 'prop_delete_returns_none' panicked at tests/property_tests.rs:33:75:
called `Result::unwrap()` on an `Err` value: DatabaseNotFound { path: "No such file or directory (os error 2)" }

thread 'prop_delete_returns_none' panicked at tests/property_tests.rs:33:75:
called `Result::unwrap()` on an `Err` value: DatabaseNotFound { path: "No such file or directory (os error 2)" }

thread 'prop_delete_returns_none' panicked at tests/property_tests.rs:33:75:
called `Result::unwrap()` on an `Err` value: DatabaseNotFound { path: "No such file or directory (os error 2)" }

thread 'prop_delete_returns_none' panicked at tests/property_tests.rs:33:75:
called `Result::unwrap()` on an `Err` value: DatabaseNotFound { path: "No such file or directory (os error 2)" }

thread 'prop_delete_returns_none' panicked at tests/property_tests.rs:33:75:
called `Result::unwrap()` on an `Err` value: DatabaseNotFound { path: "No such file or directory (os error 2)" }

thread 'prop_delete_returns_none' panicked at tests/property_tests.rs:33:75:
called `Result::unwrap()` on an `Err` value: DatabaseNotFound { path: "No such file or directory (os error 2)" }

thread 'prop_delete_returns_none' panicked at tests/property_tests.rs:33:75:
called `Result::unwrap()` on an `Err` value: DatabaseNotFound { path: "No such file or directory (os error 2)" }

thread 'prop_delete_returns_none' panicked at tests/property_tests.rs:33:75:
called `Result::unwrap()` on an `Err` value: DatabaseNotFound { path: "No such file or directory (os error 2)" }

thread 'prop_delete_returns_none' panicked at tests/property_tests.rs:33:75:
called `Result::unwrap()` on an `Err` value: DatabaseNotFound { path: "No such file or directory (os error 2)" }

thread 'prop_delete_returns_none' panicked at tests/property_tests.rs:33:75:
called `Result::unwrap()` on an `Err` value: DatabaseNotFound { path: "No such file or directory (os error 2)" }

thread 'prop_delete_returns_none' panicked at tests/property_tests.rs:33:75:
called `Result::unwrap()` on an `Err` value: DatabaseNotFound { path: "No such file or directory (os error 2)" }

thread 'prop_delete_returns_none' panicked at tests/property_tests.rs:33:75:
called `Result::unwrap()` on an `Err` value: DatabaseNotFound { path: "No such file or directory (os error 2)" }

thread 'prop_delete_returns_none' panicked at tests/property_tests.rs:33:75:
called `Result::unwrap()` on an `Err` value: DatabaseNotFound { path: "No such file or directory (os error 2)" }

thread 'prop_delete_returns_none' panicked at tests/property_tests.rs:33:75:
called `Result::unwrap()` on an `Err` value: DatabaseNotFound { path: "No such file or directory (os error 2)" }

thread 'prop_delete_returns_none' panicked at tests/property_tests.rs:33:75:
called `Result::unwrap()` on an `Err` value: DatabaseNotFound { path: "No such file or directory (os error 2)" }

thread 'prop_delete_returns_none' panicked at tests/property_tests.rs:33:75:
called `Result::unwrap()` on an `Err` value: DatabaseNotFound { path: "No such file or directory (os error 2)" }

thread 'prop_delete_returns_none' panicked at tests/property_tests.rs:33:75:
called `Result::unwrap()` on an `Err` value: DatabaseNotFound { path: "No such file or directory (os error 2)" }

thread 'prop_delete_returns_none' panicked at tests/property_tests.rs:33:75:
called `Result::unwrap()` on an `Err` value: DatabaseNotFound { path: "No such file or directory (os error 2)" }

thread 'prop_delete_returns_none' panicked at tests/property_tests.rs:33:75:
called `Result::unwrap()` on an `Err` value: DatabaseNotFound { path: "No such file or directory (os error 2)" }

thread 'prop_delete_returns_none' panicked at tests/property_tests.rs:33:75:
called `Result::unwrap()` on an `Err` value: DatabaseNotFound { path: "No such file or directory (os error 2)" }

thread 'prop_delete_returns_none' panicked at tests/property_tests.rs:33:75:
called `Result::unwrap()` on an `Err` value: DatabaseNotFound { path: "No such file or directory (os error 2)" }

thread 'prop_delete_returns_none' panicked at tests/property_tests.rs:33:75:
called `Result::unwrap()` on an `Err` value: DatabaseNotFound { path: "No such file or directory (os error 2)" }

thread 'prop_delete_returns_none' panicked at tests/property_tests.rs:33:75:
called `Result::unwrap()` on an `Err` value: DatabaseNotFound { path: "No such file or directory (os error 2)" }

thread 'prop_delete_returns_none' panicked at tests/property_tests.rs:33:75:
called `Result::unwrap()` on an `Err` value: DatabaseNotFound { path: "No such file or directory (os error 2)" }

thread 'prop_delete_returns_none' panicked at tests/property_tests.rs:33:75:
called `Result::unwrap()` on an `Err` value: DatabaseNotFound { path: "No such file or directory (os error 2)" }

thread 'prop_delete_returns_none' panicked at tests/property_tests.rs:33:75:
called `Result::unwrap()` on an `Err` value: DatabaseNotFound { path: "No such file or directory (os error 2)" }

thread 'prop_delete_returns_none' panicked at tests/property_tests.rs:33:75:
called `Result::unwrap()` on an `Err` value: DatabaseNotFound { path: "No such file or directory (os error 2)" }

thread 'prop_delete_returns_none' panicked at tests/property_tests.rs:33:75:
called `Result::unwrap()` on an `Err` value: DatabaseNotFound { path: "No such file or directory (os error 2)" }

thread 'prop_delete_returns_none' panicked at tests/property_tests.rs:33:75:
called `Result::unwrap()` on an `Err` value: DatabaseNotFound { path: "No such file or directory (os error 2)" }

thread 'prop_delete_returns_none' panicked at tests/property_tests.rs:33:75:
called `Result::unwrap()` on an `Err` value: DatabaseNotFound { path: "No such file or directory (os error 2)" }

thread 'prop_delete_returns_none' panicked at tests/property_tests.rs:33:75:
called `Result::unwrap()` on an `Err` value: DatabaseNotFound { path: "No such file or directory (os error 2)" }

thread 'prop_delete_returns_none' panicked at tests/property_tests.rs:33:75:
called `Result::unwrap()` on an `Err` value: DatabaseNotFound { path: "No such file or directory (os error 2)" }

thread 'prop_delete_returns_none' panicked at tests/property_tests.rs:33:75:
called `Result::unwrap()` on an `Err` value: DatabaseNotFound { path: "No such file or directory (os error 2)" }

thread 'prop_delete_returns_none' panicked at tests/property_tests.rs:33:75:
called `Result::unwrap()` on an `Err` value: DatabaseNotFound { path: "No such file or directory (os error 2)" }

thread 'prop_delete_returns_none' panicked at tests/property_tests.rs:33:75:
called `Result::unwrap()` on an `Err` value: DatabaseNotFound { path: "No such file or directory (os error 2)" }

thread 'prop_delete_returns_none' panicked at tests/property_tests.rs:33:75:
called `Result::unwrap()` on an `Err` value: DatabaseNotFound { path: "No such file or directory (os error 2)" }

thread 'prop_delete_returns_none' panicked at tests/property_tests.rs:33:75:
called `Result::unwrap()` on an `Err` value: DatabaseNotFound { path: "No such file or directory (os error 2)" }

thread 'prop_delete_returns_none' panicked at tests/property_tests.rs:33:75:
called `Result::unwrap()` on an `Err` value: DatabaseNotFound { path: "No such file or directory (os error 2)" }

thread 'prop_delete_returns_none' panicked at tests/property_tests.rs:33:75:
called `Result::unwrap()` on an `Err` value: DatabaseNotFound { path: "No such file or directory (os error 2)" }

thread 'prop_delete_returns_none' panicked at tests/property_tests.rs:33:75:
called `Result::unwrap()` on an `Err` value: DatabaseNotFound { path: "No such file or directory (os error 2)" }

thread 'prop_delete_returns_none' panicked at tests/property_tests.rs:33:75:
called `Result::unwrap()` on an `Err` value: DatabaseNotFound { path: "No such file or directory (os error 2)" }

thread 'prop_delete_returns_none' panicked at tests/property_tests.rs:33:75:
called `Result::unwrap()` on an `Err` value: DatabaseNotFound { path: "No such file or directory (os error 2)" }

thread 'prop_delete_returns_none' panicked at tests/property_tests.rs:33:75:
called `Result::unwrap()` on an `Err` value: DatabaseNotFound { path: "No such file or directory (os error 2)" }

thread 'prop_delete_returns_none' panicked at tests/property_tests.rs:33:75:
called `Result::unwrap()` on an `Err` value: DatabaseNotFound { path: "No such file or directory (os error 2)" }

thread 'prop_delete_returns_none' panicked at tests/property_tests.rs:33:75:
called `Result::unwrap()` on an `Err` value: DatabaseNotFound { path: "No such file or directory (os error 2)" }

thread 'prop_delete_returns_none' panicked at tests/property_tests.rs:33:75:
called `Result::unwrap()` on an `Err` value: DatabaseNotFound { path: "No such file or directory (os error 2)" }

thread 'prop_delete_returns_none' panicked at tests/property_tests.rs:33:75:
called `Result::unwrap()` on an `Err` value: DatabaseNotFound { path: "No such file or directory (os error 2)" }

thread 'prop_delete_returns_none' panicked at tests/property_tests.rs:33:75:
called `Result::unwrap()` on an `Err` value: DatabaseNotFound { path: "No such file or directory (os error 2)" }

thread 'prop_delete_returns_none' panicked at tests/property_tests.rs:33:75:
called `Result::unwrap()` on an `Err` value: DatabaseNotFound { path: "No such file or directory (os error 2)" }

thread 'prop_delete_returns_none' panicked at tests/property_tests.rs:33:75:
called `Result::unwrap()` on an `Err` value: DatabaseNotFound { path: "No such file or directory (os error 2)" }

thread 'prop_delete_returns_none' panicked at tests/property_tests.rs:33:75:
called `Result::unwrap()` on an `Err` value: DatabaseNotFound { path: "No such file or directory (os error 2)" }

thread 'prop_delete_returns_none' panicked at tests/property_tests.rs:33:75:
called `Result::unwrap()` on an `Err` value: DatabaseNotFound { path: "No such file or directory (os error 2)" }

thread 'prop_delete_returns_none' panicked at tests/property_tests.rs:33:75:
called `Result::unwrap()` on an `Err` value: DatabaseNotFound { path: "No such file or directory (os error 2)" }

thread 'prop_delete_returns_none' panicked at tests/property_tests.rs:33:75:
called `Result::unwrap()` on an `Err` value: DatabaseNotFound { path: "No such file or directory (os error 2)" }

thread 'prop_delete_returns_none' panicked at tests/property_tests.rs:33:75:
called `Result::unwrap()` on an `Err` value: DatabaseNotFound { path: "No such file or directory (os error 2)" }

thread 'prop_delete_returns_none' panicked at tests/property_tests.rs:33:75:
called `Result::unwrap()` on an `Err` value: DatabaseNotFound { path: "No such file or directory (os error 2)" }

thread 'prop_delete_returns_none' panicked at tests/property_tests.rs:33:75:
called `Result::unwrap()` on an `Err` value: DatabaseNotFound { path: "No such file or directory (os error 2)" }

thread 'prop_delete_returns_none' panicked at tests/property_tests.rs:33:75:
called `Result::unwrap()` on an `Err` value: DatabaseNotFound { path: "No such file or directory (os error 2)" }

thread 'prop_delete_returns_none' panicked at tests/property_tests.rs:33:75:
called `Result::unwrap()` on an `Err` value: DatabaseNotFound { path: "No such file or directory (os error 2)" }

thread 'prop_delete_returns_none' panicked at tests/property_tests.rs:33:75:
called `Result::unwrap()` on an `Err` value: DatabaseNotFound { path: "No such file or directory (os error 2)" }

thread 'prop_delete_returns_none' panicked at tests/property_tests.rs:33:75:
called `Result::unwrap()` on an `Err` value: DatabaseNotFound { path: "No such file or directory (os error 2)" }

thread 'prop_delete_returns_none' panicked at tests/property_tests.rs:33:75:
called `Result::unwrap()` on an `Err` value: DatabaseNotFound { path: "No such file or directory (os error 2)" }

thread 'prop_delete_returns_none' panicked at tests/property_tests.rs:33:75:
called `Result::unwrap()` on an `Err` value: DatabaseNotFound { path: "No such file or directory (os error 2)" }

thread 'prop_delete_returns_none' panicked at tests/property_tests.rs:33:75:
called `Result::unwrap()` on an `Err` value: DatabaseNotFound { path: "No such file or directory (os error 2)" }

thread 'prop_delete_returns_none' panicked at tests/property_tests.rs:33:75:
called `Result::unwrap()` on an `Err` value: DatabaseNotFound { path: "No such file or directory (os error 2)" }

thread 'prop_delete_returns_none' panicked at tests/property_tests.rs:33:75:
called `Result::unwrap()` on an `Err` value: DatabaseNotFound { path: "No such file or directory (os error 2)" }

thread 'prop_delete_returns_none' panicked at tests/property_tests.rs:33:75:
called `Result::unwrap()` on an `Err` value: DatabaseNotFound { path: "No such file or directory (os error 2)" }

thread 'prop_delete_returns_none' panicked at tests/property_tests.rs:33:75:
called `Result::unwrap()` on an `Err` value: DatabaseNotFound { path: "No such file or directory (os error 2)" }

thread 'prop_delete_returns_none' panicked at tests/property_tests.rs:33:75:
called `Result::unwrap()` on an `Err` value: DatabaseNotFound { path: "No such file or directory (os error 2)" }

thread 'prop_delete_returns_none' panicked at tests/property_tests.rs:33:75:
called `Result::unwrap()` on an `Err` value: DatabaseNotFound { path: "No such file or directory (os error 2)" }

thread 'prop_delete_returns_none' panicked at tests/property_tests.rs:33:75:
called `Result::unwrap()` on an `Err` value: DatabaseNotFound { path: "No such file or directory (os error 2)" }

thread 'prop_delete_returns_none' panicked at tests/property_tests.rs:33:75:
called `Result::unwrap()` on an `Err` value: DatabaseNotFound { path: "No such file or directory (os error 2)" }

thread 'prop_delete_returns_none' panicked at tests/property_tests.rs:33:75:
called `Result::unwrap()` on an `Err` value: DatabaseNotFound { path: "No such file or directory (os error 2)" }

thread 'prop_delete_returns_none' panicked at tests/property_tests.rs:33:75:
called `Result::unwrap()` on an `Err` value: DatabaseNotFound { path: "No such file or directory (os error 2)" }

thread 'prop_delete_returns_none' panicked at tests/property_tests.rs:33:75:
called `Result::unwrap()` on an `Err` value: DatabaseNotFound { path: "No such file or directory (os error 2)" }

thread 'prop_delete_returns_none' panicked at tests/property_tests.rs:33:75:
called `Result::unwrap()` on an `Err` value: DatabaseNotFound { path: "No such file or directory (os error 2)" }

thread 'prop_delete_returns_none' panicked at tests/property_tests.rs:33:75:
called `Result::unwrap()` on an `Err` value: DatabaseNotFound { path: "No such file or directory (os error 2)" }

thread 'prop_delete_returns_none' panicked at tests/property_tests.rs:33:75:
called `Result::unwrap()` on an `Err` value: DatabaseNotFound { path: "No such file or directory (os error 2)" }

thread 'prop_delete_returns_none' panicked at tests/property_tests.rs:33:75:
called `Result::unwrap()` on an `Err` value: DatabaseNotFound { path: "No such file or directory (os error 2)" }

thread 'prop_delete_returns_none' panicked at tests/property_tests.rs:33:75:
called `Result::unwrap()` on an `Err` value: DatabaseNotFound { path: "No such file or directory (os error 2)" }

thread 'prop_delete_returns_none' panicked at tests/property_tests.rs:33:75:
called `Result::unwrap()` on an `Err` value: DatabaseNotFound { path: "No such file or directory (os error 2)" }

thread 'prop_delete_returns_none' panicked at tests/property_tests.rs:33:75:
called `Result::unwrap()` on an `Err` value: DatabaseNotFound { path: "No such file or directory (os error 2)" }

thread 'prop_delete_returns_none' panicked at tests/property_tests.rs:33:75:
called `Result::unwrap()` on an `Err` value: DatabaseNotFound { path: "No such file or directory (os error 2)" }

thread 'prop_delete_returns_none' panicked at tests/property_tests.rs:33:75:
called `Result::unwrap()` on an `Err` value: DatabaseNotFound { path: "No such file or directory (os error 2)" }

thread 'prop_delete_returns_none' panicked at tests/property_tests.rs:33:75:
called `Result::unwrap()` on an `Err` value: DatabaseNotFound { path: "No such file or directory (os error 2)" }

thread 'prop_delete_returns_none' panicked at tests/property_tests.rs:33:75:
called `Result::unwrap()` on an `Err` value: DatabaseNotFound { path: "No such file or directory (os error 2)" }

thread 'prop_delete_returns_none' panicked at tests/property_tests.rs:33:75:
called `Result::unwrap()` on an `Err` value: DatabaseNotFound { path: "No such file or directory (os error 2)" }

thread 'prop_delete_returns_none' panicked at tests/property_tests.rs:33:75:
called `Result::unwrap()` on an `Err` value: DatabaseNotFound { path: "No such file or directory (os error 2)" }

thread 'prop_delete_returns_none' panicked at tests/property_tests.rs:33:75:
called `Result::unwrap()` on an `Err` value: DatabaseNotFound { path: "No such file or directory (os error 2)" }

thread 'prop_delete_returns_none' panicked at tests/property_tests.rs:33:75:
called `Result::unwrap()` on an `Err` value: DatabaseNotFound { path: "No such file or directory (os error 2)" }

thread 'prop_delete_returns_none' panicked at tests/property_tests.rs:33:75:
called `Result::unwrap()` on an `Err` value: DatabaseNotFound { path: "No such file or directory (os error 2)" }

thread 'prop_delete_returns_none' panicked at tests/property_tests.rs:33:75:
called `Result::unwrap()` on an `Err` value: DatabaseNotFound { path: "No such file or directory (os error 2)" }

thread 'prop_delete_returns_none' panicked at tests/property_tests.rs:33:75:
called `Result::unwrap()` on an `Err` value: DatabaseNotFound { path: "No such file or directory (os error 2)" }

thread 'prop_delete_returns_none' panicked at tests/property_tests.rs:33:75:
called `Result::unwrap()` on an `Err` value: DatabaseNotFound { path: "No such file or directory (os error 2)" }

thread 'prop_delete_returns_none' panicked at tests/property_tests.rs:33:75:
called `Result::unwrap()` on an `Err` value: DatabaseNotFound { path: "No such file or directory (os error 2)" }

thread 'prop_delete_returns_none' panicked at tests/property_tests.rs:33:75:
called `Result::unwrap()` on an `Err` value: DatabaseNotFound { path: "No such file or directory (os error 2)" }

thread 'prop_delete_returns_none' panicked at tests/property_tests.rs:33:75:
called `Result::unwrap()` on an `Err` value: DatabaseNotFound { path: "No such file or directory (os error 2)" }

thread 'prop_delete_returns_none' panicked at tests/property_tests.rs:33:75:
called `Result::unwrap()` on an `Err` value: DatabaseNotFound { path: "No such file or directory (os error 2)" }

thread 'prop_delete_returns_none' panicked at tests/property_tests.rs:33:75:
called `Result::unwrap()` on an `Err` value: DatabaseNotFound { path: "No such file or directory (os error 2)" }

thread 'prop_delete_returns_none' panicked at tests/property_tests.rs:33:75:
called `Result::unwrap()` on an `Err` value: DatabaseNotFound { path: "No such file or directory (os error 2)" }

thread 'prop_delete_returns_none' panicked at tests/property_tests.rs:33:75:
called `Result::unwrap()` on an `Err` value: DatabaseNotFound { path: "No such file or directory (os error 2)" }

thread 'prop_delete_returns_none' panicked at tests/property_tests.rs:33:75:
called `Result::unwrap()` on an `Err` value: DatabaseNotFound { path: "No such file or directory (os error 2)" }

thread 'prop_delete_returns_none' panicked at tests/property_tests.rs:33:75:
called `Result::unwrap()` on an `Err` value: DatabaseNotFound { path: "No such file or directory (os error 2)" }

thread 'prop_delete_returns_none' panicked at tests/property_tests.rs:33:75:
called `Result::unwrap()` on an `Err` value: DatabaseNotFound { path: "No such file or directory (os error 2)" }

thread 'prop_delete_returns_none' panicked at tests/property_tests.rs:33:75:
called `Result::unwrap()` on an `Err` value: DatabaseNotFound { path: "No such file or directory (os error 2)" }

thread 'prop_delete_returns_none' panicked at tests/property_tests.rs:33:75:
called `Result::unwrap()` on an `Err` value: DatabaseNotFound { path: "No such file or directory (os error 2)" }

thread 'prop_delete_returns_none' panicked at tests/property_tests.rs:33:75:
called `Result::unwrap()` on an `Err` value: DatabaseNotFound { path: "No such file or directory (os error 2)" }

thread 'prop_delete_returns_none' panicked at tests/property_tests.rs:33:75:
called `Result::unwrap()` on an `Err` value: DatabaseNotFound { path: "No such file or directory (os error 2)" }

thread 'prop_delete_returns_none' panicked at tests/property_tests.rs:33:75:
called `Result::unwrap()` on an `Err` value: DatabaseNotFound { path: "No such file or directory (os error 2)" }

thread 'prop_delete_returns_none' panicked at tests/property_tests.rs:33:75:
called `Result::unwrap()` on an `Err` value: DatabaseNotFound { path: "No such file or directory (os error 2)" }

thread 'prop_delete_returns_none' panicked at tests/property_tests.rs:33:75:
called `Result::unwrap()` on an `Err` value: DatabaseNotFound { path: "No such file or directory (os error 2)" }

thread 'prop_delete_returns_none' panicked at tests/property_tests.rs:33:75:
called `Result::unwrap()` on an `Err` value: DatabaseNotFound { path: "No such file or directory (os error 2)" }

thread 'prop_delete_returns_none' panicked at tests/property_tests.rs:33:75:
called `Result::unwrap()` on an `Err` value: DatabaseNotFound { path: "No such file or directory (os error 2)" }

thread 'prop_delete_returns_none' panicked at tests/property_tests.rs:33:75:
called `Result::unwrap()` on an `Err` value: DatabaseNotFound { path: "No such file or directory (os error 2)" }

thread 'prop_delete_returns_none' panicked at tests/property_tests.rs:33:75:
called `Result::unwrap()` on an `Err` value: DatabaseNotFound { path: "No such file or directory (os error 2)" }

thread 'prop_delete_returns_none' panicked at tests/property_tests.rs:33:75:
called `Result::unwrap()` on an `Err` value: DatabaseNotFound { path: "No such file or directory (os error 2)" }

thread 'prop_delete_returns_none' panicked at tests/property_tests.rs:33:75:
called `Result::unwrap()` on an `Err` value: DatabaseNotFound { path: "No such file or directory (os error 2)" }

thread 'prop_delete_returns_none' panicked at tests/property_tests.rs:33:75:
called `Result::unwrap()` on an `Err` value: DatabaseNotFound { path: "No such file or directory (os error 2)" }

thread 'prop_delete_returns_none' panicked at tests/property_tests.rs:33:75:
called `Result::unwrap()` on an `Err` value: DatabaseNotFound { path: "No such file or directory (os error 2)" }

thread 'prop_delete_returns_none' panicked at tests/property_tests.rs:33:75:
called `Result::unwrap()` on an `Err` value: DatabaseNotFound { path: "No such file or directory (os error 2)" }

thread 'prop_delete_returns_none' panicked at tests/property_tests.rs:33:75:
called `Result::unwrap()` on an `Err` value: DatabaseNotFound { path: "No such file or directory (os error 2)" }

thread 'prop_delete_returns_none' panicked at tests/property_tests.rs:33:75:
called `Result::unwrap()` on an `Err` value: DatabaseNotFound { path: "No such file or directory (os error 2)" }

thread 'prop_delete_returns_none' panicked at tests/property_tests.rs:33:75:
called `Result::unwrap()` on an `Err` value: DatabaseNotFound { path: "No such file or directory (os error 2)" }

thread 'prop_delete_returns_none' panicked at tests/property_tests.rs:33:75:
called `Result::unwrap()` on an `Err` value: DatabaseNotFound { path: "No such file or directory (os error 2)" }

thread 'prop_delete_returns_none' panicked at tests/property_tests.rs:33:75:
called `Result::unwrap()` on an `Err` value: DatabaseNotFound { path: "No such file or directory (os error 2)" }

thread 'prop_delete_returns_none' panicked at tests/property_tests.rs:33:75:
called `Result::unwrap()` on an `Err` value: DatabaseNotFound { path: "No such file or directory (os error 2)" }

thread 'prop_delete_returns_none' panicked at tests/property_tests.rs:33:75:
called `Result::unwrap()` on an `Err` value: DatabaseNotFound { path: "No such file or directory (os error 2)" }

thread 'prop_delete_returns_none' panicked at tests/property_tests.rs:33:75:
called `Result::unwrap()` on an `Err` value: DatabaseNotFound { path: "No such file or directory (os error 2)" }

thread 'prop_delete_returns_none' panicked at tests/property_tests.rs:33:75:
called `Result::unwrap()` on an `Err` value: DatabaseNotFound { path: "No such file or directory (os error 2)" }

thread 'prop_delete_returns_none' panicked at tests/property_tests.rs:33:75:
called `Result::unwrap()` on an `Err` value: DatabaseNotFound { path: "No such file or directory (os error 2)" }

thread 'prop_delete_returns_none' panicked at tests/property_tests.rs:33:75:
called `Result::unwrap()` on an `Err` value: DatabaseNotFound { path: "No such file or directory (os error 2)" }

thread 'prop_delete_returns_none' panicked at tests/property_tests.rs:33:75:
called `Result::unwrap()` on an `Err` value: DatabaseNotFound { path: "No such file or directory (os error 2)" }

thread 'prop_delete_returns_none' panicked at tests/property_tests.rs:33:75:
called `Result::unwrap()` on an `Err` value: DatabaseNotFound { path: "No such file or directory (os error 2)" }

thread 'prop_delete_returns_none' panicked at tests/property_tests.rs:33:75:
called `Result::unwrap()` on an `Err` value: DatabaseNotFound { path: "No such file or directory (os error 2)" }

thread 'prop_delete_returns_none' panicked at tests/property_tests.rs:33:75:
called `Result::unwrap()` on an `Err` value: DatabaseNotFound { path: "No such file or directory (os error 2)" }

thread 'prop_delete_returns_none' panicked at tests/property_tests.rs:33:75:
called `Result::unwrap()` on an `Err` value: DatabaseNotFound { path: "No such file or directory (os error 2)" }

thread 'prop_delete_returns_none' panicked at tests/property_tests.rs:33:75:
called `Result::unwrap()` on an `Err` value: DatabaseNotFound { path: "No such file or directory (os error 2)" }

thread 'prop_delete_returns_none' panicked at tests/property_tests.rs:33:75:
called `Result::unwrap()` on an `Err` value: DatabaseNotFound { path: "No such file or directory (os error 2)" }

thread 'prop_delete_returns_none' panicked at tests/property_tests.rs:33:75:
called `Result::unwrap()` on an `Err` value: DatabaseNotFound { path: "No such file or directory (os error 2)" }

thread 'prop_delete_returns_none' panicked at tests/property_tests.rs:33:75:
called `Result::unwrap()` on an `Err` value: DatabaseNotFound { path: "No such file or directory (os error 2)" }

thread 'prop_delete_returns_none' panicked at tests/property_tests.rs:33:75:
called `Result::unwrap()` on an `Err` value: DatabaseNotFound { path: "No such file or directory (os error 2)" }

thread 'prop_delete_returns_none' panicked at tests/property_tests.rs:33:75:
called `Result::unwrap()` on an `Err` value: DatabaseNotFound { path: "No such file or directory (os error 2)" }

thread 'prop_delete_returns_none' panicked at tests/property_tests.rs:33:75:
called `Result::unwrap()` on an `Err` value: DatabaseNotFound { path: "No such file or directory (os error 2)" }

thread 'prop_delete_returns_none' panicked at tests/property_tests.rs:33:75:
called `Result::unwrap()` on an `Err` value: DatabaseNotFound { path: "No such file or directory (os error 2)" }

thread 'prop_delete_returns_none' panicked at tests/property_tests.rs:33:75:
called `Result::unwrap()` on an `Err` value: DatabaseNotFound { path: "No such file or directory (os error 2)" }

thread 'prop_delete_returns_none' panicked at tests/property_tests.rs:33:75:
called `Result::unwrap()` on an `Err` value: DatabaseNotFound { path: "No such file or directory (os error 2)" }

thread 'prop_delete_returns_none' panicked at tests/property_tests.rs:33:75:
called `Result::unwrap()` on an `Err` value: DatabaseNotFound { path: "No such file or directory (os error 2)" }

thread 'prop_delete_returns_none' panicked at tests/property_tests.rs:33:75:
called `Result::unwrap()` on an `Err` value: DatabaseNotFound { path: "No such file or directory (os error 2)" }

thread 'prop_delete_returns_none' panicked at tests/property_tests.rs:33:75:
called `Result::unwrap()` on an `Err` value: DatabaseNotFound { path: "No such file or directory (os error 2)" }

thread 'prop_delete_returns_none' panicked at tests/property_tests.rs:33:75:
called `Result::unwrap()` on an `Err` value: DatabaseNotFound { path: "No such file or directory (os error 2)" }

thread 'prop_delete_returns_none' panicked at tests/property_tests.rs:33:75:
called `Result::unwrap()` on an `Err` value: DatabaseNotFound { path: "No such file or directory (os error 2)" }

thread 'prop_delete_returns_none' panicked at tests/property_tests.rs:33:75:
called `Result::unwrap()` on an `Err` value: DatabaseNotFound { path: "No such file or directory (os error 2)" }

thread 'prop_delete_returns_none' panicked at tests/property_tests.rs:33:75:
called `Result::unwrap()` on an `Err` value: DatabaseNotFound { path: "No such file or directory (os error 2)" }

thread 'prop_delete_returns_none' panicked at tests/property_tests.rs:33:75:
called `Result::unwrap()` on an `Err` value: DatabaseNotFound { path: "No such file or directory (os error 2)" }

thread 'prop_delete_returns_none' panicked at tests/property_tests.rs:33:75:
called `Result::unwrap()` on an `Err` value: DatabaseNotFound { path: "No such file or directory (os error 2)" }

thread 'prop_delete_returns_none' panicked at tests/property_tests.rs:33:75:
called `Result::unwrap()` on an `Err` value: DatabaseNotFound { path: "No such file or directory (os error 2)" }

thread 'prop_delete_returns_none' panicked at tests/property_tests.rs:33:75:
called `Result::unwrap()` on an `Err` value: DatabaseNotFound { path: "No such file or directory (os error 2)" }

thread 'prop_delete_returns_none' panicked at tests/property_tests.rs:33:75:
called `Result::unwrap()` on an `Err` value: DatabaseNotFound { path: "No such file or directory (os error 2)" }

thread 'prop_delete_returns_none' panicked at tests/property_tests.rs:33:75:
called `Result::unwrap()` on an `Err` value: DatabaseNotFound { path: "No such file or directory (os error 2)" }

thread 'prop_delete_returns_none' panicked at tests/property_tests.rs:33:75:
called `Result::unwrap()` on an `Err` value: DatabaseNotFound { path: "No such file or directory (os error 2)" }

thread 'prop_delete_returns_none' panicked at tests/property_tests.rs:33:75:
called `Result::unwrap()` on an `Err` value: DatabaseNotFound { path: "No such file or directory (os error 2)" }

thread 'prop_delete_returns_none' panicked at tests/property_tests.rs:33:75:
called `Result::unwrap()` on an `Err` value: DatabaseNotFound { path: "No such file or directory (os error 2)" }

thread 'prop_delete_returns_none' panicked at tests/property_tests.rs:33:75:
called `Result::unwrap()` on an `Err` value: DatabaseNotFound { path: "No such file or directory (os error 2)" }

thread 'prop_delete_returns_none' panicked at tests/property_tests.rs:33:75:
called `Result::unwrap()` on an `Err` value: DatabaseNotFound { path: "No such file or directory (os error 2)" }

thread 'prop_delete_returns_none' panicked at tests/property_tests.rs:33:75:
called `Result::unwrap()` on an `Err` value: DatabaseNotFound { path: "No such file or directory (os error 2)" }

thread 'prop_delete_returns_none' panicked at tests/property_tests.rs:33:75:
called `Result::unwrap()` on an `Err` value: DatabaseNotFound { path: "No such file or directory (os error 2)" }

thread 'prop_delete_returns_none' panicked at tests/property_tests.rs:33:75:
called `Result::unwrap()` on an `Err` value: DatabaseNotFound { path: "No such file or directory (os error 2)" }

thread 'prop_delete_returns_none' panicked at tests/property_tests.rs:33:75:
called `Result::unwrap()` on an `Err` value: DatabaseNotFound { path: "No such file or directory (os error 2)" }

thread 'prop_delete_returns_none' panicked at tests/property_tests.rs:33:75:
called `Result::unwrap()` on an `Err` value: DatabaseNotFound { path: "No such file or directory (os error 2)" }

thread 'prop_delete_returns_none' panicked at tests/property_tests.rs:33:75:
called `Result::unwrap()` on an `Err` value: DatabaseNotFound { path: "No such file or directory (os error 2)" }

thread 'prop_delete_returns_none' panicked at tests/property_tests.rs:33:75:
called `Result::unwrap()` on an `Err` value: DatabaseNotFound { path: "No such file or directory (os error 2)" }

thread 'prop_delete_returns_none' panicked at tests/property_tests.rs:33:75:
called `Result::unwrap()` on an `Err` value: DatabaseNotFound { path: "No such file or directory (os error 2)" }

thread 'prop_delete_returns_none' panicked at tests/property_tests.rs:33:75:
called `Result::unwrap()` on an `Err` value: DatabaseNotFound { path: "No such file or directory (os error 2)" }

thread 'prop_delete_returns_none' panicked at tests/property_tests.rs:33:75:
called `Result::unwrap()` on an `Err` value: DatabaseNotFound { path: "No such file or directory (os error 2)" }

thread 'prop_delete_returns_none' panicked at tests/property_tests.rs:33:75:
called `Result::unwrap()` on an `Err` value: DatabaseNotFound { path: "No such file or directory (os error 2)" }

thread 'prop_delete_returns_none' panicked at tests/property_tests.rs:33:75:
called `Result::unwrap()` on an `Err` value: DatabaseNotFound { path: "No such file or directory (os error 2)" }

thread 'prop_delete_returns_none' panicked at tests/property_tests.rs:33:75:
called `Result::unwrap()` on an `Err` value: DatabaseNotFound { path: "No such file or directory (os error 2)" }

thread 'prop_delete_returns_none' panicked at tests/property_tests.rs:33:75:
called `Result::unwrap()` on an `Err` value: DatabaseNotFound { path: "No such file or directory (os error 2)" }

thread 'prop_delete_returns_none' panicked at tests/property_tests.rs:33:75:
called `Result::unwrap()` on an `Err` value: DatabaseNotFound { path: "No such file or directory (os error 2)" }

thread 'prop_delete_returns_none' panicked at tests/property_tests.rs:33:75:
called `Result::unwrap()` on an `Err` value: DatabaseNotFound { path: "No such file or directory (os error 2)" }

thread 'prop_delete_returns_none' panicked at tests/property_tests.rs:33:75:
called `Result::unwrap()` on an `Err` value: DatabaseNotFound { path: "No such file or directory (os error 2)" }

thread 'prop_delete_returns_none' panicked at tests/property_tests.rs:33:75:
called `Result::unwrap()` on an `Err` value: DatabaseNotFound { path: "No such file or directory (os error 2)" }

thread 'prop_delete_returns_none' panicked at tests/property_tests.rs:33:75:
called `Result::unwrap()` on an `Err` value: DatabaseNotFound { path: "No such file or directory (os error 2)" }

thread 'prop_delete_returns_none' panicked at tests/property_tests.rs:33:75:
called `Result::unwrap()` on an `Err` value: DatabaseNotFound { path: "No such file or directory (os error 2)" }

thread 'prop_delete_returns_none' panicked at tests/property_tests.rs:33:75:
called `Result::unwrap()` on an `Err` value: DatabaseNotFound { path: "No such file or directory (os error 2)" }

thread 'prop_delete_returns_none' panicked at tests/property_tests.rs:33:75:
called `Result::unwrap()` on an `Err` value: DatabaseNotFound { path: "No such file or directory (os error 2)" }

thread 'prop_delete_returns_none' panicked at tests/property_tests.rs:33:75:
called `Result::unwrap()` on an `Err` value: DatabaseNotFound { path: "No such file or directory (os error 2)" }

thread 'prop_delete_returns_none' panicked at tests/property_tests.rs:33:75:
called `Result::unwrap()` on an `Err` value: DatabaseNotFound { path: "No such file or directory (os error 2)" }

thread 'prop_delete_returns_none' panicked at tests/property_tests.rs:33:75:
called `Result::unwrap()` on an `Err` value: DatabaseNotFound { path: "No such file or directory (os error 2)" }

thread 'prop_delete_returns_none' panicked at tests/property_tests.rs:33:75:
called `Result::unwrap()` on an `Err` value: DatabaseNotFound { path: "No such file or directory (os error 2)" }

thread 'prop_delete_returns_none' panicked at tests/property_tests.rs:33:75:
called `Result::unwrap()` on an `Err` value: DatabaseNotFound { path: "No such file or directory (os error 2)" }

thread 'prop_delete_returns_none' panicked at tests/property_tests.rs:33:75:
called `Result::unwrap()` on an `Err` value: DatabaseNotFound { path: "No such file or directory (os error 2)" }

thread 'prop_delete_returns_none' panicked at tests/property_tests.rs:33:75:
called `Result::unwrap()` on an `Err` value: DatabaseNotFound { path: "No such file or directory (os error 2)" }

thread 'prop_delete_returns_none' panicked at tests/property_tests.rs:33:75:
called `Result::unwrap()` on an `Err` value: DatabaseNotFound { path: "No such file or directory (os error 2)" }

thread 'prop_delete_returns_none' panicked at tests/property_tests.rs:33:75:
called `Result::unwrap()` on an `Err` value: DatabaseNotFound { path: "No such file or directory (os error 2)" }

thread 'prop_delete_returns_none' panicked at tests/property_tests.rs:33:75:
called `Result::unwrap()` on an `Err` value: DatabaseNotFound { path: "No such file or directory (os error 2)" }

thread 'prop_delete_returns_none' panicked at tests/property_tests.rs:33:75:
called `Result::unwrap()` on an `Err` value: DatabaseNotFound { path: "No such file or directory (os error 2)" }

thread 'prop_delete_returns_none' panicked at tests/property_tests.rs:33:75:
called `Result::unwrap()` on an `Err` value: DatabaseNotFound { path: "No such file or directory (os error 2)" }

thread 'prop_delete_returns_none' panicked at tests/property_tests.rs:26:1:
Test failed: called `Result::unwrap()` on an `Err` value: DatabaseNotFound { path: "No such file or directory (os error 2)" }.
minimal failing input: key = [
    0,
], value = [
    0,
]
	successes: 0
	local rejects: 0
	global rejects: 0


---- prop_put_get_consistency stdout ----
proptest: FileFailurePersistence::SourceParallel set, but failed to find lib.rs or main.rs

thread 'prop_put_get_consistency' panicked at tests/property_tests.rs:16:75:
called `Result::unwrap()` on an `Err` value: DatabaseNotFound { path: "No such file or directory (os error 2)" }

thread 'prop_put_get_consistency' panicked at tests/property_tests.rs:16:75:
called `Result::unwrap()` on an `Err` value: DatabaseNotFound { path: "No such file or directory (os error 2)" }

thread 'prop_put_get_consistency' panicked at tests/property_tests.rs:16:75:
called `Result::unwrap()` on an `Err` value: DatabaseNotFound { path: "No such file or directory (os error 2)" }

thread 'prop_put_get_consistency' panicked at tests/property_tests.rs:16:75:
called `Result::unwrap()` on an `Err` value: DatabaseNotFound { path: "No such file or directory (os error 2)" }

thread 'prop_put_get_consistency' panicked at tests/property_tests.rs:16:75:
called `Result::unwrap()` on an `Err` value: DatabaseNotFound { path: "No such file or directory (os error 2)" }

thread 'prop_put_get_consistency' panicked at tests/property_tests.rs:16:75:
called `Result::unwrap()` on an `Err` value: DatabaseNotFound { path: "No such file or directory (os error 2)" }

thread 'prop_put_get_consistency' panicked at tests/property_tests.rs:16:75:
called `Result::unwrap()` on an `Err` value: DatabaseNotFound { path: "No such file or directory (os error 2)" }

thread 'prop_put_get_consistency' panicked at tests/property_tests.rs:16:75:
called `Result::unwrap()` on an `Err` value: DatabaseNotFound { path: "No such file or directory (os error 2)" }

thread 'prop_put_get_consistency' panicked at tests/property_tests.rs:16:75:
called `Result::unwrap()` on an `Err` value: DatabaseNotFound { path: "No such file or directory (os error 2)" }

thread 'prop_put_get_consistency' panicked at tests/property_tests.rs:16:75:
called `Result::unwrap()` on an `Err` value: DatabaseNotFound { path: "No such file or directory (os error 2)" }

thread 'prop_put_get_consistency' panicked at tests/property_tests.rs:16:75:
called `Result::unwrap()` on an `Err` value: DatabaseNotFound { path: "No such file or directory (os error 2)" }

thread 'prop_put_get_consistency' panicked at tests/property_tests.rs:16:75:
called `Result::unwrap()` on an `Err` value: DatabaseNotFound { path: "No such file or directory (os error 2)" }

thread 'prop_put_get_consistency' panicked at tests/property_tests.rs:16:75:
called `Result::unwrap()` on an `Err` value: DatabaseNotFound { path: "No such file or directory (os error 2)" }

thread 'prop_put_get_consistency' panicked at tests/property_tests.rs:16:75:
called `Result::unwrap()` on an `Err` value: DatabaseNotFound { path: "No such file or directory (os error 2)" }

thread 'prop_put_get_consistency' panicked at tests/property_tests.rs:16:75:
called `Result::unwrap()` on an `Err` value: DatabaseNotFound { path: "No such file or directory (os error 2)" }

thread 'prop_put_get_consistency' panicked at tests/property_tests.rs:16:75:
called `Result::unwrap()` on an `Err` value: DatabaseNotFound { path: "No such file or directory (os error 2)" }

thread 'prop_put_get_consistency' panicked at tests/property_tests.rs:16:75:
called `Result::unwrap()` on an `Err` value: DatabaseNotFound { path: "No such file or directory (os error 2)" }

thread 'prop_put_get_consistency' panicked at tests/property_tests.rs:16:75:
called `Result::unwrap()` on an `Err` value: DatabaseNotFound { path: "No such file or directory (os error 2)" }

thread 'prop_put_get_consistency' panicked at tests/property_tests.rs:16:75:
called `Result::unwrap()` on an `Err` value: DatabaseNotFound { path: "No such file or directory (os error 2)" }

thread 'prop_put_get_consistency' panicked at tests/property_tests.rs:16:75:
called `Result::unwrap()` on an `Err` value: DatabaseNotFound { path: "No such file or directory (os error 2)" }

thread 'prop_put_get_consistency' panicked at tests/property_tests.rs:16:75:
called `Result::unwrap()` on an `Err` value: DatabaseNotFound { path: "No such file or directory (os error 2)" }

thread 'prop_put_get_consistency' panicked at tests/property_tests.rs:16:75:
called `Result::unwrap()` on an `Err` value: DatabaseNotFound { path: "No such file or directory (os error 2)" }

thread 'prop_put_get_consistency' panicked at tests/property_tests.rs:16:75:
called `Result::unwrap()` on an `Err` value: DatabaseNotFound { path: "No such file or directory (os error 2)" }

thread 'prop_put_get_consistency' panicked at tests/property_tests.rs:16:75:
called `Result::unwrap()` on an `Err` value: DatabaseNotFound { path: "No such file or directory (os error 2)" }

thread 'prop_put_get_consistency' panicked at tests/property_tests.rs:16:75:
called `Result::unwrap()` on an `Err` value: DatabaseNotFound { path: "No such file or directory (os error 2)" }

thread 'prop_put_get_consistency' panicked at tests/property_tests.rs:16:75:
called `Result::unwrap()` on an `Err` value: DatabaseNotFound { path: "No such file or directory (os error 2)" }

thread 'prop_put_get_consistency' panicked at tests/property_tests.rs:16:75:
called `Result::unwrap()` on an `Err` value: DatabaseNotFound { path: "No such file or directory (os error 2)" }

thread 'prop_put_get_consistency' panicked at tests/property_tests.rs:16:75:
called `Result::unwrap()` on an `Err` value: DatabaseNotFound { path: "No such file or directory (os error 2)" }

thread 'prop_put_get_consistency' panicked at tests/property_tests.rs:16:75:
called `Result::unwrap()` on an `Err` value: DatabaseNotFound { path: "No such file or directory (os error 2)" }

thread 'prop_put_get_consistency' panicked at tests/property_tests.rs:16:75:
called `Result::unwrap()` on an `Err` value: DatabaseNotFound { path: "No such file or directory (os error 2)" }

thread 'prop_put_get_consistency' panicked at tests/property_tests.rs:16:75:
called `Result::unwrap()` on an `Err` value: DatabaseNotFound { path: "No such file or directory (os error 2)" }

thread 'prop_put_get_consistency' panicked at tests/property_tests.rs:16:75:
called `Result::unwrap()` on an `Err` value: DatabaseNotFound { path: "No such file or directory (os error 2)" }

thread 'prop_put_get_consistency' panicked at tests/property_tests.rs:16:75:
called `Result::unwrap()` on an `Err` value: DatabaseNotFound { path: "No such file or directory (os error 2)" }

thread 'prop_put_get_consistency' panicked at tests/property_tests.rs:16:75:
called `Result::unwrap()` on an `Err` value: DatabaseNotFound { path: "No such file or directory (os error 2)" }

thread 'prop_put_get_consistency' panicked at tests/property_tests.rs:16:75:
called `Result::unwrap()` on an `Err` value: DatabaseNotFound { path: "No such file or directory (os error 2)" }

thread 'prop_put_get_consistency' panicked at tests/property_tests.rs:16:75:
called `Result::unwrap()` on an `Err` value: DatabaseNotFound { path: "No such file or directory (os error 2)" }

thread 'prop_put_get_consistency' panicked at tests/property_tests.rs:16:75:
called `Result::unwrap()` on an `Err` value: DatabaseNotFound { path: "No such file or directory (os error 2)" }

thread 'prop_put_get_consistency' panicked at tests/property_tests.rs:16:75:
called `Result::unwrap()` on an `Err` value: DatabaseNotFound { path: "No such file or directory (os error 2)" }

thread 'prop_put_get_consistency' panicked at tests/property_tests.rs:16:75:
called `Result::unwrap()` on an `Err` value: DatabaseNotFound { path: "No such file or directory (os error 2)" }

thread 'prop_put_get_consistency' panicked at tests/property_tests.rs:16:75:
called `Result::unwrap()` on an `Err` value: DatabaseNotFound { path: "No such file or directory (os error 2)" }

thread 'prop_put_get_consistency' panicked at tests/property_tests.rs:16:75:
called `Result::unwrap()` on an `Err` value: DatabaseNotFound { path: "No such file or directory (os error 2)" }

thread 'prop_put_get_consistency' panicked at tests/property_tests.rs:16:75:
called `Result::unwrap()` on an `Err` value: DatabaseNotFound { path: "No such file or directory (os error 2)" }

thread 'prop_put_get_consistency' panicked at tests/property_tests.rs:16:75:
called `Result::unwrap()` on an `Err` value: DatabaseNotFound { path: "No such file or directory (os error 2)" }

thread 'prop_put_get_consistency' panicked at tests/property_tests.rs:16:75:
called `Result::unwrap()` on an `Err` value: DatabaseNotFound { path: "No such file or directory (os error 2)" }

thread 'prop_put_get_consistency' panicked at tests/property_tests.rs:16:75:
called `Result::unwrap()` on an `Err` value: DatabaseNotFound { path: "No such file or directory (os error 2)" }

thread 'prop_put_get_consistency' panicked at tests/property_tests.rs:16:75:
called `Result::unwrap()` on an `Err` value: DatabaseNotFound { path: "No such file or directory (os error 2)" }

thread 'prop_put_get_consistency' panicked at tests/property_tests.rs:16:75:
called `Result::unwrap()` on an `Err` value: DatabaseNotFound { path: "No such file or directory (os error 2)" }

thread 'prop_put_get_consistency' panicked at tests/property_tests.rs:16:75:
called `Result::unwrap()` on an `Err` value: DatabaseNotFound { path: "No such file or directory (os error 2)" }

thread 'prop_put_get_consistency' panicked at tests/property_tests.rs:16:75:
called `Result::unwrap()` on an `Err` value: DatabaseNotFound { path: "No such file or directory (os error 2)" }

thread 'prop_put_get_consistency' panicked at tests/property_tests.rs:16:75:
called `Result::unwrap()` on an `Err` value: DatabaseNotFound { path: "No such file or directory (os error 2)" }

thread 'prop_put_get_consistency' panicked at tests/property_tests.rs:16:75:
called `Result::unwrap()` on an `Err` value: DatabaseNotFound { path: "No such file or directory (os error 2)" }

thread 'prop_put_get_consistency' panicked at tests/property_tests.rs:16:75:
called `Result::unwrap()` on an `Err` value: DatabaseNotFound { path: "No such file or directory (os error 2)" }

thread 'prop_put_get_consistency' panicked at tests/property_tests.rs:16:75:
called `Result::unwrap()` on an `Err` value: DatabaseNotFound { path: "No such file or directory (os error 2)" }

thread 'prop_put_get_consistency' panicked at tests/property_tests.rs:16:75:
called `Result::unwrap()` on an `Err` value: DatabaseNotFound { path: "No such file or directory (os error 2)" }

thread 'prop_put_get_consistency' panicked at tests/property_tests.rs:16:75:
called `Result::unwrap()` on an `Err` value: DatabaseNotFound { path: "No such file or directory (os error 2)" }

thread 'prop_put_get_consistency' panicked at tests/property_tests.rs:16:75:
called `Result::unwrap()` on an `Err` value: DatabaseNotFound { path: "No such file or directory (os error 2)" }

thread 'prop_put_get_consistency' panicked at tests/property_tests.rs:16:75:
called `Result::unwrap()` on an `Err` value: DatabaseNotFound { path: "No such file or directory (os error 2)" }

thread 'prop_put_get_consistency' panicked at tests/property_tests.rs:16:75:
called `Result::unwrap()` on an `Err` value: DatabaseNotFound { path: "No such file or directory (os error 2)" }

thread 'prop_put_get_consistency' panicked at tests/property_tests.rs:16:75:
called `Result::unwrap()` on an `Err` value: DatabaseNotFound { path: "No such file or directory (os error 2)" }

thread 'prop_put_get_consistency' panicked at tests/property_tests.rs:16:75:
called `Result::unwrap()` on an `Err` value: DatabaseNotFound { path: "No such file or directory (os error 2)" }

thread 'prop_put_get_consistency' panicked at tests/property_tests.rs:16:75:
called `Result::unwrap()` on an `Err` value: DatabaseNotFound { path: "No such file or directory (os error 2)" }

thread 'prop_put_get_consistency' panicked at tests/property_tests.rs:16:75:
called `Result::unwrap()` on an `Err` value: DatabaseNotFound { path: "No such file or directory (os error 2)" }

thread 'prop_put_get_consistency' panicked at tests/property_tests.rs:16:75:
called `Result::unwrap()` on an `Err` value: DatabaseNotFound { path: "No such file or directory (os error 2)" }

thread 'prop_put_get_consistency' panicked at tests/property_tests.rs:16:75:
called `Result::unwrap()` on an `Err` value: DatabaseNotFound { path: "No such file or directory (os error 2)" }

thread 'prop_put_get_consistency' panicked at tests/property_tests.rs:16:75:
called `Result::unwrap()` on an `Err` value: DatabaseNotFound { path: "No such file or directory (os error 2)" }

thread 'prop_put_get_consistency' panicked at tests/property_tests.rs:16:75:
called `Result::unwrap()` on an `Err` value: DatabaseNotFound { path: "No such file or directory (os error 2)" }

thread 'prop_put_get_consistency' panicked at tests/property_tests.rs:16:75:
called `Result::unwrap()` on an `Err` value: DatabaseNotFound { path: "No such file or directory (os error 2)" }

thread 'prop_put_get_consistency' panicked at tests/property_tests.rs:16:75:
called `Result::unwrap()` on an `Err` value: DatabaseNotFound { path: "No such file or directory (os error 2)" }

thread 'prop_put_get_consistency' panicked at tests/property_tests.rs:16:75:
called `Result::unwrap()` on an `Err` value: DatabaseNotFound { path: "No such file or directory (os error 2)" }

thread 'prop_put_get_consistency' panicked at tests/property_tests.rs:16:75:
called `Result::unwrap()` on an `Err` value: DatabaseNotFound { path: "No such file or directory (os error 2)" }

thread 'prop_put_get_consistency' panicked at tests/property_tests.rs:16:75:
called `Result::unwrap()` on an `Err` value: DatabaseNotFound { path: "No such file or directory (os error 2)" }

thread 'prop_put_get_consistency' panicked at tests/property_tests.rs:16:75:
called `Result::unwrap()` on an `Err` value: DatabaseNotFound { path: "No such file or directory (os error 2)" }

thread 'prop_put_get_consistency' panicked at tests/property_tests.rs:16:75:
called `Result::unwrap()` on an `Err` value: DatabaseNotFound { path: "No such file or directory (os error 2)" }

thread 'prop_put_get_consistency' panicked at tests/property_tests.rs:16:75:
called `Result::unwrap()` on an `Err` value: DatabaseNotFound { path: "No such file or directory (os error 2)" }

thread 'prop_put_get_consistency' panicked at tests/property_tests.rs:16:75:
called `Result::unwrap()` on an `Err` value: DatabaseNotFound { path: "No such file or directory (os error 2)" }

thread 'prop_put_get_consistency' panicked at tests/property_tests.rs:16:75:
called `Result::unwrap()` on an `Err` value: DatabaseNotFound { path: "No such file or directory (os error 2)" }

thread 'prop_put_get_consistency' panicked at tests/property_tests.rs:16:75:
called `Result::unwrap()` on an `Err` value: DatabaseNotFound { path: "No such file or directory (os error 2)" }

thread 'prop_put_get_consistency' panicked at tests/property_tests.rs:16:75:
called `Result::unwrap()` on an `Err` value: DatabaseNotFound { path: "No such file or directory (os error 2)" }

thread 'prop_put_get_consistency' panicked at tests/property_tests.rs:16:75:
called `Result::unwrap()` on an `Err` value: DatabaseNotFound { path: "No such file or directory (os error 2)" }

thread 'prop_put_get_consistency' panicked at tests/property_tests.rs:16:75:
called `Result::unwrap()` on an `Err` value: DatabaseNotFound { path: "No such file or directory (os error 2)" }

thread 'prop_put_get_consistency' panicked at tests/property_tests.rs:16:75:
called `Result::unwrap()` on an `Err` value: DatabaseNotFound { path: "No such file or directory (os error 2)" }

thread 'prop_put_get_consistency' panicked at tests/property_tests.rs:16:75:
called `Result::unwrap()` on an `Err` value: DatabaseNotFound { path: "No such file or directory (os error 2)" }

thread 'prop_put_get_consistency' panicked at tests/property_tests.rs:16:75:
called `Result::unwrap()` on an `Err` value: DatabaseNotFound { path: "No such file or directory (os error 2)" }

thread 'prop_put_get_consistency' panicked at tests/property_tests.rs:16:75:
called `Result::unwrap()` on an `Err` value: DatabaseNotFound { path: "No such file or directory (os error 2)" }

thread 'prop_put_get_consistency' panicked at tests/property_tests.rs:16:75:
called `Result::unwrap()` on an `Err` value: DatabaseNotFound { path: "No such file or directory (os error 2)" }

thread 'prop_put_get_consistency' panicked at tests/property_tests.rs:16:75:
called `Result::unwrap()` on an `Err` value: DatabaseNotFound { path: "No such file or directory (os error 2)" }

thread 'prop_put_get_consistency' panicked at tests/property_tests.rs:16:75:
called `Result::unwrap()` on an `Err` value: DatabaseNotFound { path: "No such file or directory (os error 2)" }

thread 'prop_put_get_consistency' panicked at tests/property_tests.rs:16:75:
called `Result::unwrap()` on an `Err` value: DatabaseNotFound { path: "No such file or directory (os error 2)" }

thread 'prop_put_get_consistency' panicked at tests/property_tests.rs:16:75:
called `Result::unwrap()` on an `Err` value: DatabaseNotFound { path: "No such file or directory (os error 2)" }

thread 'prop_put_get_consistency' panicked at tests/property_tests.rs:16:75:
called `Result::unwrap()` on an `Err` value: DatabaseNotFound { path: "No such file or directory (os error 2)" }

thread 'prop_put_get_consistency' panicked at tests/property_tests.rs:16:75:
called `Result::unwrap()` on an `Err` value: DatabaseNotFound { path: "No such file or directory (os error 2)" }

thread 'prop_put_get_consistency' panicked at tests/property_tests.rs:16:75:
called `Result::unwrap()` on an `Err` value: DatabaseNotFound { path: "No such file or directory (os error 2)" }

thread 'prop_put_get_consistency' panicked at tests/property_tests.rs:16:75:
called `Result::unwrap()` on an `Err` value: DatabaseNotFound { path: "No such file or directory (os error 2)" }

thread 'prop_put_get_consistency' panicked at tests/property_tests.rs:16:75:
called `Result::unwrap()` on an `Err` value: DatabaseNotFound { path: "No such file or directory (os error 2)" }

thread 'prop_put_get_consistency' panicked at tests/property_tests.rs:16:75:
called `Result::unwrap()` on an `Err` value: DatabaseNotFound { path: "No such file or directory (os error 2)" }

thread 'prop_put_get_consistency' panicked at tests/property_tests.rs:16:75:
called `Result::unwrap()` on an `Err` value: DatabaseNotFound { path: "No such file or directory (os error 2)" }

thread 'prop_put_get_consistency' panicked at tests/property_tests.rs:16:75:
called `Result::unwrap()` on an `Err` value: DatabaseNotFound { path: "No such file or directory (os error 2)" }

thread 'prop_put_get_consistency' panicked at tests/property_tests.rs:16:75:
called `Result::unwrap()` on an `Err` value: DatabaseNotFound { path: "No such file or directory (os error 2)" }

thread 'prop_put_get_consistency' panicked at tests/property_tests.rs:16:75:
called `Result::unwrap()` on an `Err` value: DatabaseNotFound { path: "No such file or directory (os error 2)" }

thread 'prop_put_get_consistency' panicked at tests/property_tests.rs:16:75:
called `Result::unwrap()` on an `Err` value: DatabaseNotFound { path: "No such file or directory (os error 2)" }

thread 'prop_put_get_consistency' panicked at tests/property_tests.rs:16:75:
called `Result::unwrap()` on an `Err` value: DatabaseNotFound { path: "No such file or directory (os error 2)" }

thread 'prop_put_get_consistency' panicked at tests/property_tests.rs:16:75:
called `Result::unwrap()` on an `Err` value: DatabaseNotFound { path: "No such file or directory (os error 2)" }

thread 'prop_put_get_consistency' panicked at tests/property_tests.rs:16:75:
called `Result::unwrap()` on an `Err` value: DatabaseNotFound { path: "No such file or directory (os error 2)" }

thread 'prop_put_get_consistency' panicked at tests/property_tests.rs:16:75:
called `Result::unwrap()` on an `Err` value: DatabaseNotFound { path: "No such file or directory (os error 2)" }

thread 'prop_put_get_consistency' panicked at tests/property_tests.rs:16:75:
called `Result::unwrap()` on an `Err` value: DatabaseNotFound { path: "No such file or directory (os error 2)" }

thread 'prop_put_get_consistency' panicked at tests/property_tests.rs:16:75:
called `Result::unwrap()` on an `Err` value: DatabaseNotFound { path: "No such file or directory (os error 2)" }

thread 'prop_put_get_consistency' panicked at tests/property_tests.rs:16:75:
called `Result::unwrap()` on an `Err` value: DatabaseNotFound { path: "No such file or directory (os error 2)" }

thread 'prop_put_get_consistency' panicked at tests/property_tests.rs:16:75:
called `Result::unwrap()` on an `Err` value: DatabaseNotFound { path: "No such file or directory (os error 2)" }

thread 'prop_put_get_consistency' panicked at tests/property_tests.rs:16:75:
called `Result::unwrap()` on an `Err` value: DatabaseNotFound { path: "No such file or directory (os error 2)" }

thread 'prop_put_get_consistency' panicked at tests/property_tests.rs:16:75:
called `Result::unwrap()` on an `Err` value: DatabaseNotFound { path: "No such file or directory (os error 2)" }

thread 'prop_put_get_consistency' panicked at tests/property_tests.rs:16:75:
called `Result::unwrap()` on an `Err` value: DatabaseNotFound { path: "No such file or directory (os error 2)" }

thread 'prop_put_get_consistency' panicked at tests/property_tests.rs:16:75:
called `Result::unwrap()` on an `Err` value: DatabaseNotFound { path: "No such file or directory (os error 2)" }

thread 'prop_put_get_consistency' panicked at tests/property_tests.rs:16:75:
called `Result::unwrap()` on an `Err` value: DatabaseNotFound { path: "No such file or directory (os error 2)" }

thread 'prop_put_get_consistency' panicked at tests/property_tests.rs:16:75:
called `Result::unwrap()` on an `Err` value: DatabaseNotFound { path: "No such file or directory (os error 2)" }

thread 'prop_put_get_consistency' panicked at tests/property_tests.rs:16:75:
called `Result::unwrap()` on an `Err` value: DatabaseNotFound { path: "No such file or directory (os error 2)" }

thread 'prop_put_get_consistency' panicked at tests/property_tests.rs:16:75:
called `Result::unwrap()` on an `Err` value: DatabaseNotFound { path: "No such file or directory (os error 2)" }

thread 'prop_put_get_consistency' panicked at tests/property_tests.rs:16:75:
called `Result::unwrap()` on an `Err` value: DatabaseNotFound { path: "No such file or directory (os error 2)" }

thread 'prop_put_get_consistency' panicked at tests/property_tests.rs:16:75:
called `Result::unwrap()` on an `Err` value: DatabaseNotFound { path: "No such file or directory (os error 2)" }

thread 'prop_put_get_consistency' panicked at tests/property_tests.rs:16:75:
called `Result::unwrap()` on an `Err` value: DatabaseNotFound { path: "No such file or directory (os error 2)" }

thread 'prop_put_get_consistency' panicked at tests/property_tests.rs:16:75:
called `Result::unwrap()` on an `Err` value: DatabaseNotFound { path: "No such file or directory (os error 2)" }

thread 'prop_put_get_consistency' panicked at tests/property_tests.rs:16:75:
called `Result::unwrap()` on an `Err` value: DatabaseNotFound { path: "No such file or directory (os error 2)" }

thread 'prop_put_get_consistency' panicked at tests/property_tests.rs:16:75:
called `Result::unwrap()` on an `Err` value: DatabaseNotFound { path: "No such file or directory (os error 2)" }

thread 'prop_put_get_consistency' panicked at tests/property_tests.rs:16:75:
called `Result::unwrap()` on an `Err` value: DatabaseNotFound { path: "No such file or directory (os error 2)" }

thread 'prop_put_get_consistency' panicked at tests/property_tests.rs:16:75:
called `Result::unwrap()` on an `Err` value: DatabaseNotFound { path: "No such file or directory (os error 2)" }

thread 'prop_put_get_consistency' panicked at tests/property_tests.rs:16:75:
called `Result::unwrap()` on an `Err` value: DatabaseNotFound { path: "No such file or directory (os error 2)" }

thread 'prop_put_get_consistency' panicked at tests/property_tests.rs:16:75:
called `Result::unwrap()` on an `Err` value: DatabaseNotFound { path: "No such file or directory (os error 2)" }

thread 'prop_put_get_consistency' panicked at tests/property_tests.rs:16:75:
called `Result::unwrap()` on an `Err` value: DatabaseNotFound { path: "No such file or directory (os error 2)" }

thread 'prop_put_get_consistency' panicked at tests/property_tests.rs:16:75:
called `Result::unwrap()` on an `Err` value: DatabaseNotFound { path: "No such file or directory (os error 2)" }

thread 'prop_put_get_consistency' panicked at tests/property_tests.rs:16:75:
called `Result::unwrap()` on an `Err` value: DatabaseNotFound { path: "No such file or directory (os error 2)" }

thread 'prop_put_get_consistency' panicked at tests/property_tests.rs:16:75:
called `Result::unwrap()` on an `Err` value: DatabaseNotFound { path: "No such file or directory (os error 2)" }

thread 'prop_put_get_consistency' panicked at tests/property_tests.rs:16:75:
called `Result::unwrap()` on an `Err` value: DatabaseNotFound { path: "No such file or directory (os error 2)" }

thread 'prop_put_get_consistency' panicked at tests/property_tests.rs:16:75:
called `Result::unwrap()` on an `Err` value: DatabaseNotFound { path: "No such file or directory (os error 2)" }

thread 'prop_put_get_consistency' panicked at tests/property_tests.rs:16:75:
called `Result::unwrap()` on an `Err` value: DatabaseNotFound { path: "No such file or directory (os error 2)" }

thread 'prop_put_get_consistency' panicked at tests/property_tests.rs:16:75:
called `Result::unwrap()` on an `Err` value: DatabaseNotFound { path: "No such file or directory (os error 2)" }

thread 'prop_put_get_consistency' panicked at tests/property_tests.rs:16:75:
called `Result::unwrap()` on an `Err` value: DatabaseNotFound { path: "No such file or directory (os error 2)" }

thread 'prop_put_get_consistency' panicked at tests/property_tests.rs:16:75:
called `Result::unwrap()` on an `Err` value: DatabaseNotFound { path: "No such file or directory (os error 2)" }

thread 'prop_put_get_consistency' panicked at tests/property_tests.rs:16:75:
called `Result::unwrap()` on an `Err` value: DatabaseNotFound { path: "No such file or directory (os error 2)" }

thread 'prop_put_get_consistency' panicked at tests/property_tests.rs:16:75:
called `Result::unwrap()` on an `Err` value: DatabaseNotFound { path: "No such file or directory (os error 2)" }

thread 'prop_put_get_consistency' panicked at tests/property_tests.rs:16:75:
called `Result::unwrap()` on an `Err` value: DatabaseNotFound { path: "No such file or directory (os error 2)" }

thread 'prop_put_get_consistency' panicked at tests/property_tests.rs:16:75:
called `Result::unwrap()` on an `Err` value: DatabaseNotFound { path: "No such file or directory (os error 2)" }

thread 'prop_put_get_consistency' panicked at tests/property_tests.rs:16:75:
called `Result::unwrap()` on an `Err` value: DatabaseNotFound { path: "No such file or directory (os error 2)" }

thread 'prop_put_get_consistency' panicked at tests/property_tests.rs:16:75:
called `Result::unwrap()` on an `Err` value: DatabaseNotFound { path: "No such file or directory (os error 2)" }

thread 'prop_put_get_consistency' panicked at tests/property_tests.rs:16:75:
called `Result::unwrap()` on an `Err` value: DatabaseNotFound { path: "No such file or directory (os error 2)" }

thread 'prop_put_get_consistency' panicked at tests/property_tests.rs:16:75:
called `Result::unwrap()` on an `Err` value: DatabaseNotFound { path: "No such file or directory (os error 2)" }

thread 'prop_put_get_consistency' panicked at tests/property_tests.rs:16:75:
called `Result::unwrap()` on an `Err` value: DatabaseNotFound { path: "No such file or directory (os error 2)" }

thread 'prop_put_get_consistency' panicked at tests/property_tests.rs:16:75:
called `Result::unwrap()` on an `Err` value: DatabaseNotFound { path: "No such file or directory (os error 2)" }

thread 'prop_put_get_consistency' panicked at tests/property_tests.rs:16:75:
called `Result::unwrap()` on an `Err` value: DatabaseNotFound { path: "No such file or directory (os error 2)" }

thread 'prop_put_get_consistency' panicked at tests/property_tests.rs:16:75:
called `Result::unwrap()` on an `Err` value: DatabaseNotFound { path: "No such file or directory (os error 2)" }

thread 'prop_put_get_consistency' panicked at tests/property_tests.rs:16:75:
called `Result::unwrap()` on an `Err` value: DatabaseNotFound { path: "No such file or directory (os error 2)" }

thread 'prop_put_get_consistency' panicked at tests/property_tests.rs:16:75:
called `Result::unwrap()` on an `Err` value: DatabaseNotFound { path: "No such file or directory (os error 2)" }

thread 'prop_put_get_consistency' panicked at tests/property_tests.rs:16:75:
called `Result::unwrap()` on an `Err` value: DatabaseNotFound { path: "No such file or directory (os error 2)" }

thread 'prop_put_get_consistency' panicked at tests/property_tests.rs:16:75:
called `Result::unwrap()` on an `Err` value: DatabaseNotFound { path: "No such file or directory (os error 2)" }

thread 'prop_put_get_consistency' panicked at tests/property_tests.rs:16:75:
called `Result::unwrap()` on an `Err` value: DatabaseNotFound { path: "No such file or directory (os error 2)" }

thread 'prop_put_get_consistency' panicked at tests/property_tests.rs:16:75:
called `Result::unwrap()` on an `Err` value: DatabaseNotFound { path: "No such file or directory (os error 2)" }

thread 'prop_put_get_consistency' panicked at tests/property_tests.rs:16:75:
called `Result::unwrap()` on an `Err` value: DatabaseNotFound { path: "No such file or directory (os error 2)" }

thread 'prop_put_get_consistency' panicked at tests/property_tests.rs:16:75:
called `Result::unwrap()` on an `Err` value: DatabaseNotFound { path: "No such file or directory (os error 2)" }

thread 'prop_put_get_consistency' panicked at tests/property_tests.rs:16:75:
called `Result::unwrap()` on an `Err` value: DatabaseNotFound { path: "No such file or directory (os error 2)" }

thread 'prop_put_get_consistency' panicked at tests/property_tests.rs:16:75:
called `Result::unwrap()` on an `Err` value: DatabaseNotFound { path: "No such file or directory (os error 2)" }

thread 'prop_put_get_consistency' panicked at tests/property_tests.rs:16:75:
called `Result::unwrap()` on an `Err` value: DatabaseNotFound { path: "No such file or directory (os error 2)" }

thread 'prop_put_get_consistency' panicked at tests/property_tests.rs:16:75:
called `Result::unwrap()` on an `Err` value: DatabaseNotFound { path: "No such file or directory (os error 2)" }

thread 'prop_put_get_consistency' panicked at tests/property_tests.rs:16:75:
called `Result::unwrap()` on an `Err` value: DatabaseNotFound { path: "No such file or directory (os error 2)" }

thread 'prop_put_get_consistency' panicked at tests/property_tests.rs:16:75:
called `Result::unwrap()` on an `Err` value: DatabaseNotFound { path: "No such file or directory (os error 2)" }

thread 'prop_put_get_consistency' panicked at tests/property_tests.rs:16:75:
called `Result::unwrap()` on an `Err` value: DatabaseNotFound { path: "No such file or directory (os error 2)" }

thread 'prop_put_get_consistency' panicked at tests/property_tests.rs:16:75:
called `Result::unwrap()` on an `Err` value: DatabaseNotFound { path: "No such file or directory (os error 2)" }

thread 'prop_put_get_consistency' panicked at tests/property_tests.rs:16:75:
called `Result::unwrap()` on an `Err` value: DatabaseNotFound { path: "No such file or directory (os error 2)" }

thread 'prop_put_get_consistency' panicked at tests/property_tests.rs:16:75:
called `Result::unwrap()` on an `Err` value: DatabaseNotFound { path: "No such file or directory (os error 2)" }

thread 'prop_put_get_consistency' panicked at tests/property_tests.rs:16:75:
called `Result::unwrap()` on an `Err` value: DatabaseNotFound { path: "No such file or directory (os error 2)" }

thread 'prop_put_get_consistency' panicked at tests/property_tests.rs:16:75:
called `Result::unwrap()` on an `Err` value: DatabaseNotFound { path: "No such file or directory (os error 2)" }

thread 'prop_put_get_consistency' panicked at tests/property_tests.rs:16:75:
called `Result::unwrap()` on an `Err` value: DatabaseNotFound { path: "No such file or directory (os error 2)" }

thread 'prop_put_get_consistency' panicked at tests/property_tests.rs:16:75:
called `Result::unwrap()` on an `Err` value: DatabaseNotFound { path: "No such file or directory (os error 2)" }

thread 'prop_put_get_consistency' panicked at tests/property_tests.rs:16:75:
called `Result::unwrap()` on an `Err` value: DatabaseNotFound { path: "No such file or directory (os error 2)" }

thread 'prop_put_get_consistency' panicked at tests/property_tests.rs:16:75:
called `Result::unwrap()` on an `Err` value: DatabaseNotFound { path: "No such file or directory (os error 2)" }

thread 'prop_put_get_consistency' panicked at tests/property_tests.rs:16:75:
called `Result::unwrap()` on an `Err` value: DatabaseNotFound { path: "No such file or directory (os error 2)" }

thread 'prop_put_get_consistency' panicked at tests/property_tests.rs:16:75:
called `Result::unwrap()` on an `Err` value: DatabaseNotFound { path: "No such file or directory (os error 2)" }

thread 'prop_put_get_consistency' panicked at tests/property_tests.rs:16:75:
called `Result::unwrap()` on an `Err` value: DatabaseNotFound { path: "No such file or directory (os error 2)" }

thread 'prop_put_get_consistency' panicked at tests/property_tests.rs:16:75:
called `Result::unwrap()` on an `Err` value: DatabaseNotFound { path: "No such file or directory (os error 2)" }

thread 'prop_put_get_consistency' panicked at tests/property_tests.rs:16:75:
called `Result::unwrap()` on an `Err` value: DatabaseNotFound { path: "No such file or directory (os error 2)" }

thread 'prop_put_get_consistency' panicked at tests/property_tests.rs:16:75:
called `Result::unwrap()` on an `Err` value: DatabaseNotFound { path: "No such file or directory (os error 2)" }

thread 'prop_put_get_consistency' panicked at tests/property_tests.rs:16:75:
called `Result::unwrap()` on an `Err` value: DatabaseNotFound { path: "No such file or directory (os error 2)" }

thread 'prop_put_get_consistency' panicked at tests/property_tests.rs:16:75:
called `Result::unwrap()` on an `Err` value: DatabaseNotFound { path: "No such file or directory (os error 2)" }

thread 'prop_put_get_consistency' panicked at tests/property_tests.rs:16:75:
called `Result::unwrap()` on an `Err` value: DatabaseNotFound { path: "No such file or directory (os error 2)" }

thread 'prop_put_get_consistency' panicked at tests/property_tests.rs:16:75:
called `Result::unwrap()` on an `Err` value: DatabaseNotFound { path: "No such file or directory (os error 2)" }

thread 'prop_put_get_consistency' panicked at tests/property_tests.rs:16:75:
called `Result::unwrap()` on an `Err` value: DatabaseNotFound { path: "No such file or directory (os error 2)" }

thread 'prop_put_get_consistency' panicked at tests/property_tests.rs:16:75:
called `Result::unwrap()` on an `Err` value: DatabaseNotFound { path: "No such file or directory (os error 2)" }

thread 'prop_put_get_consistency' panicked at tests/property_tests.rs:16:75:
called `Result::unwrap()` on an `Err` value: DatabaseNotFound { path: "No such file or directory (os error 2)" }

thread 'prop_put_get_consistency' panicked at tests/property_tests.rs:16:75:
called `Result::unwrap()` on an `Err` value: DatabaseNotFound { path: "No such file or directory (os error 2)" }

thread 'prop_put_get_consistency' panicked at tests/property_tests.rs:16:75:
called `Result::unwrap()` on an `Err` value: DatabaseNotFound { path: "No such file or directory (os error 2)" }

thread 'prop_put_get_consistency' panicked at tests/property_tests.rs:16:75:
called `Result::unwrap()` on an `Err` value: DatabaseNotFound { path: "No such file or directory (os error 2)" }

thread 'prop_put_get_consistency' panicked at tests/property_tests.rs:16:75:
called `Result::unwrap()` on an `Err` value: DatabaseNotFound { path: "No such file or directory (os error 2)" }

thread 'prop_put_get_consistency' panicked at tests/property_tests.rs:16:75:
called `Result::unwrap()` on an `Err` value: DatabaseNotFound { path: "No such file or directory (os error 2)" }

thread 'prop_put_get_consistency' panicked at tests/property_tests.rs:16:75:
called `Result::unwrap()` on an `Err` value: DatabaseNotFound { path: "No such file or directory (os error 2)" }

thread 'prop_put_get_consistency' panicked at tests/property_tests.rs:16:75:
called `Result::unwrap()` on an `Err` value: DatabaseNotFound { path: "No such file or directory (os error 2)" }

thread 'prop_put_get_consistency' panicked at tests/property_tests.rs:16:75:
called `Result::unwrap()` on an `Err` value: DatabaseNotFound { path: "No such file or directory (os error 2)" }

thread 'prop_put_get_consistency' panicked at tests/property_tests.rs:16:75:
called `Result::unwrap()` on an `Err` value: DatabaseNotFound { path: "No such file or directory (os error 2)" }

thread 'prop_put_get_consistency' panicked at tests/property_tests.rs:16:75:
called `Result::unwrap()` on an `Err` value: DatabaseNotFound { path: "No such file or directory (os error 2)" }

thread 'prop_put_get_consistency' panicked at tests/property_tests.rs:16:75:
called `Result::unwrap()` on an `Err` value: DatabaseNotFound { path: "No such file or directory (os error 2)" }

thread 'prop_put_get_consistency' panicked at tests/property_tests.rs:16:75:
called `Result::unwrap()` on an `Err` value: DatabaseNotFound { path: "No such file or directory (os error 2)" }

thread 'prop_put_get_consistency' panicked at tests/property_tests.rs:16:75:
called `Result::unwrap()` on an `Err` value: DatabaseNotFound { path: "No such file or directory (os error 2)" }

thread 'prop_put_get_consistency' panicked at tests/property_tests.rs:16:75:
called `Result::unwrap()` on an `Err` value: DatabaseNotFound { path: "No such file or directory (os error 2)" }

thread 'prop_put_get_consistency' panicked at tests/property_tests.rs:16:75:
called `Result::unwrap()` on an `Err` value: DatabaseNotFound { path: "No such file or directory (os error 2)" }

thread 'prop_put_get_consistency' panicked at tests/property_tests.rs:16:75:
called `Result::unwrap()` on an `Err` value: DatabaseNotFound { path: "No such file or directory (os error 2)" }

thread 'prop_put_get_consistency' panicked at tests/property_tests.rs:16:75:
called `Result::unwrap()` on an `Err` value: DatabaseNotFound { path: "No such file or directory (os error 2)" }

thread 'prop_put_get_consistency' panicked at tests/property_tests.rs:16:75:
called `Result::unwrap()` on an `Err` value: DatabaseNotFound { path: "No such file or directory (os error 2)" }

thread 'prop_put_get_consistency' panicked at tests/property_tests.rs:16:75:
called `Result::unwrap()` on an `Err` value: DatabaseNotFound { path: "No such file or directory (os error 2)" }

thread 'prop_put_get_consistency' panicked at tests/property_tests.rs:16:75:
called `Result::unwrap()` on an `Err` value: DatabaseNotFound { path: "No such file or directory (os error 2)" }

thread 'prop_put_get_consistency' panicked at tests/property_tests.rs:16:75:
called `Result::unwrap()` on an `Err` value: DatabaseNotFound { path: "No such file or directory (os error 2)" }

thread 'prop_put_get_consistency' panicked at tests/property_tests.rs:16:75:
called `Result::unwrap()` on an `Err` value: DatabaseNotFound { path: "No such file or directory (os error 2)" }

thread 'prop_put_get_consistency' panicked at tests/property_tests.rs:16:75:
called `Result::unwrap()` on an `Err` value: DatabaseNotFound { path: "No such file or directory (os error 2)" }

thread 'prop_put_get_consistency' panicked at tests/property_tests.rs:16:75:
called `Result::unwrap()` on an `Err` value: DatabaseNotFound { path: "No such file or directory (os error 2)" }

thread 'prop_put_get_consistency' panicked at tests/property_tests.rs:16:75:
called `Result::unwrap()` on an `Err` value: DatabaseNotFound { path: "No such file or directory (os error 2)" }

thread 'prop_put_get_consistency' panicked at tests/property_tests.rs:16:75:
called `Result::unwrap()` on an `Err` value: DatabaseNotFound { path: "No such file or directory (os error 2)" }

thread 'prop_put_get_consistency' panicked at tests/property_tests.rs:16:75:
called `Result::unwrap()` on an `Err` value: DatabaseNotFound { path: "No such file or directory (os error 2)" }

thread 'prop_put_get_consistency' panicked at tests/property_tests.rs:16:75:
called `Result::unwrap()` on an `Err` value: DatabaseNotFound { path: "No such file or directory (os error 2)" }

thread 'prop_put_get_consistency' panicked at tests/property_tests.rs:16:75:
called `Result::unwrap()` on an `Err` value: DatabaseNotFound { path: "No such file or directory (os error 2)" }

thread 'prop_put_get_consistency' panicked at tests/property_tests.rs:16:75:
called `Result::unwrap()` on an `Err` value: DatabaseNotFound { path: "No such file or directory (os error 2)" }

thread 'prop_put_get_consistency' panicked at tests/property_tests.rs:16:75:
called `Result::unwrap()` on an `Err` value: DatabaseNotFound { path: "No such file or directory (os error 2)" }

thread 'prop_put_get_consistency' panicked at tests/property_tests.rs:16:75:
called `Result::unwrap()` on an `Err` value: DatabaseNotFound { path: "No such file or directory (os error 2)" }

thread 'prop_put_get_consistency' panicked at tests/property_tests.rs:16:75:
called `Result::unwrap()` on an `Err` value: DatabaseNotFound { path: "No such file or directory (os error 2)" }

thread 'prop_put_get_consistency' panicked at tests/property_tests.rs:16:75:
called `Result::unwrap()` on an `Err` value: DatabaseNotFound { path: "No such file or directory (os error 2)" }

thread 'prop_put_get_consistency' panicked at tests/property_tests.rs:16:75:
called `Result::unwrap()` on an `Err` value: DatabaseNotFound { path: "No such file or directory (os error 2)" }

thread 'prop_put_get_consistency' panicked at tests/property_tests.rs:16:75:
called `Result::unwrap()` on an `Err` value: DatabaseNotFound { path: "No such file or directory (os error 2)" }

thread 'prop_put_get_consistency' panicked at tests/property_tests.rs:16:75:
called `Result::unwrap()` on an `Err` value: DatabaseNotFound { path: "No such file or directory (os error 2)" }

thread 'prop_put_get_consistency' panicked at tests/property_tests.rs:16:75:
called `Result::unwrap()` on an `Err` value: DatabaseNotFound { path: "No such file or directory (os error 2)" }

thread 'prop_put_get_consistency' panicked at tests/property_tests.rs:16:75:
called `Result::unwrap()` on an `Err` value: DatabaseNotFound { path: "No such file or directory (os error 2)" }

thread 'prop_put_get_consistency' panicked at tests/property_tests.rs:16:75:
called `Result::unwrap()` on an `Err` value: DatabaseNotFound { path: "No such file or directory (os error 2)" }

thread 'prop_put_get_consistency' panicked at tests/property_tests.rs:16:75:
called `Result::unwrap()` on an `Err` value: DatabaseNotFound { path: "No such file or directory (os error 2)" }

thread 'prop_put_get_consistency' panicked at tests/property_tests.rs:16:75:
called `Result::unwrap()` on an `Err` value: DatabaseNotFound { path: "No such file or directory (os error 2)" }

thread 'prop_put_get_consistency' panicked at tests/property_tests.rs:16:75:
called `Result::unwrap()` on an `Err` value: DatabaseNotFound { path: "No such file or directory (os error 2)" }

thread 'prop_put_get_consistency' panicked at tests/property_tests.rs:16:75:
called `Result::unwrap()` on an `Err` value: DatabaseNotFound { path: "No such file or directory (os error 2)" }

thread 'prop_put_get_consistency' panicked at tests/property_tests.rs:16:75:
called `Result::unwrap()` on an `Err` value: DatabaseNotFound { path: "No such file or directory (os error 2)" }

thread 'prop_put_get_consistency' panicked at tests/property_tests.rs:16:75:
called `Result::unwrap()` on an `Err` value: DatabaseNotFound { path: "No such file or directory (os error 2)" }

thread 'prop_put_get_consistency' panicked at tests/property_tests.rs:16:75:
called `Result::unwrap()` on an `Err` value: DatabaseNotFound { path: "No such file or directory (os error 2)" }

thread 'prop_put_get_consistency' panicked at tests/property_tests.rs:16:75:
called `Result::unwrap()` on an `Err` value: DatabaseNotFound { path: "No such file or directory (os error 2)" }

thread 'prop_put_get_consistency' panicked at tests/property_tests.rs:16:75:
called `Result::unwrap()` on an `Err` value: DatabaseNotFound { path: "No such file or directory (os error 2)" }

thread 'prop_put_get_consistency' panicked at tests/property_tests.rs:16:75:
called `Result::unwrap()` on an `Err` value: DatabaseNotFound { path: "No such file or directory (os error 2)" }

thread 'prop_put_get_consistency' panicked at tests/property_tests.rs:16:75:
called `Result::unwrap()` on an `Err` value: DatabaseNotFound { path: "No such file or directory (os error 2)" }

thread 'prop_put_get_consistency' panicked at tests/property_tests.rs:16:75:
called `Result::unwrap()` on an `Err` value: DatabaseNotFound { path: "No such file or directory (os error 2)" }

thread 'prop_put_get_consistency' panicked at tests/property_tests.rs:16:75:
called `Result::unwrap()` on an `Err` value: DatabaseNotFound { path: "No such file or directory (os error 2)" }

thread 'prop_put_get_consistency' panicked at tests/property_tests.rs:16:75:
called `Result::unwrap()` on an `Err` value: DatabaseNotFound { path: "No such file or directory (os error 2)" }

thread 'prop_put_get_consistency' panicked at tests/property_tests.rs:16:75:
called `Result::unwrap()` on an `Err` value: DatabaseNotFound { path: "No such file or directory (os error 2)" }

thread 'prop_put_get_consistency' panicked at tests/property_tests.rs:16:75:
called `Result::unwrap()` on an `Err` value: DatabaseNotFound { path: "No such file or directory (os error 2)" }

thread 'prop_put_get_consistency' panicked at tests/property_tests.rs:16:75:
called `Result::unwrap()` on an `Err` value: DatabaseNotFound { path: "No such file or directory (os error 2)" }

thread 'prop_put_get_consistency' panicked at tests/property_tests.rs:16:75:
called `Result::unwrap()` on an `Err` value: DatabaseNotFound { path: "No such file or directory (os error 2)" }

thread 'prop_put_get_consistency' panicked at tests/property_tests.rs:16:75:
called `Result::unwrap()` on an `Err` value: DatabaseNotFound { path: "No such file or directory (os error 2)" }

thread 'prop_put_get_consistency' panicked at tests/property_tests.rs:16:75:
called `Result::unwrap()` on an `Err` value: DatabaseNotFound { path: "No such file or directory (os error 2)" }

thread 'prop_put_get_consistency' panicked at tests/property_tests.rs:16:75:
called `Result::unwrap()` on an `Err` value: DatabaseNotFound { path: "No such file or directory (os error 2)" }

thread 'prop_put_get_consistency' panicked at tests/property_tests.rs:16:75:
called `Result::unwrap()` on an `Err` value: DatabaseNotFound { path: "No such file or directory (os error 2)" }

thread 'prop_put_get_consistency' panicked at tests/property_tests.rs:16:75:
called `Result::unwrap()` on an `Err` value: DatabaseNotFound { path: "No such file or directory (os error 2)" }

thread 'prop_put_get_consistency' panicked at tests/property_tests.rs:16:75:
called `Result::unwrap()` on an `Err` value: DatabaseNotFound { path: "No such file or directory (os error 2)" }

thread 'prop_put_get_consistency' panicked at tests/property_tests.rs:16:75:
called `Result::unwrap()` on an `Err` value: DatabaseNotFound { path: "No such file or directory (os error 2)" }

thread 'prop_put_get_consistency' panicked at tests/property_tests.rs:16:75:
called `Result::unwrap()` on an `Err` value: DatabaseNotFound { path: "No such file or directory (os error 2)" }

thread 'prop_put_get_consistency' panicked at tests/property_tests.rs:16:75:
called `Result::unwrap()` on an `Err` value: DatabaseNotFound { path: "No such file or directory (os error 2)" }

thread 'prop_put_get_consistency' panicked at tests/property_tests.rs:16:75:
called `Result::unwrap()` on an `Err` value: DatabaseNotFound { path: "No such file or directory (os error 2)" }

thread 'prop_put_get_consistency' panicked at tests/property_tests.rs:16:75:
called `Result::unwrap()` on an `Err` value: DatabaseNotFound { path: "No such file or directory (os error 2)" }

thread 'prop_put_get_consistency' panicked at tests/property_tests.rs:16:75:
called `Result::unwrap()` on an `Err` value: DatabaseNotFound { path: "No such file or directory (os error 2)" }

thread 'prop_put_get_consistency' panicked at tests/property_tests.rs:16:75:
called `Result::unwrap()` on an `Err` value: DatabaseNotFound { path: "No such file or directory (os error 2)" }

thread 'prop_put_get_consistency' panicked at tests/property_tests.rs:16:75:
called `Result::unwrap()` on an `Err` value: DatabaseNotFound { path: "No such file or directory (os error 2)" }

thread 'prop_put_get_consistency' panicked at tests/property_tests.rs:16:75:
called `Result::unwrap()` on an `Err` value: DatabaseNotFound { path: "No such file or directory (os error 2)" }

thread 'prop_put_get_consistency' panicked at tests/property_tests.rs:16:75:
called `Result::unwrap()` on an `Err` value: DatabaseNotFound { path: "No such file or directory (os error 2)" }

thread 'prop_put_get_consistency' panicked at tests/property_tests.rs:16:75:
called `Result::unwrap()` on an `Err` value: DatabaseNotFound { path: "No such file or directory (os error 2)" }

thread 'prop_put_get_consistency' panicked at tests/property_tests.rs:16:75:
called `Result::unwrap()` on an `Err` value: DatabaseNotFound { path: "No such file or directory (os error 2)" }

thread 'prop_put_get_consistency' panicked at tests/property_tests.rs:16:75:
called `Result::unwrap()` on an `Err` value: DatabaseNotFound { path: "No such file or directory (os error 2)" }

thread 'prop_put_get_consistency' panicked at tests/property_tests.rs:16:75:
called `Result::unwrap()` on an `Err` value: DatabaseNotFound { path: "No such file or directory (os error 2)" }

thread 'prop_put_get_consistency' panicked at tests/property_tests.rs:16:75:
called `Result::unwrap()` on an `Err` value: DatabaseNotFound { path: "No such file or directory (os error 2)" }

thread 'prop_put_get_consistency' panicked at tests/property_tests.rs:16:75:
called `Result::unwrap()` on an `Err` value: DatabaseNotFound { path: "No such file or directory (os error 2)" }

thread 'prop_put_get_consistency' panicked at tests/property_tests.rs:16:75:
called `Result::unwrap()` on an `Err` value: DatabaseNotFound { path: "No such file or directory (os error 2)" }

thread 'prop_put_get_consistency' panicked at tests/property_tests.rs:16:75:
called `Result::unwrap()` on an `Err` value: DatabaseNotFound { path: "No such file or directory (os error 2)" }

thread 'prop_put_get_consistency' panicked at tests/property_tests.rs:16:75:
called `Result::unwrap()` on an `Err` value: DatabaseNotFound { path: "No such file or directory (os error 2)" }

thread 'prop_put_get_consistency' panicked at tests/property_tests.rs:16:75:
called `Result::unwrap()` on an `Err` value: DatabaseNotFound { path: "No such file or directory (os error 2)" }

thread 'prop_put_get_consistency' panicked at tests/property_tests.rs:16:75:
called `Result::unwrap()` on an `Err` value: DatabaseNotFound { path: "No such file or directory (os error 2)" }

thread 'prop_put_get_consistency' panicked at tests/property_tests.rs:16:75:
called `Result::unwrap()` on an `Err` value: DatabaseNotFound { path: "No such file or directory (os error 2)" }

thread 'prop_put_get_consistency' panicked at tests/property_tests.rs:16:75:
called `Result::unwrap()` on an `Err` value: DatabaseNotFound { path: "No such file or directory (os error 2)" }

thread 'prop_put_get_consistency' panicked at tests/property_tests.rs:16:75:
called `Result::unwrap()` on an `Err` value: DatabaseNotFound { path: "No such file or directory (os error 2)" }

thread 'prop_put_get_consistency' panicked at tests/property_tests.rs:16:75:
called `Result::unwrap()` on an `Err` value: DatabaseNotFound { path: "No such file or directory (os error 2)" }

thread 'prop_put_get_consistency' panicked at tests/property_tests.rs:16:75:
called `Result::unwrap()` on an `Err` value: DatabaseNotFound { path: "No such file or directory (os error 2)" }

thread 'prop_put_get_consistency' panicked at tests/property_tests.rs:16:75:
called `Result::unwrap()` on an `Err` value: DatabaseNotFound { path: "No such file or directory (os error 2)" }

thread 'prop_put_get_consistency' panicked at tests/property_tests.rs:16:75:
called `Result::unwrap()` on an `Err` value: DatabaseNotFound { path: "No such file or directory (os error 2)" }

thread 'prop_put_get_consistency' panicked at tests/property_tests.rs:16:75:
called `Result::unwrap()` on an `Err` value: DatabaseNotFound { path: "No such file or directory (os error 2)" }

thread 'prop_put_get_consistency' panicked at tests/property_tests.rs:16:75:
called `Result::unwrap()` on an `Err` value: DatabaseNotFound { path: "No such file or directory (os error 2)" }

thread 'prop_put_get_consistency' panicked at tests/property_tests.rs:16:75:
called `Result::unwrap()` on an `Err` value: DatabaseNotFound { path: "No such file or directory (os error 2)" }

thread 'prop_put_get_consistency' panicked at tests/property_tests.rs:16:75:
called `Result::unwrap()` on an `Err` value: DatabaseNotFound { path: "No such file or directory (os error 2)" }

thread 'prop_put_get_consistency' panicked at tests/property_tests.rs:16:75:
called `Result::unwrap()` on an `Err` value: DatabaseNotFound { path: "No such file or directory (os error 2)" }

thread 'prop_put_get_consistency' panicked at tests/property_tests.rs:16:75:
called `Result::unwrap()` on an `Err` value: DatabaseNotFound { path: "No such file or directory (os error 2)" }

thread 'prop_put_get_consistency' panicked at tests/property_tests.rs:16:75:
called `Result::unwrap()` on an `Err` value: DatabaseNotFound { path: "No such file or directory (os error 2)" }

thread 'prop_put_get_consistency' panicked at tests/property_tests.rs:16:75:
called `Result::unwrap()` on an `Err` value: DatabaseNotFound { path: "No such file or directory (os error 2)" }

thread 'prop_put_get_consistency' panicked at tests/property_tests.rs:16:75:
called `Result::unwrap()` on an `Err` value: DatabaseNotFound { path: "No such file or directory (os error 2)" }

thread 'prop_put_get_consistency' panicked at tests/property_tests.rs:16:75:
called `Result::unwrap()` on an `Err` value: DatabaseNotFound { path: "No such file or directory (os error 2)" }

thread 'prop_put_get_consistency' panicked at tests/property_tests.rs:16:75:
called `Result::unwrap()` on an `Err` value: DatabaseNotFound { path: "No such file or directory (os error 2)" }

thread 'prop_put_get_consistency' panicked at tests/property_tests.rs:16:75:
called `Result::unwrap()` on an `Err` value: DatabaseNotFound { path: "No such file or directory (os error 2)" }

thread 'prop_put_get_consistency' panicked at tests/property_tests.rs:16:75:
called `Result::unwrap()` on an `Err` value: DatabaseNotFound { path: "No such file or directory (os error 2)" }

thread 'prop_put_get_consistency' panicked at tests/property_tests.rs:16:75:
called `Result::unwrap()` on an `Err` value: DatabaseNotFound { path: "No such file or directory (os error 2)" }

thread 'prop_put_get_consistency' panicked at tests/property_tests.rs:16:75:
called `Result::unwrap()` on an `Err` value: DatabaseNotFound { path: "No such file or directory (os error 2)" }

thread 'prop_put_get_consistency' panicked at tests/property_tests.rs:16:75:
called `Result::unwrap()` on an `Err` value: DatabaseNotFound { path: "No such file or directory (os error 2)" }

thread 'prop_put_get_consistency' panicked at tests/property_tests.rs:16:75:
called `Result::unwrap()` on an `Err` value: DatabaseNotFound { path: "No such file or directory (os error 2)" }

thread 'prop_put_get_consistency' panicked at tests/property_tests.rs:16:75:
called `Result::unwrap()` on an `Err` value: DatabaseNotFound { path: "No such file or directory (os error 2)" }

thread 'prop_put_get_consistency' panicked at tests/property_tests.rs:16:75:
called `Result::unwrap()` on an `Err` value: DatabaseNotFound { path: "No such file or directory (os error 2)" }

thread 'prop_put_get_consistency' panicked at tests/property_tests.rs:16:75:
called `Result::unwrap()` on an `Err` value: DatabaseNotFound { path: "No such file or directory (os error 2)" }

thread 'prop_put_get_consistency' panicked at tests/property_tests.rs:16:75:
called `Result::unwrap()` on an `Err` value: DatabaseNotFound { path: "No such file or directory (os error 2)" }

thread 'prop_put_get_consistency' panicked at tests/property_tests.rs:16:75:
called `Result::unwrap()` on an `Err` value: DatabaseNotFound { path: "No such file or directory (os error 2)" }

thread 'prop_put_get_consistency' panicked at tests/property_tests.rs:16:75:
called `Result::unwrap()` on an `Err` value: DatabaseNotFound { path: "No such file or directory (os error 2)" }

thread 'prop_put_get_consistency' panicked at tests/property_tests.rs:16:75:
called `Result::unwrap()` on an `Err` value: DatabaseNotFound { path: "No such file or directory (os error 2)" }

thread 'prop_put_get_consistency' panicked at tests/property_tests.rs:16:75:
called `Result::unwrap()` on an `Err` value: DatabaseNotFound { path: "No such file or directory (os error 2)" }

thread 'prop_put_get_consistency' panicked at tests/property_tests.rs:16:75:
called `Result::unwrap()` on an `Err` value: DatabaseNotFound { path: "No such file or directory (os error 2)" }

thread 'prop_put_get_consistency' panicked at tests/property_tests.rs:16:75:
called `Result::unwrap()` on an `Err` value: DatabaseNotFound { path: "No such file or directory (os error 2)" }

thread 'prop_put_get_consistency' panicked at tests/property_tests.rs:16:75:
called `Result::unwrap()` on an `Err` value: DatabaseNotFound { path: "No such file or directory (os error 2)" }

thread 'prop_put_get_consistency' panicked at tests/property_tests.rs:16:75:
called `Result::unwrap()` on an `Err` value: DatabaseNotFound { path: "No such file or directory (os error 2)" }

thread 'prop_put_get_consistency' panicked at tests/property_tests.rs:16:75:
called `Result::unwrap()` on an `Err` value: DatabaseNotFound { path: "No such file or directory (os error 2)" }

thread 'prop_put_get_consistency' panicked at tests/property_tests.rs:16:75:
called `Result::unwrap()` on an `Err` value: DatabaseNotFound { path: "No such file or directory (os error 2)" }

thread 'prop_put_get_consistency' panicked at tests/property_tests.rs:16:75:
called `Result::unwrap()` on an `Err` value: DatabaseNotFound { path: "No such file or directory (os error 2)" }

thread 'prop_put_get_consistency' panicked at tests/property_tests.rs:16:75:
called `Result::unwrap()` on an `Err` value: DatabaseNotFound { path: "No such file or directory (os error 2)" }

thread 'prop_put_get_consistency' panicked at tests/property_tests.rs:16:75:
called `Result::unwrap()` on an `Err` value: DatabaseNotFound { path: "No such file or directory (os error 2)" }

thread 'prop_put_get_consistency' panicked at tests/property_tests.rs:16:75:
called `Result::unwrap()` on an `Err` value: DatabaseNotFound { path: "No such file or directory (os error 2)" }

thread 'prop_put_get_consistency' panicked at tests/property_tests.rs:16:75:
called `Result::unwrap()` on an `Err` value: DatabaseNotFound { path: "No such file or directory (os error 2)" }

thread 'prop_put_get_consistency' panicked at tests/property_tests.rs:16:75:
called `Result::unwrap()` on an `Err` value: DatabaseNotFound { path: "No such file or directory (os error 2)" }

thread 'prop_put_get_consistency' panicked at tests/property_tests.rs:16:75:
called `Result::unwrap()` on an `Err` value: DatabaseNotFound { path: "No such file or directory (os error 2)" }

thread 'prop_put_get_consistency' panicked at tests/property_tests.rs:16:75:
called `Result::unwrap()` on an `Err` value: DatabaseNotFound { path: "No such file or directory (os error 2)" }

thread 'prop_put_get_consistency' panicked at tests/property_tests.rs:16:75:
called `Result::unwrap()` on an `Err` value: DatabaseNotFound { path: "No such file or directory (os error 2)" }

thread 'prop_put_get_consistency' panicked at tests/property_tests.rs:16:75:
called `Result::unwrap()` on an `Err` value: DatabaseNotFound { path: "No such file or directory (os error 2)" }

thread 'prop_put_get_consistency' panicked at tests/property_tests.rs:16:75:
called `Result::unwrap()` on an `Err` value: DatabaseNotFound { path: "No such file or directory (os error 2)" }

thread 'prop_put_get_consistency' panicked at tests/property_tests.rs:16:75:
called `Result::unwrap()` on an `Err` value: DatabaseNotFound { path: "No such file or directory (os error 2)" }

thread 'prop_put_get_consistency' panicked at tests/property_tests.rs:16:75:
called `Result::unwrap()` on an `Err` value: DatabaseNotFound { path: "No such file or directory (os error 2)" }

thread 'prop_put_get_consistency' panicked at tests/property_tests.rs:16:75:
called `Result::unwrap()` on an `Err` value: DatabaseNotFound { path: "No such file or directory (os error 2)" }

thread 'prop_put_get_consistency' panicked at tests/property_tests.rs:16:75:
called `Result::unwrap()` on an `Err` value: DatabaseNotFound { path: "No such file or directory (os error 2)" }

thread 'prop_put_get_consistency' panicked at tests/property_tests.rs:16:75:
called `Result::unwrap()` on an `Err` value: DatabaseNotFound { path: "No such file or directory (os error 2)" }

thread 'prop_put_get_consistency' panicked at tests/property_tests.rs:16:75:
called `Result::unwrap()` on an `Err` value: DatabaseNotFound { path: "No such file or directory (os error 2)" }

thread 'prop_put_get_consistency' panicked at tests/property_tests.rs:16:75:
called `Result::unwrap()` on an `Err` value: DatabaseNotFound { path: "No such file or directory (os error 2)" }

thread 'prop_put_get_consistency' panicked at tests/property_tests.rs:16:75:
called `Result::unwrap()` on an `Err` value: DatabaseNotFound { path: "No such file or directory (os error 2)" }

thread 'prop_put_get_consistency' panicked at tests/property_tests.rs:16:75:
called `Result::unwrap()` on an `Err` value: DatabaseNotFound { path: "No such file or directory (os error 2)" }

thread 'prop_put_get_consistency' panicked at tests/property_tests.rs:16:75:
called `Result::unwrap()` on an `Err` value: DatabaseNotFound { path: "No such file or directory (os error 2)" }

thread 'prop_put_get_consistency' panicked at tests/property_tests.rs:16:75:
called `Result::unwrap()` on an `Err` value: DatabaseNotFound { path: "No such file or directory (os error 2)" }

thread 'prop_put_get_consistency' panicked at tests/property_tests.rs:16:75:
called `Result::unwrap()` on an `Err` value: DatabaseNotFound { path: "No such file or directory (os error 2)" }

thread 'prop_put_get_consistency' panicked at tests/property_tests.rs:16:75:
called `Result::unwrap()` on an `Err` value: DatabaseNotFound { path: "No such file or directory (os error 2)" }

thread 'prop_put_get_consistency' panicked at tests/property_tests.rs:16:75:
called `Result::unwrap()` on an `Err` value: DatabaseNotFound { path: "No such file or directory (os error 2)" }

thread 'prop_put_get_consistency' panicked at tests/property_tests.rs:16:75:
called `Result::unwrap()` on an `Err` value: DatabaseNotFound { path: "No such file or directory (os error 2)" }

thread 'prop_put_get_consistency' panicked at tests/property_tests.rs:16:75:
called `Result::unwrap()` on an `Err` value: DatabaseNotFound { path: "No such file or directory (os error 2)" }

thread 'prop_put_get_consistency' panicked at tests/property_tests.rs:16:75:
called `Result::unwrap()` on an `Err` value: DatabaseNotFound { path: "No such file or directory (os error 2)" }

thread 'prop_put_get_consistency' panicked at tests/property_tests.rs:16:75:
called `Result::unwrap()` on an `Err` value: DatabaseNotFound { path: "No such file or directory (os error 2)" }

thread 'prop_put_get_consistency' panicked at tests/property_tests.rs:16:75:
called `Result::unwrap()` on an `Err` value: DatabaseNotFound { path: "No such file or directory (os error 2)" }

thread 'prop_put_get_consistency' panicked at tests/property_tests.rs:16:75:
called `Result::unwrap()` on an `Err` value: DatabaseNotFound { path: "No such file or directory (os error 2)" }

thread 'prop_put_get_consistency' panicked at tests/property_tests.rs:16:75:
called `Result::unwrap()` on an `Err` value: DatabaseNotFound { path: "No such file or directory (os error 2)" }

thread 'prop_put_get_consistency' panicked at tests/property_tests.rs:16:75:
called `Result::unwrap()` on an `Err` value: DatabaseNotFound { path: "No such file or directory (os error 2)" }

thread 'prop_put_get_consistency' panicked at tests/property_tests.rs:16:75:
called `Result::unwrap()` on an `Err` value: DatabaseNotFound { path: "No such file or directory (os error 2)" }

thread 'prop_put_get_consistency' panicked at tests/property_tests.rs:16:75:
called `Result::unwrap()` on an `Err` value: DatabaseNotFound { path: "No such file or directory (os error 2)" }

thread 'prop_put_get_consistency' panicked at tests/property_tests.rs:16:75:
called `Result::unwrap()` on an `Err` value: DatabaseNotFound { path: "No such file or directory (os error 2)" }

thread 'prop_put_get_consistency' panicked at tests/property_tests.rs:16:75:
called `Result::unwrap()` on an `Err` value: DatabaseNotFound { path: "No such file or directory (os error 2)" }

thread 'prop_put_get_consistency' panicked at tests/property_tests.rs:16:75:
called `Result::unwrap()` on an `Err` value: DatabaseNotFound { path: "No such file or directory (os error 2)" }

thread 'prop_put_get_consistency' panicked at tests/property_tests.rs:16:75:
called `Result::unwrap()` on an `Err` value: DatabaseNotFound { path: "No such file or directory (os error 2)" }

thread 'prop_put_get_consistency' panicked at tests/property_tests.rs:16:75:
called `Result::unwrap()` on an `Err` value: DatabaseNotFound { path: "No such file or directory (os error 2)" }

thread 'prop_put_get_consistency' panicked at tests/property_tests.rs:16:75:
called `Result::unwrap()` on an `Err` value: DatabaseNotFound { path: "No such file or directory (os error 2)" }

thread 'prop_put_get_consistency' panicked at tests/property_tests.rs:16:75:
called `Result::unwrap()` on an `Err` value: DatabaseNotFound { path: "No such file or directory (os error 2)" }

thread 'prop_put_get_consistency' panicked at tests/property_tests.rs:16:75:
called `Result::unwrap()` on an `Err` value: DatabaseNotFound { path: "No such file or directory (os error 2)" }

thread 'prop_put_get_consistency' panicked at tests/property_tests.rs:16:75:
called `Result::unwrap()` on an `Err` value: DatabaseNotFound { path: "No such file or directory (os error 2)" }

thread 'prop_put_get_consistency' panicked at tests/property_tests.rs:16:75:
called `Result::unwrap()` on an `Err` value: DatabaseNotFound { path: "No such file or directory (os error 2)" }

thread 'prop_put_get_consistency' panicked at tests/property_tests.rs:16:75:
called `Result::unwrap()` on an `Err` value: DatabaseNotFound { path: "No such file or directory (os error 2)" }

thread 'prop_put_get_consistency' panicked at tests/property_tests.rs:16:75:
called `Result::unwrap()` on an `Err` value: DatabaseNotFound { path: "No such file or directory (os error 2)" }

thread 'prop_put_get_consistency' panicked at tests/property_tests.rs:16:75:
called `Result::unwrap()` on an `Err` value: DatabaseNotFound { path: "No such file or directory (os error 2)" }

thread 'prop_put_get_consistency' panicked at tests/property_tests.rs:16:75:
called `Result::unwrap()` on an `Err` value: DatabaseNotFound { path: "No such file or directory (os error 2)" }

thread 'prop_put_get_consistency' panicked at tests/property_tests.rs:16:75:
called `Result::unwrap()` on an `Err` value: DatabaseNotFound { path: "No such file or directory (os error 2)" }

thread 'prop_put_get_consistency' panicked at tests/property_tests.rs:16:75:
called `Result::unwrap()` on an `Err` value: DatabaseNotFound { path: "No such file or directory (os error 2)" }

thread 'prop_put_get_consistency' panicked at tests/property_tests.rs:16:75:
called `Result::unwrap()` on an `Err` value: DatabaseNotFound { path: "No such file or directory (os error 2)" }

thread 'prop_put_get_consistency' panicked at tests/property_tests.rs:16:75:
called `Result::unwrap()` on an `Err` value: DatabaseNotFound { path: "No such file or directory (os error 2)" }

thread 'prop_put_get_consistency' panicked at tests/property_tests.rs:16:75:
called `Result::unwrap()` on an `Err` value: DatabaseNotFound { path: "No such file or directory (os error 2)" }

thread 'prop_put_get_consistency' panicked at tests/property_tests.rs:16:75:
called `Result::unwrap()` on an `Err` value: DatabaseNotFound { path: "No such file or directory (os error 2)" }

thread 'prop_put_get_consistency' panicked at tests/property_tests.rs:16:75:
called `Result::unwrap()` on an `Err` value: DatabaseNotFound { path: "No such file or directory (os error 2)" }

thread 'prop_put_get_consistency' panicked at tests/property_tests.rs:16:75:
called `Result::unwrap()` on an `Err` value: DatabaseNotFound { path: "No such file or directory (os error 2)" }

thread 'prop_put_get_consistency' panicked at tests/property_tests.rs:16:75:
called `Result::unwrap()` on an `Err` value: DatabaseNotFound { path: "No such file or directory (os error 2)" }

thread 'prop_put_get_consistency' panicked at tests/property_tests.rs:16:75:
called `Result::unwrap()` on an `Err` value: DatabaseNotFound { path: "No such file or directory (os error 2)" }

thread 'prop_put_get_consistency' panicked at tests/property_tests.rs:16:75:
called `Result::unwrap()` on an `Err` value: DatabaseNotFound { path: "No such file or directory (os error 2)" }

thread 'prop_put_get_consistency' panicked at tests/property_tests.rs:16:75:
called `Result::unwrap()` on an `Err` value: DatabaseNotFound { path: "No such file or directory (os error 2)" }

thread 'prop_put_get_consistency' panicked at tests/property_tests.rs:16:75:
called `Result::unwrap()` on an `Err` value: DatabaseNotFound { path: "No such file or directory (os error 2)" }

thread 'prop_put_get_consistency' panicked at tests/property_tests.rs:16:75:
called `Result::unwrap()` on an `Err` value: DatabaseNotFound { path: "No such file or directory (os error 2)" }

thread 'prop_put_get_consistency' panicked at tests/property_tests.rs:16:75:
called `Result::unwrap()` on an `Err` value: DatabaseNotFound { path: "No such file or directory (os error 2)" }

thread 'prop_put_get_consistency' panicked at tests/property_tests.rs:16:75:
called `Result::unwrap()` on an `Err` value: DatabaseNotFound { path: "No such file or directory (os error 2)" }

thread 'prop_put_get_consistency' panicked at tests/property_tests.rs:16:75:
called `Result::unwrap()` on an `Err` value: DatabaseNotFound { path: "No such file or directory (os error 2)" }

thread 'prop_put_get_consistency' panicked at tests/property_tests.rs:16:75:
called `Result::unwrap()` on an `Err` value: DatabaseNotFound { path: "No such file or directory (os error 2)" }

thread 'prop_put_get_consistency' panicked at tests/property_tests.rs:16:75:
called `Result::unwrap()` on an `Err` value: DatabaseNotFound { path: "No such file or directory (os error 2)" }

thread 'prop_put_get_consistency' panicked at tests/property_tests.rs:16:75:
called `Result::unwrap()` on an `Err` value: DatabaseNotFound { path: "No such file or directory (os error 2)" }

thread 'prop_put_get_consistency' panicked at tests/property_tests.rs:16:75:
called `Result::unwrap()` on an `Err` value: DatabaseNotFound { path: "No such file or directory (os error 2)" }

thread 'prop_put_get_consistency' panicked at tests/property_tests.rs:16:75:
called `Result::unwrap()` on an `Err` value: DatabaseNotFound { path: "No such file or directory (os error 2)" }

thread 'prop_put_get_consistency' panicked at tests/property_tests.rs:16:75:
called `Result::unwrap()` on an `Err` value: DatabaseNotFound { path: "No such file or directory (os error 2)" }

thread 'prop_put_get_consistency' panicked at tests/property_tests.rs:16:75:
called `Result::unwrap()` on an `Err` value: DatabaseNotFound { path: "No such file or directory (os error 2)" }

thread 'prop_put_get_consistency' panicked at tests/property_tests.rs:16:75:
called `Result::unwrap()` on an `Err` value: DatabaseNotFound { path: "No such file or directory (os error 2)" }

thread 'prop_put_get_consistency' panicked at tests/property_tests.rs:16:75:
called `Result::unwrap()` on an `Err` value: DatabaseNotFound { path: "No such file or directory (os error 2)" }

thread 'prop_put_get_consistency' panicked at tests/property_tests.rs:16:75:
called `Result::unwrap()` on an `Err` value: DatabaseNotFound { path: "No such file or directory (os error 2)" }

thread 'prop_put_get_consistency' panicked at tests/property_tests.rs:16:75:
called `Result::unwrap()` on an `Err` value: DatabaseNotFound { path: "No such file or directory (os error 2)" }

thread 'prop_put_get_consistency' panicked at tests/property_tests.rs:16:75:
called `Result::unwrap()` on an `Err` value: DatabaseNotFound { path: "No such file or directory (os error 2)" }

thread 'prop_put_get_consistency' panicked at tests/property_tests.rs:16:75:
called `Result::unwrap()` on an `Err` value: DatabaseNotFound { path: "No such file or directory (os error 2)" }

thread 'prop_put_get_consistency' panicked at tests/property_tests.rs:16:75:
called `Result::unwrap()` on an `Err` value: DatabaseNotFound { path: "No such file or directory (os error 2)" }

thread 'prop_put_get_consistency' panicked at tests/property_tests.rs:16:75:
called `Result::unwrap()` on an `Err` value: DatabaseNotFound { path: "No such file or directory (os error 2)" }

thread 'prop_put_get_consistency' panicked at tests/property_tests.rs:16:75:
called `Result::unwrap()` on an `Err` value: DatabaseNotFound { path: "No such file or directory (os error 2)" }

thread 'prop_put_get_consistency' panicked at tests/property_tests.rs:16:75:
called `Result::unwrap()` on an `Err` value: DatabaseNotFound { path: "No such file or directory (os error 2)" }

thread 'prop_put_get_consistency' panicked at tests/property_tests.rs:16:75:
called `Result::unwrap()` on an `Err` value: DatabaseNotFound { path: "No such file or directory (os error 2)" }

thread 'prop_put_get_consistency' panicked at tests/property_tests.rs:16:75:
called `Result::unwrap()` on an `Err` value: DatabaseNotFound { path: "No such file or directory (os error 2)" }

thread 'prop_put_get_consistency' panicked at tests/property_tests.rs:16:75:
called `Result::unwrap()` on an `Err` value: DatabaseNotFound { path: "No such file or directory (os error 2)" }

thread 'prop_put_get_consistency' panicked at tests/property_tests.rs:16:75:
called `Result::unwrap()` on an `Err` value: DatabaseNotFound { path: "No such file or directory (os error 2)" }

thread 'prop_put_get_consistency' panicked at tests/property_tests.rs:16:75:
called `Result::unwrap()` on an `Err` value: DatabaseNotFound { path: "No such file or directory (os error 2)" }

thread 'prop_put_get_consistency' panicked at tests/property_tests.rs:16:75:
called `Result::unwrap()` on an `Err` value: DatabaseNotFound { path: "No such file or directory (os error 2)" }

thread 'prop_put_get_consistency' panicked at tests/property_tests.rs:16:75:
called `Result::unwrap()` on an `Err` value: DatabaseNotFound { path: "No such file or directory (os error 2)" }

thread 'prop_put_get_consistency' panicked at tests/property_tests.rs:16:75:
called `Result::unwrap()` on an `Err` value: DatabaseNotFound { path: "No such file or directory (os error 2)" }

thread 'prop_put_get_consistency' panicked at tests/property_tests.rs:16:75:
called `Result::unwrap()` on an `Err` value: DatabaseNotFound { path: "No such file or directory (os error 2)" }

thread 'prop_put_get_consistency' panicked at tests/property_tests.rs:16:75:
called `Result::unwrap()` on an `Err` value: DatabaseNotFound { path: "No such file or directory (os error 2)" }

thread 'prop_put_get_consistency' panicked at tests/property_tests.rs:16:75:
called `Result::unwrap()` on an `Err` value: DatabaseNotFound { path: "No such file or directory (os error 2)" }

thread 'prop_put_get_consistency' panicked at tests/property_tests.rs:16:75:
called `Result::unwrap()` on an `Err` value: DatabaseNotFound { path: "No such file or directory (os error 2)" }

thread 'prop_put_get_consistency' panicked at tests/property_tests.rs:16:75:
called `Result::unwrap()` on an `Err` value: DatabaseNotFound { path: "No such file or directory (os error 2)" }

thread 'prop_put_get_consistency' panicked at tests/property_tests.rs:16:75:
called `Result::unwrap()` on an `Err` value: DatabaseNotFound { path: "No such file or directory (os error 2)" }

thread 'prop_put_get_consistency' panicked at tests/property_tests.rs:16:75:
called `Result::unwrap()` on an `Err` value: DatabaseNotFound { path: "No such file or directory (os error 2)" }

thread 'prop_put_get_consistency' panicked at tests/property_tests.rs:16:75:
called `Result::unwrap()` on an `Err` value: DatabaseNotFound { path: "No such file or directory (os error 2)" }

thread 'prop_put_get_consistency' panicked at tests/property_tests.rs:16:75:
called `Result::unwrap()` on an `Err` value: DatabaseNotFound { path: "No such file or directory (os error 2)" }

thread 'prop_put_get_consistency' panicked at tests/property_tests.rs:16:75:
called `Result::unwrap()` on an `Err` value: DatabaseNotFound { path: "No such file or directory (os error 2)" }

thread 'prop_put_get_consistency' panicked at tests/property_tests.rs:16:75:
called `Result::unwrap()` on an `Err` value: DatabaseNotFound { path: "No such file or directory (os error 2)" }

thread 'prop_put_get_consistency' panicked at tests/property_tests.rs:16:75:
called `Result::unwrap()` on an `Err` value: DatabaseNotFound { path: "No such file or directory (os error 2)" }

thread 'prop_put_get_consistency' panicked at tests/property_tests.rs:16:75:
called `Result::unwrap()` on an `Err` value: DatabaseNotFound { path: "No such file or directory (os error 2)" }

thread 'prop_put_get_consistency' panicked at tests/property_tests.rs:16:75:
called `Result::unwrap()` on an `Err` value: DatabaseNotFound { path: "No such file or directory (os error 2)" }

thread 'prop_put_get_consistency' panicked at tests/property_tests.rs:16:75:
called `Result::unwrap()` on an `Err` value: DatabaseNotFound { path: "No such file or directory (os error 2)" }

thread 'prop_put_get_consistency' panicked at tests/property_tests.rs:16:75:
called `Result::unwrap()` on an `Err` value: DatabaseNotFound { path: "No such file or directory (os error 2)" }

thread 'prop_put_get_consistency' panicked at tests/property_tests.rs:16:75:
called `Result::unwrap()` on an `Err` value: DatabaseNotFound { path: "No such file or directory (os error 2)" }

thread 'prop_put_get_consistency' panicked at tests/property_tests.rs:16:75:
called `Result::unwrap()` on an `Err` value: DatabaseNotFound { path: "No such file or directory (os error 2)" }

thread 'prop_put_get_consistency' panicked at tests/property_tests.rs:16:75:
called `Result::unwrap()` on an `Err` value: DatabaseNotFound { path: "No such file or directory (os error 2)" }

thread 'prop_put_get_consistency' panicked at tests/property_tests.rs:16:75:
called `Result::unwrap()` on an `Err` value: DatabaseNotFound { path: "No such file or directory (os error 2)" }

thread 'prop_put_get_consistency' panicked at tests/property_tests.rs:16:75:
called `Result::unwrap()` on an `Err` value: DatabaseNotFound { path: "No such file or directory (os error 2)" }

thread 'prop_put_get_consistency' panicked at tests/property_tests.rs:16:75:
called `Result::unwrap()` on an `Err` value: DatabaseNotFound { path: "No such file or directory (os error 2)" }

thread 'prop_put_get_consistency' panicked at tests/property_tests.rs:16:75:
called `Result::unwrap()` on an `Err` value: DatabaseNotFound { path: "No such file or directory (os error 2)" }

thread 'prop_put_get_consistency' panicked at tests/property_tests.rs:16:75:
called `Result::unwrap()` on an `Err` value: DatabaseNotFound { path: "No such file or directory (os error 2)" }

thread 'prop_put_get_consistency' panicked at tests/property_tests.rs:16:75:
called `Result::unwrap()` on an `Err` value: DatabaseNotFound { path: "No such file or directory (os error 2)" }

thread 'prop_put_get_consistency' panicked at tests/property_tests.rs:16:75:
called `Result::unwrap()` on an `Err` value: DatabaseNotFound { path: "No such file or directory (os error 2)" }

thread 'prop_put_get_consistency' panicked at tests/property_tests.rs:16:75:
called `Result::unwrap()` on an `Err` value: DatabaseNotFound { path: "No such file or directory (os error 2)" }

thread 'prop_put_get_consistency' panicked at tests/property_tests.rs:16:75:
called `Result::unwrap()` on an `Err` value: DatabaseNotFound { path: "No such file or directory (os error 2)" }

thread 'prop_put_get_consistency' panicked at tests/property_tests.rs:16:75:
called `Result::unwrap()` on an `Err` value: DatabaseNotFound { path: "No such file or directory (os error 2)" }

thread 'prop_put_get_consistency' panicked at tests/property_tests.rs:16:75:
called `Result::unwrap()` on an `Err` value: DatabaseNotFound { path: "No such file or directory (os error 2)" }

thread 'prop_put_get_consistency' panicked at tests/property_tests.rs:16:75:
called `Result::unwrap()` on an `Err` value: DatabaseNotFound { path: "No such file or directory (os error 2)" }

thread 'prop_put_get_consistency' panicked at tests/property_tests.rs:16:75:
called `Result::unwrap()` on an `Err` value: DatabaseNotFound { path: "No such file or directory (os error 2)" }

thread 'prop_put_get_consistency' panicked at tests/property_tests.rs:16:75:
called `Result::unwrap()` on an `Err` value: DatabaseNotFound { path: "No such file or directory (os error 2)" }

thread 'prop_put_get_consistency' panicked at tests/property_tests.rs:16:75:
called `Result::unwrap()` on an `Err` value: DatabaseNotFound { path: "No such file or directory (os error 2)" }

thread 'prop_put_get_consistency' panicked at tests/property_tests.rs:16:75:
called `Result::unwrap()` on an `Err` value: DatabaseNotFound { path: "No such file or directory (os error 2)" }

thread 'prop_put_get_consistency' panicked at tests/property_tests.rs:16:75:
called `Result::unwrap()` on an `Err` value: DatabaseNotFound { path: "No such file or directory (os error 2)" }

thread 'prop_put_get_consistency' panicked at tests/property_tests.rs:16:75:
called `Result::unwrap()` on an `Err` value: DatabaseNotFound { path: "No such file or directory (os error 2)" }

thread 'prop_put_get_consistency' panicked at tests/property_tests.rs:16:75:
called `Result::unwrap()` on an `Err` value: DatabaseNotFound { path: "No such file or directory (os error 2)" }

thread 'prop_put_get_consistency' panicked at tests/property_tests.rs:16:75:
called `Result::unwrap()` on an `Err` value: DatabaseNotFound { path: "No such file or directory (os error 2)" }

thread 'prop_put_get_consistency' panicked at tests/property_tests.rs:16:75:
called `Result::unwrap()` on an `Err` value: DatabaseNotFound { path: "No such file or directory (os error 2)" }

thread 'prop_put_get_consistency' panicked at tests/property_tests.rs:16:75:
called `Result::unwrap()` on an `Err` value: DatabaseNotFound { path: "No such file or directory (os error 2)" }

thread 'prop_put_get_consistency' panicked at tests/property_tests.rs:16:75:
called `Result::unwrap()` on an `Err` value: DatabaseNotFound { path: "No such file or directory (os error 2)" }

thread 'prop_put_get_consistency' panicked at tests/property_tests.rs:16:75:
called `Result::unwrap()` on an `Err` value: DatabaseNotFound { path: "No such file or directory (os error 2)" }

thread 'prop_put_get_consistency' panicked at tests/property_tests.rs:16:75:
called `Result::unwrap()` on an `Err` value: DatabaseNotFound { path: "No such file or directory (os error 2)" }

thread 'prop_put_get_consistency' panicked at tests/property_tests.rs:16:75:
called `Result::unwrap()` on an `Err` value: DatabaseNotFound { path: "No such file or directory (os error 2)" }

thread 'prop_put_get_consistency' panicked at tests/property_tests.rs:16:75:
called `Result::unwrap()` on an `Err` value: DatabaseNotFound { path: "No such file or directory (os error 2)" }

thread 'prop_put_get_consistency' panicked at tests/property_tests.rs:16:75:
called `Result::unwrap()` on an `Err` value: DatabaseNotFound { path: "No such file or directory (os error 2)" }

thread 'prop_put_get_consistency' panicked at tests/property_tests.rs:16:75:
called `Result::unwrap()` on an `Err` value: DatabaseNotFound { path: "No such file or directory (os error 2)" }

thread 'prop_put_get_consistency' panicked at tests/property_tests.rs:16:75:
called `Result::unwrap()` on an `Err` value: DatabaseNotFound { path: "No such file or directory (os error 2)" }

thread 'prop_put_get_consistency' panicked at tests/property_tests.rs:16:75:
called `Result::unwrap()` on an `Err` value: DatabaseNotFound { path: "No such file or directory (os error 2)" }

thread 'prop_put_get_consistency' panicked at tests/property_tests.rs:16:75:
called `Result::unwrap()` on an `Err` value: DatabaseNotFound { path: "No such file or directory (os error 2)" }

thread 'prop_put_get_consistency' panicked at tests/property_tests.rs:16:75:
called `Result::unwrap()` on an `Err` value: DatabaseNotFound { path: "No such file or directory (os error 2)" }

thread 'prop_put_get_consistency' panicked at tests/property_tests.rs:16:75:
called `Result::unwrap()` on an `Err` value: DatabaseNotFound { path: "No such file or directory (os error 2)" }

thread 'prop_put_get_consistency' panicked at tests/property_tests.rs:16:75:
called `Result::unwrap()` on an `Err` value: DatabaseNotFound { path: "No such file or directory (os error 2)" }

thread 'prop_put_get_consistency' panicked at tests/property_tests.rs:16:75:
called `Result::unwrap()` on an `Err` value: DatabaseNotFound { path: "No such file or directory (os error 2)" }

thread 'prop_put_get_consistency' panicked at tests/property_tests.rs:16:75:
called `Result::unwrap()` on an `Err` value: DatabaseNotFound { path: "No such file or directory (os error 2)" }

thread 'prop_put_get_consistency' panicked at tests/property_tests.rs:16:75:
called `Result::unwrap()` on an `Err` value: DatabaseNotFound { path: "No such file or directory (os error 2)" }

thread 'prop_put_get_consistency' panicked at tests/property_tests.rs:16:75:
called `Result::unwrap()` on an `Err` value: DatabaseNotFound { path: "No such file or directory (os error 2)" }

thread 'prop_put_get_consistency' panicked at tests/property_tests.rs:16:75:
called `Result::unwrap()` on an `Err` value: DatabaseNotFound { path: "No such file or directory (os error 2)" }

thread 'prop_put_get_consistency' panicked at tests/property_tests.rs:16:75:
called `Result::unwrap()` on an `Err` value: DatabaseNotFound { path: "No such file or directory (os error 2)" }

thread 'prop_put_get_consistency' panicked at tests/property_tests.rs:16:75:
called `Result::unwrap()` on an `Err` value: DatabaseNotFound { path: "No such file or directory (os error 2)" }

thread 'prop_put_get_consistency' panicked at tests/property_tests.rs:16:75:
called `Result::unwrap()` on an `Err` value: DatabaseNotFound { path: "No such file or directory (os error 2)" }

thread 'prop_put_get_consistency' panicked at tests/property_tests.rs:16:75:
called `Result::unwrap()` on an `Err` value: DatabaseNotFound { path: "No such file or directory (os error 2)" }

thread 'prop_put_get_consistency' panicked at tests/property_tests.rs:16:75:
called `Result::unwrap()` on an `Err` value: DatabaseNotFound { path: "No such file or directory (os error 2)" }

thread 'prop_put_get_consistency' panicked at tests/property_tests.rs:16:75:
called `Result::unwrap()` on an `Err` value: DatabaseNotFound { path: "No such file or directory (os error 2)" }

thread 'prop_put_get_consistency' panicked at tests/property_tests.rs:16:75:
called `Result::unwrap()` on an `Err` value: DatabaseNotFound { path: "No such file or directory (os error 2)" }

thread 'prop_put_get_consistency' panicked at tests/property_tests.rs:16:75:
called `Result::unwrap()` on an `Err` value: DatabaseNotFound { path: "No such file or directory (os error 2)" }

thread 'prop_put_get_consistency' panicked at tests/property_tests.rs:16:75:
called `Result::unwrap()` on an `Err` value: DatabaseNotFound { path: "No such file or directory (os error 2)" }

thread 'prop_put_get_consistency' panicked at tests/property_tests.rs:16:75:
called `Result::unwrap()` on an `Err` value: DatabaseNotFound { path: "No such file or directory (os error 2)" }

thread 'prop_put_get_consistency' panicked at tests/property_tests.rs:16:75:
called `Result::unwrap()` on an `Err` value: DatabaseNotFound { path: "No such file or directory (os error 2)" }

thread 'prop_put_get_consistency' panicked at tests/property_tests.rs:16:75:
called `Result::unwrap()` on an `Err` value: DatabaseNotFound { path: "No such file or directory (os error 2)" }

thread 'prop_put_get_consistency' panicked at tests/property_tests.rs:16:75:
called `Result::unwrap()` on an `Err` value: DatabaseNotFound { path: "No such file or directory (os error 2)" }

thread 'prop_put_get_consistency' panicked at tests/property_tests.rs:16:75:
called `Result::unwrap()` on an `Err` value: DatabaseNotFound { path: "No such file or directory (os error 2)" }

thread 'prop_put_get_consistency' panicked at tests/property_tests.rs:16:75:
called `Result::unwrap()` on an `Err` value: DatabaseNotFound { path: "No such file or directory (os error 2)" }

thread 'prop_put_get_consistency' panicked at tests/property_tests.rs:16:75:
called `Result::unwrap()` on an `Err` value: DatabaseNotFound { path: "No such file or directory (os error 2)" }

thread 'prop_put_get_consistency' panicked at tests/property_tests.rs:16:75:
called `Result::unwrap()` on an `Err` value: DatabaseNotFound { path: "No such file or directory (os error 2)" }

thread 'prop_put_get_consistency' panicked at tests/property_tests.rs:16:75:
called `Result::unwrap()` on an `Err` value: DatabaseNotFound { path: "No such file or directory (os error 2)" }

thread 'prop_put_get_consistency' panicked at tests/property_tests.rs:16:75:
called `Result::unwrap()` on an `Err` value: DatabaseNotFound { path: "No such file or directory (os error 2)" }

thread 'prop_put_get_consistency' panicked at tests/property_tests.rs:16:75:
called `Result::unwrap()` on an `Err` value: DatabaseNotFound { path: "No such file or directory (os error 2)" }

thread 'prop_put_get_consistency' panicked at tests/property_tests.rs:16:75:
called `Result::unwrap()` on an `Err` value: DatabaseNotFound { path: "No such file or directory (os error 2)" }

thread 'prop_put_get_consistency' panicked at tests/property_tests.rs:16:75:
called `Result::unwrap()` on an `Err` value: DatabaseNotFound { path: "No such file or directory (os error 2)" }

thread 'prop_put_get_consistency' panicked at tests/property_tests.rs:16:75:
called `Result::unwrap()` on an `Err` value: DatabaseNotFound { path: "No such file or directory (os error 2)" }

thread 'prop_put_get_consistency' panicked at tests/property_tests.rs:16:75:
called `Result::unwrap()` on an `Err` value: DatabaseNotFound { path: "No such file or directory (os error 2)" }

thread 'prop_put_get_consistency' panicked at tests/property_tests.rs:16:75:
called `Result::unwrap()` on an `Err` value: DatabaseNotFound { path: "No such file or directory (os error 2)" }

thread 'prop_put_get_consistency' panicked at tests/property_tests.rs:16:75:
called `Result::unwrap()` on an `Err` value: DatabaseNotFound { path: "No such file or directory (os error 2)" }

thread 'prop_put_get_consistency' panicked at tests/property_tests.rs:16:75:
called `Result::unwrap()` on an `Err` value: DatabaseNotFound { path: "No such file or directory (os error 2)" }

thread 'prop_put_get_consistency' panicked at tests/property_tests.rs:16:75:
called `Result::unwrap()` on an `Err` value: DatabaseNotFound { path: "No such file or directory (os error 2)" }

thread 'prop_put_get_consistency' panicked at tests/property_tests.rs:16:75:
called `Result::unwrap()` on an `Err` value: DatabaseNotFound { path: "No such file or directory (os error 2)" }

thread 'prop_put_get_consistency' panicked at tests/property_tests.rs:16:75:
called `Result::unwrap()` on an `Err` value: DatabaseNotFound { path: "No such file or directory (os error 2)" }

thread 'prop_put_get_consistency' panicked at tests/property_tests.rs:16:75:
called `Result::unwrap()` on an `Err` value: DatabaseNotFound { path: "No such file or directory (os error 2)" }

thread 'prop_put_get_consistency' panicked at tests/property_tests.rs:16:75:
called `Result::unwrap()` on an `Err` value: DatabaseNotFound { path: "No such file or directory (os error 2)" }

thread 'prop_put_get_consistency' panicked at tests/property_tests.rs:16:75:
called `Result::unwrap()` on an `Err` value: DatabaseNotFound { path: "No such file or directory (os error 2)" }

thread 'prop_put_get_consistency' panicked at tests/property_tests.rs:16:75:
called `Result::unwrap()` on an `Err` value: DatabaseNotFound { path: "No such file or directory (os error 2)" }

thread 'prop_put_get_consistency' panicked at tests/property_tests.rs:16:75:
called `Result::unwrap()` on an `Err` value: DatabaseNotFound { path: "No such file or directory (os error 2)" }

thread 'prop_put_get_consistency' panicked at tests/property_tests.rs:16:75:
called `Result::unwrap()` on an `Err` value: DatabaseNotFound { path: "No such file or directory (os error 2)" }

thread 'prop_put_get_consistency' panicked at tests/property_tests.rs:16:75:
called `Result::unwrap()` on an `Err` value: DatabaseNotFound { path: "No such file or directory (os error 2)" }

thread 'prop_put_get_consistency' panicked at tests/property_tests.rs:16:75:
called `Result::unwrap()` on an `Err` value: DatabaseNotFound { path: "No such file or directory (os error 2)" }

thread 'prop_put_get_consistency' panicked at tests/property_tests.rs:16:75:
called `Result::unwrap()` on an `Err` value: DatabaseNotFound { path: "No such file or directory (os error 2)" }

thread 'prop_put_get_consistency' panicked at tests/property_tests.rs:16:75:
called `Result::unwrap()` on an `Err` value: DatabaseNotFound { path: "No such file or directory (os error 2)" }

thread 'prop_put_get_consistency' panicked at tests/property_tests.rs:16:75:
called `Result::unwrap()` on an `Err` value: DatabaseNotFound { path: "No such file or directory (os error 2)" }

thread 'prop_put_get_consistency' panicked at tests/property_tests.rs:16:75:
called `Result::unwrap()` on an `Err` value: DatabaseNotFound { path: "No such file or directory (os error 2)" }

thread 'prop_put_get_consistency' panicked at tests/property_tests.rs:16:75:
called `Result::unwrap()` on an `Err` value: DatabaseNotFound { path: "No such file or directory (os error 2)" }

thread 'prop_put_get_consistency' panicked at tests/property_tests.rs:16:75:
called `Result::unwrap()` on an `Err` value: DatabaseNotFound { path: "No such file or directory (os error 2)" }

thread 'prop_put_get_consistency' panicked at tests/property_tests.rs:16:75:
called `Result::unwrap()` on an `Err` value: DatabaseNotFound { path: "No such file or directory (os error 2)" }

thread 'prop_put_get_consistency' panicked at tests/property_tests.rs:16:75:
called `Result::unwrap()` on an `Err` value: DatabaseNotFound { path: "No such file or directory (os error 2)" }

thread 'prop_put_get_consistency' panicked at tests/property_tests.rs:16:75:
called `Result::unwrap()` on an `Err` value: DatabaseNotFound { path: "No such file or directory (os error 2)" }

thread 'prop_put_get_consistency' panicked at tests/property_tests.rs:16:75:
called `Result::unwrap()` on an `Err` value: DatabaseNotFound { path: "No such file or directory (os error 2)" }

thread 'prop_put_get_consistency' panicked at tests/property_tests.rs:16:75:
called `Result::unwrap()` on an `Err` value: DatabaseNotFound { path: "No such file or directory (os error 2)" }

thread 'prop_put_get_consistency' panicked at tests/property_tests.rs:16:75:
called `Result::unwrap()` on an `Err` value: DatabaseNotFound { path: "No such file or directory (os error 2)" }

thread 'prop_put_get_consistency' panicked at tests/property_tests.rs:16:75:
called `Result::unwrap()` on an `Err` value: DatabaseNotFound { path: "No such file or directory (os error 2)" }

thread 'prop_put_get_consistency' panicked at tests/property_tests.rs:16:75:
called `Result::unwrap()` on an `Err` value: DatabaseNotFound { path: "No such file or directory (os error 2)" }

thread 'prop_put_get_consistency' panicked at tests/property_tests.rs:16:75:
called `Result::unwrap()` on an `Err` value: DatabaseNotFound { path: "No such file or directory (os error 2)" }

thread 'prop_put_get_consistency' panicked at tests/property_tests.rs:16:75:
called `Result::unwrap()` on an `Err` value: DatabaseNotFound { path: "No such file or directory (os error 2)" }

thread 'prop_put_get_consistency' panicked at tests/property_tests.rs:16:75:
called `Result::unwrap()` on an `Err` value: DatabaseNotFound { path: "No such file or directory (os error 2)" }

thread 'prop_put_get_consistency' panicked at tests/property_tests.rs:16:75:
called `Result::unwrap()` on an `Err` value: DatabaseNotFound { path: "No such file or directory (os error 2)" }

thread 'prop_put_get_consistency' panicked at tests/property_tests.rs:16:75:
called `Result::unwrap()` on an `Err` value: DatabaseNotFound { path: "No such file or directory (os error 2)" }

thread 'prop_put_get_consistency' panicked at tests/property_tests.rs:16:75:
called `Result::unwrap()` on an `Err` value: DatabaseNotFound { path: "No such file or directory (os error 2)" }

thread 'prop_put_get_consistency' panicked at tests/property_tests.rs:16:75:
called `Result::unwrap()` on an `Err` value: DatabaseNotFound { path: "No such file or directory (os error 2)" }

thread 'prop_put_get_consistency' panicked at tests/property_tests.rs:16:75:
called `Result::unwrap()` on an `Err` value: DatabaseNotFound { path: "No such file or directory (os error 2)" }

thread 'prop_put_get_consistency' panicked at tests/property_tests.rs:16:75:
called `Result::unwrap()` on an `Err` value: DatabaseNotFound { path: "No such file or directory (os error 2)" }

thread 'prop_put_get_consistency' panicked at tests/property_tests.rs:16:75:
called `Result::unwrap()` on an `Err` value: DatabaseNotFound { path: "No such file or directory (os error 2)" }

thread 'prop_put_get_consistency' panicked at tests/property_tests.rs:16:75:
called `Result::unwrap()` on an `Err` value: DatabaseNotFound { path: "No such file or directory (os error 2)" }

thread 'prop_put_get_consistency' panicked at tests/property_tests.rs:16:75:
called `Result::unwrap()` on an `Err` value: DatabaseNotFound { path: "No such file or directory (os error 2)" }

thread 'prop_put_get_consistency' panicked at tests/property_tests.rs:16:75:
called `Result::unwrap()` on an `Err` value: DatabaseNotFound { path: "No such file or directory (os error 2)" }

thread 'prop_put_get_consistency' panicked at tests/property_tests.rs:16:75:
called `Result::unwrap()` on an `Err` value: DatabaseNotFound { path: "No such file or directory (os error 2)" }

thread 'prop_put_get_consistency' panicked at tests/property_tests.rs:16:75:
called `Result::unwrap()` on an `Err` value: DatabaseNotFound { path: "No such file or directory (os error 2)" }

thread 'prop_put_get_consistency' panicked at tests/property_tests.rs:16:75:
called `Result::unwrap()` on an `Err` value: DatabaseNotFound { path: "No such file or directory (os error 2)" }

thread 'prop_put_get_consistency' panicked at tests/property_tests.rs:16:75:
called `Result::unwrap()` on an `Err` value: DatabaseNotFound { path: "No such file or directory (os error 2)" }

thread 'prop_put_get_consistency' panicked at tests/property_tests.rs:16:75:
called `Result::unwrap()` on an `Err` value: DatabaseNotFound { path: "No such file or directory (os error 2)" }

thread 'prop_put_get_consistency' panicked at tests/property_tests.rs:16:75:
called `Result::unwrap()` on an `Err` value: DatabaseNotFound { path: "No such file or directory (os error 2)" }

thread 'prop_put_get_consistency' panicked at tests/property_tests.rs:16:75:
called `Result::unwrap()` on an `Err` value: DatabaseNotFound { path: "No such file or directory (os error 2)" }

thread 'prop_put_get_consistency' panicked at tests/property_tests.rs:16:75:
called `Result::unwrap()` on an `Err` value: DatabaseNotFound { path: "No such file or directory (os error 2)" }

thread 'prop_put_get_consistency' panicked at tests/property_tests.rs:16:75:
called `Result::unwrap()` on an `Err` value: DatabaseNotFound { path: "No such file or directory (os error 2)" }

thread 'prop_put_get_consistency' panicked at tests/property_tests.rs:16:75:
called `Result::unwrap()` on an `Err` value: DatabaseNotFound { path: "No such file or directory (os error 2)" }

thread 'prop_put_get_consistency' panicked at tests/property_tests.rs:16:75:
called `Result::unwrap()` on an `Err` value: DatabaseNotFound { path: "No such file or directory (os error 2)" }

thread 'prop_put_get_consistency' panicked at tests/property_tests.rs:16:75:
called `Result::unwrap()` on an `Err` value: DatabaseNotFound { path: "No such file or directory (os error 2)" }

thread 'prop_put_get_consistency' panicked at tests/property_tests.rs:16:75:
called `Result::unwrap()` on an `Err` value: DatabaseNotFound { path: "No such file or directory (os error 2)" }

thread 'prop_put_get_consistency' panicked at tests/property_tests.rs:16:75:
called `Result::unwrap()` on an `Err` value: DatabaseNotFound { path: "No such file or directory (os error 2)" }

thread 'prop_put_get_consistency' panicked at tests/property_tests.rs:16:75:
called `Result::unwrap()` on an `Err` value: DatabaseNotFound { path: "No such file or directory (os error 2)" }

thread 'prop_put_get_consistency' panicked at tests/property_tests.rs:16:75:
called `Result::unwrap()` on an `Err` value: DatabaseNotFound { path: "No such file or directory (os error 2)" }

thread 'prop_put_get_consistency' panicked at tests/property_tests.rs:16:75:
called `Result::unwrap()` on an `Err` value: DatabaseNotFound { path: "No such file or directory (os error 2)" }

thread 'prop_put_get_consistency' panicked at tests/property_tests.rs:16:75:
called `Result::unwrap()` on an `Err` value: DatabaseNotFound { path: "No such file or directory (os error 2)" }

thread 'prop_put_get_consistency' panicked at tests/property_tests.rs:16:75:
called `Result::unwrap()` on an `Err` value: DatabaseNotFound { path: "No such file or directory (os error 2)" }

thread 'prop_put_get_consistency' panicked at tests/property_tests.rs:16:75:
called `Result::unwrap()` on an `Err` value: DatabaseNotFound { path: "No such file or directory (os error 2)" }

thread 'prop_put_get_consistency' panicked at tests/property_tests.rs:16:75:
called `Result::unwrap()` on an `Err` value: DatabaseNotFound { path: "No such file or directory (os error 2)" }

thread 'prop_put_get_consistency' panicked at tests/property_tests.rs:16:75:
called `Result::unwrap()` on an `Err` value: DatabaseNotFound { path: "No such file or directory (os error 2)" }

thread 'prop_put_get_consistency' panicked at tests/property_tests.rs:16:75:
called `Result::unwrap()` on an `Err` value: DatabaseNotFound { path: "No such file or directory (os error 2)" }

thread 'prop_put_get_consistency' panicked at tests/property_tests.rs:16:75:
called `Result::unwrap()` on an `Err` value: DatabaseNotFound { path: "No such file or directory (os error 2)" }

thread 'prop_put_get_consistency' panicked at tests/property_tests.rs:16:75:
called `Result::unwrap()` on an `Err` value: DatabaseNotFound { path: "No such file or directory (os error 2)" }

thread 'prop_put_get_consistency' panicked at tests/property_tests.rs:16:75:
called `Result::unwrap()` on an `Err` value: DatabaseNotFound { path: "No such file or directory (os error 2)" }

thread 'prop_put_get_consistency' panicked at tests/property_tests.rs:16:75:
called `Result::unwrap()` on an `Err` value: DatabaseNotFound { path: "No such file or directory (os error 2)" }

thread 'prop_put_get_consistency' panicked at tests/property_tests.rs:16:75:
called `Result::unwrap()` on an `Err` value: DatabaseNotFound { path: "No such file or directory (os error 2)" }

thread 'prop_put_get_consistency' panicked at tests/property_tests.rs:16:75:
called `Result::unwrap()` on an `Err` value: DatabaseNotFound { path: "No such file or directory (os error 2)" }

thread 'prop_put_get_consistency' panicked at tests/property_tests.rs:16:75:
called `Result::unwrap()` on an `Err` value: DatabaseNotFound { path: "No such file or directory (os error 2)" }

thread 'prop_put_get_consistency' panicked at tests/property_tests.rs:16:75:
called `Result::unwrap()` on an `Err` value: DatabaseNotFound { path: "No such file or directory (os error 2)" }

thread 'prop_put_get_consistency' panicked at tests/property_tests.rs:16:75:
called `Result::unwrap()` on an `Err` value: DatabaseNotFound { path: "No such file or directory (os error 2)" }

thread 'prop_put_get_consistency' panicked at tests/property_tests.rs:16:75:
called `Result::unwrap()` on an `Err` value: DatabaseNotFound { path: "No such file or directory (os error 2)" }

thread 'prop_put_get_consistency' panicked at tests/property_tests.rs:16:75:
called `Result::unwrap()` on an `Err` value: DatabaseNotFound { path: "No such file or directory (os error 2)" }

thread 'prop_put_get_consistency' panicked at tests/property_tests.rs:16:75:
called `Result::unwrap()` on an `Err` value: DatabaseNotFound { path: "No such file or directory (os error 2)" }

thread 'prop_put_get_consistency' panicked at tests/property_tests.rs:16:75:
called `Result::unwrap()` on an `Err` value: DatabaseNotFound { path: "No such file or directory (os error 2)" }

thread 'prop_put_get_consistency' panicked at tests/property_tests.rs:16:75:
called `Result::unwrap()` on an `Err` value: DatabaseNotFound { path: "No such file or directory (os error 2)" }

thread 'prop_put_get_consistency' panicked at tests/property_tests.rs:16:75:
called `Result::unwrap()` on an `Err` value: DatabaseNotFound { path: "No such file or directory (os error 2)" }

thread 'prop_put_get_consistency' panicked at tests/property_tests.rs:16:75:
called `Result::unwrap()` on an `Err` value: DatabaseNotFound { path: "No such file or directory (os error 2)" }

thread 'prop_put_get_consistency' panicked at tests/property_tests.rs:16:75:
called `Result::unwrap()` on an `Err` value: DatabaseNotFound { path: "No such file or directory (os error 2)" }

thread 'prop_put_get_consistency' panicked at tests/property_tests.rs:16:75:
called `Result::unwrap()` on an `Err` value: DatabaseNotFound { path: "No such file or directory (os error 2)" }

thread 'prop_put_get_consistency' panicked at tests/property_tests.rs:16:75:
called `Result::unwrap()` on an `Err` value: DatabaseNotFound { path: "No such file or directory (os error 2)" }

thread 'prop_put_get_consistency' panicked at tests/property_tests.rs:16:75:
called `Result::unwrap()` on an `Err` value: DatabaseNotFound { path: "No such file or directory (os error 2)" }

thread 'prop_put_get_consistency' panicked at tests/property_tests.rs:16:75:
called `Result::unwrap()` on an `Err` value: DatabaseNotFound { path: "No such file or directory (os error 2)" }

thread 'prop_put_get_consistency' panicked at tests/property_tests.rs:16:75:
called `Result::unwrap()` on an `Err` value: DatabaseNotFound { path: "No such file or directory (os error 2)" }

thread 'prop_put_get_consistency' panicked at tests/property_tests.rs:16:75:
called `Result::unwrap()` on an `Err` value: DatabaseNotFound { path: "No such file or directory (os error 2)" }

thread 'prop_put_get_consistency' panicked at tests/property_tests.rs:16:75:
called `Result::unwrap()` on an `Err` value: DatabaseNotFound { path: "No such file or directory (os error 2)" }

thread 'prop_put_get_consistency' panicked at tests/property_tests.rs:16:75:
called `Result::unwrap()` on an `Err` value: DatabaseNotFound { path: "No such file or directory (os error 2)" }

thread 'prop_put_get_consistency' panicked at tests/property_tests.rs:16:75:
called `Result::unwrap()` on an `Err` value: DatabaseNotFound { path: "No such file or directory (os error 2)" }

thread 'prop_put_get_consistency' panicked at tests/property_tests.rs:16:75:
called `Result::unwrap()` on an `Err` value: DatabaseNotFound { path: "No such file or directory (os error 2)" }

thread 'prop_put_get_consistency' panicked at tests/property_tests.rs:16:75:
called `Result::unwrap()` on an `Err` value: DatabaseNotFound { path: "No such file or directory (os error 2)" }

thread 'prop_put_get_consistency' panicked at tests/property_tests.rs:16:75:
called `Result::unwrap()` on an `Err` value: DatabaseNotFound { path: "No such file or directory (os error 2)" }

thread 'prop_put_get_consistency' panicked at tests/property_tests.rs:16:75:
called `Result::unwrap()` on an `Err` value: DatabaseNotFound { path: "No such file or directory (os error 2)" }

thread 'prop_put_get_consistency' panicked at tests/property_tests.rs:16:75:
called `Result::unwrap()` on an `Err` value: DatabaseNotFound { path: "No such file or directory (os error 2)" }

thread 'prop_put_get_consistency' panicked at tests/property_tests.rs:16:75:
called `Result::unwrap()` on an `Err` value: DatabaseNotFound { path: "No such file or directory (os error 2)" }

thread 'prop_put_get_consistency' panicked at tests/property_tests.rs:16:75:
called `Result::unwrap()` on an `Err` value: DatabaseNotFound { path: "No such file or directory (os error 2)" }

thread 'prop_put_get_consistency' panicked at tests/property_tests.rs:16:75:
called `Result::unwrap()` on an `Err` value: DatabaseNotFound { path: "No such file or directory (os error 2)" }

thread 'prop_put_get_consistency' panicked at tests/property_tests.rs:16:75:
called `Result::unwrap()` on an `Err` value: DatabaseNotFound { path: "No such file or directory (os error 2)" }

thread 'prop_put_get_consistency' panicked at tests/property_tests.rs:16:75:
called `Result::unwrap()` on an `Err` value: DatabaseNotFound { path: "No such file or directory (os error 2)" }

thread 'prop_put_get_consistency' panicked at tests/property_tests.rs:16:75:
called `Result::unwrap()` on an `Err` value: DatabaseNotFound { path: "No such file or directory (os error 2)" }

thread 'prop_put_get_consistency' panicked at tests/property_tests.rs:16:75:
called `Result::unwrap()` on an `Err` value: DatabaseNotFound { path: "No such file or directory (os error 2)" }

thread 'prop_put_get_consistency' panicked at tests/property_tests.rs:16:75:
called `Result::unwrap()` on an `Err` value: DatabaseNotFound { path: "No such file or directory (os error 2)" }

thread 'prop_put_get_consistency' panicked at tests/property_tests.rs:16:75:
called `Result::unwrap()` on an `Err` value: DatabaseNotFound { path: "No such file or directory (os error 2)" }

thread 'prop_put_get_consistency' panicked at tests/property_tests.rs:16:75:
called `Result::unwrap()` on an `Err` value: DatabaseNotFound { path: "No such file or directory (os error 2)" }

thread 'prop_put_get_consistency' panicked at tests/property_tests.rs:16:75:
called `Result::unwrap()` on an `Err` value: DatabaseNotFound { path: "No such file or directory (os error 2)" }

thread 'prop_put_get_consistency' panicked at tests/property_tests.rs:16:75:
called `Result::unwrap()` on an `Err` value: DatabaseNotFound { path: "No such file or directory (os error 2)" }

thread 'prop_put_get_consistency' panicked at tests/property_tests.rs:16:75:
called `Result::unwrap()` on an `Err` value: DatabaseNotFound { path: "No such file or directory (os error 2)" }

thread 'prop_put_get_consistency' panicked at tests/property_tests.rs:16:75:
called `Result::unwrap()` on an `Err` value: DatabaseNotFound { path: "No such file or directory (os error 2)" }

thread 'prop_put_get_consistency' panicked at tests/property_tests.rs:16:75:
called `Result::unwrap()` on an `Err` value: DatabaseNotFound { path: "No such file or directory (os error 2)" }

thread 'prop_put_get_consistency' panicked at tests/property_tests.rs:16:75:
called `Result::unwrap()` on an `Err` value: DatabaseNotFound { path: "No such file or directory (os error 2)" }

thread 'prop_put_get_consistency' panicked at tests/property_tests.rs:16:75:
called `Result::unwrap()` on an `Err` value: DatabaseNotFound { path: "No such file or directory (os error 2)" }

thread 'prop_put_get_consistency' panicked at tests/property_tests.rs:16:75:
called `Result::unwrap()` on an `Err` value: DatabaseNotFound { path: "No such file or directory (os error 2)" }

thread 'prop_put_get_consistency' panicked at tests/property_tests.rs:16:75:
called `Result::unwrap()` on an `Err` value: DatabaseNotFound { path: "No such file or directory (os error 2)" }

thread 'prop_put_get_consistency' panicked at tests/property_tests.rs:16:75:
called `Result::unwrap()` on an `Err` value: DatabaseNotFound { path: "No such file or directory (os error 2)" }

thread 'prop_put_get_consistency' panicked at tests/property_tests.rs:16:75:
called `Result::unwrap()` on an `Err` value: DatabaseNotFound { path: "No such file or directory (os error 2)" }

thread 'prop_put_get_consistency' panicked at tests/property_tests.rs:16:75:
called `Result::unwrap()` on an `Err` value: DatabaseNotFound { path: "No such file or directory (os error 2)" }

thread 'prop_put_get_consistency' panicked at tests/property_tests.rs:16:75:
called `Result::unwrap()` on an `Err` value: DatabaseNotFound { path: "No such file or directory (os error 2)" }

thread 'prop_put_get_consistency' panicked at tests/property_tests.rs:16:75:
called `Result::unwrap()` on an `Err` value: DatabaseNotFound { path: "No such file or directory (os error 2)" }

thread 'prop_put_get_consistency' panicked at tests/property_tests.rs:16:75:
called `Result::unwrap()` on an `Err` value: DatabaseNotFound { path: "No such file or directory (os error 2)" }

thread 'prop_put_get_consistency' panicked at tests/property_tests.rs:16:75:
called `Result::unwrap()` on an `Err` value: DatabaseNotFound { path: "No such file or directory (os error 2)" }

thread 'prop_put_get_consistency' panicked at tests/property_tests.rs:16:75:
called `Result::unwrap()` on an `Err` value: DatabaseNotFound { path: "No such file or directory (os error 2)" }

thread 'prop_put_get_consistency' panicked at tests/property_tests.rs:16:75:
called `Result::unwrap()` on an `Err` value: DatabaseNotFound { path: "No such file or directory (os error 2)" }

thread 'prop_put_get_consistency' panicked at tests/property_tests.rs:16:75:
called `Result::unwrap()` on an `Err` value: DatabaseNotFound { path: "No such file or directory (os error 2)" }

thread 'prop_put_get_consistency' panicked at tests/property_tests.rs:16:75:
called `Result::unwrap()` on an `Err` value: DatabaseNotFound { path: "No such file or directory (os error 2)" }

thread 'prop_put_get_consistency' panicked at tests/property_tests.rs:16:75:
called `Result::unwrap()` on an `Err` value: DatabaseNotFound { path: "No such file or directory (os error 2)" }

thread 'prop_put_get_consistency' panicked at tests/property_tests.rs:16:75:
called `Result::unwrap()` on an `Err` value: DatabaseNotFound { path: "No such file or directory (os error 2)" }

thread 'prop_put_get_consistency' panicked at tests/property_tests.rs:16:75:
called `Result::unwrap()` on an `Err` value: DatabaseNotFound { path: "No such file or directory (os error 2)" }

thread 'prop_put_get_consistency' panicked at tests/property_tests.rs:16:75:
called `Result::unwrap()` on an `Err` value: DatabaseNotFound { path: "No such file or directory (os error 2)" }

thread 'prop_put_get_consistency' panicked at tests/property_tests.rs:16:75:
called `Result::unwrap()` on an `Err` value: DatabaseNotFound { path: "No such file or directory (os error 2)" }

thread 'prop_put_get_consistency' panicked at tests/property_tests.rs:16:75:
called `Result::unwrap()` on an `Err` value: DatabaseNotFound { path: "No such file or directory (os error 2)" }

thread 'prop_put_get_consistency' panicked at tests/property_tests.rs:16:75:
called `Result::unwrap()` on an `Err` value: DatabaseNotFound { path: "No such file or directory (os error 2)" }

thread 'prop_put_get_consistency' panicked at tests/property_tests.rs:16:75:
called `Result::unwrap()` on an `Err` value: DatabaseNotFound { path: "No such file or directory (os error 2)" }

thread 'prop_put_get_consistency' panicked at tests/property_tests.rs:16:75:
called `Result::unwrap()` on an `Err` value: DatabaseNotFound { path: "No such file or directory (os error 2)" }

thread 'prop_put_get_consistency' panicked at tests/property_tests.rs:16:75:
called `Result::unwrap()` on an `Err` value: DatabaseNotFound { path: "No such file or directory (os error 2)" }

thread 'prop_put_get_consistency' panicked at tests/property_tests.rs:16:75:
called `Result::unwrap()` on an `Err` value: DatabaseNotFound { path: "No such file or directory (os error 2)" }

thread 'prop_put_get_consistency' panicked at tests/property_tests.rs:16:75:
called `Result::unwrap()` on an `Err` value: DatabaseNotFound { path: "No such file or directory (os error 2)" }

thread 'prop_put_get_consistency' panicked at tests/property_tests.rs:16:75:
called `Result::unwrap()` on an `Err` value: DatabaseNotFound { path: "No such file or directory (os error 2)" }

thread 'prop_put_get_consistency' panicked at tests/property_tests.rs:16:75:
called `Result::unwrap()` on an `Err` value: DatabaseNotFound { path: "No such file or directory (os error 2)" }

thread 'prop_put_get_consistency' panicked at tests/property_tests.rs:16:75:
called `Result::unwrap()` on an `Err` value: DatabaseNotFound { path: "No such file or directory (os error 2)" }

thread 'prop_put_get_consistency' panicked at tests/property_tests.rs:16:75:
called `Result::unwrap()` on an `Err` value: DatabaseNotFound { path: "No such file or directory (os error 2)" }

thread 'prop_put_get_consistency' panicked at tests/property_tests.rs:16:75:
called `Result::unwrap()` on an `Err` value: DatabaseNotFound { path: "No such file or directory (os error 2)" }

thread 'prop_put_get_consistency' panicked at tests/property_tests.rs:16:75:
called `Result::unwrap()` on an `Err` value: DatabaseNotFound { path: "No such file or directory (os error 2)" }

thread 'prop_put_get_consistency' panicked at tests/property_tests.rs:16:75:
called `Result::unwrap()` on an `Err` value: DatabaseNotFound { path: "No such file or directory (os error 2)" }

thread 'prop_put_get_consistency' panicked at tests/property_tests.rs:16:75:
called `Result::unwrap()` on an `Err` value: DatabaseNotFound { path: "No such file or directory (os error 2)" }

thread 'prop_put_get_consistency' panicked at tests/property_tests.rs:16:75:
called `Result::unwrap()` on an `Err` value: DatabaseNotFound { path: "No such file or directory (os error 2)" }

thread 'prop_put_get_consistency' panicked at tests/property_tests.rs:16:75:
called `Result::unwrap()` on an `Err` value: DatabaseNotFound { path: "No such file or directory (os error 2)" }

thread 'prop_put_get_consistency' panicked at tests/property_tests.rs:16:75:
called `Result::unwrap()` on an `Err` value: DatabaseNotFound { path: "No such file or directory (os error 2)" }

thread 'prop_put_get_consistency' panicked at tests/property_tests.rs:16:75:
called `Result::unwrap()` on an `Err` value: DatabaseNotFound { path: "No such file or directory (os error 2)" }

thread 'prop_put_get_consistency' panicked at tests/property_tests.rs:16:75:
called `Result::unwrap()` on an `Err` value: DatabaseNotFound { path: "No such file or directory (os error 2)" }

thread 'prop_put_get_consistency' panicked at tests/property_tests.rs:16:75:
called `Result::unwrap()` on an `Err` value: DatabaseNotFound { path: "No such file or directory (os error 2)" }

thread 'prop_put_get_consistency' panicked at tests/property_tests.rs:16:75:
called `Result::unwrap()` on an `Err` value: DatabaseNotFound { path: "No such file or directory (os error 2)" }

thread 'prop_put_get_consistency' panicked at tests/property_tests.rs:16:75:
called `Result::unwrap()` on an `Err` value: DatabaseNotFound { path: "No such file or directory (os error 2)" }

thread 'prop_put_get_consistency' panicked at tests/property_tests.rs:16:75:
called `Result::unwrap()` on an `Err` value: DatabaseNotFound { path: "No such file or directory (os error 2)" }

thread 'prop_put_get_consistency' panicked at tests/property_tests.rs:16:75:
called `Result::unwrap()` on an `Err` value: DatabaseNotFound { path: "No such file or directory (os error 2)" }

thread 'prop_put_get_consistency' panicked at tests/property_tests.rs:16:75:
called `Result::unwrap()` on an `Err` value: DatabaseNotFound { path: "No such file or directory (os error 2)" }

thread 'prop_put_get_consistency' panicked at tests/property_tests.rs:16:75:
called `Result::unwrap()` on an `Err` value: DatabaseNotFound { path: "No such file or directory (os error 2)" }

thread 'prop_put_get_consistency' panicked at tests/property_tests.rs:16:75:
called `Result::unwrap()` on an `Err` value: DatabaseNotFound { path: "No such file or directory (os error 2)" }

thread 'prop_put_get_consistency' panicked at tests/property_tests.rs:16:75:
called `Result::unwrap()` on an `Err` value: DatabaseNotFound { path: "No such file or directory (os error 2)" }

thread 'prop_put_get_consistency' panicked at tests/property_tests.rs:16:75:
called `Result::unwrap()` on an `Err` value: DatabaseNotFound { path: "No such file or directory (os error 2)" }

thread 'prop_put_get_consistency' panicked at tests/property_tests.rs:16:75:
called `Result::unwrap()` on an `Err` value: DatabaseNotFound { path: "No such file or directory (os error 2)" }

thread 'prop_put_get_consistency' panicked at tests/property_tests.rs:16:75:
called `Result::unwrap()` on an `Err` value: DatabaseNotFound { path: "No such file or directory (os error 2)" }

thread 'prop_put_get_consistency' panicked at tests/property_tests.rs:16:75:
called `Result::unwrap()` on an `Err` value: DatabaseNotFound { path: "No such file or directory (os error 2)" }

thread 'prop_put_get_consistency' panicked at tests/property_tests.rs:16:75:
called `Result::unwrap()` on an `Err` value: DatabaseNotFound { path: "No such file or directory (os error 2)" }

thread 'prop_put_get_consistency' panicked at tests/property_tests.rs:16:75:
called `Result::unwrap()` on an `Err` value: DatabaseNotFound { path: "No such file or directory (os error 2)" }

thread 'prop_put_get_consistency' panicked at tests/property_tests.rs:16:75:
called `Result::unwrap()` on an `Err` value: DatabaseNotFound { path: "No such file or directory (os error 2)" }

thread 'prop_put_get_consistency' panicked at tests/property_tests.rs:16:75:
called `Result::unwrap()` on an `Err` value: DatabaseNotFound { path: "No such file or directory (os error 2)" }

thread 'prop_put_get_consistency' panicked at tests/property_tests.rs:16:75:
called `Result::unwrap()` on an `Err` value: DatabaseNotFound { path: "No such file or directory (os error 2)" }

thread 'prop_put_get_consistency' panicked at tests/property_tests.rs:16:75:
called `Result::unwrap()` on an `Err` value: DatabaseNotFound { path: "No such file or directory (os error 2)" }

thread 'prop_put_get_consistency' panicked at tests/property_tests.rs:16:75:
called `Result::unwrap()` on an `Err` value: DatabaseNotFound { path: "No such file or directory (os error 2)" }

thread 'prop_put_get_consistency' panicked at tests/property_tests.rs:16:75:
called `Result::unwrap()` on an `Err` value: DatabaseNotFound { path: "No such file or directory (os error 2)" }

thread 'prop_put_get_consistency' panicked at tests/property_tests.rs:16:75:
called `Result::unwrap()` on an `Err` value: DatabaseNotFound { path: "No such file or directory (os error 2)" }

thread 'prop_put_get_consistency' panicked at tests/property_tests.rs:16:75:
called `Result::unwrap()` on an `Err` value: DatabaseNotFound { path: "No such file or directory (os error 2)" }

thread 'prop_put_get_consistency' panicked at tests/property_tests.rs:16:75:
called `Result::unwrap()` on an `Err` value: DatabaseNotFound { path: "No such file or directory (os error 2)" }

thread 'prop_put_get_consistency' panicked at tests/property_tests.rs:16:75:
called `Result::unwrap()` on an `Err` value: DatabaseNotFound { path: "No such file or directory (os error 2)" }

thread 'prop_put_get_consistency' panicked at tests/property_tests.rs:16:75:
called `Result::unwrap()` on an `Err` value: DatabaseNotFound { path: "No such file or directory (os error 2)" }

thread 'prop_put_get_consistency' panicked at tests/property_tests.rs:16:75:
called `Result::unwrap()` on an `Err` value: DatabaseNotFound { path: "No such file or directory (os error 2)" }

thread 'prop_put_get_consistency' panicked at tests/property_tests.rs:16:75:
called `Result::unwrap()` on an `Err` value: DatabaseNotFound { path: "No such file or directory (os error 2)" }

thread 'prop_put_get_consistency' panicked at tests/property_tests.rs:16:75:
called `Result::unwrap()` on an `Err` value: DatabaseNotFound { path: "No such file or directory (os error 2)" }

thread 'prop_put_get_consistency' panicked at tests/property_tests.rs:16:75:
called `Result::unwrap()` on an `Err` value: DatabaseNotFound { path: "No such file or directory (os error 2)" }

thread 'prop_put_get_consistency' panicked at tests/property_tests.rs:16:75:
called `Result::unwrap()` on an `Err` value: DatabaseNotFound { path: "No such file or directory (os error 2)" }

thread 'prop_put_get_consistency' panicked at tests/property_tests.rs:16:75:
called `Result::unwrap()` on an `Err` value: DatabaseNotFound { path: "No such file or directory (os error 2)" }

thread 'prop_put_get_consistency' panicked at tests/property_tests.rs:16:75:
called `Result::unwrap()` on an `Err` value: DatabaseNotFound { path: "No such file or directory (os error 2)" }

thread 'prop_put_get_consistency' panicked at tests/property_tests.rs:16:75:
called `Result::unwrap()` on an `Err` value: DatabaseNotFound { path: "No such file or directory (os error 2)" }

thread 'prop_put_get_consistency' panicked at tests/property_tests.rs:16:75:
called `Result::unwrap()` on an `Err` value: DatabaseNotFound { path: "No such file or directory (os error 2)" }

thread 'prop_put_get_consistency' panicked at tests/property_tests.rs:16:75:
called `Result::unwrap()` on an `Err` value: DatabaseNotFound { path: "No such file or directory (os error 2)" }

thread 'prop_put_get_consistency' panicked at tests/property_tests.rs:16:75:
called `Result::unwrap()` on an `Err` value: DatabaseNotFound { path: "No such file or directory (os error 2)" }

thread 'prop_put_get_consistency' panicked at tests/property_tests.rs:16:75:
called `Result::unwrap()` on an `Err` value: DatabaseNotFound { path: "No such file or directory (os error 2)" }

thread 'prop_put_get_consistency' panicked at tests/property_tests.rs:16:75:
called `Result::unwrap()` on an `Err` value: DatabaseNotFound { path: "No such file or directory (os error 2)" }

thread 'prop_put_get_consistency' panicked at tests/property_tests.rs:16:75:
called `Result::unwrap()` on an `Err` value: DatabaseNotFound { path: "No such file or directory (os error 2)" }

thread 'prop_put_get_consistency' panicked at tests/property_tests.rs:16:75:
called `Result::unwrap()` on an `Err` value: DatabaseNotFound { path: "No such file or directory (os error 2)" }

thread 'prop_put_get_consistency' panicked at tests/property_tests.rs:16:75:
called `Result::unwrap()` on an `Err` value: DatabaseNotFound { path: "No such file or directory (os error 2)" }

thread 'prop_put_get_consistency' panicked at tests/property_tests.rs:16:75:
called `Result::unwrap()` on an `Err` value: DatabaseNotFound { path: "No such file or directory (os error 2)" }

thread 'prop_put_get_consistency' panicked at tests/property_tests.rs:16:75:
called `Result::unwrap()` on an `Err` value: DatabaseNotFound { path: "No such file or directory (os error 2)" }

thread 'prop_put_get_consistency' panicked at tests/property_tests.rs:16:75:
called `Result::unwrap()` on an `Err` value: DatabaseNotFound { path: "No such file or directory (os error 2)" }

thread 'prop_put_get_consistency' panicked at tests/property_tests.rs:16:75:
called `Result::unwrap()` on an `Err` value: DatabaseNotFound { path: "No such file or directory (os error 2)" }

thread 'prop_put_get_consistency' panicked at tests/property_tests.rs:16:75:
called `Result::unwrap()` on an `Err` value: DatabaseNotFound { path: "No such file or directory (os error 2)" }

thread 'prop_put_get_consistency' panicked at tests/property_tests.rs:16:75:
called `Result::unwrap()` on an `Err` value: DatabaseNotFound { path: "No such file or directory (os error 2)" }

thread 'prop_put_get_consistency' panicked at tests/property_tests.rs:16:75:
called `Result::unwrap()` on an `Err` value: DatabaseNotFound { path: "No such file or directory (os error 2)" }

thread 'prop_put_get_consistency' panicked at tests/property_tests.rs:16:75:
called `Result::unwrap()` on an `Err` value: DatabaseNotFound { path: "No such file or directory (os error 2)" }

thread 'prop_put_get_consistency' panicked at tests/property_tests.rs:16:75:
called `Result::unwrap()` on an `Err` value: DatabaseNotFound { path: "No such file or directory (os error 2)" }

thread 'prop_put_get_consistency' panicked at tests/property_tests.rs:16:75:
called `Result::unwrap()` on an `Err` value: DatabaseNotFound { path: "No such file or directory (os error 2)" }

thread 'prop_put_get_consistency' panicked at tests/property_tests.rs:16:75:
called `Result::unwrap()` on an `Err` value: DatabaseNotFound { path: "No such file or directory (os error 2)" }

thread 'prop_put_get_consistency' panicked at tests/property_tests.rs:16:75:
called `Result::unwrap()` on an `Err` value: DatabaseNotFound { path: "No such file or directory (os error 2)" }

thread 'prop_put_get_consistency' panicked at tests/property_tests.rs:16:75:
called `Result::unwrap()` on an `Err` value: DatabaseNotFound { path: "No such file or directory (os error 2)" }

thread 'prop_put_get_consistency' panicked at tests/property_tests.rs:16:75:
called `Result::unwrap()` on an `Err` value: DatabaseNotFound { path: "No such file or directory (os error 2)" }

thread 'prop_put_get_consistency' panicked at tests/property_tests.rs:16:75:
called `Result::unwrap()` on an `Err` value: DatabaseNotFound { path: "No such file or directory (os error 2)" }

thread 'prop_put_get_consistency' panicked at tests/property_tests.rs:16:75:
called `Result::unwrap()` on an `Err` value: DatabaseNotFound { path: "No such file or directory (os error 2)" }

thread 'prop_put_get_consistency' panicked at tests/property_tests.rs:16:75:
called `Result::unwrap()` on an `Err` value: DatabaseNotFound { path: "No such file or directory (os error 2)" }

thread 'prop_put_get_consistency' panicked at tests/property_tests.rs:16:75:
called `Result::unwrap()` on an `Err` value: DatabaseNotFound { path: "No such file or directory (os error 2)" }

thread 'prop_put_get_consistency' panicked at tests/property_tests.rs:16:75:
called `Result::unwrap()` on an `Err` value: DatabaseNotFound { path: "No such file or directory (os error 2)" }

thread 'prop_put_get_consistency' panicked at tests/property_tests.rs:16:75:
called `Result::unwrap()` on an `Err` value: DatabaseNotFound { path: "No such file or directory (os error 2)" }

thread 'prop_put_get_consistency' panicked at tests/property_tests.rs:16:75:
called `Result::unwrap()` on an `Err` value: DatabaseNotFound { path: "No such file or directory (os error 2)" }

thread 'prop_put_get_consistency' panicked at tests/property_tests.rs:16:75:
called `Result::unwrap()` on an `Err` value: DatabaseNotFound { path: "No such file or directory (os error 2)" }

thread 'prop_put_get_consistency' panicked at tests/property_tests.rs:16:75:
called `Result::unwrap()` on an `Err` value: DatabaseNotFound { path: "No such file or directory (os error 2)" }

thread 'prop_put_get_consistency' panicked at tests/property_tests.rs:16:75:
called `Result::unwrap()` on an `Err` value: DatabaseNotFound { path: "No such file or directory (os error 2)" }

thread 'prop_put_get_consistency' panicked at tests/property_tests.rs:16:75:
called `Result::unwrap()` on an `Err` value: DatabaseNotFound { path: "No such file or directory (os error 2)" }

thread 'prop_put_get_consistency' panicked at tests/property_tests.rs:16:75:
called `Result::unwrap()` on an `Err` value: DatabaseNotFound { path: "No such file or directory (os error 2)" }

thread 'prop_put_get_consistency' panicked at tests/property_tests.rs:16:75:
called `Result::unwrap()` on an `Err` value: DatabaseNotFound { path: "No such file or directory (os error 2)" }

thread 'prop_put_get_consistency' panicked at tests/property_tests.rs:16:75:
called `Result::unwrap()` on an `Err` value: DatabaseNotFound { path: "No such file or directory (os error 2)" }

thread 'prop_put_get_consistency' panicked at tests/property_tests.rs:16:75:
called `Result::unwrap()` on an `Err` value: DatabaseNotFound { path: "No such file or directory (os error 2)" }

thread 'prop_put_get_consistency' panicked at tests/property_tests.rs:16:75:
called `Result::unwrap()` on an `Err` value: DatabaseNotFound { path: "No such file or directory (os error 2)" }

thread 'prop_put_get_consistency' panicked at tests/property_tests.rs:16:75:
called `Result::unwrap()` on an `Err` value: DatabaseNotFound { path: "No such file or directory (os error 2)" }

thread 'prop_put_get_consistency' panicked at tests/property_tests.rs:16:75:
called `Result::unwrap()` on an `Err` value: DatabaseNotFound { path: "No such file or directory (os error 2)" }

thread 'prop_put_get_consistency' panicked at tests/property_tests.rs:16:75:
called `Result::unwrap()` on an `Err` value: DatabaseNotFound { path: "No such file or directory (os error 2)" }

thread 'prop_put_get_consistency' panicked at tests/property_tests.rs:16:75:
called `Result::unwrap()` on an `Err` value: DatabaseNotFound { path: "No such file or directory (os error 2)" }

thread 'prop_put_get_consistency' panicked at tests/property_tests.rs:16:75:
called `Result::unwrap()` on an `Err` value: DatabaseNotFound { path: "No such file or directory (os error 2)" }

thread 'prop_put_get_consistency' panicked at tests/property_tests.rs:16:75:
called `Result::unwrap()` on an `Err` value: DatabaseNotFound { path: "No such file or directory (os error 2)" }

thread 'prop_put_get_consistency' panicked at tests/property_tests.rs:16:75:
called `Result::unwrap()` on an `Err` value: DatabaseNotFound { path: "No such file or directory (os error 2)" }

thread 'prop_put_get_consistency' panicked at tests/property_tests.rs:16:75:
called `Result::unwrap()` on an `Err` value: DatabaseNotFound { path: "No such file or directory (os error 2)" }

thread 'prop_put_get_consistency' panicked at tests/property_tests.rs:16:75:
called `Result::unwrap()` on an `Err` value: DatabaseNotFound { path: "No such file or directory (os error 2)" }

thread 'prop_put_get_consistency' panicked at tests/property_tests.rs:16:75:
called `Result::unwrap()` on an `Err` value: DatabaseNotFound { path: "No such file or directory (os error 2)" }

thread 'prop_put_get_consistency' panicked at tests/property_tests.rs:16:75:
called `Result::unwrap()` on an `Err` value: DatabaseNotFound { path: "No such file or directory (os error 2)" }

thread 'prop_put_get_consistency' panicked at tests/property_tests.rs:16:75:
called `Result::unwrap()` on an `Err` value: DatabaseNotFound { path: "No such file or directory (os error 2)" }

thread 'prop_put_get_consistency' panicked at tests/property_tests.rs:16:75:
called `Result::unwrap()` on an `Err` value: DatabaseNotFound { path: "No such file or directory (os error 2)" }

thread 'prop_put_get_consistency' panicked at tests/property_tests.rs:16:75:
called `Result::unwrap()` on an `Err` value: DatabaseNotFound { path: "No such file or directory (os error 2)" }

thread 'prop_put_get_consistency' panicked at tests/property_tests.rs:16:75:
called `Result::unwrap()` on an `Err` value: DatabaseNotFound { path: "No such file or directory (os error 2)" }

thread 'prop_put_get_consistency' panicked at tests/property_tests.rs:16:75:
called `Result::unwrap()` on an `Err` value: DatabaseNotFound { path: "No such file or directory (os error 2)" }

thread 'prop_put_get_consistency' panicked at tests/property_tests.rs:16:75:
called `Result::unwrap()` on an `Err` value: DatabaseNotFound { path: "No such file or directory (os error 2)" }

thread 'prop_put_get_consistency' panicked at tests/property_tests.rs:16:75:
called `Result::unwrap()` on an `Err` value: DatabaseNotFound { path: "No such file or directory (os error 2)" }

thread 'prop_put_get_consistency' panicked at tests/property_tests.rs:16:75:
called `Result::unwrap()` on an `Err` value: DatabaseNotFound { path: "No such file or directory (os error 2)" }

thread 'prop_put_get_consistency' panicked at tests/property_tests.rs:16:75:
called `Result::unwrap()` on an `Err` value: DatabaseNotFound { path: "No such file or directory (os error 2)" }

thread 'prop_put_get_consistency' panicked at tests/property_tests.rs:16:75:
called `Result::unwrap()` on an `Err` value: DatabaseNotFound { path: "No such file or directory (os error 2)" }

thread 'prop_put_get_consistency' panicked at tests/property_tests.rs:16:75:
called `Result::unwrap()` on an `Err` value: DatabaseNotFound { path: "No such file or directory (os error 2)" }

thread 'prop_put_get_consistency' panicked at tests/property_tests.rs:16:75:
called `Result::unwrap()` on an `Err` value: DatabaseNotFound { path: "No such file or directory (os error 2)" }

thread 'prop_put_get_consistency' panicked at tests/property_tests.rs:16:75:
called `Result::unwrap()` on an `Err` value: DatabaseNotFound { path: "No such file or directory (os error 2)" }

thread 'prop_put_get_consistency' panicked at tests/property_tests.rs:16:75:
called `Result::unwrap()` on an `Err` value: DatabaseNotFound { path: "No such file or directory (os error 2)" }

thread 'prop_put_get_consistency' panicked at tests/property_tests.rs:16:75:
called `Result::unwrap()` on an `Err` value: DatabaseNotFound { path: "No such file or directory (os error 2)" }

thread 'prop_put_get_consistency' panicked at tests/property_tests.rs:16:75:
called `Result::unwrap()` on an `Err` value: DatabaseNotFound { path: "No such file or directory (os error 2)" }

thread 'prop_put_get_consistency' panicked at tests/property_tests.rs:16:75:
called `Result::unwrap()` on an `Err` value: DatabaseNotFound { path: "No such file or directory (os error 2)" }

thread 'prop_put_get_consistency' panicked at tests/property_tests.rs:16:75:
called `Result::unwrap()` on an `Err` value: DatabaseNotFound { path: "No such file or directory (os error 2)" }

thread 'prop_put_get_consistency' panicked at tests/property_tests.rs:16:75:
called `Result::unwrap()` on an `Err` value: DatabaseNotFound { path: "No such file or directory (os error 2)" }

thread 'prop_put_get_consistency' panicked at tests/property_tests.rs:16:75:
called `Result::unwrap()` on an `Err` value: DatabaseNotFound { path: "No such file or directory (os error 2)" }

thread 'prop_put_get_consistency' panicked at tests/property_tests.rs:16:75:
called `Result::unwrap()` on an `Err` value: DatabaseNotFound { path: "No such file or directory (os error 2)" }

thread 'prop_put_get_consistency' panicked at tests/property_tests.rs:16:75:
called `Result::unwrap()` on an `Err` value: DatabaseNotFound { path: "No such file or directory (os error 2)" }

thread 'prop_put_get_consistency' panicked at tests/property_tests.rs:16:75:
called `Result::unwrap()` on an `Err` value: DatabaseNotFound { path: "No such file or directory (os error 2)" }

thread 'prop_put_get_consistency' panicked at tests/property_tests.rs:16:75:
called `Result::unwrap()` on an `Err` value: DatabaseNotFound { path: "No such file or directory (os error 2)" }

thread 'prop_put_get_consistency' panicked at tests/property_tests.rs:16:75:
called `Result::unwrap()` on an `Err` value: DatabaseNotFound { path: "No such file or directory (os error 2)" }

thread 'prop_put_get_consistency' panicked at tests/property_tests.rs:16:75:
called `Result::unwrap()` on an `Err` value: DatabaseNotFound { path: "No such file or directory (os error 2)" }

thread 'prop_put_get_consistency' panicked at tests/property_tests.rs:16:75:
called `Result::unwrap()` on an `Err` value: DatabaseNotFound { path: "No such file or directory (os error 2)" }

thread 'prop_put_get_consistency' panicked at tests/property_tests.rs:16:75:
called `Result::unwrap()` on an `Err` value: DatabaseNotFound { path: "No such file or directory (os error 2)" }

thread 'prop_put_get_consistency' panicked at tests/property_tests.rs:16:75:
called `Result::unwrap()` on an `Err` value: DatabaseNotFound { path: "No such file or directory (os error 2)" }

thread 'prop_put_get_consistency' panicked at tests/property_tests.rs:16:75:
called `Result::unwrap()` on an `Err` value: DatabaseNotFound { path: "No such file or directory (os error 2)" }

thread 'prop_put_get_consistency' panicked at tests/property_tests.rs:16:75:
called `Result::unwrap()` on an `Err` value: DatabaseNotFound { path: "No such file or directory (os error 2)" }

thread 'prop_put_get_consistency' panicked at tests/property_tests.rs:16:75:
called `Result::unwrap()` on an `Err` value: DatabaseNotFound { path: "No such file or directory (os error 2)" }

thread 'prop_put_get_consistency' panicked at tests/property_tests.rs:16:75:
called `Result::unwrap()` on an `Err` value: DatabaseNotFound { path: "No such file or directory (os error 2)" }

thread 'prop_put_get_consistency' panicked at tests/property_tests.rs:16:75:
called `Result::unwrap()` on an `Err` value: DatabaseNotFound { path: "No such file or directory (os error 2)" }

thread 'prop_put_get_consistency' panicked at tests/property_tests.rs:16:75:
called `Result::unwrap()` on an `Err` value: DatabaseNotFound { path: "No such file or directory (os error 2)" }

thread 'prop_put_get_consistency' panicked at tests/property_tests.rs:16:75:
called `Result::unwrap()` on an `Err` value: DatabaseNotFound { path: "No such file or directory (os error 2)" }

thread 'prop_put_get_consistency' panicked at tests/property_tests.rs:16:75:
called `Result::unwrap()` on an `Err` value: DatabaseNotFound { path: "No such file or directory (os error 2)" }

thread 'prop_put_get_consistency' panicked at tests/property_tests.rs:16:75:
called `Result::unwrap()` on an `Err` value: DatabaseNotFound { path: "No such file or directory (os error 2)" }

thread 'prop_put_get_consistency' panicked at tests/property_tests.rs:16:75:
called `Result::unwrap()` on an `Err` value: DatabaseNotFound { path: "No such file or directory (os error 2)" }

thread 'prop_put_get_consistency' panicked at tests/property_tests.rs:16:75:
called `Result::unwrap()` on an `Err` value: DatabaseNotFound { path: "No such file or directory (os error 2)" }

thread 'prop_put_get_consistency' panicked at tests/property_tests.rs:16:75:
called `Result::unwrap()` on an `Err` value: DatabaseNotFound { path: "No such file or directory (os error 2)" }

thread 'prop_put_get_consistency' panicked at tests/property_tests.rs:16:75:
called `Result::unwrap()` on an `Err` value: DatabaseNotFound { path: "No such file or directory (os error 2)" }

thread 'prop_put_get_consistency' panicked at tests/property_tests.rs:16:75:
called `Result::unwrap()` on an `Err` value: DatabaseNotFound { path: "No such file or directory (os error 2)" }

thread 'prop_put_get_consistency' panicked at tests/property_tests.rs:16:75:
called `Result::unwrap()` on an `Err` value: DatabaseNotFound { path: "No such file or directory (os error 2)" }

thread 'prop_put_get_consistency' panicked at tests/property_tests.rs:16:75:
called `Result::unwrap()` on an `Err` value: DatabaseNotFound { path: "No such file or directory (os error 2)" }

thread 'prop_put_get_consistency' panicked at tests/property_tests.rs:16:75:
called `Result::unwrap()` on an `Err` value: DatabaseNotFound { path: "No such file or directory (os error 2)" }

thread 'prop_put_get_consistency' panicked at tests/property_tests.rs:16:75:
called `Result::unwrap()` on an `Err` value: DatabaseNotFound { path: "No such file or directory (os error 2)" }

thread 'prop_put_get_consistency' panicked at tests/property_tests.rs:16:75:
called `Result::unwrap()` on an `Err` value: DatabaseNotFound { path: "No such file or directory (os error 2)" }

thread 'prop_put_get_consistency' panicked at tests/property_tests.rs:16:75:
called `Result::unwrap()` on an `Err` value: DatabaseNotFound { path: "No such file or directory (os error 2)" }

thread 'prop_put_get_consistency' panicked at tests/property_tests.rs:16:75:
called `Result::unwrap()` on an `Err` value: DatabaseNotFound { path: "No such file or directory (os error 2)" }

thread 'prop_put_get_consistency' panicked at tests/property_tests.rs:16:75:
called `Result::unwrap()` on an `Err` value: DatabaseNotFound { path: "No such file or directory (os error 2)" }

thread 'prop_put_get_consistency' panicked at tests/property_tests.rs:16:75:
called `Result::unwrap()` on an `Err` value: DatabaseNotFound { path: "No such file or directory (os error 2)" }

thread 'prop_put_get_consistency' panicked at tests/property_tests.rs:16:75:
called `Result::unwrap()` on an `Err` value: DatabaseNotFound { path: "No such file or directory (os error 2)" }

thread 'prop_put_get_consistency' panicked at tests/property_tests.rs:16:75:
called `Result::unwrap()` on an `Err` value: DatabaseNotFound { path: "No such file or directory (os error 2)" }

thread 'prop_put_get_consistency' panicked at tests/property_tests.rs:16:75:
called `Result::unwrap()` on an `Err` value: DatabaseNotFound { path: "No such file or directory (os error 2)" }

thread 'prop_put_get_consistency' panicked at tests/property_tests.rs:16:75:
called `Result::unwrap()` on an `Err` value: DatabaseNotFound { path: "No such file or directory (os error 2)" }

thread 'prop_put_get_consistency' panicked at tests/property_tests.rs:16:75:
called `Result::unwrap()` on an `Err` value: DatabaseNotFound { path: "No such file or directory (os error 2)" }

thread 'prop_put_get_consistency' panicked at tests/property_tests.rs:16:75:
called `Result::unwrap()` on an `Err` value: DatabaseNotFound { path: "No such file or directory (os error 2)" }

thread 'prop_put_get_consistency' panicked at tests/property_tests.rs:16:75:
called `Result::unwrap()` on an `Err` value: DatabaseNotFound { path: "No such file or directory (os error 2)" }

thread 'prop_put_get_consistency' panicked at tests/property_tests.rs:16:75:
called `Result::unwrap()` on an `Err` value: DatabaseNotFound { path: "No such file or directory (os error 2)" }

thread 'prop_put_get_consistency' panicked at tests/property_tests.rs:16:75:
called `Result::unwrap()` on an `Err` value: DatabaseNotFound { path: "No such file or directory (os error 2)" }

thread 'prop_put_get_consistency' panicked at tests/property_tests.rs:16:75:
called `Result::unwrap()` on an `Err` value: DatabaseNotFound { path: "No such file or directory (os error 2)" }

thread 'prop_put_get_consistency' panicked at tests/property_tests.rs:16:75:
called `Result::unwrap()` on an `Err` value: DatabaseNotFound { path: "No such file or directory (os error 2)" }

thread 'prop_put_get_consistency' panicked at tests/property_tests.rs:16:75:
called `Result::unwrap()` on an `Err` value: DatabaseNotFound { path: "No such file or directory (os error 2)" }

thread 'prop_put_get_consistency' panicked at tests/property_tests.rs:16:75:
called `Result::unwrap()` on an `Err` value: DatabaseNotFound { path: "No such file or directory (os error 2)" }

thread 'prop_put_get_consistency' panicked at tests/property_tests.rs:16:75:
called `Result::unwrap()` on an `Err` value: DatabaseNotFound { path: "No such file or directory (os error 2)" }

thread 'prop_put_get_consistency' panicked at tests/property_tests.rs:16:75:
called `Result::unwrap()` on an `Err` value: DatabaseNotFound { path: "No such file or directory (os error 2)" }

thread 'prop_put_get_consistency' panicked at tests/property_tests.rs:16:75:
called `Result::unwrap()` on an `Err` value: DatabaseNotFound { path: "No such file or directory (os error 2)" }

thread 'prop_put_get_consistency' panicked at tests/property_tests.rs:16:75:
called `Result::unwrap()` on an `Err` value: DatabaseNotFound { path: "No such file or directory (os error 2)" }

thread 'prop_put_get_consistency' panicked at tests/property_tests.rs:16:75:
called `Result::unwrap()` on an `Err` value: DatabaseNotFound { path: "No such file or directory (os error 2)" }

thread 'prop_put_get_consistency' panicked at tests/property_tests.rs:16:75:
called `Result::unwrap()` on an `Err` value: DatabaseNotFound { path: "No such file or directory (os error 2)" }

thread 'prop_put_get_consistency' panicked at tests/property_tests.rs:16:75:
called `Result::unwrap()` on an `Err` value: DatabaseNotFound { path: "No such file or directory (os error 2)" }

thread 'prop_put_get_consistency' panicked at tests/property_tests.rs:16:75:
called `Result::unwrap()` on an `Err` value: DatabaseNotFound { path: "No such file or directory (os error 2)" }

thread 'prop_put_get_consistency' panicked at tests/property_tests.rs:16:75:
called `Result::unwrap()` on an `Err` value: DatabaseNotFound { path: "No such file or directory (os error 2)" }

thread 'prop_put_get_consistency' panicked at tests/property_tests.rs:16:75:
called `Result::unwrap()` on an `Err` value: DatabaseNotFound { path: "No such file or directory (os error 2)" }

thread 'prop_put_get_consistency' panicked at tests/property_tests.rs:16:75:
called `Result::unwrap()` on an `Err` value: DatabaseNotFound { path: "No such file or directory (os error 2)" }

thread 'prop_put_get_consistency' panicked at tests/property_tests.rs:16:75:
called `Result::unwrap()` on an `Err` value: DatabaseNotFound { path: "No such file or directory (os error 2)" }

thread 'prop_put_get_consistency' panicked at tests/property_tests.rs:16:75:
called `Result::unwrap()` on an `Err` value: DatabaseNotFound { path: "No such file or directory (os error 2)" }

thread 'prop_put_get_consistency' panicked at tests/property_tests.rs:16:75:
called `Result::unwrap()` on an `Err` value: DatabaseNotFound { path: "No such file or directory (os error 2)" }

thread 'prop_put_get_consistency' panicked at tests/property_tests.rs:16:75:
called `Result::unwrap()` on an `Err` value: DatabaseNotFound { path: "No such file or directory (os error 2)" }

thread 'prop_put_get_consistency' panicked at tests/property_tests.rs:16:75:
called `Result::unwrap()` on an `Err` value: DatabaseNotFound { path: "No such file or directory (os error 2)" }

thread 'prop_put_get_consistency' panicked at tests/property_tests.rs:16:75:
called `Result::unwrap()` on an `Err` value: DatabaseNotFound { path: "No such file or directory (os error 2)" }

thread 'prop_put_get_consistency' panicked at tests/property_tests.rs:16:75:
called `Result::unwrap()` on an `Err` value: DatabaseNotFound { path: "No such file or directory (os error 2)" }

thread 'prop_put_get_consistency' panicked at tests/property_tests.rs:16:75:
called `Result::unwrap()` on an `Err` value: DatabaseNotFound { path: "No such file or directory (os error 2)" }

thread 'prop_put_get_consistency' panicked at tests/property_tests.rs:16:75:
called `Result::unwrap()` on an `Err` value: DatabaseNotFound { path: "No such file or directory (os error 2)" }

thread 'prop_put_get_consistency' panicked at tests/property_tests.rs:16:75:
called `Result::unwrap()` on an `Err` value: DatabaseNotFound { path: "No such file or directory (os error 2)" }

thread 'prop_put_get_consistency' panicked at tests/property_tests.rs:16:75:
called `Result::unwrap()` on an `Err` value: DatabaseNotFound { path: "No such file or directory (os error 2)" }

thread 'prop_put_get_consistency' panicked at tests/property_tests.rs:16:75:
called `Result::unwrap()` on an `Err` value: DatabaseNotFound { path: "No such file or directory (os error 2)" }

thread 'prop_put_get_consistency' panicked at tests/property_tests.rs:16:75:
called `Result::unwrap()` on an `Err` value: DatabaseNotFound { path: "No such file or directory (os error 2)" }

thread 'prop_put_get_consistency' panicked at tests/property_tests.rs:16:75:
called `Result::unwrap()` on an `Err` value: DatabaseNotFound { path: "No such file or directory (os error 2)" }

thread 'prop_put_get_consistency' panicked at tests/property_tests.rs:16:75:
called `Result::unwrap()` on an `Err` value: DatabaseNotFound { path: "No such file or directory (os error 2)" }

thread 'prop_put_get_consistency' panicked at tests/property_tests.rs:16:75:
called `Result::unwrap()` on an `Err` value: DatabaseNotFound { path: "No such file or directory (os error 2)" }

thread 'prop_put_get_consistency' panicked at tests/property_tests.rs:16:75:
called `Result::unwrap()` on an `Err` value: DatabaseNotFound { path: "No such file or directory (os error 2)" }

thread 'prop_put_get_consistency' panicked at tests/property_tests.rs:16:75:
called `Result::unwrap()` on an `Err` value: DatabaseNotFound { path: "No such file or directory (os error 2)" }

thread 'prop_put_get_consistency' panicked at tests/property_tests.rs:16:75:
called `Result::unwrap()` on an `Err` value: DatabaseNotFound { path: "No such file or directory (os error 2)" }

thread 'prop_put_get_consistency' panicked at tests/property_tests.rs:16:75:
called `Result::unwrap()` on an `Err` value: DatabaseNotFound { path: "No such file or directory (os error 2)" }

thread 'prop_put_get_consistency' panicked at tests/property_tests.rs:16:75:
called `Result::unwrap()` on an `Err` value: DatabaseNotFound { path: "No such file or directory (os error 2)" }

thread 'prop_put_get_consistency' panicked at tests/property_tests.rs:16:75:
called `Result::unwrap()` on an `Err` value: DatabaseNotFound { path: "No such file or directory (os error 2)" }

thread 'prop_put_get_consistency' panicked at tests/property_tests.rs:16:75:
called `Result::unwrap()` on an `Err` value: DatabaseNotFound { path: "No such file or directory (os error 2)" }

thread 'prop_put_get_consistency' panicked at tests/property_tests.rs:16:75:
called `Result::unwrap()` on an `Err` value: DatabaseNotFound { path: "No such file or directory (os error 2)" }

thread 'prop_put_get_consistency' panicked at tests/property_tests.rs:16:75:
called `Result::unwrap()` on an `Err` value: DatabaseNotFound { path: "No such file or directory (os error 2)" }

thread 'prop_put_get_consistency' panicked at tests/property_tests.rs:16:75:
called `Result::unwrap()` on an `Err` value: DatabaseNotFound { path: "No such file or directory (os error 2)" }

thread 'prop_put_get_consistency' panicked at tests/property_tests.rs:16:75:
called `Result::unwrap()` on an `Err` value: DatabaseNotFound { path: "No such file or directory (os error 2)" }

thread 'prop_put_get_consistency' panicked at tests/property_tests.rs:16:75:
called `Result::unwrap()` on an `Err` value: DatabaseNotFound { path: "No such file or directory (os error 2)" }

thread 'prop_put_get_consistency' panicked at tests/property_tests.rs:16:75:
called `Result::unwrap()` on an `Err` value: DatabaseNotFound { path: "No such file or directory (os error 2)" }

thread 'prop_put_get_consistency' panicked at tests/property_tests.rs:16:75:
called `Result::unwrap()` on an `Err` value: DatabaseNotFound { path: "No such file or directory (os error 2)" }

thread 'prop_put_get_consistency' panicked at tests/property_tests.rs:16:75:
called `Result::unwrap()` on an `Err` value: DatabaseNotFound { path: "No such file or directory (os error 2)" }

thread 'prop_put_get_consistency' panicked at tests/property_tests.rs:16:75:
called `Result::unwrap()` on an `Err` value: DatabaseNotFound { path: "No such file or directory (os error 2)" }

thread 'prop_put_get_consistency' panicked at tests/property_tests.rs:16:75:
called `Result::unwrap()` on an `Err` value: DatabaseNotFound { path: "No such file or directory (os error 2)" }

thread 'prop_put_get_consistency' panicked at tests/property_tests.rs:16:75:
called `Result::unwrap()` on an `Err` value: DatabaseNotFound { path: "No such file or directory (os error 2)" }

thread 'prop_put_get_consistency' panicked at tests/property_tests.rs:16:75:
called `Result::unwrap()` on an `Err` value: DatabaseNotFound { path: "No such file or directory (os error 2)" }

thread 'prop_put_get_consistency' panicked at tests/property_tests.rs:16:75:
called `Result::unwrap()` on an `Err` value: DatabaseNotFound { path: "No such file or directory (os error 2)" }

thread 'prop_put_get_consistency' panicked at tests/property_tests.rs:16:75:
called `Result::unwrap()` on an `Err` value: DatabaseNotFound { path: "No such file or directory (os error 2)" }

thread 'prop_put_get_consistency' panicked at tests/property_tests.rs:16:75:
called `Result::unwrap()` on an `Err` value: DatabaseNotFound { path: "No such file or directory (os error 2)" }

thread 'prop_put_get_consistency' panicked at tests/property_tests.rs:16:75:
called `Result::unwrap()` on an `Err` value: DatabaseNotFound { path: "No such file or directory (os error 2)" }

thread 'prop_put_get_consistency' panicked at tests/property_tests.rs:16:75:
called `Result::unwrap()` on an `Err` value: DatabaseNotFound { path: "No such file or directory (os error 2)" }

thread 'prop_put_get_consistency' panicked at tests/property_tests.rs:16:75:
called `Result::unwrap()` on an `Err` value: DatabaseNotFound { path: "No such file or directory (os error 2)" }

thread 'prop_put_get_consistency' panicked at tests/property_tests.rs:16:75:
called `Result::unwrap()` on an `Err` value: DatabaseNotFound { path: "No such file or directory (os error 2)" }

thread 'prop_put_get_consistency' panicked at tests/property_tests.rs:16:75:
called `Result::unwrap()` on an `Err` value: DatabaseNotFound { path: "No such file or directory (os error 2)" }

thread 'prop_put_get_consistency' panicked at tests/property_tests.rs:16:75:
called `Result::unwrap()` on an `Err` value: DatabaseNotFound { path: "No such file or directory (os error 2)" }

thread 'prop_put_get_consistency' panicked at tests/property_tests.rs:16:75:
called `Result::unwrap()` on an `Err` value: DatabaseNotFound { path: "No such file or directory (os error 2)" }

thread 'prop_put_get_consistency' panicked at tests/property_tests.rs:16:75:
called `Result::unwrap()` on an `Err` value: DatabaseNotFound { path: "No such file or directory (os error 2)" }

thread 'prop_put_get_consistency' panicked at tests/property_tests.rs:16:75:
called `Result::unwrap()` on an `Err` value: DatabaseNotFound { path: "No such file or directory (os error 2)" }

thread 'prop_put_get_consistency' panicked at tests/property_tests.rs:16:75:
called `Result::unwrap()` on an `Err` value: DatabaseNotFound { path: "No such file or directory (os error 2)" }

thread 'prop_put_get_consistency' panicked at tests/property_tests.rs:16:75:
called `Result::unwrap()` on an `Err` value: DatabaseNotFound { path: "No such file or directory (os error 2)" }

thread 'prop_put_get_consistency' panicked at tests/property_tests.rs:16:75:
called `Result::unwrap()` on an `Err` value: DatabaseNotFound { path: "No such file or directory (os error 2)" }

thread 'prop_put_get_consistency' panicked at tests/property_tests.rs:16:75:
called `Result::unwrap()` on an `Err` value: DatabaseNotFound { path: "No such file or directory (os error 2)" }

thread 'prop_put_get_consistency' panicked at tests/property_tests.rs:16:75:
called `Result::unwrap()` on an `Err` value: DatabaseNotFound { path: "No such file or directory (os error 2)" }

thread 'prop_put_get_consistency' panicked at tests/property_tests.rs:16:75:
called `Result::unwrap()` on an `Err` value: DatabaseNotFound { path: "No such file or directory (os error 2)" }

thread 'prop_put_get_consistency' panicked at tests/property_tests.rs:16:75:
called `Result::unwrap()` on an `Err` value: DatabaseNotFound { path: "No such file or directory (os error 2)" }

thread 'prop_put_get_consistency' panicked at tests/property_tests.rs:16:75:
called `Result::unwrap()` on an `Err` value: DatabaseNotFound { path: "No such file or directory (os error 2)" }

thread 'prop_put_get_consistency' panicked at tests/property_tests.rs:16:75:
called `Result::unwrap()` on an `Err` value: DatabaseNotFound { path: "No such file or directory (os error 2)" }

thread 'prop_put_get_consistency' panicked at tests/property_tests.rs:16:75:
called `Result::unwrap()` on an `Err` value: DatabaseNotFound { path: "No such file or directory (os error 2)" }

thread 'prop_put_get_consistency' panicked at tests/property_tests.rs:16:75:
called `Result::unwrap()` on an `Err` value: DatabaseNotFound { path: "No such file or directory (os error 2)" }

thread 'prop_put_get_consistency' panicked at tests/property_tests.rs:16:75:
called `Result::unwrap()` on an `Err` value: DatabaseNotFound { path: "No such file or directory (os error 2)" }

thread 'prop_put_get_consistency' panicked at tests/property_tests.rs:16:75:
called `Result::unwrap()` on an `Err` value: DatabaseNotFound { path: "No such file or directory (os error 2)" }

thread 'prop_put_get_consistency' panicked at tests/property_tests.rs:16:75:
called `Result::unwrap()` on an `Err` value: DatabaseNotFound { path: "No such file or directory (os error 2)" }

thread 'prop_put_get_consistency' panicked at tests/property_tests.rs:16:75:
called `Result::unwrap()` on an `Err` value: DatabaseNotFound { path: "No such file or directory (os error 2)" }

thread 'prop_put_get_consistency' panicked at tests/property_tests.rs:16:75:
called `Result::unwrap()` on an `Err` value: DatabaseNotFound { path: "No such file or directory (os error 2)" }

thread 'prop_put_get_consistency' panicked at tests/property_tests.rs:16:75:
called `Result::unwrap()` on an `Err` value: DatabaseNotFound { path: "No such file or directory (os error 2)" }

thread 'prop_put_get_consistency' panicked at tests/property_tests.rs:16:75:
called `Result::unwrap()` on an `Err` value: DatabaseNotFound { path: "No such file or directory (os error 2)" }

thread 'prop_put_get_consistency' panicked at tests/property_tests.rs:16:75:
called `Result::unwrap()` on an `Err` value: DatabaseNotFound { path: "No such file or directory (os error 2)" }

thread 'prop_put_get_consistency' panicked at tests/property_tests.rs:16:75:
called `Result::unwrap()` on an `Err` value: DatabaseNotFound { path: "No such file or directory (os error 2)" }

thread 'prop_put_get_consistency' panicked at tests/property_tests.rs:16:75:
called `Result::unwrap()` on an `Err` value: DatabaseNotFound { path: "No such file or directory (os error 2)" }

thread 'prop_put_get_consistency' panicked at tests/property_tests.rs:16:75:
called `Result::unwrap()` on an `Err` value: DatabaseNotFound { path: "No such file or directory (os error 2)" }

thread 'prop_put_get_consistency' panicked at tests/property_tests.rs:16:75:
called `Result::unwrap()` on an `Err` value: DatabaseNotFound { path: "No such file or directory (os error 2)" }

thread 'prop_put_get_consistency' panicked at tests/property_tests.rs:16:75:
called `Result::unwrap()` on an `Err` value: DatabaseNotFound { path: "No such file or directory (os error 2)" }

thread 'prop_put_get_consistency' panicked at tests/property_tests.rs:16:75:
called `Result::unwrap()` on an `Err` value: DatabaseNotFound { path: "No such file or directory (os error 2)" }

thread 'prop_put_get_consistency' panicked at tests/property_tests.rs:16:75:
called `Result::unwrap()` on an `Err` value: DatabaseNotFound { path: "No such file or directory (os error 2)" }

thread 'prop_put_get_consistency' panicked at tests/property_tests.rs:16:75:
called `Result::unwrap()` on an `Err` value: DatabaseNotFound { path: "No such file or directory (os error 2)" }

thread 'prop_put_get_consistency' panicked at tests/property_tests.rs:16:75:
called `Result::unwrap()` on an `Err` value: DatabaseNotFound { path: "No such file or directory (os error 2)" }

thread 'prop_put_get_consistency' panicked at tests/property_tests.rs:16:75:
called `Result::unwrap()` on an `Err` value: DatabaseNotFound { path: "No such file or directory (os error 2)" }

thread 'prop_put_get_consistency' panicked at tests/property_tests.rs:16:75:
called `Result::unwrap()` on an `Err` value: DatabaseNotFound { path: "No such file or directory (os error 2)" }

thread 'prop_put_get_consistency' panicked at tests/property_tests.rs:16:75:
called `Result::unwrap()` on an `Err` value: DatabaseNotFound { path: "No such file or directory (os error 2)" }

thread 'prop_put_get_consistency' panicked at tests/property_tests.rs:16:75:
called `Result::unwrap()` on an `Err` value: DatabaseNotFound { path: "No such file or directory (os error 2)" }

thread 'prop_put_get_consistency' panicked at tests/property_tests.rs:16:75:
called `Result::unwrap()` on an `Err` value: DatabaseNotFound { path: "No such file or directory (os error 2)" }

thread 'prop_put_get_consistency' panicked at tests/property_tests.rs:16:75:
called `Result::unwrap()` on an `Err` value: DatabaseNotFound { path: "No such file or directory (os error 2)" }

thread 'prop_put_get_consistency' panicked at tests/property_tests.rs:16:75:
called `Result::unwrap()` on an `Err` value: DatabaseNotFound { path: "No such file or directory (os error 2)" }

thread 'prop_put_get_consistency' panicked at tests/property_tests.rs:16:75:
called `Result::unwrap()` on an `Err` value: DatabaseNotFound { path: "No such file or directory (os error 2)" }

thread 'prop_put_get_consistency' panicked at tests/property_tests.rs:16:75:
called `Result::unwrap()` on an `Err` value: DatabaseNotFound { path: "No such file or directory (os error 2)" }

thread 'prop_put_get_consistency' panicked at tests/property_tests.rs:16:75:
called `Result::unwrap()` on an `Err` value: DatabaseNotFound { path: "No such file or directory (os error 2)" }

thread 'prop_put_get_consistency' panicked at tests/property_tests.rs:16:75:
called `Result::unwrap()` on an `Err` value: DatabaseNotFound { path: "No such file or directory (os error 2)" }

thread 'prop_put_get_consistency' panicked at tests/property_tests.rs:16:75:
called `Result::unwrap()` on an `Err` value: DatabaseNotFound { path: "No such file or directory (os error 2)" }

thread 'prop_put_get_consistency' panicked at tests/property_tests.rs:16:75:
called `Result::unwrap()` on an `Err` value: DatabaseNotFound { path: "No such file or directory (os error 2)" }

thread 'prop_put_get_consistency' panicked at tests/property_tests.rs:16:75:
called `Result::unwrap()` on an `Err` value: DatabaseNotFound { path: "No such file or directory (os error 2)" }

thread 'prop_put_get_consistency' panicked at tests/property_tests.rs:16:75:
called `Result::unwrap()` on an `Err` value: DatabaseNotFound { path: "No such file or directory (os error 2)" }

thread 'prop_put_get_consistency' panicked at tests/property_tests.rs:16:75:
called `Result::unwrap()` on an `Err` value: DatabaseNotFound { path: "No such file or directory (os error 2)" }

thread 'prop_put_get_consistency' panicked at tests/property_tests.rs:16:75:
called `Result::unwrap()` on an `Err` value: DatabaseNotFound { path: "No such file or directory (os error 2)" }

thread 'prop_put_get_consistency' panicked at tests/property_tests.rs:16:75:
called `Result::unwrap()` on an `Err` value: DatabaseNotFound { path: "No such file or directory (os error 2)" }

thread 'prop_put_get_consistency' panicked at tests/property_tests.rs:16:75:
called `Result::unwrap()` on an `Err` value: DatabaseNotFound { path: "No such file or directory (os error 2)" }

thread 'prop_put_get_consistency' panicked at tests/property_tests.rs:16:75:
called `Result::unwrap()` on an `Err` value: DatabaseNotFound { path: "No such file or directory (os error 2)" }

thread 'prop_put_get_consistency' panicked at tests/property_tests.rs:16:75:
called `Result::unwrap()` on an `Err` value: DatabaseNotFound { path: "No such file or directory (os error 2)" }

thread 'prop_put_get_consistency' panicked at tests/property_tests.rs:16:75:
called `Result::unwrap()` on an `Err` value: DatabaseNotFound { path: "No such file or directory (os error 2)" }

thread 'prop_put_get_consistency' panicked at tests/property_tests.rs:16:75:
called `Result::unwrap()` on an `Err` value: DatabaseNotFound { path: "No such file or directory (os error 2)" }

thread 'prop_put_get_consistency' panicked at tests/property_tests.rs:16:75:
called `Result::unwrap()` on an `Err` value: DatabaseNotFound { path: "No such file or directory (os error 2)" }

thread 'prop_put_get_consistency' panicked at tests/property_tests.rs:16:75:
called `Result::unwrap()` on an `Err` value: DatabaseNotFound { path: "No such file or directory (os error 2)" }

thread 'prop_put_get_consistency' panicked at tests/property_tests.rs:16:75:
called `Result::unwrap()` on an `Err` value: DatabaseNotFound { path: "No such file or directory (os error 2)" }

thread 'prop_put_get_consistency' panicked at tests/property_tests.rs:16:75:
called `Result::unwrap()` on an `Err` value: DatabaseNotFound { path: "No such file or directory (os error 2)" }

thread 'prop_put_get_consistency' panicked at tests/property_tests.rs:16:75:
called `Result::unwrap()` on an `Err` value: DatabaseNotFound { path: "No such file or directory (os error 2)" }

thread 'prop_put_get_consistency' panicked at tests/property_tests.rs:16:75:
called `Result::unwrap()` on an `Err` value: DatabaseNotFound { path: "No such file or directory (os error 2)" }

thread 'prop_put_get_consistency' panicked at tests/property_tests.rs:16:75:
called `Result::unwrap()` on an `Err` value: DatabaseNotFound { path: "No such file or directory (os error 2)" }

thread 'prop_put_get_consistency' panicked at tests/property_tests.rs:16:75:
called `Result::unwrap()` on an `Err` value: DatabaseNotFound { path: "No such file or directory (os error 2)" }

thread 'prop_put_get_consistency' panicked at tests/property_tests.rs:16:75:
called `Result::unwrap()` on an `Err` value: DatabaseNotFound { path: "No such file or directory (os error 2)" }

thread 'prop_put_get_consistency' panicked at tests/property_tests.rs:16:75:
called `Result::unwrap()` on an `Err` value: DatabaseNotFound { path: "No such file or directory (os error 2)" }

thread 'prop_put_get_consistency' panicked at tests/property_tests.rs:16:75:
called `Result::unwrap()` on an `Err` value: DatabaseNotFound { path: "No such file or directory (os error 2)" }

thread 'prop_put_get_consistency' panicked at tests/property_tests.rs:16:75:
called `Result::unwrap()` on an `Err` value: DatabaseNotFound { path: "No such file or directory (os error 2)" }

thread 'prop_put_get_consistency' panicked at tests/property_tests.rs:16:75:
called `Result::unwrap()` on an `Err` value: DatabaseNotFound { path: "No such file or directory (os error 2)" }

thread 'prop_put_get_consistency' panicked at tests/property_tests.rs:16:75:
called `Result::unwrap()` on an `Err` value: DatabaseNotFound { path: "No such file or directory (os error 2)" }

thread 'prop_put_get_consistency' panicked at tests/property_tests.rs:16:75:
called `Result::unwrap()` on an `Err` value: DatabaseNotFound { path: "No such file or directory (os error 2)" }

thread 'prop_put_get_consistency' panicked at tests/property_tests.rs:16:75:
called `Result::unwrap()` on an `Err` value: DatabaseNotFound { path: "No such file or directory (os error 2)" }

thread 'prop_put_get_consistency' panicked at tests/property_tests.rs:16:75:
called `Result::unwrap()` on an `Err` value: DatabaseNotFound { path: "No such file or directory (os error 2)" }

thread 'prop_put_get_consistency' panicked at tests/property_tests.rs:16:75:
called `Result::unwrap()` on an `Err` value: DatabaseNotFound { path: "No such file or directory (os error 2)" }

thread 'prop_put_get_consistency' panicked at tests/property_tests.rs:16:75:
called `Result::unwrap()` on an `Err` value: DatabaseNotFound { path: "No such file or directory (os error 2)" }

thread 'prop_put_get_consistency' panicked at tests/property_tests.rs:16:75:
called `Result::unwrap()` on an `Err` value: DatabaseNotFound { path: "No such file or directory (os error 2)" }

thread 'prop_put_get_consistency' panicked at tests/property_tests.rs:16:75:
called `Result::unwrap()` on an `Err` value: DatabaseNotFound { path: "No such file or directory (os error 2)" }

thread 'prop_put_get_consistency' panicked at tests/property_tests.rs:16:75:
called `Result::unwrap()` on an `Err` value: DatabaseNotFound { path: "No such file or directory (os error 2)" }

thread 'prop_put_get_consistency' panicked at tests/property_tests.rs:16:75:
called `Result::unwrap()` on an `Err` value: DatabaseNotFound { path: "No such file or directory (os error 2)" }

thread 'prop_put_get_consistency' panicked at tests/property_tests.rs:16:75:
called `Result::unwrap()` on an `Err` value: DatabaseNotFound { path: "No such file or directory (os error 2)" }

thread 'prop_put_get_consistency' panicked at tests/property_tests.rs:16:75:
called `Result::unwrap()` on an `Err` value: DatabaseNotFound { path: "No such file or directory (os error 2)" }

thread 'prop_put_get_consistency' panicked at tests/property_tests.rs:16:75:
called `Result::unwrap()` on an `Err` value: DatabaseNotFound { path: "No such file or directory (os error 2)" }

thread 'prop_put_get_consistency' panicked at tests/property_tests.rs:16:75:
called `Result::unwrap()` on an `Err` value: DatabaseNotFound { path: "No such file or directory (os error 2)" }

thread 'prop_put_get_consistency' panicked at tests/property_tests.rs:16:75:
called `Result::unwrap()` on an `Err` value: DatabaseNotFound { path: "No such file or directory (os error 2)" }

thread 'prop_put_get_consistency' panicked at tests/property_tests.rs:16:75:
called `Result::unwrap()` on an `Err` value: DatabaseNotFound { path: "No such file or directory (os error 2)" }

thread 'prop_put_get_consistency' panicked at tests/property_tests.rs:16:75:
called `Result::unwrap()` on an `Err` value: DatabaseNotFound { path: "No such file or directory (os error 2)" }

thread 'prop_put_get_consistency' panicked at tests/property_tests.rs:16:75:
called `Result::unwrap()` on an `Err` value: DatabaseNotFound { path: "No such file or directory (os error 2)" }

thread 'prop_put_get_consistency' panicked at tests/property_tests.rs:16:75:
called `Result::unwrap()` on an `Err` value: DatabaseNotFound { path: "No such file or directory (os error 2)" }

thread 'prop_put_get_consistency' panicked at tests/property_tests.rs:16:75:
called `Result::unwrap()` on an `Err` value: DatabaseNotFound { path: "No such file or directory (os error 2)" }

thread 'prop_put_get_consistency' panicked at tests/property_tests.rs:16:75:
called `Result::unwrap()` on an `Err` value: DatabaseNotFound { path: "No such file or directory (os error 2)" }

thread 'prop_put_get_consistency' panicked at tests/property_tests.rs:16:75:
called `Result::unwrap()` on an `Err` value: DatabaseNotFound { path: "No such file or directory (os error 2)" }

thread 'prop_put_get_consistency' panicked at tests/property_tests.rs:16:75:
called `Result::unwrap()` on an `Err` value: DatabaseNotFound { path: "No such file or directory (os error 2)" }

thread 'prop_put_get_consistency' panicked at tests/property_tests.rs:16:75:
called `Result::unwrap()` on an `Err` value: DatabaseNotFound { path: "No such file or directory (os error 2)" }

thread 'prop_put_get_consistency' panicked at tests/property_tests.rs:16:75:
called `Result::unwrap()` on an `Err` value: DatabaseNotFound { path: "No such file or directory (os error 2)" }

thread 'prop_put_get_consistency' panicked at tests/property_tests.rs:16:75:
called `Result::unwrap()` on an `Err` value: DatabaseNotFound { path: "No such file or directory (os error 2)" }

thread 'prop_put_get_consistency' panicked at tests/property_tests.rs:16:75:
called `Result::unwrap()` on an `Err` value: DatabaseNotFound { path: "No such file or directory (os error 2)" }

thread 'prop_put_get_consistency' panicked at tests/property_tests.rs:16:75:
called `Result::unwrap()` on an `Err` value: DatabaseNotFound { path: "No such file or directory (os error 2)" }

thread 'prop_put_get_consistency' panicked at tests/property_tests.rs:16:75:
called `Result::unwrap()` on an `Err` value: DatabaseNotFound { path: "No such file or directory (os error 2)" }

thread 'prop_put_get_consistency' panicked at tests/property_tests.rs:16:75:
called `Result::unwrap()` on an `Err` value: DatabaseNotFound { path: "No such file or directory (os error 2)" }

thread 'prop_put_get_consistency' panicked at tests/property_tests.rs:16:75:
called `Result::unwrap()` on an `Err` value: DatabaseNotFound { path: "No such file or directory (os error 2)" }

thread 'prop_put_get_consistency' panicked at tests/property_tests.rs:16:75:
called `Result::unwrap()` on an `Err` value: DatabaseNotFound { path: "No such file or directory (os error 2)" }

thread 'prop_put_get_consistency' panicked at tests/property_tests.rs:16:75:
called `Result::unwrap()` on an `Err` value: DatabaseNotFound { path: "No such file or directory (os error 2)" }

thread 'prop_put_get_consistency' panicked at tests/property_tests.rs:16:75:
called `Result::unwrap()` on an `Err` value: DatabaseNotFound { path: "No such file or directory (os error 2)" }

thread 'prop_put_get_consistency' panicked at tests/property_tests.rs:16:75:
called `Result::unwrap()` on an `Err` value: DatabaseNotFound { path: "No such file or directory (os error 2)" }

thread 'prop_put_get_consistency' panicked at tests/property_tests.rs:16:75:
called `Result::unwrap()` on an `Err` value: DatabaseNotFound { path: "No such file or directory (os error 2)" }

thread 'prop_put_get_consistency' panicked at tests/property_tests.rs:16:75:
called `Result::unwrap()` on an `Err` value: DatabaseNotFound { path: "No such file or directory (os error 2)" }

thread 'prop_put_get_consistency' panicked at tests/property_tests.rs:16:75:
called `Result::unwrap()` on an `Err` value: DatabaseNotFound { path: "No such file or directory (os error 2)" }

thread 'prop_put_get_consistency' panicked at tests/property_tests.rs:16:75:
called `Result::unwrap()` on an `Err` value: DatabaseNotFound { path: "No such file or directory (os error 2)" }

thread 'prop_put_get_consistency' panicked at tests/property_tests.rs:16:75:
called `Result::unwrap()` on an `Err` value: DatabaseNotFound { path: "No such file or directory (os error 2)" }

thread 'prop_put_get_consistency' panicked at tests/property_tests.rs:16:75:
called `Result::unwrap()` on an `Err` value: DatabaseNotFound { path: "No such file or directory (os error 2)" }

thread 'prop_put_get_consistency' panicked at tests/property_tests.rs:16:75:
called `Result::unwrap()` on an `Err` value: DatabaseNotFound { path: "No such file or directory (os error 2)" }

thread 'prop_put_get_consistency' panicked at tests/property_tests.rs:16:75:
called `Result::unwrap()` on an `Err` value: DatabaseNotFound { path: "No such file or directory (os error 2)" }

thread 'prop_put_get_consistency' panicked at tests/property_tests.rs:16:75:
called `Result::unwrap()` on an `Err` value: DatabaseNotFound { path: "No such file or directory (os error 2)" }

thread 'prop_put_get_consistency' panicked at tests/property_tests.rs:16:75:
called `Result::unwrap()` on an `Err` value: DatabaseNotFound { path: "No such file or directory (os error 2)" }

thread 'prop_put_get_consistency' panicked at tests/property_tests.rs:16:75:
called `Result::unwrap()` on an `Err` value: DatabaseNotFound { path: "No such file or directory (os error 2)" }

thread 'prop_put_get_consistency' panicked at tests/property_tests.rs:16:75:
called `Result::unwrap()` on an `Err` value: DatabaseNotFound { path: "No such file or directory (os error 2)" }

thread 'prop_put_get_consistency' panicked at tests/property_tests.rs:16:75:
called `Result::unwrap()` on an `Err` value: DatabaseNotFound { path: "No such file or directory (os error 2)" }

thread 'prop_put_get_consistency' panicked at tests/property_tests.rs:16:75:
called `Result::unwrap()` on an `Err` value: DatabaseNotFound { path: "No such file or directory (os error 2)" }

thread 'prop_put_get_consistency' panicked at tests/property_tests.rs:16:75:
called `Result::unwrap()` on an `Err` value: DatabaseNotFound { path: "No such file or directory (os error 2)" }

thread 'prop_put_get_consistency' panicked at tests/property_tests.rs:16:75:
called `Result::unwrap()` on an `Err` value: DatabaseNotFound { path: "No such file or directory (os error 2)" }

thread 'prop_put_get_consistency' panicked at tests/property_tests.rs:16:75:
called `Result::unwrap()` on an `Err` value: DatabaseNotFound { path: "No such file or directory (os error 2)" }

thread 'prop_put_get_consistency' panicked at tests/property_tests.rs:16:75:
called `Result::unwrap()` on an `Err` value: DatabaseNotFound { path: "No such file or directory (os error 2)" }

thread 'prop_put_get_consistency' panicked at tests/property_tests.rs:16:75:
called `Result::unwrap()` on an `Err` value: DatabaseNotFound { path: "No such file or directory (os error 2)" }

thread 'prop_put_get_consistency' panicked at tests/property_tests.rs:16:75:
called `Result::unwrap()` on an `Err` value: DatabaseNotFound { path: "No such file or directory (os error 2)" }

thread 'prop_put_get_consistency' panicked at tests/property_tests.rs:16:75:
called `Result::unwrap()` on an `Err` value: DatabaseNotFound { path: "No such file or directory (os error 2)" }

thread 'prop_put_get_consistency' panicked at tests/property_tests.rs:16:75:
called `Result::unwrap()` on an `Err` value: DatabaseNotFound { path: "No such file or directory (os error 2)" }

thread 'prop_put_get_consistency' panicked at tests/property_tests.rs:16:75:
called `Result::unwrap()` on an `Err` value: DatabaseNotFound { path: "No such file or directory (os error 2)" }

thread 'prop_put_get_consistency' panicked at tests/property_tests.rs:16:75:
called `Result::unwrap()` on an `Err` value: DatabaseNotFound { path: "No such file or directory (os error 2)" }

thread 'prop_put_get_consistency' panicked at tests/property_tests.rs:16:75:
called `Result::unwrap()` on an `Err` value: DatabaseNotFound { path: "No such file or directory (os error 2)" }

thread 'prop_put_get_consistency' panicked at tests/property_tests.rs:16:75:
called `Result::unwrap()` on an `Err` value: DatabaseNotFound { path: "No such file or directory (os error 2)" }

thread 'prop_put_get_consistency' panicked at tests/property_tests.rs:16:75:
called `Result::unwrap()` on an `Err` value: DatabaseNotFound { path: "No such file or directory (os error 2)" }

thread 'prop_put_get_consistency' panicked at tests/property_tests.rs:16:75:
called `Result::unwrap()` on an `Err` value: DatabaseNotFound { path: "No such file or directory (os error 2)" }

thread 'prop_put_get_consistency' panicked at tests/property_tests.rs:16:75:
called `Result::unwrap()` on an `Err` value: DatabaseNotFound { path: "No such file or directory (os error 2)" }

thread 'prop_put_get_consistency' panicked at tests/property_tests.rs:16:75:
called `Result::unwrap()` on an `Err` value: DatabaseNotFound { path: "No such file or directory (os error 2)" }

thread 'prop_put_get_consistency' panicked at tests/property_tests.rs:16:75:
called `Result::unwrap()` on an `Err` value: DatabaseNotFound { path: "No such file or directory (os error 2)" }

thread 'prop_put_get_consistency' panicked at tests/property_tests.rs:16:75:
called `Result::unwrap()` on an `Err` value: DatabaseNotFound { path: "No such file or directory (os error 2)" }

thread 'prop_put_get_consistency' panicked at tests/property_tests.rs:16:75:
called `Result::unwrap()` on an `Err` value: DatabaseNotFound { path: "No such file or directory (os error 2)" }

thread 'prop_put_get_consistency' panicked at tests/property_tests.rs:16:75:
called `Result::unwrap()` on an `Err` value: DatabaseNotFound { path: "No such file or directory (os error 2)" }

thread 'prop_put_get_consistency' panicked at tests/property_tests.rs:16:75:
called `Result::unwrap()` on an `Err` value: DatabaseNotFound { path: "No such file or directory (os error 2)" }

thread 'prop_put_get_consistency' panicked at tests/property_tests.rs:16:75:
called `Result::unwrap()` on an `Err` value: DatabaseNotFound { path: "No such file or directory (os error 2)" }

thread 'prop_put_get_consistency' panicked at tests/property_tests.rs:16:75:
called `Result::unwrap()` on an `Err` value: DatabaseNotFound { path: "No such file or directory (os error 2)" }

thread 'prop_put_get_consistency' panicked at tests/property_tests.rs:16:75:
called `Result::unwrap()` on an `Err` value: DatabaseNotFound { path: "No such file or directory (os error 2)" }

thread 'prop_put_get_consistency' panicked at tests/property_tests.rs:16:75:
called `Result::unwrap()` on an `Err` value: DatabaseNotFound { path: "No such file or directory (os error 2)" }

thread 'prop_put_get_consistency' panicked at tests/property_tests.rs:16:75:
called `Result::unwrap()` on an `Err` value: DatabaseNotFound { path: "No such file or directory (os error 2)" }

thread 'prop_put_get_consistency' panicked at tests/property_tests.rs:16:75:
called `Result::unwrap()` on an `Err` value: DatabaseNotFound { path: "No such file or directory (os error 2)" }

thread 'prop_put_get_consistency' panicked at tests/property_tests.rs:16:75:
called `Result::unwrap()` on an `Err` value: DatabaseNotFound { path: "No such file or directory (os error 2)" }

thread 'prop_put_get_consistency' panicked at tests/property_tests.rs:16:75:
called `Result::unwrap()` on an `Err` value: DatabaseNotFound { path: "No such file or directory (os error 2)" }

thread 'prop_put_get_consistency' panicked at tests/property_tests.rs:16:75:
called `Result::unwrap()` on an `Err` value: DatabaseNotFound { path: "No such file or directory (os error 2)" }

thread 'prop_put_get_consistency' panicked at tests/property_tests.rs:16:75:
called `Result::unwrap()` on an `Err` value: DatabaseNotFound { path: "No such file or directory (os error 2)" }

thread 'prop_put_get_consistency' panicked at tests/property_tests.rs:16:75:
called `Result::unwrap()` on an `Err` value: DatabaseNotFound { path: "No such file or directory (os error 2)" }

thread 'prop_put_get_consistency' panicked at tests/property_tests.rs:16:75:
called `Result::unwrap()` on an `Err` value: DatabaseNotFound { path: "No such file or directory (os error 2)" }

thread 'prop_put_get_consistency' panicked at tests/property_tests.rs:16:75:
called `Result::unwrap()` on an `Err` value: DatabaseNotFound { path: "No such file or directory (os error 2)" }

thread 'prop_put_get_consistency' panicked at tests/property_tests.rs:16:75:
called `Result::unwrap()` on an `Err` value: DatabaseNotFound { path: "No such file or directory (os error 2)" }

thread 'prop_put_get_consistency' panicked at tests/property_tests.rs:16:75:
called `Result::unwrap()` on an `Err` value: DatabaseNotFound { path: "No such file or directory (os error 2)" }

thread 'prop_put_get_consistency' panicked at tests/property_tests.rs:16:75:
called `Result::unwrap()` on an `Err` value: DatabaseNotFound { path: "No such file or directory (os error 2)" }

thread 'prop_put_get_consistency' panicked at tests/property_tests.rs:16:75:
called `Result::unwrap()` on an `Err` value: DatabaseNotFound { path: "No such file or directory (os error 2)" }

thread 'prop_put_get_consistency' panicked at tests/property_tests.rs:16:75:
called `Result::unwrap()` on an `Err` value: DatabaseNotFound { path: "No such file or directory (os error 2)" }

thread 'prop_put_get_consistency' panicked at tests/property_tests.rs:16:75:
called `Result::unwrap()` on an `Err` value: DatabaseNotFound { path: "No such file or directory (os error 2)" }

thread 'prop_put_get_consistency' panicked at tests/property_tests.rs:16:75:
called `Result::unwrap()` on an `Err` value: DatabaseNotFound { path: "No such file or directory (os error 2)" }

thread 'prop_put_get_consistency' panicked at tests/property_tests.rs:16:75:
called `Result::unwrap()` on an `Err` value: DatabaseNotFound { path: "No such file or directory (os error 2)" }

thread 'prop_put_get_consistency' panicked at tests/property_tests.rs:16:75:
called `Result::unwrap()` on an `Err` value: DatabaseNotFound { path: "No such file or directory (os error 2)" }

thread 'prop_put_get_consistency' panicked at tests/property_tests.rs:16:75:
called `Result::unwrap()` on an `Err` value: DatabaseNotFound { path: "No such file or directory (os error 2)" }

thread 'prop_put_get_consistency' panicked at tests/property_tests.rs:16:75:
called `Result::unwrap()` on an `Err` value: DatabaseNotFound { path: "No such file or directory (os error 2)" }

thread 'prop_put_get_consistency' panicked at tests/property_tests.rs:16:75:
called `Result::unwrap()` on an `Err` value: DatabaseNotFound { path: "No such file or directory (os error 2)" }

thread 'prop_put_get_consistency' panicked at tests/property_tests.rs:16:75:
called `Result::unwrap()` on an `Err` value: DatabaseNotFound { path: "No such file or directory (os error 2)" }

thread 'prop_put_get_consistency' panicked at tests/property_tests.rs:16:75:
called `Result::unwrap()` on an `Err` value: DatabaseNotFound { path: "No such file or directory (os error 2)" }

thread 'prop_put_get_consistency' panicked at tests/property_tests.rs:16:75:
called `Result::unwrap()` on an `Err` value: DatabaseNotFound { path: "No such file or directory (os error 2)" }

thread 'prop_put_get_consistency' panicked at tests/property_tests.rs:16:75:
called `Result::unwrap()` on an `Err` value: DatabaseNotFound { path: "No such file or directory (os error 2)" }

thread 'prop_put_get_consistency' panicked at tests/property_tests.rs:16:75:
called `Result::unwrap()` on an `Err` value: DatabaseNotFound { path: "No such file or directory (os error 2)" }

thread 'prop_put_get_consistency' panicked at tests/property_tests.rs:16:75:
called `Result::unwrap()` on an `Err` value: DatabaseNotFound { path: "No such file or directory (os error 2)" }

thread 'prop_put_get_consistency' panicked at tests/property_tests.rs:16:75:
called `Result::unwrap()` on an `Err` value: DatabaseNotFound { path: "No such file or directory (os error 2)" }

thread 'prop_put_get_consistency' panicked at tests/property_tests.rs:16:75:
called `Result::unwrap()` on an `Err` value: DatabaseNotFound { path: "No such file or directory (os error 2)" }

thread 'prop_put_get_consistency' panicked at tests/property_tests.rs:16:75:
called `Result::unwrap()` on an `Err` value: DatabaseNotFound { path: "No such file or directory (os error 2)" }

thread 'prop_put_get_consistency' panicked at tests/property_tests.rs:16:75:
called `Result::unwrap()` on an `Err` value: DatabaseNotFound { path: "No such file or directory (os error 2)" }

thread 'prop_put_get_consistency' panicked at tests/property_tests.rs:16:75:
called `Result::unwrap()` on an `Err` value: DatabaseNotFound { path: "No such file or directory (os error 2)" }

thread 'prop_put_get_consistency' panicked at tests/property_tests.rs:16:75:
called `Result::unwrap()` on an `Err` value: DatabaseNotFound { path: "No such file or directory (os error 2)" }

thread 'prop_put_get_consistency' panicked at tests/property_tests.rs:16:75:
called `Result::unwrap()` on an `Err` value: DatabaseNotFound { path: "No such file or directory (os error 2)" }

thread 'prop_put_get_consistency' panicked at tests/property_tests.rs:16:75:
called `Result::unwrap()` on an `Err` value: DatabaseNotFound { path: "No such file or directory (os error 2)" }

thread 'prop_put_get_consistency' panicked at tests/property_tests.rs:16:75:
called `Result::unwrap()` on an `Err` value: DatabaseNotFound { path: "No such file or directory (os error 2)" }

thread 'prop_put_get_consistency' panicked at tests/property_tests.rs:16:75:
called `Result::unwrap()` on an `Err` value: DatabaseNotFound { path: "No such file or directory (os error 2)" }

thread 'prop_put_get_consistency' panicked at tests/property_tests.rs:16:75:
called `Result::unwrap()` on an `Err` value: DatabaseNotFound { path: "No such file or directory (os error 2)" }

thread 'prop_put_get_consistency' panicked at tests/property_tests.rs:16:75:
called `Result::unwrap()` on an `Err` value: DatabaseNotFound { path: "No such file or directory (os error 2)" }

thread 'prop_put_get_consistency' panicked at tests/property_tests.rs:16:75:
called `Result::unwrap()` on an `Err` value: DatabaseNotFound { path: "No such file or directory (os error 2)" }

thread 'prop_put_get_consistency' panicked at tests/property_tests.rs:16:75:
called `Result::unwrap()` on an `Err` value: DatabaseNotFound { path: "No such file or directory (os error 2)" }

thread 'prop_put_get_consistency' panicked at tests/property_tests.rs:16:75:
called `Result::unwrap()` on an `Err` value: DatabaseNotFound { path: "No such file or directory (os error 2)" }

thread 'prop_put_get_consistency' panicked at tests/property_tests.rs:16:75:
called `Result::unwrap()` on an `Err` value: DatabaseNotFound { path: "No such file or directory (os error 2)" }

thread 'prop_put_get_consistency' panicked at tests/property_tests.rs:16:75:
called `Result::unwrap()` on an `Err` value: DatabaseNotFound { path: "No such file or directory (os error 2)" }

thread 'prop_put_get_consistency' panicked at tests/property_tests.rs:16:75:
called `Result::unwrap()` on an `Err` value: DatabaseNotFound { path: "No such file or directory (os error 2)" }

thread 'prop_put_get_consistency' panicked at tests/property_tests.rs:16:75:
called `Result::unwrap()` on an `Err` value: DatabaseNotFound { path: "No such file or directory (os error 2)" }

thread 'prop_put_get_consistency' panicked at tests/property_tests.rs:16:75:
called `Result::unwrap()` on an `Err` value: DatabaseNotFound { path: "No such file or directory (os error 2)" }

thread 'prop_put_get_consistency' panicked at tests/property_tests.rs:16:75:
called `Result::unwrap()` on an `Err` value: DatabaseNotFound { path: "No such file or directory (os error 2)" }

thread 'prop_put_get_consistency' panicked at tests/property_tests.rs:16:75:
called `Result::unwrap()` on an `Err` value: DatabaseNotFound { path: "No such file or directory (os error 2)" }
proptest: Aborting shrinking after the PROPTEST_MAX_SHRINK_ITERS environment variable or ProptestConfig.max_shrink_iters iterations (set 1024 to a large(r) value to shrink more; current configuration: 1024 iterations)

thread 'prop_put_get_consistency' panicked at tests/property_tests.rs:9:1:
Test failed: called `Result::unwrap()` on an `Err` value: DatabaseNotFound { path: "No such file or directory (os error 2)" }.
minimal failing input: key = [
    0,
], value = [
    208,
    37,
    120,
    139,
    139,
    150,
    40,
    229,
    161,
    127,
    107,
    118,
    47,
    127,
    218,
    232,
    131,
    237,
    245,
    151,
    200,
    12,
    98,
    209,
    232,
    9,
    138,
    160,
    26,
    30,
    185,
    216,
    92,
    41,
    253,
]
	successes: 0
	local rejects: 0
	global rejects: 0


---- prop_crash_recovery stdout ----
proptest: FileFailurePersistence::SourceParallel set, but failed to find lib.rs or main.rs

thread 'prop_crash_recovery' panicked at tests/property_tests.rs:126:74:
called `Result::unwrap()` on an `Err` value: DatabaseNotFound { path: "No such file or directory (os error 2)" }

thread 'prop_crash_recovery' panicked at tests/property_tests.rs:126:74:
called `Result::unwrap()` on an `Err` value: DatabaseNotFound { path: "No such file or directory (os error 2)" }

thread 'prop_crash_recovery' panicked at tests/property_tests.rs:126:74:
called `Result::unwrap()` on an `Err` value: DatabaseNotFound { path: "No such file or directory (os error 2)" }

thread 'prop_crash_recovery' panicked at tests/property_tests.rs:126:74:
called `Result::unwrap()` on an `Err` value: DatabaseNotFound { path: "No such file or directory (os error 2)" }

thread 'prop_crash_recovery' panicked at tests/property_tests.rs:126:74:
called `Result::unwrap()` on an `Err` value: DatabaseNotFound { path: "No such file or directory (os error 2)" }

thread 'prop_crash_recovery' panicked at tests/property_tests.rs:126:74:
called `Result::unwrap()` on an `Err` value: DatabaseNotFound { path: "No such file or directory (os error 2)" }

thread 'prop_crash_recovery' panicked at tests/property_tests.rs:126:74:
called `Result::unwrap()` on an `Err` value: DatabaseNotFound { path: "No such file or directory (os error 2)" }

thread 'prop_crash_recovery' panicked at tests/property_tests.rs:126:74:
called `Result::unwrap()` on an `Err` value: DatabaseNotFound { path: "No such file or directory (os error 2)" }

thread 'prop_crash_recovery' panicked at tests/property_tests.rs:126:74:
called `Result::unwrap()` on an `Err` value: DatabaseNotFound { path: "No such file or directory (os error 2)" }

thread 'prop_crash_recovery' panicked at tests/property_tests.rs:126:74:
called `Result::unwrap()` on an `Err` value: DatabaseNotFound { path: "No such file or directory (os error 2)" }

thread 'prop_crash_recovery' panicked at tests/property_tests.rs:126:74:
called `Result::unwrap()` on an `Err` value: DatabaseNotFound { path: "No such file or directory (os error 2)" }

thread 'prop_crash_recovery' panicked at tests/property_tests.rs:126:74:
called `Result::unwrap()` on an `Err` value: DatabaseNotFound { path: "No such file or directory (os error 2)" }

thread 'prop_crash_recovery' panicked at tests/property_tests.rs:126:74:
called `Result::unwrap()` on an `Err` value: DatabaseNotFound { path: "No such file or directory (os error 2)" }

thread 'prop_crash_recovery' panicked at tests/property_tests.rs:126:74:
called `Result::unwrap()` on an `Err` value: DatabaseNotFound { path: "No such file or directory (os error 2)" }

thread 'prop_crash_recovery' panicked at tests/property_tests.rs:126:74:
called `Result::unwrap()` on an `Err` value: DatabaseNotFound { path: "No such file or directory (os error 2)" }

thread 'prop_crash_recovery' panicked at tests/property_tests.rs:126:74:
called `Result::unwrap()` on an `Err` value: DatabaseNotFound { path: "No such file or directory (os error 2)" }

thread 'prop_crash_recovery' panicked at tests/property_tests.rs:126:74:
called `Result::unwrap()` on an `Err` value: DatabaseNotFound { path: "No such file or directory (os error 2)" }

thread 'prop_crash_recovery' panicked at tests/property_tests.rs:126:74:
called `Result::unwrap()` on an `Err` value: DatabaseNotFound { path: "No such file or directory (os error 2)" }

thread 'prop_crash_recovery' panicked at tests/property_tests.rs:126:74:
called `Result::unwrap()` on an `Err` value: DatabaseNotFound { path: "No such file or directory (os error 2)" }

thread 'prop_crash_recovery' panicked at tests/property_tests.rs:126:74:
called `Result::unwrap()` on an `Err` value: DatabaseNotFound { path: "No such file or directory (os error 2)" }

thread 'prop_crash_recovery' panicked at tests/property_tests.rs:126:74:
called `Result::unwrap()` on an `Err` value: DatabaseNotFound { path: "No such file or directory (os error 2)" }

thread 'prop_crash_recovery' panicked at tests/property_tests.rs:126:74:
called `Result::unwrap()` on an `Err` value: DatabaseNotFound { path: "No such file or directory (os error 2)" }

thread 'prop_crash_recovery' panicked at tests/property_tests.rs:126:74:
called `Result::unwrap()` on an `Err` value: DatabaseNotFound { path: "No such file or directory (os error 2)" }

thread 'prop_crash_recovery' panicked at tests/property_tests.rs:126:74:
called `Result::unwrap()` on an `Err` value: DatabaseNotFound { path: "No such file or directory (os error 2)" }

thread 'prop_crash_recovery' panicked at tests/property_tests.rs:126:74:
called `Result::unwrap()` on an `Err` value: DatabaseNotFound { path: "No such file or directory (os error 2)" }

thread 'prop_crash_recovery' panicked at tests/property_tests.rs:126:74:
called `Result::unwrap()` on an `Err` value: DatabaseNotFound { path: "No such file or directory (os error 2)" }

thread 'prop_crash_recovery' panicked at tests/property_tests.rs:126:74:
called `Result::unwrap()` on an `Err` value: DatabaseNotFound { path: "No such file or directory (os error 2)" }

thread 'prop_crash_recovery' panicked at tests/property_tests.rs:126:74:
called `Result::unwrap()` on an `Err` value: DatabaseNotFound { path: "No such file or directory (os error 2)" }

thread 'prop_crash_recovery' panicked at tests/property_tests.rs:126:74:
called `Result::unwrap()` on an `Err` value: DatabaseNotFound { path: "No such file or directory (os error 2)" }

thread 'prop_crash_recovery' panicked at tests/property_tests.rs:126:74:
called `Result::unwrap()` on an `Err` value: DatabaseNotFound { path: "No such file or directory (os error 2)" }

thread 'prop_crash_recovery' panicked at tests/property_tests.rs:126:74:
called `Result::unwrap()` on an `Err` value: DatabaseNotFound { path: "No such file or directory (os error 2)" }

thread 'prop_crash_recovery' panicked at tests/property_tests.rs:126:74:
called `Result::unwrap()` on an `Err` value: DatabaseNotFound { path: "No such file or directory (os error 2)" }

thread 'prop_crash_recovery' panicked at tests/property_tests.rs:126:74:
called `Result::unwrap()` on an `Err` value: DatabaseNotFound { path: "No such file or directory (os error 2)" }

thread 'prop_crash_recovery' panicked at tests/property_tests.rs:126:74:
called `Result::unwrap()` on an `Err` value: DatabaseNotFound { path: "No such file or directory (os error 2)" }

thread 'prop_crash_recovery' panicked at tests/property_tests.rs:126:74:
called `Result::unwrap()` on an `Err` value: DatabaseNotFound { path: "No such file or directory (os error 2)" }

thread 'prop_crash_recovery' panicked at tests/property_tests.rs:126:74:
called `Result::unwrap()` on an `Err` value: DatabaseNotFound { path: "No such file or directory (os error 2)" }

thread 'prop_crash_recovery' panicked at tests/property_tests.rs:126:74:
called `Result::unwrap()` on an `Err` value: DatabaseNotFound { path: "No such file or directory (os error 2)" }

thread 'prop_crash_recovery' panicked at tests/property_tests.rs:126:74:
called `Result::unwrap()` on an `Err` value: DatabaseNotFound { path: "No such file or directory (os error 2)" }

thread 'prop_crash_recovery' panicked at tests/property_tests.rs:126:74:
called `Result::unwrap()` on an `Err` value: DatabaseNotFound { path: "No such file or directory (os error 2)" }

thread 'prop_crash_recovery' panicked at tests/property_tests.rs:126:74:
called `Result::unwrap()` on an `Err` value: DatabaseNotFound { path: "No such file or directory (os error 2)" }

thread 'prop_crash_recovery' panicked at tests/property_tests.rs:126:74:
called `Result::unwrap()` on an `Err` value: DatabaseNotFound { path: "No such file or directory (os error 2)" }

thread 'prop_crash_recovery' panicked at tests/property_tests.rs:126:74:
called `Result::unwrap()` on an `Err` value: DatabaseNotFound { path: "No such file or directory (os error 2)" }

thread 'prop_crash_recovery' panicked at tests/property_tests.rs:126:74:
called `Result::unwrap()` on an `Err` value: DatabaseNotFound { path: "No such file or directory (os error 2)" }

thread 'prop_crash_recovery' panicked at tests/property_tests.rs:126:74:
called `Result::unwrap()` on an `Err` value: DatabaseNotFound { path: "No such file or directory (os error 2)" }

thread 'prop_crash_recovery' panicked at tests/property_tests.rs:126:74:
called `Result::unwrap()` on an `Err` value: DatabaseNotFound { path: "No such file or directory (os error 2)" }

thread 'prop_crash_recovery' panicked at tests/property_tests.rs:126:74:
called `Result::unwrap()` on an `Err` value: DatabaseNotFound { path: "No such file or directory (os error 2)" }

thread 'prop_crash_recovery' panicked at tests/property_tests.rs:126:74:
called `Result::unwrap()` on an `Err` value: DatabaseNotFound { path: "No such file or directory (os error 2)" }

thread 'prop_crash_recovery' panicked at tests/property_tests.rs:126:74:
called `Result::unwrap()` on an `Err` value: DatabaseNotFound { path: "No such file or directory (os error 2)" }

thread 'prop_crash_recovery' panicked at tests/property_tests.rs:126:74:
called `Result::unwrap()` on an `Err` value: DatabaseNotFound { path: "No such file or directory (os error 2)" }

thread 'prop_crash_recovery' panicked at tests/property_tests.rs:126:74:
called `Result::unwrap()` on an `Err` value: DatabaseNotFound { path: "No such file or directory (os error 2)" }

thread 'prop_crash_recovery' panicked at tests/property_tests.rs:126:74:
called `Result::unwrap()` on an `Err` value: DatabaseNotFound { path: "No such file or directory (os error 2)" }

thread 'prop_crash_recovery' panicked at tests/property_tests.rs:126:74:
called `Result::unwrap()` on an `Err` value: DatabaseNotFound { path: "No such file or directory (os error 2)" }

thread 'prop_crash_recovery' panicked at tests/property_tests.rs:126:74:
called `Result::unwrap()` on an `Err` value: DatabaseNotFound { path: "No such file or directory (os error 2)" }

thread 'prop_crash_recovery' panicked at tests/property_tests.rs:126:74:
called `Result::unwrap()` on an `Err` value: DatabaseNotFound { path: "No such file or directory (os error 2)" }

thread 'prop_crash_recovery' panicked at tests/property_tests.rs:126:74:
called `Result::unwrap()` on an `Err` value: DatabaseNotFound { path: "No such file or directory (os error 2)" }

thread 'prop_crash_recovery' panicked at tests/property_tests.rs:126:74:
called `Result::unwrap()` on an `Err` value: DatabaseNotFound { path: "No such file or directory (os error 2)" }

thread 'prop_crash_recovery' panicked at tests/property_tests.rs:126:74:
called `Result::unwrap()` on an `Err` value: DatabaseNotFound { path: "No such file or directory (os error 2)" }

thread 'prop_crash_recovery' panicked at tests/property_tests.rs:126:74:
called `Result::unwrap()` on an `Err` value: DatabaseNotFound { path: "No such file or directory (os error 2)" }

thread 'prop_crash_recovery' panicked at tests/property_tests.rs:126:74:
called `Result::unwrap()` on an `Err` value: DatabaseNotFound { path: "No such file or directory (os error 2)" }

thread 'prop_crash_recovery' panicked at tests/property_tests.rs:126:74:
called `Result::unwrap()` on an `Err` value: DatabaseNotFound { path: "No such file or directory (os error 2)" }

thread 'prop_crash_recovery' panicked at tests/property_tests.rs:126:74:
called `Result::unwrap()` on an `Err` value: DatabaseNotFound { path: "No such file or directory (os error 2)" }

thread 'prop_crash_recovery' panicked at tests/property_tests.rs:126:74:
called `Result::unwrap()` on an `Err` value: DatabaseNotFound { path: "No such file or directory (os error 2)" }

thread 'prop_crash_recovery' panicked at tests/property_tests.rs:126:74:
called `Result::unwrap()` on an `Err` value: DatabaseNotFound { path: "No such file or directory (os error 2)" }

thread 'prop_crash_recovery' panicked at tests/property_tests.rs:126:74:
called `Result::unwrap()` on an `Err` value: DatabaseNotFound { path: "No such file or directory (os error 2)" }

thread 'prop_crash_recovery' panicked at tests/property_tests.rs:126:74:
called `Result::unwrap()` on an `Err` value: DatabaseNotFound { path: "No such file or directory (os error 2)" }

thread 'prop_crash_recovery' panicked at tests/property_tests.rs:126:74:
called `Result::unwrap()` on an `Err` value: DatabaseNotFound { path: "No such file or directory (os error 2)" }

thread 'prop_crash_recovery' panicked at tests/property_tests.rs:126:74:
called `Result::unwrap()` on an `Err` value: DatabaseNotFound { path: "No such file or directory (os error 2)" }

thread 'prop_crash_recovery' panicked at tests/property_tests.rs:126:74:
called `Result::unwrap()` on an `Err` value: DatabaseNotFound { path: "No such file or directory (os error 2)" }

thread 'prop_crash_recovery' panicked at tests/property_tests.rs:126:74:
called `Result::unwrap()` on an `Err` value: DatabaseNotFound { path: "No such file or directory (os error 2)" }

thread 'prop_crash_recovery' panicked at tests/property_tests.rs:126:74:
called `Result::unwrap()` on an `Err` value: DatabaseNotFound { path: "No such file or directory (os error 2)" }

thread 'prop_crash_recovery' panicked at tests/property_tests.rs:126:74:
called `Result::unwrap()` on an `Err` value: DatabaseNotFound { path: "No such file or directory (os error 2)" }

thread 'prop_crash_recovery' panicked at tests/property_tests.rs:126:74:
called `Result::unwrap()` on an `Err` value: DatabaseNotFound { path: "No such file or directory (os error 2)" }

thread 'prop_crash_recovery' panicked at tests/property_tests.rs:126:74:
called `Result::unwrap()` on an `Err` value: DatabaseNotFound { path: "No such file or directory (os error 2)" }

thread 'prop_crash_recovery' panicked at tests/property_tests.rs:126:74:
called `Result::unwrap()` on an `Err` value: DatabaseNotFound { path: "No such file or directory (os error 2)" }

thread 'prop_crash_recovery' panicked at tests/property_tests.rs:126:74:
called `Result::unwrap()` on an `Err` value: DatabaseNotFound { path: "No such file or directory (os error 2)" }

thread 'prop_crash_recovery' panicked at tests/property_tests.rs:126:74:
called `Result::unwrap()` on an `Err` value: DatabaseNotFound { path: "No such file or directory (os error 2)" }

thread 'prop_crash_recovery' panicked at tests/property_tests.rs:126:74:
called `Result::unwrap()` on an `Err` value: DatabaseNotFound { path: "No such file or directory (os error 2)" }

thread 'prop_crash_recovery' panicked at tests/property_tests.rs:126:74:
called `Result::unwrap()` on an `Err` value: DatabaseNotFound { path: "No such file or directory (os error 2)" }

thread 'prop_crash_recovery' panicked at tests/property_tests.rs:126:74:
called `Result::unwrap()` on an `Err` value: DatabaseNotFound { path: "No such file or directory (os error 2)" }

thread 'prop_crash_recovery' panicked at tests/property_tests.rs:126:74:
called `Result::unwrap()` on an `Err` value: DatabaseNotFound { path: "No such file or directory (os error 2)" }

thread 'prop_crash_recovery' panicked at tests/property_tests.rs:126:74:
called `Result::unwrap()` on an `Err` value: DatabaseNotFound { path: "No such file or directory (os error 2)" }

thread 'prop_crash_recovery' panicked at tests/property_tests.rs:126:74:
called `Result::unwrap()` on an `Err` value: DatabaseNotFound { path: "No such file or directory (os error 2)" }

thread 'prop_crash_recovery' panicked at tests/property_tests.rs:126:74:
called `Result::unwrap()` on an `Err` value: DatabaseNotFound { path: "No such file or directory (os error 2)" }

thread 'prop_crash_recovery' panicked at tests/property_tests.rs:126:74:
called `Result::unwrap()` on an `Err` value: DatabaseNotFound { path: "No such file or directory (os error 2)" }

thread 'prop_crash_recovery' panicked at tests/property_tests.rs:126:74:
called `Result::unwrap()` on an `Err` value: DatabaseNotFound { path: "No such file or directory (os error 2)" }

thread 'prop_crash_recovery' panicked at tests/property_tests.rs:126:74:
called `Result::unwrap()` on an `Err` value: DatabaseNotFound { path: "No such file or directory (os error 2)" }

thread 'prop_crash_recovery' panicked at tests/property_tests.rs:126:74:
called `Result::unwrap()` on an `Err` value: DatabaseNotFound { path: "No such file or directory (os error 2)" }

thread 'prop_crash_recovery' panicked at tests/property_tests.rs:126:74:
called `Result::unwrap()` on an `Err` value: DatabaseNotFound { path: "No such file or directory (os error 2)" }

thread 'prop_crash_recovery' panicked at tests/property_tests.rs:126:74:
called `Result::unwrap()` on an `Err` value: DatabaseNotFound { path: "No such file or directory (os error 2)" }

thread 'prop_crash_recovery' panicked at tests/property_tests.rs:126:74:
called `Result::unwrap()` on an `Err` value: DatabaseNotFound { path: "No such file or directory (os error 2)" }

thread 'prop_crash_recovery' panicked at tests/property_tests.rs:126:74:
called `Result::unwrap()` on an `Err` value: DatabaseNotFound { path: "No such file or directory (os error 2)" }

thread 'prop_crash_recovery' panicked at tests/property_tests.rs:126:74:
called `Result::unwrap()` on an `Err` value: DatabaseNotFound { path: "No such file or directory (os error 2)" }

thread 'prop_crash_recovery' panicked at tests/property_tests.rs:126:74:
called `Result::unwrap()` on an `Err` value: DatabaseNotFound { path: "No such file or directory (os error 2)" }

thread 'prop_crash_recovery' panicked at tests/property_tests.rs:126:74:
called `Result::unwrap()` on an `Err` value: DatabaseNotFound { path: "No such file or directory (os error 2)" }

thread 'prop_crash_recovery' panicked at tests/property_tests.rs:126:74:
called `Result::unwrap()` on an `Err` value: DatabaseNotFound { path: "No such file or directory (os error 2)" }

thread 'prop_crash_recovery' panicked at tests/property_tests.rs:126:74:
called `Result::unwrap()` on an `Err` value: DatabaseNotFound { path: "No such file or directory (os error 2)" }

thread 'prop_crash_recovery' panicked at tests/property_tests.rs:126:74:
called `Result::unwrap()` on an `Err` value: DatabaseNotFound { path: "No such file or directory (os error 2)" }

thread 'prop_crash_recovery' panicked at tests/property_tests.rs:126:74:
called `Result::unwrap()` on an `Err` value: DatabaseNotFound { path: "No such file or directory (os error 2)" }

thread 'prop_crash_recovery' panicked at tests/property_tests.rs:126:74:
called `Result::unwrap()` on an `Err` value: DatabaseNotFound { path: "No such file or directory (os error 2)" }

thread 'prop_crash_recovery' panicked at tests/property_tests.rs:126:74:
called `Result::unwrap()` on an `Err` value: DatabaseNotFound { path: "No such file or directory (os error 2)" }

thread 'prop_crash_recovery' panicked at tests/property_tests.rs:126:74:
called `Result::unwrap()` on an `Err` value: DatabaseNotFound { path: "No such file or directory (os error 2)" }

thread 'prop_crash_recovery' panicked at tests/property_tests.rs:126:74:
called `Result::unwrap()` on an `Err` value: DatabaseNotFound { path: "No such file or directory (os error 2)" }

thread 'prop_crash_recovery' panicked at tests/property_tests.rs:126:74:
called `Result::unwrap()` on an `Err` value: DatabaseNotFound { path: "No such file or directory (os error 2)" }

thread 'prop_crash_recovery' panicked at tests/property_tests.rs:126:74:
called `Result::unwrap()` on an `Err` value: DatabaseNotFound { path: "No such file or directory (os error 2)" }

thread 'prop_crash_recovery' panicked at tests/property_tests.rs:126:74:
called `Result::unwrap()` on an `Err` value: DatabaseNotFound { path: "No such file or directory (os error 2)" }

thread 'prop_crash_recovery' panicked at tests/property_tests.rs:126:74:
called `Result::unwrap()` on an `Err` value: DatabaseNotFound { path: "No such file or directory (os error 2)" }

thread 'prop_crash_recovery' panicked at tests/property_tests.rs:126:74:
called `Result::unwrap()` on an `Err` value: DatabaseNotFound { path: "No such file or directory (os error 2)" }

thread 'prop_crash_recovery' panicked at tests/property_tests.rs:126:74:
called `Result::unwrap()` on an `Err` value: DatabaseNotFound { path: "No such file or directory (os error 2)" }

thread 'prop_crash_recovery' panicked at tests/property_tests.rs:126:74:
called `Result::unwrap()` on an `Err` value: DatabaseNotFound { path: "No such file or directory (os error 2)" }

thread 'prop_crash_recovery' panicked at tests/property_tests.rs:126:74:
called `Result::unwrap()` on an `Err` value: DatabaseNotFound { path: "No such file or directory (os error 2)" }

thread 'prop_crash_recovery' panicked at tests/property_tests.rs:126:74:
called `Result::unwrap()` on an `Err` value: DatabaseNotFound { path: "No such file or directory (os error 2)" }

thread 'prop_crash_recovery' panicked at tests/property_tests.rs:126:74:
called `Result::unwrap()` on an `Err` value: DatabaseNotFound { path: "No such file or directory (os error 2)" }

thread 'prop_crash_recovery' panicked at tests/property_tests.rs:126:74:
called `Result::unwrap()` on an `Err` value: DatabaseNotFound { path: "No such file or directory (os error 2)" }

thread 'prop_crash_recovery' panicked at tests/property_tests.rs:126:74:
called `Result::unwrap()` on an `Err` value: DatabaseNotFound { path: "No such file or directory (os error 2)" }

thread 'prop_crash_recovery' panicked at tests/property_tests.rs:126:74:
called `Result::unwrap()` on an `Err` value: DatabaseNotFound { path: "No such file or directory (os error 2)" }

thread 'prop_crash_recovery' panicked at tests/property_tests.rs:126:74:
called `Result::unwrap()` on an `Err` value: DatabaseNotFound { path: "No such file or directory (os error 2)" }

thread 'prop_crash_recovery' panicked at tests/property_tests.rs:126:74:
called `Result::unwrap()` on an `Err` value: DatabaseNotFound { path: "No such file or directory (os error 2)" }

thread 'prop_crash_recovery' panicked at tests/property_tests.rs:126:74:
called `Result::unwrap()` on an `Err` value: DatabaseNotFound { path: "No such file or directory (os error 2)" }

thread 'prop_crash_recovery' panicked at tests/property_tests.rs:126:74:
called `Result::unwrap()` on an `Err` value: DatabaseNotFound { path: "No such file or directory (os error 2)" }

thread 'prop_crash_recovery' panicked at tests/property_tests.rs:126:74:
called `Result::unwrap()` on an `Err` value: DatabaseNotFound { path: "No such file or directory (os error 2)" }

thread 'prop_crash_recovery' panicked at tests/property_tests.rs:126:74:
called `Result::unwrap()` on an `Err` value: DatabaseNotFound { path: "No such file or directory (os error 2)" }

thread 'prop_crash_recovery' panicked at tests/property_tests.rs:126:74:
called `Result::unwrap()` on an `Err` value: DatabaseNotFound { path: "No such file or directory (os error 2)" }

thread 'prop_crash_recovery' panicked at tests/property_tests.rs:126:74:
called `Result::unwrap()` on an `Err` value: DatabaseNotFound { path: "No such file or directory (os error 2)" }

thread 'prop_crash_recovery' panicked at tests/property_tests.rs:126:74:
called `Result::unwrap()` on an `Err` value: DatabaseNotFound { path: "No such file or directory (os error 2)" }

thread 'prop_crash_recovery' panicked at tests/property_tests.rs:126:74:
called `Result::unwrap()` on an `Err` value: DatabaseNotFound { path: "No such file or directory (os error 2)" }

thread 'prop_crash_recovery' panicked at tests/property_tests.rs:126:74:
called `Result::unwrap()` on an `Err` value: DatabaseNotFound { path: "No such file or directory (os error 2)" }

thread 'prop_crash_recovery' panicked at tests/property_tests.rs:126:74:
called `Result::unwrap()` on an `Err` value: DatabaseNotFound { path: "No such file or directory (os error 2)" }

thread 'prop_crash_recovery' panicked at tests/property_tests.rs:126:74:
called `Result::unwrap()` on an `Err` value: DatabaseNotFound { path: "No such file or directory (os error 2)" }

thread 'prop_crash_recovery' panicked at tests/property_tests.rs:126:74:
called `Result::unwrap()` on an `Err` value: DatabaseNotFound { path: "No such file or directory (os error 2)" }

thread 'prop_crash_recovery' panicked at tests/property_tests.rs:126:74:
called `Result::unwrap()` on an `Err` value: DatabaseNotFound { path: "No such file or directory (os error 2)" }

thread 'prop_crash_recovery' panicked at tests/property_tests.rs:126:74:
called `Result::unwrap()` on an `Err` value: DatabaseNotFound { path: "No such file or directory (os error 2)" }

thread 'prop_crash_recovery' panicked at tests/property_tests.rs:126:74:
called `Result::unwrap()` on an `Err` value: DatabaseNotFound { path: "No such file or directory (os error 2)" }

thread 'prop_crash_recovery' panicked at tests/property_tests.rs:126:74:
called `Result::unwrap()` on an `Err` value: DatabaseNotFound { path: "No such file or directory (os error 2)" }

thread 'prop_crash_recovery' panicked at tests/property_tests.rs:126:74:
called `Result::unwrap()` on an `Err` value: DatabaseNotFound { path: "No such file or directory (os error 2)" }

thread 'prop_crash_recovery' panicked at tests/property_tests.rs:126:74:
called `Result::unwrap()` on an `Err` value: DatabaseNotFound { path: "No such file or directory (os error 2)" }

thread 'prop_crash_recovery' panicked at tests/property_tests.rs:126:74:
called `Result::unwrap()` on an `Err` value: DatabaseNotFound { path: "No such file or directory (os error 2)" }

thread 'prop_crash_recovery' panicked at tests/property_tests.rs:126:74:
called `Result::unwrap()` on an `Err` value: DatabaseNotFound { path: "No such file or directory (os error 2)" }

thread 'prop_crash_recovery' panicked at tests/property_tests.rs:126:74:
called `Result::unwrap()` on an `Err` value: DatabaseNotFound { path: "No such file or directory (os error 2)" }

thread 'prop_crash_recovery' panicked at tests/property_tests.rs:126:74:
called `Result::unwrap()` on an `Err` value: DatabaseNotFound { path: "No such file or directory (os error 2)" }

thread 'prop_crash_recovery' panicked at tests/property_tests.rs:126:74:
called `Result::unwrap()` on an `Err` value: DatabaseNotFound { path: "No such file or directory (os error 2)" }

thread 'prop_crash_recovery' panicked at tests/property_tests.rs:126:74:
called `Result::unwrap()` on an `Err` value: DatabaseNotFound { path: "No such file or directory (os error 2)" }

thread 'prop_crash_recovery' panicked at tests/property_tests.rs:126:74:
called `Result::unwrap()` on an `Err` value: DatabaseNotFound { path: "No such file or directory (os error 2)" }

thread 'prop_crash_recovery' panicked at tests/property_tests.rs:126:74:
called `Result::unwrap()` on an `Err` value: DatabaseNotFound { path: "No such file or directory (os error 2)" }

thread 'prop_crash_recovery' panicked at tests/property_tests.rs:126:74:
called `Result::unwrap()` on an `Err` value: DatabaseNotFound { path: "No such file or directory (os error 2)" }

thread 'prop_crash_recovery' panicked at tests/property_tests.rs:126:74:
called `Result::unwrap()` on an `Err` value: DatabaseNotFound { path: "No such file or directory (os error 2)" }

thread 'prop_crash_recovery' panicked at tests/property_tests.rs:126:74:
called `Result::unwrap()` on an `Err` value: DatabaseNotFound { path: "No such file or directory (os error 2)" }

thread 'prop_crash_recovery' panicked at tests/property_tests.rs:126:74:
called `Result::unwrap()` on an `Err` value: DatabaseNotFound { path: "No such file or directory (os error 2)" }

thread 'prop_crash_recovery' panicked at tests/property_tests.rs:126:74:
called `Result::unwrap()` on an `Err` value: DatabaseNotFound { path: "No such file or directory (os error 2)" }

thread 'prop_crash_recovery' panicked at tests/property_tests.rs:126:74:
called `Result::unwrap()` on an `Err` value: DatabaseNotFound { path: "No such file or directory (os error 2)" }

thread 'prop_crash_recovery' panicked at tests/property_tests.rs:126:74:
called `Result::unwrap()` on an `Err` value: DatabaseNotFound { path: "No such file or directory (os error 2)" }

thread 'prop_crash_recovery' panicked at tests/property_tests.rs:126:74:
called `Result::unwrap()` on an `Err` value: DatabaseNotFound { path: "No such file or directory (os error 2)" }

thread 'prop_crash_recovery' panicked at tests/property_tests.rs:126:74:
called `Result::unwrap()` on an `Err` value: DatabaseNotFound { path: "No such file or directory (os error 2)" }

thread 'prop_crash_recovery' panicked at tests/property_tests.rs:126:74:
called `Result::unwrap()` on an `Err` value: DatabaseNotFound { path: "No such file or directory (os error 2)" }

thread 'prop_crash_recovery' panicked at tests/property_tests.rs:126:74:
called `Result::unwrap()` on an `Err` value: DatabaseNotFound { path: "No such file or directory (os error 2)" }

thread 'prop_crash_recovery' panicked at tests/property_tests.rs:126:74:
called `Result::unwrap()` on an `Err` value: DatabaseNotFound { path: "No such file or directory (os error 2)" }

thread 'prop_crash_recovery' panicked at tests/property_tests.rs:126:74:
called `Result::unwrap()` on an `Err` value: DatabaseNotFound { path: "No such file or directory (os error 2)" }

thread 'prop_crash_recovery' panicked at tests/property_tests.rs:126:74:
called `Result::unwrap()` on an `Err` value: DatabaseNotFound { path: "No such file or directory (os error 2)" }

thread 'prop_crash_recovery' panicked at tests/property_tests.rs:126:74:
called `Result::unwrap()` on an `Err` value: DatabaseNotFound { path: "No such file or directory (os error 2)" }

thread 'prop_crash_recovery' panicked at tests/property_tests.rs:126:74:
called `Result::unwrap()` on an `Err` value: DatabaseNotFound { path: "No such file or directory (os error 2)" }

thread 'prop_crash_recovery' panicked at tests/property_tests.rs:126:74:
called `Result::unwrap()` on an `Err` value: DatabaseNotFound { path: "No such file or directory (os error 2)" }

thread 'prop_crash_recovery' panicked at tests/property_tests.rs:126:74:
called `Result::unwrap()` on an `Err` value: DatabaseNotFound { path: "No such file or directory (os error 2)" }

thread 'prop_crash_recovery' panicked at tests/property_tests.rs:126:74:
called `Result::unwrap()` on an `Err` value: DatabaseNotFound { path: "No such file or directory (os error 2)" }

thread 'prop_crash_recovery' panicked at tests/property_tests.rs:126:74:
called `Result::unwrap()` on an `Err` value: DatabaseNotFound { path: "No such file or directory (os error 2)" }

thread 'prop_crash_recovery' panicked at tests/property_tests.rs:126:74:
called `Result::unwrap()` on an `Err` value: DatabaseNotFound { path: "No such file or directory (os error 2)" }

thread 'prop_crash_recovery' panicked at tests/property_tests.rs:126:74:
called `Result::unwrap()` on an `Err` value: DatabaseNotFound { path: "No such file or directory (os error 2)" }

thread 'prop_crash_recovery' panicked at tests/property_tests.rs:126:74:
called `Result::unwrap()` on an `Err` value: DatabaseNotFound { path: "No such file or directory (os error 2)" }

thread 'prop_crash_recovery' panicked at tests/property_tests.rs:126:74:
called `Result::unwrap()` on an `Err` value: DatabaseNotFound { path: "No such file or directory (os error 2)" }

thread 'prop_crash_recovery' panicked at tests/property_tests.rs:126:74:
called `Result::unwrap()` on an `Err` value: DatabaseNotFound { path: "No such file or directory (os error 2)" }

thread 'prop_crash_recovery' panicked at tests/property_tests.rs:126:74:
called `Result::unwrap()` on an `Err` value: DatabaseNotFound { path: "No such file or directory (os error 2)" }

thread 'prop_crash_recovery' panicked at tests/property_tests.rs:126:74:
called `Result::unwrap()` on an `Err` value: DatabaseNotFound { path: "No such file or directory (os error 2)" }

thread 'prop_crash_recovery' panicked at tests/property_tests.rs:126:74:
called `Result::unwrap()` on an `Err` value: DatabaseNotFound { path: "No such file or directory (os error 2)" }

thread 'prop_crash_recovery' panicked at tests/property_tests.rs:126:74:
called `Result::unwrap()` on an `Err` value: DatabaseNotFound { path: "No such file or directory (os error 2)" }

thread 'prop_crash_recovery' panicked at tests/property_tests.rs:126:74:
called `Result::unwrap()` on an `Err` value: DatabaseNotFound { path: "No such file or directory (os error 2)" }

thread 'prop_crash_recovery' panicked at tests/property_tests.rs:126:74:
called `Result::unwrap()` on an `Err` value: DatabaseNotFound { path: "No such file or directory (os error 2)" }

thread 'prop_crash_recovery' panicked at tests/property_tests.rs:126:74:
called `Result::unwrap()` on an `Err` value: DatabaseNotFound { path: "No such file or directory (os error 2)" }

thread 'prop_crash_recovery' panicked at tests/property_tests.rs:126:74:
called `Result::unwrap()` on an `Err` value: DatabaseNotFound { path: "No such file or directory (os error 2)" }

thread 'prop_crash_recovery' panicked at tests/property_tests.rs:126:74:
called `Result::unwrap()` on an `Err` value: DatabaseNotFound { path: "No such file or directory (os error 2)" }

thread 'prop_crash_recovery' panicked at tests/property_tests.rs:126:74:
called `Result::unwrap()` on an `Err` value: DatabaseNotFound { path: "No such file or directory (os error 2)" }

thread 'prop_crash_recovery' panicked at tests/property_tests.rs:126:74:
called `Result::unwrap()` on an `Err` value: DatabaseNotFound { path: "No such file or directory (os error 2)" }

thread 'prop_crash_recovery' panicked at tests/property_tests.rs:126:74:
called `Result::unwrap()` on an `Err` value: DatabaseNotFound { path: "No such file or directory (os error 2)" }

thread 'prop_crash_recovery' panicked at tests/property_tests.rs:126:74:
called `Result::unwrap()` on an `Err` value: DatabaseNotFound { path: "No such file or directory (os error 2)" }

thread 'prop_crash_recovery' panicked at tests/property_tests.rs:126:74:
called `Result::unwrap()` on an `Err` value: DatabaseNotFound { path: "No such file or directory (os error 2)" }

thread 'prop_crash_recovery' panicked at tests/property_tests.rs:126:74:
called `Result::unwrap()` on an `Err` value: DatabaseNotFound { path: "No such file or directory (os error 2)" }

thread 'prop_crash_recovery' panicked at tests/property_tests.rs:126:74:
called `Result::unwrap()` on an `Err` value: DatabaseNotFound { path: "No such file or directory (os error 2)" }

thread 'prop_crash_recovery' panicked at tests/property_tests.rs:126:74:
called `Result::unwrap()` on an `Err` value: DatabaseNotFound { path: "No such file or directory (os error 2)" }

thread 'prop_crash_recovery' panicked at tests/property_tests.rs:126:74:
called `Result::unwrap()` on an `Err` value: DatabaseNotFound { path: "No such file or directory (os error 2)" }

thread 'prop_crash_recovery' panicked at tests/property_tests.rs:126:74:
called `Result::unwrap()` on an `Err` value: DatabaseNotFound { path: "No such file or directory (os error 2)" }

thread 'prop_crash_recovery' panicked at tests/property_tests.rs:126:74:
called `Result::unwrap()` on an `Err` value: DatabaseNotFound { path: "No such file or directory (os error 2)" }

thread 'prop_crash_recovery' panicked at tests/property_tests.rs:126:74:
called `Result::unwrap()` on an `Err` value: DatabaseNotFound { path: "No such file or directory (os error 2)" }

thread 'prop_crash_recovery' panicked at tests/property_tests.rs:126:74:
called `Result::unwrap()` on an `Err` value: DatabaseNotFound { path: "No such file or directory (os error 2)" }

thread 'prop_crash_recovery' panicked at tests/property_tests.rs:126:74:
called `Result::unwrap()` on an `Err` value: DatabaseNotFound { path: "No such file or directory (os error 2)" }

thread 'prop_crash_recovery' panicked at tests/property_tests.rs:126:74:
called `Result::unwrap()` on an `Err` value: DatabaseNotFound { path: "No such file or directory (os error 2)" }

thread 'prop_crash_recovery' panicked at tests/property_tests.rs:126:74:
called `Result::unwrap()` on an `Err` value: DatabaseNotFound { path: "No such file or directory (os error 2)" }

thread 'prop_crash_recovery' panicked at tests/property_tests.rs:126:74:
called `Result::unwrap()` on an `Err` value: DatabaseNotFound { path: "No such file or directory (os error 2)" }

thread 'prop_crash_recovery' panicked at tests/property_tests.rs:126:74:
called `Result::unwrap()` on an `Err` value: DatabaseNotFound { path: "No such file or directory (os error 2)" }

thread 'prop_crash_recovery' panicked at tests/property_tests.rs:126:74:
called `Result::unwrap()` on an `Err` value: DatabaseNotFound { path: "No such file or directory (os error 2)" }

thread 'prop_crash_recovery' panicked at tests/property_tests.rs:126:74:
called `Result::unwrap()` on an `Err` value: DatabaseNotFound { path: "No such file or directory (os error 2)" }

thread 'prop_crash_recovery' panicked at tests/property_tests.rs:126:74:
called `Result::unwrap()` on an `Err` value: DatabaseNotFound { path: "No such file or directory (os error 2)" }

thread 'prop_crash_recovery' panicked at tests/property_tests.rs:126:74:
called `Result::unwrap()` on an `Err` value: DatabaseNotFound { path: "No such file or directory (os error 2)" }

thread 'prop_crash_recovery' panicked at tests/property_tests.rs:126:74:
called `Result::unwrap()` on an `Err` value: DatabaseNotFound { path: "No such file or directory (os error 2)" }

thread 'prop_crash_recovery' panicked at tests/property_tests.rs:126:74:
called `Result::unwrap()` on an `Err` value: DatabaseNotFound { path: "No such file or directory (os error 2)" }

thread 'prop_crash_recovery' panicked at tests/property_tests.rs:126:74:
called `Result::unwrap()` on an `Err` value: DatabaseNotFound { path: "No such file or directory (os error 2)" }

thread 'prop_crash_recovery' panicked at tests/property_tests.rs:126:74:
called `Result::unwrap()` on an `Err` value: DatabaseNotFound { path: "No such file or directory (os error 2)" }

thread 'prop_crash_recovery' panicked at tests/property_tests.rs:126:74:
called `Result::unwrap()` on an `Err` value: DatabaseNotFound { path: "No such file or directory (os error 2)" }

thread 'prop_crash_recovery' panicked at tests/property_tests.rs:126:74:
called `Result::unwrap()` on an `Err` value: DatabaseNotFound { path: "No such file or directory (os error 2)" }

thread 'prop_crash_recovery' panicked at tests/property_tests.rs:126:74:
called `Result::unwrap()` on an `Err` value: DatabaseNotFound { path: "No such file or directory (os error 2)" }

thread 'prop_crash_recovery' panicked at tests/property_tests.rs:126:74:
called `Result::unwrap()` on an `Err` value: DatabaseNotFound { path: "No such file or directory (os error 2)" }

thread 'prop_crash_recovery' panicked at tests/property_tests.rs:126:74:
called `Result::unwrap()` on an `Err` value: DatabaseNotFound { path: "No such file or directory (os error 2)" }

thread 'prop_crash_recovery' panicked at tests/property_tests.rs:126:74:
called `Result::unwrap()` on an `Err` value: DatabaseNotFound { path: "No such file or directory (os error 2)" }

thread 'prop_crash_recovery' panicked at tests/property_tests.rs:126:74:
called `Result::unwrap()` on an `Err` value: DatabaseNotFound { path: "No such file or directory (os error 2)" }

thread 'prop_crash_recovery' panicked at tests/property_tests.rs:126:74:
called `Result::unwrap()` on an `Err` value: DatabaseNotFound { path: "No such file or directory (os error 2)" }

thread 'prop_crash_recovery' panicked at tests/property_tests.rs:126:74:
called `Result::unwrap()` on an `Err` value: DatabaseNotFound { path: "No such file or directory (os error 2)" }

thread 'prop_crash_recovery' panicked at tests/property_tests.rs:126:74:
called `Result::unwrap()` on an `Err` value: DatabaseNotFound { path: "No such file or directory (os error 2)" }

thread 'prop_crash_recovery' panicked at tests/property_tests.rs:126:74:
called `Result::unwrap()` on an `Err` value: DatabaseNotFound { path: "No such file or directory (os error 2)" }

thread 'prop_crash_recovery' panicked at tests/property_tests.rs:126:74:
called `Result::unwrap()` on an `Err` value: DatabaseNotFound { path: "No such file or directory (os error 2)" }

thread 'prop_crash_recovery' panicked at tests/property_tests.rs:126:74:
called `Result::unwrap()` on an `Err` value: DatabaseNotFound { path: "No such file or directory (os error 2)" }

thread 'prop_crash_recovery' panicked at tests/property_tests.rs:126:74:
called `Result::unwrap()` on an `Err` value: DatabaseNotFound { path: "No such file or directory (os error 2)" }

thread 'prop_crash_recovery' panicked at tests/property_tests.rs:126:74:
called `Result::unwrap()` on an `Err` value: DatabaseNotFound { path: "No such file or directory (os error 2)" }

thread 'prop_crash_recovery' panicked at tests/property_tests.rs:126:74:
called `Result::unwrap()` on an `Err` value: DatabaseNotFound { path: "No such file or directory (os error 2)" }

thread 'prop_crash_recovery' panicked at tests/property_tests.rs:126:74:
called `Result::unwrap()` on an `Err` value: DatabaseNotFound { path: "No such file or directory (os error 2)" }

thread 'prop_crash_recovery' panicked at tests/property_tests.rs:126:74:
called `Result::unwrap()` on an `Err` value: DatabaseNotFound { path: "No such file or directory (os error 2)" }

thread 'prop_crash_recovery' panicked at tests/property_tests.rs:126:74:
called `Result::unwrap()` on an `Err` value: DatabaseNotFound { path: "No such file or directory (os error 2)" }

thread 'prop_crash_recovery' panicked at tests/property_tests.rs:126:74:
called `Result::unwrap()` on an `Err` value: DatabaseNotFound { path: "No such file or directory (os error 2)" }

thread 'prop_crash_recovery' panicked at tests/property_tests.rs:126:74:
called `Result::unwrap()` on an `Err` value: DatabaseNotFound { path: "No such file or directory (os error 2)" }

thread 'prop_crash_recovery' panicked at tests/property_tests.rs:126:74:
called `Result::unwrap()` on an `Err` value: DatabaseNotFound { path: "No such file or directory (os error 2)" }

thread 'prop_crash_recovery' panicked at tests/property_tests.rs:126:74:
called `Result::unwrap()` on an `Err` value: DatabaseNotFound { path: "No such file or directory (os error 2)" }

thread 'prop_crash_recovery' panicked at tests/property_tests.rs:126:74:
called `Result::unwrap()` on an `Err` value: DatabaseNotFound { path: "No such file or directory (os error 2)" }

thread 'prop_crash_recovery' panicked at tests/property_tests.rs:126:74:
called `Result::unwrap()` on an `Err` value: DatabaseNotFound { path: "No such file or directory (os error 2)" }

thread 'prop_crash_recovery' panicked at tests/property_tests.rs:126:74:
called `Result::unwrap()` on an `Err` value: DatabaseNotFound { path: "No such file or directory (os error 2)" }

thread 'prop_crash_recovery' panicked at tests/property_tests.rs:126:74:
called `Result::unwrap()` on an `Err` value: DatabaseNotFound { path: "No such file or directory (os error 2)" }

thread 'prop_crash_recovery' panicked at tests/property_tests.rs:126:74:
called `Result::unwrap()` on an `Err` value: DatabaseNotFound { path: "No such file or directory (os error 2)" }

thread 'prop_crash_recovery' panicked at tests/property_tests.rs:126:74:
called `Result::unwrap()` on an `Err` value: DatabaseNotFound { path: "No such file or directory (os error 2)" }

thread 'prop_crash_recovery' panicked at tests/property_tests.rs:126:74:
called `Result::unwrap()` on an `Err` value: DatabaseNotFound { path: "No such file or directory (os error 2)" }

thread 'prop_crash_recovery' panicked at tests/property_tests.rs:126:74:
called `Result::unwrap()` on an `Err` value: DatabaseNotFound { path: "No such file or directory (os error 2)" }

thread 'prop_crash_recovery' panicked at tests/property_tests.rs:126:74:
called `Result::unwrap()` on an `Err` value: DatabaseNotFound { path: "No such file or directory (os error 2)" }

thread 'prop_crash_recovery' panicked at tests/property_tests.rs:126:74:
called `Result::unwrap()` on an `Err` value: DatabaseNotFound { path: "No such file or directory (os error 2)" }

thread 'prop_crash_recovery' panicked at tests/property_tests.rs:126:74:
called `Result::unwrap()` on an `Err` value: DatabaseNotFound { path: "No such file or directory (os error 2)" }

thread 'prop_crash_recovery' panicked at tests/property_tests.rs:126:74:
called `Result::unwrap()` on an `Err` value: DatabaseNotFound { path: "No such file or directory (os error 2)" }

thread 'prop_crash_recovery' panicked at tests/property_tests.rs:126:74:
called `Result::unwrap()` on an `Err` value: DatabaseNotFound { path: "No such file or directory (os error 2)" }

thread 'prop_crash_recovery' panicked at tests/property_tests.rs:126:74:
called `Result::unwrap()` on an `Err` value: DatabaseNotFound { path: "No such file or directory (os error 2)" }

thread 'prop_crash_recovery' panicked at tests/property_tests.rs:126:74:
called `Result::unwrap()` on an `Err` value: DatabaseNotFound { path: "No such file or directory (os error 2)" }

thread 'prop_crash_recovery' panicked at tests/property_tests.rs:126:74:
called `Result::unwrap()` on an `Err` value: DatabaseNotFound { path: "No such file or directory (os error 2)" }

thread 'prop_crash_recovery' panicked at tests/property_tests.rs:126:74:
called `Result::unwrap()` on an `Err` value: DatabaseNotFound { path: "No such file or directory (os error 2)" }

thread 'prop_crash_recovery' panicked at tests/property_tests.rs:126:74:
called `Result::unwrap()` on an `Err` value: DatabaseNotFound { path: "No such file or directory (os error 2)" }

thread 'prop_crash_recovery' panicked at tests/property_tests.rs:126:74:
called `Result::unwrap()` on an `Err` value: DatabaseNotFound { path: "No such file or directory (os error 2)" }

thread 'prop_crash_recovery' panicked at tests/property_tests.rs:126:74:
called `Result::unwrap()` on an `Err` value: DatabaseNotFound { path: "No such file or directory (os error 2)" }

thread 'prop_crash_recovery' panicked at tests/property_tests.rs:126:74:
called `Result::unwrap()` on an `Err` value: DatabaseNotFound { path: "No such file or directory (os error 2)" }

thread 'prop_crash_recovery' panicked at tests/property_tests.rs:126:74:
called `Result::unwrap()` on an `Err` value: DatabaseNotFound { path: "No such file or directory (os error 2)" }

thread 'prop_crash_recovery' panicked at tests/property_tests.rs:126:74:
called `Result::unwrap()` on an `Err` value: DatabaseNotFound { path: "No such file or directory (os error 2)" }

thread 'prop_crash_recovery' panicked at tests/property_tests.rs:126:74:
called `Result::unwrap()` on an `Err` value: DatabaseNotFound { path: "No such file or directory (os error 2)" }

thread 'prop_crash_recovery' panicked at tests/property_tests.rs:126:74:
called `Result::unwrap()` on an `Err` value: DatabaseNotFound { path: "No such file or directory (os error 2)" }

thread 'prop_crash_recovery' panicked at tests/property_tests.rs:126:74:
called `Result::unwrap()` on an `Err` value: DatabaseNotFound { path: "No such file or directory (os error 2)" }

thread 'prop_crash_recovery' panicked at tests/property_tests.rs:126:74:
called `Result::unwrap()` on an `Err` value: DatabaseNotFound { path: "No such file or directory (os error 2)" }

thread 'prop_crash_recovery' panicked at tests/property_tests.rs:126:74:
called `Result::unwrap()` on an `Err` value: DatabaseNotFound { path: "No such file or directory (os error 2)" }

thread 'prop_crash_recovery' panicked at tests/property_tests.rs:126:74:
called `Result::unwrap()` on an `Err` value: DatabaseNotFound { path: "No such file or directory (os error 2)" }

thread 'prop_crash_recovery' panicked at tests/property_tests.rs:126:74:
called `Result::unwrap()` on an `Err` value: DatabaseNotFound { path: "No such file or directory (os error 2)" }

thread 'prop_crash_recovery' panicked at tests/property_tests.rs:126:74:
called `Result::unwrap()` on an `Err` value: DatabaseNotFound { path: "No such file or directory (os error 2)" }

thread 'prop_crash_recovery' panicked at tests/property_tests.rs:126:74:
called `Result::unwrap()` on an `Err` value: DatabaseNotFound { path: "No such file or directory (os error 2)" }

thread 'prop_crash_recovery' panicked at tests/property_tests.rs:126:74:
called `Result::unwrap()` on an `Err` value: DatabaseNotFound { path: "No such file or directory (os error 2)" }

thread 'prop_crash_recovery' panicked at tests/property_tests.rs:126:74:
called `Result::unwrap()` on an `Err` value: DatabaseNotFound { path: "No such file or directory (os error 2)" }

thread 'prop_crash_recovery' panicked at tests/property_tests.rs:126:74:
called `Result::unwrap()` on an `Err` value: DatabaseNotFound { path: "No such file or directory (os error 2)" }

thread 'prop_crash_recovery' panicked at tests/property_tests.rs:126:74:
called `Result::unwrap()` on an `Err` value: DatabaseNotFound { path: "No such file or directory (os error 2)" }

thread 'prop_crash_recovery' panicked at tests/property_tests.rs:126:74:
called `Result::unwrap()` on an `Err` value: DatabaseNotFound { path: "No such file or directory (os error 2)" }

thread 'prop_crash_recovery' panicked at tests/property_tests.rs:126:74:
called `Result::unwrap()` on an `Err` value: DatabaseNotFound { path: "No such file or directory (os error 2)" }

thread 'prop_crash_recovery' panicked at tests/property_tests.rs:126:74:
called `Result::unwrap()` on an `Err` value: DatabaseNotFound { path: "No such file or directory (os error 2)" }

thread 'prop_crash_recovery' panicked at tests/property_tests.rs:126:74:
called `Result::unwrap()` on an `Err` value: DatabaseNotFound { path: "No such file or directory (os error 2)" }

thread 'prop_crash_recovery' panicked at tests/property_tests.rs:126:74:
called `Result::unwrap()` on an `Err` value: DatabaseNotFound { path: "No such file or directory (os error 2)" }

thread 'prop_crash_recovery' panicked at tests/property_tests.rs:126:74:
called `Result::unwrap()` on an `Err` value: DatabaseNotFound { path: "No such file or directory (os error 2)" }

thread 'prop_crash_recovery' panicked at tests/property_tests.rs:126:74:
called `Result::unwrap()` on an `Err` value: DatabaseNotFound { path: "No such file or directory (os error 2)" }

thread 'prop_crash_recovery' panicked at tests/property_tests.rs:126:74:
called `Result::unwrap()` on an `Err` value: DatabaseNotFound { path: "No such file or directory (os error 2)" }

thread 'prop_crash_recovery' panicked at tests/property_tests.rs:126:74:
called `Result::unwrap()` on an `Err` value: DatabaseNotFound { path: "No such file or directory (os error 2)" }

thread 'prop_crash_recovery' panicked at tests/property_tests.rs:126:74:
called `Result::unwrap()` on an `Err` value: DatabaseNotFound { path: "No such file or directory (os error 2)" }

thread 'prop_crash_recovery' panicked at tests/property_tests.rs:126:74:
called `Result::unwrap()` on an `Err` value: DatabaseNotFound { path: "No such file or directory (os error 2)" }

thread 'prop_crash_recovery' panicked at tests/property_tests.rs:126:74:
called `Result::unwrap()` on an `Err` value: DatabaseNotFound { path: "No such file or directory (os error 2)" }

thread 'prop_crash_recovery' panicked at tests/property_tests.rs:126:74:
called `Result::unwrap()` on an `Err` value: DatabaseNotFound { path: "No such file or directory (os error 2)" }

thread 'prop_crash_recovery' panicked at tests/property_tests.rs:126:74:
called `Result::unwrap()` on an `Err` value: DatabaseNotFound { path: "No such file or directory (os error 2)" }

thread 'prop_crash_recovery' panicked at tests/property_tests.rs:126:74:
called `Result::unwrap()` on an `Err` value: DatabaseNotFound { path: "No such file or directory (os error 2)" }

thread 'prop_crash_recovery' panicked at tests/property_tests.rs:126:74:
called `Result::unwrap()` on an `Err` value: DatabaseNotFound { path: "No such file or directory (os error 2)" }

thread 'prop_crash_recovery' panicked at tests/property_tests.rs:126:74:
called `Result::unwrap()` on an `Err` value: DatabaseNotFound { path: "No such file or directory (os error 2)" }

thread 'prop_crash_recovery' panicked at tests/property_tests.rs:126:74:
called `Result::unwrap()` on an `Err` value: DatabaseNotFound { path: "No such file or directory (os error 2)" }

thread 'prop_crash_recovery' panicked at tests/property_tests.rs:126:74:
called `Result::unwrap()` on an `Err` value: DatabaseNotFound { path: "No such file or directory (os error 2)" }

thread 'prop_crash_recovery' panicked at tests/property_tests.rs:126:74:
called `Result::unwrap()` on an `Err` value: DatabaseNotFound { path: "No such file or directory (os error 2)" }

thread 'prop_crash_recovery' panicked at tests/property_tests.rs:126:74:
called `Result::unwrap()` on an `Err` value: DatabaseNotFound { path: "No such file or directory (os error 2)" }

thread 'prop_crash_recovery' panicked at tests/property_tests.rs:126:74:
called `Result::unwrap()` on an `Err` value: DatabaseNotFound { path: "No such file or directory (os error 2)" }

thread 'prop_crash_recovery' panicked at tests/property_tests.rs:126:74:
called `Result::unwrap()` on an `Err` value: DatabaseNotFound { path: "No such file or directory (os error 2)" }

thread 'prop_crash_recovery' panicked at tests/property_tests.rs:126:74:
called `Result::unwrap()` on an `Err` value: DatabaseNotFound { path: "No such file or directory (os error 2)" }

thread 'prop_crash_recovery' panicked at tests/property_tests.rs:126:74:
called `Result::unwrap()` on an `Err` value: DatabaseNotFound { path: "No such file or directory (os error 2)" }

thread 'prop_crash_recovery' panicked at tests/property_tests.rs:126:74:
called `Result::unwrap()` on an `Err` value: DatabaseNotFound { path: "No such file or directory (os error 2)" }

thread 'prop_crash_recovery' panicked at tests/property_tests.rs:126:74:
called `Result::unwrap()` on an `Err` value: DatabaseNotFound { path: "No such file or directory (os error 2)" }

thread 'prop_crash_recovery' panicked at tests/property_tests.rs:126:74:
called `Result::unwrap()` on an `Err` value: DatabaseNotFound { path: "No such file or directory (os error 2)" }

thread 'prop_crash_recovery' panicked at tests/property_tests.rs:126:74:
called `Result::unwrap()` on an `Err` value: DatabaseNotFound { path: "No such file or directory (os error 2)" }

thread 'prop_crash_recovery' panicked at tests/property_tests.rs:126:74:
called `Result::unwrap()` on an `Err` value: DatabaseNotFound { path: "No such file or directory (os error 2)" }

thread 'prop_crash_recovery' panicked at tests/property_tests.rs:126:74:
called `Result::unwrap()` on an `Err` value: DatabaseNotFound { path: "No such file or directory (os error 2)" }

thread 'prop_crash_recovery' panicked at tests/property_tests.rs:126:74:
called `Result::unwrap()` on an `Err` value: DatabaseNotFound { path: "No such file or directory (os error 2)" }

thread 'prop_crash_recovery' panicked at tests/property_tests.rs:126:74:
called `Result::unwrap()` on an `Err` value: DatabaseNotFound { path: "No such file or directory (os error 2)" }

thread 'prop_crash_recovery' panicked at tests/property_tests.rs:126:74:
called `Result::unwrap()` on an `Err` value: DatabaseNotFound { path: "No such file or directory (os error 2)" }

thread 'prop_crash_recovery' panicked at tests/property_tests.rs:126:74:
called `Result::unwrap()` on an `Err` value: DatabaseNotFound { path: "No such file or directory (os error 2)" }

thread 'prop_crash_recovery' panicked at tests/property_tests.rs:126:74:
called `Result::unwrap()` on an `Err` value: DatabaseNotFound { path: "No such file or directory (os error 2)" }

thread 'prop_crash_recovery' panicked at tests/property_tests.rs:126:74:
called `Result::unwrap()` on an `Err` value: DatabaseNotFound { path: "No such file or directory (os error 2)" }

thread 'prop_crash_recovery' panicked at tests/property_tests.rs:126:74:
called `Result::unwrap()` on an `Err` value: DatabaseNotFound { path: "No such file or directory (os error 2)" }

thread 'prop_crash_recovery' panicked at tests/property_tests.rs:126:74:
called `Result::unwrap()` on an `Err` value: DatabaseNotFound { path: "No such file or directory (os error 2)" }

thread 'prop_crash_recovery' panicked at tests/property_tests.rs:126:74:
called `Result::unwrap()` on an `Err` value: DatabaseNotFound { path: "No such file or directory (os error 2)" }

thread 'prop_crash_recovery' panicked at tests/property_tests.rs:126:74:
called `Result::unwrap()` on an `Err` value: DatabaseNotFound { path: "No such file or directory (os error 2)" }

thread 'prop_crash_recovery' panicked at tests/property_tests.rs:126:74:
called `Result::unwrap()` on an `Err` value: DatabaseNotFound { path: "No such file or directory (os error 2)" }

thread 'prop_crash_recovery' panicked at tests/property_tests.rs:126:74:
called `Result::unwrap()` on an `Err` value: DatabaseNotFound { path: "No such file or directory (os error 2)" }

thread 'prop_crash_recovery' panicked at tests/property_tests.rs:126:74:
called `Result::unwrap()` on an `Err` value: DatabaseNotFound { path: "No such file or directory (os error 2)" }

thread 'prop_crash_recovery' panicked at tests/property_tests.rs:126:74:
called `Result::unwrap()` on an `Err` value: DatabaseNotFound { path: "No such file or directory (os error 2)" }

thread 'prop_crash_recovery' panicked at tests/property_tests.rs:126:74:
called `Result::unwrap()` on an `Err` value: DatabaseNotFound { path: "No such file or directory (os error 2)" }

thread 'prop_crash_recovery' panicked at tests/property_tests.rs:126:74:
called `Result::unwrap()` on an `Err` value: DatabaseNotFound { path: "No such file or directory (os error 2)" }

thread 'prop_crash_recovery' panicked at tests/property_tests.rs:126:74:
called `Result::unwrap()` on an `Err` value: DatabaseNotFound { path: "No such file or directory (os error 2)" }

thread 'prop_crash_recovery' panicked at tests/property_tests.rs:126:74:
called `Result::unwrap()` on an `Err` value: DatabaseNotFound { path: "No such file or directory (os error 2)" }

thread 'prop_crash_recovery' panicked at tests/property_tests.rs:126:74:
called `Result::unwrap()` on an `Err` value: DatabaseNotFound { path: "No such file or directory (os error 2)" }

thread 'prop_crash_recovery' panicked at tests/property_tests.rs:126:74:
called `Result::unwrap()` on an `Err` value: DatabaseNotFound { path: "No such file or directory (os error 2)" }

thread 'prop_crash_recovery' panicked at tests/property_tests.rs:126:74:
called `Result::unwrap()` on an `Err` value: DatabaseNotFound { path: "No such file or directory (os error 2)" }

thread 'prop_crash_recovery' panicked at tests/property_tests.rs:126:74:
called `Result::unwrap()` on an `Err` value: DatabaseNotFound { path: "No such file or directory (os error 2)" }

thread 'prop_crash_recovery' panicked at tests/property_tests.rs:126:74:
called `Result::unwrap()` on an `Err` value: DatabaseNotFound { path: "No such file or directory (os error 2)" }

thread 'prop_crash_recovery' panicked at tests/property_tests.rs:126:74:
called `Result::unwrap()` on an `Err` value: DatabaseNotFound { path: "No such file or directory (os error 2)" }

thread 'prop_crash_recovery' panicked at tests/property_tests.rs:126:74:
called `Result::unwrap()` on an `Err` value: DatabaseNotFound { path: "No such file or directory (os error 2)" }

thread 'prop_crash_recovery' panicked at tests/property_tests.rs:126:74:
called `Result::unwrap()` on an `Err` value: DatabaseNotFound { path: "No such file or directory (os error 2)" }

thread 'prop_crash_recovery' panicked at tests/property_tests.rs:126:74:
called `Result::unwrap()` on an `Err` value: DatabaseNotFound { path: "No such file or directory (os error 2)" }

thread 'prop_crash_recovery' panicked at tests/property_tests.rs:126:74:
called `Result::unwrap()` on an `Err` value: DatabaseNotFound { path: "No such file or directory (os error 2)" }

thread 'prop_crash_recovery' panicked at tests/property_tests.rs:126:74:
called `Result::unwrap()` on an `Err` value: DatabaseNotFound { path: "No such file or directory (os error 2)" }

thread 'prop_crash_recovery' panicked at tests/property_tests.rs:126:74:
called `Result::unwrap()` on an `Err` value: DatabaseNotFound { path: "No such file or directory (os error 2)" }

thread 'prop_crash_recovery' panicked at tests/property_tests.rs:126:74:
called `Result::unwrap()` on an `Err` value: DatabaseNotFound { path: "No such file or directory (os error 2)" }

thread 'prop_crash_recovery' panicked at tests/property_tests.rs:126:74:
called `Result::unwrap()` on an `Err` value: DatabaseNotFound { path: "No such file or directory (os error 2)" }

thread 'prop_crash_recovery' panicked at tests/property_tests.rs:126:74:
called `Result::unwrap()` on an `Err` value: DatabaseNotFound { path: "No such file or directory (os error 2)" }

thread 'prop_crash_recovery' panicked at tests/property_tests.rs:126:74:
called `Result::unwrap()` on an `Err` value: DatabaseNotFound { path: "No such file or directory (os error 2)" }

thread 'prop_crash_recovery' panicked at tests/property_tests.rs:126:74:
called `Result::unwrap()` on an `Err` value: DatabaseNotFound { path: "No such file or directory (os error 2)" }

thread 'prop_crash_recovery' panicked at tests/property_tests.rs:126:74:
called `Result::unwrap()` on an `Err` value: DatabaseNotFound { path: "No such file or directory (os error 2)" }

thread 'prop_crash_recovery' panicked at tests/property_tests.rs:126:74:
called `Result::unwrap()` on an `Err` value: DatabaseNotFound { path: "No such file or directory (os error 2)" }

thread 'prop_crash_recovery' panicked at tests/property_tests.rs:126:74:
called `Result::unwrap()` on an `Err` value: DatabaseNotFound { path: "No such file or directory (os error 2)" }

thread 'prop_crash_recovery' panicked at tests/property_tests.rs:126:74:
called `Result::unwrap()` on an `Err` value: DatabaseNotFound { path: "No such file or directory (os error 2)" }

thread 'prop_crash_recovery' panicked at tests/property_tests.rs:126:74:
called `Result::unwrap()` on an `Err` value: DatabaseNotFound { path: "No such file or directory (os error 2)" }

thread 'prop_crash_recovery' panicked at tests/property_tests.rs:126:74:
called `Result::unwrap()` on an `Err` value: DatabaseNotFound { path: "No such file or directory (os error 2)" }

thread 'prop_crash_recovery' panicked at tests/property_tests.rs:126:74:
called `Result::unwrap()` on an `Err` value: DatabaseNotFound { path: "No such file or directory (os error 2)" }

thread 'prop_crash_recovery' panicked at tests/property_tests.rs:126:74:
called `Result::unwrap()` on an `Err` value: DatabaseNotFound { path: "No such file or directory (os error 2)" }

thread 'prop_crash_recovery' panicked at tests/property_tests.rs:126:74:
called `Result::unwrap()` on an `Err` value: DatabaseNotFound { path: "No such file or directory (os error 2)" }

thread 'prop_crash_recovery' panicked at tests/property_tests.rs:126:74:
called `Result::unwrap()` on an `Err` value: DatabaseNotFound { path: "No such file or directory (os error 2)" }

thread 'prop_crash_recovery' panicked at tests/property_tests.rs:126:74:
called `Result::unwrap()` on an `Err` value: DatabaseNotFound { path: "No such file or directory (os error 2)" }

thread 'prop_crash_recovery' panicked at tests/property_tests.rs:126:74:
called `Result::unwrap()` on an `Err` value: DatabaseNotFound { path: "No such file or directory (os error 2)" }

thread 'prop_crash_recovery' panicked at tests/property_tests.rs:126:74:
called `Result::unwrap()` on an `Err` value: DatabaseNotFound { path: "No such file or directory (os error 2)" }

thread 'prop_crash_recovery' panicked at tests/property_tests.rs:126:74:
called `Result::unwrap()` on an `Err` value: DatabaseNotFound { path: "No such file or directory (os error 2)" }

thread 'prop_crash_recovery' panicked at tests/property_tests.rs:126:74:
called `Result::unwrap()` on an `Err` value: DatabaseNotFound { path: "No such file or directory (os error 2)" }

thread 'prop_crash_recovery' panicked at tests/property_tests.rs:126:74:
called `Result::unwrap()` on an `Err` value: DatabaseNotFound { path: "No such file or directory (os error 2)" }

thread 'prop_crash_recovery' panicked at tests/property_tests.rs:126:74:
called `Result::unwrap()` on an `Err` value: DatabaseNotFound { path: "No such file or directory (os error 2)" }

thread 'prop_crash_recovery' panicked at tests/property_tests.rs:126:74:
called `Result::unwrap()` on an `Err` value: DatabaseNotFound { path: "No such file or directory (os error 2)" }

thread 'prop_crash_recovery' panicked at tests/property_tests.rs:126:74:
called `Result::unwrap()` on an `Err` value: DatabaseNotFound { path: "No such file or directory (os error 2)" }

thread 'prop_crash_recovery' panicked at tests/property_tests.rs:126:74:
called `Result::unwrap()` on an `Err` value: DatabaseNotFound { path: "No such file or directory (os error 2)" }

thread 'prop_crash_recovery' panicked at tests/property_tests.rs:126:74:
called `Result::unwrap()` on an `Err` value: DatabaseNotFound { path: "No such file or directory (os error 2)" }

thread 'prop_crash_recovery' panicked at tests/property_tests.rs:126:74:
called `Result::unwrap()` on an `Err` value: DatabaseNotFound { path: "No such file or directory (os error 2)" }

thread 'prop_crash_recovery' panicked at tests/property_tests.rs:126:74:
called `Result::unwrap()` on an `Err` value: DatabaseNotFound { path: "No such file or directory (os error 2)" }

thread 'prop_crash_recovery' panicked at tests/property_tests.rs:126:74:
called `Result::unwrap()` on an `Err` value: DatabaseNotFound { path: "No such file or directory (os error 2)" }

thread 'prop_crash_recovery' panicked at tests/property_tests.rs:126:74:
called `Result::unwrap()` on an `Err` value: DatabaseNotFound { path: "No such file or directory (os error 2)" }

thread 'prop_crash_recovery' panicked at tests/property_tests.rs:126:74:
called `Result::unwrap()` on an `Err` value: DatabaseNotFound { path: "No such file or directory (os error 2)" }

thread 'prop_crash_recovery' panicked at tests/property_tests.rs:126:74:
called `Result::unwrap()` on an `Err` value: DatabaseNotFound { path: "No such file or directory (os error 2)" }

thread 'prop_crash_recovery' panicked at tests/property_tests.rs:126:74:
called `Result::unwrap()` on an `Err` value: DatabaseNotFound { path: "No such file or directory (os error 2)" }

thread 'prop_crash_recovery' panicked at tests/property_tests.rs:126:74:
called `Result::unwrap()` on an `Err` value: DatabaseNotFound { path: "No such file or directory (os error 2)" }

thread 'prop_crash_recovery' panicked at tests/property_tests.rs:126:74:
called `Result::unwrap()` on an `Err` value: DatabaseNotFound { path: "No such file or directory (os error 2)" }

thread 'prop_crash_recovery' panicked at tests/property_tests.rs:126:74:
called `Result::unwrap()` on an `Err` value: DatabaseNotFound { path: "No such file or directory (os error 2)" }

thread 'prop_crash_recovery' panicked at tests/property_tests.rs:126:74:
called `Result::unwrap()` on an `Err` value: DatabaseNotFound { path: "No such file or directory (os error 2)" }

thread 'prop_crash_recovery' panicked at tests/property_tests.rs:126:74:
called `Result::unwrap()` on an `Err` value: DatabaseNotFound { path: "No such file or directory (os error 2)" }

thread 'prop_crash_recovery' panicked at tests/property_tests.rs:126:74:
called `Result::unwrap()` on an `Err` value: DatabaseNotFound { path: "No such file or directory (os error 2)" }

thread 'prop_crash_recovery' panicked at tests/property_tests.rs:126:74:
called `Result::unwrap()` on an `Err` value: DatabaseNotFound { path: "No such file or directory (os error 2)" }

thread 'prop_crash_recovery' panicked at tests/property_tests.rs:126:74:
called `Result::unwrap()` on an `Err` value: DatabaseNotFound { path: "No such file or directory (os error 2)" }

thread 'prop_crash_recovery' panicked at tests/property_tests.rs:126:74:
called `Result::unwrap()` on an `Err` value: DatabaseNotFound { path: "No such file or directory (os error 2)" }

thread 'prop_crash_recovery' panicked at tests/property_tests.rs:126:74:
called `Result::unwrap()` on an `Err` value: DatabaseNotFound { path: "No such file or directory (os error 2)" }

thread 'prop_crash_recovery' panicked at tests/property_tests.rs:126:74:
called `Result::unwrap()` on an `Err` value: DatabaseNotFound { path: "No such file or directory (os error 2)" }

thread 'prop_crash_recovery' panicked at tests/property_tests.rs:126:74:
called `Result::unwrap()` on an `Err` value: DatabaseNotFound { path: "No such file or directory (os error 2)" }

thread 'prop_crash_recovery' panicked at tests/property_tests.rs:126:74:
called `Result::unwrap()` on an `Err` value: DatabaseNotFound { path: "No such file or directory (os error 2)" }

thread 'prop_crash_recovery' panicked at tests/property_tests.rs:126:74:
called `Result::unwrap()` on an `Err` value: DatabaseNotFound { path: "No such file or directory (os error 2)" }

thread 'prop_crash_recovery' panicked at tests/property_tests.rs:126:74:
called `Result::unwrap()` on an `Err` value: DatabaseNotFound { path: "No such file or directory (os error 2)" }

thread 'prop_crash_recovery' panicked at tests/property_tests.rs:126:74:
called `Result::unwrap()` on an `Err` value: DatabaseNotFound { path: "No such file or directory (os error 2)" }

thread 'prop_crash_recovery' panicked at tests/property_tests.rs:126:74:
called `Result::unwrap()` on an `Err` value: DatabaseNotFound { path: "No such file or directory (os error 2)" }

thread 'prop_crash_recovery' panicked at tests/property_tests.rs:126:74:
called `Result::unwrap()` on an `Err` value: DatabaseNotFound { path: "No such file or directory (os error 2)" }

thread 'prop_crash_recovery' panicked at tests/property_tests.rs:126:74:
called `Result::unwrap()` on an `Err` value: DatabaseNotFound { path: "No such file or directory (os error 2)" }

thread 'prop_crash_recovery' panicked at tests/property_tests.rs:126:74:
called `Result::unwrap()` on an `Err` value: DatabaseNotFound { path: "No such file or directory (os error 2)" }

thread 'prop_crash_recovery' panicked at tests/property_tests.rs:126:74:
called `Result::unwrap()` on an `Err` value: DatabaseNotFound { path: "No such file or directory (os error 2)" }

thread 'prop_crash_recovery' panicked at tests/property_tests.rs:126:74:
called `Result::unwrap()` on an `Err` value: DatabaseNotFound { path: "No such file or directory (os error 2)" }

thread 'prop_crash_recovery' panicked at tests/property_tests.rs:126:74:
called `Result::unwrap()` on an `Err` value: DatabaseNotFound { path: "No such file or directory (os error 2)" }

thread 'prop_crash_recovery' panicked at tests/property_tests.rs:126:74:
called `Result::unwrap()` on an `Err` value: DatabaseNotFound { path: "No such file or directory (os error 2)" }

thread 'prop_crash_recovery' panicked at tests/property_tests.rs:126:74:
called `Result::unwrap()` on an `Err` value: DatabaseNotFound { path: "No such file or directory (os error 2)" }

thread 'prop_crash_recovery' panicked at tests/property_tests.rs:126:74:
called `Result::unwrap()` on an `Err` value: DatabaseNotFound { path: "No such file or directory (os error 2)" }

thread 'prop_crash_recovery' panicked at tests/property_tests.rs:126:74:
called `Result::unwrap()` on an `Err` value: DatabaseNotFound { path: "No such file or directory (os error 2)" }

thread 'prop_crash_recovery' panicked at tests/property_tests.rs:126:74:
called `Result::unwrap()` on an `Err` value: DatabaseNotFound { path: "No such file or directory (os error 2)" }

thread 'prop_crash_recovery' panicked at tests/property_tests.rs:126:74:
called `Result::unwrap()` on an `Err` value: DatabaseNotFound { path: "No such file or directory (os error 2)" }

thread 'prop_crash_recovery' panicked at tests/property_tests.rs:126:74:
called `Result::unwrap()` on an `Err` value: DatabaseNotFound { path: "No such file or directory (os error 2)" }

thread 'prop_crash_recovery' panicked at tests/property_tests.rs:126:74:
called `Result::unwrap()` on an `Err` value: DatabaseNotFound { path: "No such file or directory (os error 2)" }

thread 'prop_crash_recovery' panicked at tests/property_tests.rs:126:74:
called `Result::unwrap()` on an `Err` value: DatabaseNotFound { path: "No such file or directory (os error 2)" }

thread 'prop_crash_recovery' panicked at tests/property_tests.rs:126:74:
called `Result::unwrap()` on an `Err` value: DatabaseNotFound { path: "No such file or directory (os error 2)" }

thread 'prop_crash_recovery' panicked at tests/property_tests.rs:126:74:
called `Result::unwrap()` on an `Err` value: DatabaseNotFound { path: "No such file or directory (os error 2)" }

thread 'prop_crash_recovery' panicked at tests/property_tests.rs:126:74:
called `Result::unwrap()` on an `Err` value: DatabaseNotFound { path: "No such file or directory (os error 2)" }

thread 'prop_crash_recovery' panicked at tests/property_tests.rs:126:74:
called `Result::unwrap()` on an `Err` value: DatabaseNotFound { path: "No such file or directory (os error 2)" }

thread 'prop_crash_recovery' panicked at tests/property_tests.rs:126:74:
called `Result::unwrap()` on an `Err` value: DatabaseNotFound { path: "No such file or directory (os error 2)" }

thread 'prop_crash_recovery' panicked at tests/property_tests.rs:126:74:
called `Result::unwrap()` on an `Err` value: DatabaseNotFound { path: "No such file or directory (os error 2)" }

thread 'prop_crash_recovery' panicked at tests/property_tests.rs:126:74:
called `Result::unwrap()` on an `Err` value: DatabaseNotFound { path: "No such file or directory (os error 2)" }

thread 'prop_crash_recovery' panicked at tests/property_tests.rs:126:74:
called `Result::unwrap()` on an `Err` value: DatabaseNotFound { path: "No such file or directory (os error 2)" }

thread 'prop_crash_recovery' panicked at tests/property_tests.rs:126:74:
called `Result::unwrap()` on an `Err` value: DatabaseNotFound { path: "No such file or directory (os error 2)" }

thread 'prop_crash_recovery' panicked at tests/property_tests.rs:126:74:
called `Result::unwrap()` on an `Err` value: DatabaseNotFound { path: "No such file or directory (os error 2)" }

thread 'prop_crash_recovery' panicked at tests/property_tests.rs:126:74:
called `Result::unwrap()` on an `Err` value: DatabaseNotFound { path: "No such file or directory (os error 2)" }

thread 'prop_crash_recovery' panicked at tests/property_tests.rs:126:74:
called `Result::unwrap()` on an `Err` value: DatabaseNotFound { path: "No such file or directory (os error 2)" }

thread 'prop_crash_recovery' panicked at tests/property_tests.rs:126:74:
called `Result::unwrap()` on an `Err` value: DatabaseNotFound { path: "No such file or directory (os error 2)" }

thread 'prop_crash_recovery' panicked at tests/property_tests.rs:126:74:
called `Result::unwrap()` on an `Err` value: DatabaseNotFound { path: "No such file or directory (os error 2)" }

thread 'prop_crash_recovery' panicked at tests/property_tests.rs:126:74:
called `Result::unwrap()` on an `Err` value: DatabaseNotFound { path: "No such file or directory (os error 2)" }

thread 'prop_crash_recovery' panicked at tests/property_tests.rs:126:74:
called `Result::unwrap()` on an `Err` value: DatabaseNotFound { path: "No such file or directory (os error 2)" }

thread 'prop_crash_recovery' panicked at tests/property_tests.rs:126:74:
called `Result::unwrap()` on an `Err` value: DatabaseNotFound { path: "No such file or directory (os error 2)" }

thread 'prop_crash_recovery' panicked at tests/property_tests.rs:126:74:
called `Result::unwrap()` on an `Err` value: DatabaseNotFound { path: "No such file or directory (os error 2)" }

thread 'prop_crash_recovery' panicked at tests/property_tests.rs:126:74:
called `Result::unwrap()` on an `Err` value: DatabaseNotFound { path: "No such file or directory (os error 2)" }

thread 'prop_crash_recovery' panicked at tests/property_tests.rs:126:74:
called `Result::unwrap()` on an `Err` value: DatabaseNotFound { path: "No such file or directory (os error 2)" }

thread 'prop_crash_recovery' panicked at tests/property_tests.rs:126:74:
called `Result::unwrap()` on an `Err` value: DatabaseNotFound { path: "No such file or directory (os error 2)" }

thread 'prop_crash_recovery' panicked at tests/property_tests.rs:126:74:
called `Result::unwrap()` on an `Err` value: DatabaseNotFound { path: "No such file or directory (os error 2)" }

thread 'prop_crash_recovery' panicked at tests/property_tests.rs:126:74:
called `Result::unwrap()` on an `Err` value: DatabaseNotFound { path: "No such file or directory (os error 2)" }

thread 'prop_crash_recovery' panicked at tests/property_tests.rs:126:74:
called `Result::unwrap()` on an `Err` value: DatabaseNotFound { path: "No such file or directory (os error 2)" }

thread 'prop_crash_recovery' panicked at tests/property_tests.rs:126:74:
called `Result::unwrap()` on an `Err` value: DatabaseNotFound { path: "No such file or directory (os error 2)" }

thread 'prop_crash_recovery' panicked at tests/property_tests.rs:126:74:
called `Result::unwrap()` on an `Err` value: DatabaseNotFound { path: "No such file or directory (os error 2)" }

thread 'prop_crash_recovery' panicked at tests/property_tests.rs:126:74:
called `Result::unwrap()` on an `Err` value: DatabaseNotFound { path: "No such file or directory (os error 2)" }

thread 'prop_crash_recovery' panicked at tests/property_tests.rs:126:74:
called `Result::unwrap()` on an `Err` value: DatabaseNotFound { path: "No such file or directory (os error 2)" }

thread 'prop_crash_recovery' panicked at tests/property_tests.rs:126:74:
called `Result::unwrap()` on an `Err` value: DatabaseNotFound { path: "No such file or directory (os error 2)" }

thread 'prop_crash_recovery' panicked at tests/property_tests.rs:126:74:
called `Result::unwrap()` on an `Err` value: DatabaseNotFound { path: "No such file or directory (os error 2)" }

thread 'prop_crash_recovery' panicked at tests/property_tests.rs:126:74:
called `Result::unwrap()` on an `Err` value: DatabaseNotFound { path: "No such file or directory (os error 2)" }

thread 'prop_crash_recovery' panicked at tests/property_tests.rs:126:74:
called `Result::unwrap()` on an `Err` value: DatabaseNotFound { path: "No such file or directory (os error 2)" }

thread 'prop_crash_recovery' panicked at tests/property_tests.rs:126:74:
called `Result::unwrap()` on an `Err` value: DatabaseNotFound { path: "No such file or directory (os error 2)" }

thread 'prop_crash_recovery' panicked at tests/property_tests.rs:126:74:
called `Result::unwrap()` on an `Err` value: DatabaseNotFound { path: "No such file or directory (os error 2)" }

thread 'prop_crash_recovery' panicked at tests/property_tests.rs:126:74:
called `Result::unwrap()` on an `Err` value: DatabaseNotFound { path: "No such file or directory (os error 2)" }

thread 'prop_crash_recovery' panicked at tests/property_tests.rs:126:74:
called `Result::unwrap()` on an `Err` value: DatabaseNotFound { path: "No such file or directory (os error 2)" }

thread 'prop_crash_recovery' panicked at tests/property_tests.rs:126:74:
called `Result::unwrap()` on an `Err` value: DatabaseNotFound { path: "No such file or directory (os error 2)" }

thread 'prop_crash_recovery' panicked at tests/property_tests.rs:126:74:
called `Result::unwrap()` on an `Err` value: DatabaseNotFound { path: "No such file or directory (os error 2)" }

thread 'prop_crash_recovery' panicked at tests/property_tests.rs:126:74:
called `Result::unwrap()` on an `Err` value: DatabaseNotFound { path: "No such file or directory (os error 2)" }

thread 'prop_crash_recovery' panicked at tests/property_tests.rs:126:74:
called `Result::unwrap()` on an `Err` value: DatabaseNotFound { path: "No such file or directory (os error 2)" }

thread 'prop_crash_recovery' panicked at tests/property_tests.rs:126:74:
called `Result::unwrap()` on an `Err` value: DatabaseNotFound { path: "No such file or directory (os error 2)" }

thread 'prop_crash_recovery' panicked at tests/property_tests.rs:126:74:
called `Result::unwrap()` on an `Err` value: DatabaseNotFound { path: "No such file or directory (os error 2)" }

thread 'prop_crash_recovery' panicked at tests/property_tests.rs:126:74:
called `Result::unwrap()` on an `Err` value: DatabaseNotFound { path: "No such file or directory (os error 2)" }

thread 'prop_crash_recovery' panicked at tests/property_tests.rs:126:74:
called `Result::unwrap()` on an `Err` value: DatabaseNotFound { path: "No such file or directory (os error 2)" }

thread 'prop_crash_recovery' panicked at tests/property_tests.rs:126:74:
called `Result::unwrap()` on an `Err` value: DatabaseNotFound { path: "No such file or directory (os error 2)" }

thread 'prop_crash_recovery' panicked at tests/property_tests.rs:126:74:
called `Result::unwrap()` on an `Err` value: DatabaseNotFound { path: "No such file or directory (os error 2)" }

thread 'prop_crash_recovery' panicked at tests/property_tests.rs:126:74:
called `Result::unwrap()` on an `Err` value: DatabaseNotFound { path: "No such file or directory (os error 2)" }

thread 'prop_crash_recovery' panicked at tests/property_tests.rs:126:74:
called `Result::unwrap()` on an `Err` value: DatabaseNotFound { path: "No such file or directory (os error 2)" }

thread 'prop_crash_recovery' panicked at tests/property_tests.rs:126:74:
called `Result::unwrap()` on an `Err` value: DatabaseNotFound { path: "No such file or directory (os error 2)" }

thread 'prop_crash_recovery' panicked at tests/property_tests.rs:126:74:
called `Result::unwrap()` on an `Err` value: DatabaseNotFound { path: "No such file or directory (os error 2)" }

thread 'prop_crash_recovery' panicked at tests/property_tests.rs:126:74:
called `Result::unwrap()` on an `Err` value: DatabaseNotFound { path: "No such file or directory (os error 2)" }

thread 'prop_crash_recovery' panicked at tests/property_tests.rs:126:74:
called `Result::unwrap()` on an `Err` value: DatabaseNotFound { path: "No such file or directory (os error 2)" }

thread 'prop_crash_recovery' panicked at tests/property_tests.rs:126:74:
called `Result::unwrap()` on an `Err` value: DatabaseNotFound { path: "No such file or directory (os error 2)" }

thread 'prop_crash_recovery' panicked at tests/property_tests.rs:126:74:
called `Result::unwrap()` on an `Err` value: DatabaseNotFound { path: "No such file or directory (os error 2)" }

thread 'prop_crash_recovery' panicked at tests/property_tests.rs:126:74:
called `Result::unwrap()` on an `Err` value: DatabaseNotFound { path: "No such file or directory (os error 2)" }

thread 'prop_crash_recovery' panicked at tests/property_tests.rs:126:74:
called `Result::unwrap()` on an `Err` value: DatabaseNotFound { path: "No such file or directory (os error 2)" }

thread 'prop_crash_recovery' panicked at tests/property_tests.rs:126:74:
called `Result::unwrap()` on an `Err` value: DatabaseNotFound { path: "No such file or directory (os error 2)" }

thread 'prop_crash_recovery' panicked at tests/property_tests.rs:126:74:
called `Result::unwrap()` on an `Err` value: DatabaseNotFound { path: "No such file or directory (os error 2)" }

thread 'prop_crash_recovery' panicked at tests/property_tests.rs:126:74:
called `Result::unwrap()` on an `Err` value: DatabaseNotFound { path: "No such file or directory (os error 2)" }

thread 'prop_crash_recovery' panicked at tests/property_tests.rs:126:74:
called `Result::unwrap()` on an `Err` value: DatabaseNotFound { path: "No such file or directory (os error 2)" }

thread 'prop_crash_recovery' panicked at tests/property_tests.rs:126:74:
called `Result::unwrap()` on an `Err` value: DatabaseNotFound { path: "No such file or directory (os error 2)" }

thread 'prop_crash_recovery' panicked at tests/property_tests.rs:126:74:
called `Result::unwrap()` on an `Err` value: DatabaseNotFound { path: "No such file or directory (os error 2)" }

thread 'prop_crash_recovery' panicked at tests/property_tests.rs:126:74:
called `Result::unwrap()` on an `Err` value: DatabaseNotFound { path: "No such file or directory (os error 2)" }

thread 'prop_crash_recovery' panicked at tests/property_tests.rs:126:74:
called `Result::unwrap()` on an `Err` value: DatabaseNotFound { path: "No such file or directory (os error 2)" }

thread 'prop_crash_recovery' panicked at tests/property_tests.rs:126:74:
called `Result::unwrap()` on an `Err` value: DatabaseNotFound { path: "No such file or directory (os error 2)" }

thread 'prop_crash_recovery' panicked at tests/property_tests.rs:126:74:
called `Result::unwrap()` on an `Err` value: DatabaseNotFound { path: "No such file or directory (os error 2)" }

thread 'prop_crash_recovery' panicked at tests/property_tests.rs:126:74:
called `Result::unwrap()` on an `Err` value: DatabaseNotFound { path: "No such file or directory (os error 2)" }

thread 'prop_crash_recovery' panicked at tests/property_tests.rs:126:74:
called `Result::unwrap()` on an `Err` value: DatabaseNotFound { path: "No such file or directory (os error 2)" }

thread 'prop_crash_recovery' panicked at tests/property_tests.rs:126:74:
called `Result::unwrap()` on an `Err` value: DatabaseNotFound { path: "No such file or directory (os error 2)" }

thread 'prop_crash_recovery' panicked at tests/property_tests.rs:126:74:
called `Result::unwrap()` on an `Err` value: DatabaseNotFound { path: "No such file or directory (os error 2)" }

thread 'prop_crash_recovery' panicked at tests/property_tests.rs:126:74:
called `Result::unwrap()` on an `Err` value: DatabaseNotFound { path: "No such file or directory (os error 2)" }

thread 'prop_crash_recovery' panicked at tests/property_tests.rs:126:74:
called `Result::unwrap()` on an `Err` value: DatabaseNotFound { path: "No such file or directory (os error 2)" }

thread 'prop_crash_recovery' panicked at tests/property_tests.rs:126:74:
called `Result::unwrap()` on an `Err` value: DatabaseNotFound { path: "No such file or directory (os error 2)" }

thread 'prop_crash_recovery' panicked at tests/property_tests.rs:126:74:
called `Result::unwrap()` on an `Err` value: DatabaseNotFound { path: "No such file or directory (os error 2)" }

thread 'prop_crash_recovery' panicked at tests/property_tests.rs:126:74:
called `Result::unwrap()` on an `Err` value: DatabaseNotFound { path: "No such file or directory (os error 2)" }

thread 'prop_crash_recovery' panicked at tests/property_tests.rs:126:74:
called `Result::unwrap()` on an `Err` value: DatabaseNotFound { path: "No such file or directory (os error 2)" }

thread 'prop_crash_recovery' panicked at tests/property_tests.rs:126:74:
called `Result::unwrap()` on an `Err` value: DatabaseNotFound { path: "No such file or directory (os error 2)" }

thread 'prop_crash_recovery' panicked at tests/property_tests.rs:126:74:
called `Result::unwrap()` on an `Err` value: DatabaseNotFound { path: "No such file or directory (os error 2)" }

thread 'prop_crash_recovery' panicked at tests/property_tests.rs:126:74:
called `Result::unwrap()` on an `Err` value: DatabaseNotFound { path: "No such file or directory (os error 2)" }

thread 'prop_crash_recovery' panicked at tests/property_tests.rs:126:74:
called `Result::unwrap()` on an `Err` value: DatabaseNotFound { path: "No such file or directory (os error 2)" }

thread 'prop_crash_recovery' panicked at tests/property_tests.rs:126:74:
called `Result::unwrap()` on an `Err` value: DatabaseNotFound { path: "No such file or directory (os error 2)" }

thread 'prop_crash_recovery' panicked at tests/property_tests.rs:126:74:
called `Result::unwrap()` on an `Err` value: DatabaseNotFound { path: "No such file or directory (os error 2)" }

thread 'prop_crash_recovery' panicked at tests/property_tests.rs:126:74:
called `Result::unwrap()` on an `Err` value: DatabaseNotFound { path: "No such file or directory (os error 2)" }

thread 'prop_crash_recovery' panicked at tests/property_tests.rs:126:74:
called `Result::unwrap()` on an `Err` value: DatabaseNotFound { path: "No such file or directory (os error 2)" }

thread 'prop_crash_recovery' panicked at tests/property_tests.rs:126:74:
called `Result::unwrap()` on an `Err` value: DatabaseNotFound { path: "No such file or directory (os error 2)" }

thread 'prop_crash_recovery' panicked at tests/property_tests.rs:126:74:
called `Result::unwrap()` on an `Err` value: DatabaseNotFound { path: "No such file or directory (os error 2)" }

thread 'prop_crash_recovery' panicked at tests/property_tests.rs:126:74:
called `Result::unwrap()` on an `Err` value: DatabaseNotFound { path: "No such file or directory (os error 2)" }

thread 'prop_crash_recovery' panicked at tests/property_tests.rs:126:74:
called `Result::unwrap()` on an `Err` value: DatabaseNotFound { path: "No such file or directory (os error 2)" }

thread 'prop_crash_recovery' panicked at tests/property_tests.rs:126:74:
called `Result::unwrap()` on an `Err` value: DatabaseNotFound { path: "No such file or directory (os error 2)" }

thread 'prop_crash_recovery' panicked at tests/property_tests.rs:126:74:
called `Result::unwrap()` on an `Err` value: DatabaseNotFound { path: "No such file or directory (os error 2)" }

thread 'prop_crash_recovery' panicked at tests/property_tests.rs:126:74:
called `Result::unwrap()` on an `Err` value: DatabaseNotFound { path: "No such file or directory (os error 2)" }

thread 'prop_crash_recovery' panicked at tests/property_tests.rs:126:74:
called `Result::unwrap()` on an `Err` value: DatabaseNotFound { path: "No such file or directory (os error 2)" }

thread 'prop_crash_recovery' panicked at tests/property_tests.rs:126:74:
called `Result::unwrap()` on an `Err` value: DatabaseNotFound { path: "No such file or directory (os error 2)" }

thread 'prop_crash_recovery' panicked at tests/property_tests.rs:126:74:
called `Result::unwrap()` on an `Err` value: DatabaseNotFound { path: "No such file or directory (os error 2)" }

thread 'prop_crash_recovery' panicked at tests/property_tests.rs:126:74:
called `Result::unwrap()` on an `Err` value: DatabaseNotFound { path: "No such file or directory (os error 2)" }

thread 'prop_crash_recovery' panicked at tests/property_tests.rs:126:74:
called `Result::unwrap()` on an `Err` value: DatabaseNotFound { path: "No such file or directory (os error 2)" }

thread 'prop_crash_recovery' panicked at tests/property_tests.rs:126:74:
called `Result::unwrap()` on an `Err` value: DatabaseNotFound { path: "No such file or directory (os error 2)" }

thread 'prop_crash_recovery' panicked at tests/property_tests.rs:126:74:
called `Result::unwrap()` on an `Err` value: DatabaseNotFound { path: "No such file or directory (os error 2)" }

thread 'prop_crash_recovery' panicked at tests/property_tests.rs:126:74:
called `Result::unwrap()` on an `Err` value: DatabaseNotFound { path: "No such file or directory (os error 2)" }

thread 'prop_crash_recovery' panicked at tests/property_tests.rs:126:74:
called `Result::unwrap()` on an `Err` value: DatabaseNotFound { path: "No such file or directory (os error 2)" }

thread 'prop_crash_recovery' panicked at tests/property_tests.rs:126:74:
called `Result::unwrap()` on an `Err` value: DatabaseNotFound { path: "No such file or directory (os error 2)" }

thread 'prop_crash_recovery' panicked at tests/property_tests.rs:126:74:
called `Result::unwrap()` on an `Err` value: DatabaseNotFound { path: "No such file or directory (os error 2)" }

thread 'prop_crash_recovery' panicked at tests/property_tests.rs:126:74:
called `Result::unwrap()` on an `Err` value: DatabaseNotFound { path: "No such file or directory (os error 2)" }

thread 'prop_crash_recovery' panicked at tests/property_tests.rs:126:74:
called `Result::unwrap()` on an `Err` value: DatabaseNotFound { path: "No such file or directory (os error 2)" }

thread 'prop_crash_recovery' panicked at tests/property_tests.rs:126:74:
called `Result::unwrap()` on an `Err` value: DatabaseNotFound { path: "No such file or directory (os error 2)" }

thread 'prop_crash_recovery' panicked at tests/property_tests.rs:126:74:
called `Result::unwrap()` on an `Err` value: DatabaseNotFound { path: "No such file or directory (os error 2)" }

thread 'prop_crash_recovery' panicked at tests/property_tests.rs:126:74:
called `Result::unwrap()` on an `Err` value: DatabaseNotFound { path: "No such file or directory (os error 2)" }

thread 'prop_crash_recovery' panicked at tests/property_tests.rs:126:74:
called `Result::unwrap()` on an `Err` value: DatabaseNotFound { path: "No such file or directory (os error 2)" }

thread 'prop_crash_recovery' panicked at tests/property_tests.rs:126:74:
called `Result::unwrap()` on an `Err` value: DatabaseNotFound { path: "No such file or directory (os error 2)" }

thread 'prop_crash_recovery' panicked at tests/property_tests.rs:126:74:
called `Result::unwrap()` on an `Err` value: DatabaseNotFound { path: "No such file or directory (os error 2)" }

thread 'prop_crash_recovery' panicked at tests/property_tests.rs:126:74:
called `Result::unwrap()` on an `Err` value: DatabaseNotFound { path: "No such file or directory (os error 2)" }

thread 'prop_crash_recovery' panicked at tests/property_tests.rs:126:74:
called `Result::unwrap()` on an `Err` value: DatabaseNotFound { path: "No such file or directory (os error 2)" }

thread 'prop_crash_recovery' panicked at tests/property_tests.rs:126:74:
called `Result::unwrap()` on an `Err` value: DatabaseNotFound { path: "No such file or directory (os error 2)" }

thread 'prop_crash_recovery' panicked at tests/property_tests.rs:126:74:
called `Result::unwrap()` on an `Err` value: DatabaseNotFound { path: "No such file or directory (os error 2)" }

thread 'prop_crash_recovery' panicked at tests/property_tests.rs:126:74:
called `Result::unwrap()` on an `Err` value: DatabaseNotFound { path: "No such file or directory (os error 2)" }

thread 'prop_crash_recovery' panicked at tests/property_tests.rs:126:74:
called `Result::unwrap()` on an `Err` value: DatabaseNotFound { path: "No such file or directory (os error 2)" }

thread 'prop_crash_recovery' panicked at tests/property_tests.rs:126:74:
called `Result::unwrap()` on an `Err` value: DatabaseNotFound { path: "No such file or directory (os error 2)" }

thread 'prop_crash_recovery' panicked at tests/property_tests.rs:126:74:
called `Result::unwrap()` on an `Err` value: DatabaseNotFound { path: "No such file or directory (os error 2)" }

thread 'prop_crash_recovery' panicked at tests/property_tests.rs:126:74:
called `Result::unwrap()` on an `Err` value: DatabaseNotFound { path: "No such file or directory (os error 2)" }

thread 'prop_crash_recovery' panicked at tests/property_tests.rs:126:74:
called `Result::unwrap()` on an `Err` value: DatabaseNotFound { path: "No such file or directory (os error 2)" }

thread 'prop_crash_recovery' panicked at tests/property_tests.rs:126:74:
called `Result::unwrap()` on an `Err` value: DatabaseNotFound { path: "No such file or directory (os error 2)" }

thread 'prop_crash_recovery' panicked at tests/property_tests.rs:126:74:
called `Result::unwrap()` on an `Err` value: DatabaseNotFound { path: "No such file or directory (os error 2)" }

thread 'prop_crash_recovery' panicked at tests/property_tests.rs:126:74:
called `Result::unwrap()` on an `Err` value: DatabaseNotFound { path: "No such file or directory (os error 2)" }

thread 'prop_crash_recovery' panicked at tests/property_tests.rs:126:74:
called `Result::unwrap()` on an `Err` value: DatabaseNotFound { path: "No such file or directory (os error 2)" }

thread 'prop_crash_recovery' panicked at tests/property_tests.rs:126:74:
called `Result::unwrap()` on an `Err` value: DatabaseNotFound { path: "No such file or directory (os error 2)" }

thread 'prop_crash_recovery' panicked at tests/property_tests.rs:126:74:
called `Result::unwrap()` on an `Err` value: DatabaseNotFound { path: "No such file or directory (os error 2)" }

thread 'prop_crash_recovery' panicked at tests/property_tests.rs:126:74:
called `Result::unwrap()` on an `Err` value: DatabaseNotFound { path: "No such file or directory (os error 2)" }

thread 'prop_crash_recovery' panicked at tests/property_tests.rs:126:74:
called `Result::unwrap()` on an `Err` value: DatabaseNotFound { path: "No such file or directory (os error 2)" }

thread 'prop_crash_recovery' panicked at tests/property_tests.rs:126:74:
called `Result::unwrap()` on an `Err` value: DatabaseNotFound { path: "No such file or directory (os error 2)" }

thread 'prop_crash_recovery' panicked at tests/property_tests.rs:126:74:
called `Result::unwrap()` on an `Err` value: DatabaseNotFound { path: "No such file or directory (os error 2)" }

thread 'prop_crash_recovery' panicked at tests/property_tests.rs:126:74:
called `Result::unwrap()` on an `Err` value: DatabaseNotFound { path: "No such file or directory (os error 2)" }

thread 'prop_crash_recovery' panicked at tests/property_tests.rs:126:74:
called `Result::unwrap()` on an `Err` value: DatabaseNotFound { path: "No such file or directory (os error 2)" }

thread 'prop_crash_recovery' panicked at tests/property_tests.rs:126:74:
called `Result::unwrap()` on an `Err` value: DatabaseNotFound { path: "No such file or directory (os error 2)" }

thread 'prop_crash_recovery' panicked at tests/property_tests.rs:126:74:
called `Result::unwrap()` on an `Err` value: DatabaseNotFound { path: "No such file or directory (os error 2)" }

thread 'prop_crash_recovery' panicked at tests/property_tests.rs:126:74:
called `Result::unwrap()` on an `Err` value: DatabaseNotFound { path: "No such file or directory (os error 2)" }

thread 'prop_crash_recovery' panicked at tests/property_tests.rs:126:74:
called `Result::unwrap()` on an `Err` value: DatabaseNotFound { path: "No such file or directory (os error 2)" }

thread 'prop_crash_recovery' panicked at tests/property_tests.rs:126:74:
called `Result::unwrap()` on an `Err` value: DatabaseNotFound { path: "No such file or directory (os error 2)" }

thread 'prop_crash_recovery' panicked at tests/property_tests.rs:126:74:
called `Result::unwrap()` on an `Err` value: DatabaseNotFound { path: "No such file or directory (os error 2)" }

thread 'prop_crash_recovery' panicked at tests/property_tests.rs:126:74:
called `Result::unwrap()` on an `Err` value: DatabaseNotFound { path: "No such file or directory (os error 2)" }

thread 'prop_crash_recovery' panicked at tests/property_tests.rs:126:74:
called `Result::unwrap()` on an `Err` value: DatabaseNotFound { path: "No such file or directory (os error 2)" }

thread 'prop_crash_recovery' panicked at tests/property_tests.rs:126:74:
called `Result::unwrap()` on an `Err` value: DatabaseNotFound { path: "No such file or directory (os error 2)" }

thread 'prop_crash_recovery' panicked at tests/property_tests.rs:126:74:
called `Result::unwrap()` on an `Err` value: DatabaseNotFound { path: "No such file or directory (os error 2)" }

thread 'prop_crash_recovery' panicked at tests/property_tests.rs:126:74:
called `Result::unwrap()` on an `Err` value: DatabaseNotFound { path: "No such file or directory (os error 2)" }

thread 'prop_crash_recovery' panicked at tests/property_tests.rs:126:74:
called `Result::unwrap()` on an `Err` value: DatabaseNotFound { path: "No such file or directory (os error 2)" }

thread 'prop_crash_recovery' panicked at tests/property_tests.rs:126:74:
called `Result::unwrap()` on an `Err` value: DatabaseNotFound { path: "No such file or directory (os error 2)" }

thread 'prop_crash_recovery' panicked at tests/property_tests.rs:126:74:
called `Result::unwrap()` on an `Err` value: DatabaseNotFound { path: "No such file or directory (os error 2)" }

thread 'prop_crash_recovery' panicked at tests/property_tests.rs:126:74:
called `Result::unwrap()` on an `Err` value: DatabaseNotFound { path: "No such file or directory (os error 2)" }

thread 'prop_crash_recovery' panicked at tests/property_tests.rs:126:74:
called `Result::unwrap()` on an `Err` value: DatabaseNotFound { path: "No such file or directory (os error 2)" }

thread 'prop_crash_recovery' panicked at tests/property_tests.rs:126:74:
called `Result::unwrap()` on an `Err` value: DatabaseNotFound { path: "No such file or directory (os error 2)" }

thread 'prop_crash_recovery' panicked at tests/property_tests.rs:126:74:
called `Result::unwrap()` on an `Err` value: DatabaseNotFound { path: "No such file or directory (os error 2)" }

thread 'prop_crash_recovery' panicked at tests/property_tests.rs:126:74:
called `Result::unwrap()` on an `Err` value: DatabaseNotFound { path: "No such file or directory (os error 2)" }

thread 'prop_crash_recovery' panicked at tests/property_tests.rs:126:74:
called `Result::unwrap()` on an `Err` value: DatabaseNotFound { path: "No such file or directory (os error 2)" }

thread 'prop_crash_recovery' panicked at tests/property_tests.rs:126:74:
called `Result::unwrap()` on an `Err` value: DatabaseNotFound { path: "No such file or directory (os error 2)" }

thread 'prop_crash_recovery' panicked at tests/property_tests.rs:126:74:
called `Result::unwrap()` on an `Err` value: DatabaseNotFound { path: "No such file or directory (os error 2)" }

thread 'prop_crash_recovery' panicked at tests/property_tests.rs:126:74:
called `Result::unwrap()` on an `Err` value: DatabaseNotFound { path: "No such file or directory (os error 2)" }

thread 'prop_crash_recovery' panicked at tests/property_tests.rs:126:74:
called `Result::unwrap()` on an `Err` value: DatabaseNotFound { path: "No such file or directory (os error 2)" }

thread 'prop_crash_recovery' panicked at tests/property_tests.rs:126:74:
called `Result::unwrap()` on an `Err` value: DatabaseNotFound { path: "No such file or directory (os error 2)" }

thread 'prop_crash_recovery' panicked at tests/property_tests.rs:126:74:
called `Result::unwrap()` on an `Err` value: DatabaseNotFound { path: "No such file or directory (os error 2)" }

thread 'prop_crash_recovery' panicked at tests/property_tests.rs:126:74:
called `Result::unwrap()` on an `Err` value: DatabaseNotFound { path: "No such file or directory (os error 2)" }

thread 'prop_crash_recovery' panicked at tests/property_tests.rs:126:74:
called `Result::unwrap()` on an `Err` value: DatabaseNotFound { path: "No such file or directory (os error 2)" }

thread 'prop_crash_recovery' panicked at tests/property_tests.rs:126:74:
called `Result::unwrap()` on an `Err` value: DatabaseNotFound { path: "No such file or directory (os error 2)" }

thread 'prop_crash_recovery' panicked at tests/property_tests.rs:126:74:
called `Result::unwrap()` on an `Err` value: DatabaseNotFound { path: "No such file or directory (os error 2)" }

thread 'prop_crash_recovery' panicked at tests/property_tests.rs:126:74:
called `Result::unwrap()` on an `Err` value: DatabaseNotFound { path: "No such file or directory (os error 2)" }

thread 'prop_crash_recovery' panicked at tests/property_tests.rs:126:74:
called `Result::unwrap()` on an `Err` value: DatabaseNotFound { path: "No such file or directory (os error 2)" }

thread 'prop_crash_recovery' panicked at tests/property_tests.rs:126:74:
called `Result::unwrap()` on an `Err` value: DatabaseNotFound { path: "No such file or directory (os error 2)" }

thread 'prop_crash_recovery' panicked at tests/property_tests.rs:126:74:
called `Result::unwrap()` on an `Err` value: DatabaseNotFound { path: "No such file or directory (os error 2)" }

thread 'prop_crash_recovery' panicked at tests/property_tests.rs:126:74:
called `Result::unwrap()` on an `Err` value: DatabaseNotFound { path: "No such file or directory (os error 2)" }

thread 'prop_crash_recovery' panicked at tests/property_tests.rs:126:74:
called `Result::unwrap()` on an `Err` value: DatabaseNotFound { path: "No such file or directory (os error 2)" }

thread 'prop_crash_recovery' panicked at tests/property_tests.rs:126:74:
called `Result::unwrap()` on an `Err` value: DatabaseNotFound { path: "No such file or directory (os error 2)" }

thread 'prop_crash_recovery' panicked at tests/property_tests.rs:126:74:
called `Result::unwrap()` on an `Err` value: DatabaseNotFound { path: "No such file or directory (os error 2)" }

thread 'prop_crash_recovery' panicked at tests/property_tests.rs:126:74:
called `Result::unwrap()` on an `Err` value: DatabaseNotFound { path: "No such file or directory (os error 2)" }

thread 'prop_crash_recovery' panicked at tests/property_tests.rs:126:74:
called `Result::unwrap()` on an `Err` value: DatabaseNotFound { path: "No such file or directory (os error 2)" }

thread 'prop_crash_recovery' panicked at tests/property_tests.rs:126:74:
called `Result::unwrap()` on an `Err` value: DatabaseNotFound { path: "No such file or directory (os error 2)" }

thread 'prop_crash_recovery' panicked at tests/property_tests.rs:126:74:
called `Result::unwrap()` on an `Err` value: DatabaseNotFound { path: "No such file or directory (os error 2)" }

thread 'prop_crash_recovery' panicked at tests/property_tests.rs:126:74:
called `Result::unwrap()` on an `Err` value: DatabaseNotFound { path: "No such file or directory (os error 2)" }

thread 'prop_crash_recovery' panicked at tests/property_tests.rs:126:74:
called `Result::unwrap()` on an `Err` value: DatabaseNotFound { path: "No such file or directory (os error 2)" }

thread 'prop_crash_recovery' panicked at tests/property_tests.rs:126:74:
called `Result::unwrap()` on an `Err` value: DatabaseNotFound { path: "No such file or directory (os error 2)" }

thread 'prop_crash_recovery' panicked at tests/property_tests.rs:126:74:
called `Result::unwrap()` on an `Err` value: DatabaseNotFound { path: "No such file or directory (os error 2)" }

thread 'prop_crash_recovery' panicked at tests/property_tests.rs:126:74:
called `Result::unwrap()` on an `Err` value: DatabaseNotFound { path: "No such file or directory (os error 2)" }

thread 'prop_crash_recovery' panicked at tests/property_tests.rs:126:74:
called `Result::unwrap()` on an `Err` value: DatabaseNotFound { path: "No such file or directory (os error 2)" }

thread 'prop_crash_recovery' panicked at tests/property_tests.rs:126:74:
called `Result::unwrap()` on an `Err` value: DatabaseNotFound { path: "No such file or directory (os error 2)" }

thread 'prop_crash_recovery' panicked at tests/property_tests.rs:126:74:
called `Result::unwrap()` on an `Err` value: DatabaseNotFound { path: "No such file or directory (os error 2)" }

thread 'prop_crash_recovery' panicked at tests/property_tests.rs:126:74:
called `Result::unwrap()` on an `Err` value: DatabaseNotFound { path: "No such file or directory (os error 2)" }

thread 'prop_crash_recovery' panicked at tests/property_tests.rs:126:74:
called `Result::unwrap()` on an `Err` value: DatabaseNotFound { path: "No such file or directory (os error 2)" }

thread 'prop_crash_recovery' panicked at tests/property_tests.rs:126:74:
called `Result::unwrap()` on an `Err` value: DatabaseNotFound { path: "No such file or directory (os error 2)" }

thread 'prop_crash_recovery' panicked at tests/property_tests.rs:126:74:
called `Result::unwrap()` on an `Err` value: DatabaseNotFound { path: "No such file or directory (os error 2)" }

thread 'prop_crash_recovery' panicked at tests/property_tests.rs:126:74:
called `Result::unwrap()` on an `Err` value: DatabaseNotFound { path: "No such file or directory (os error 2)" }

thread 'prop_crash_recovery' panicked at tests/property_tests.rs:126:74:
called `Result::unwrap()` on an `Err` value: DatabaseNotFound { path: "No such file or directory (os error 2)" }

thread 'prop_crash_recovery' panicked at tests/property_tests.rs:126:74:
called `Result::unwrap()` on an `Err` value: DatabaseNotFound { path: "No such file or directory (os error 2)" }

thread 'prop_crash_recovery' panicked at tests/property_tests.rs:126:74:
called `Result::unwrap()` on an `Err` value: DatabaseNotFound { path: "No such file or directory (os error 2)" }

thread 'prop_crash_recovery' panicked at tests/property_tests.rs:126:74:
called `Result::unwrap()` on an `Err` value: DatabaseNotFound { path: "No such file or directory (os error 2)" }

thread 'prop_crash_recovery' panicked at tests/property_tests.rs:126:74:
called `Result::unwrap()` on an `Err` value: DatabaseNotFound { path: "No such file or directory (os error 2)" }

thread 'prop_crash_recovery' panicked at tests/property_tests.rs:126:74:
called `Result::unwrap()` on an `Err` value: DatabaseNotFound { path: "No such file or directory (os error 2)" }

thread 'prop_crash_recovery' panicked at tests/property_tests.rs:126:74:
called `Result::unwrap()` on an `Err` value: DatabaseNotFound { path: "No such file or directory (os error 2)" }

thread 'prop_crash_recovery' panicked at tests/property_tests.rs:126:74:
called `Result::unwrap()` on an `Err` value: DatabaseNotFound { path: "No such file or directory (os error 2)" }

thread 'prop_crash_recovery' panicked at tests/property_tests.rs:126:74:
called `Result::unwrap()` on an `Err` value: DatabaseNotFound { path: "No such file or directory (os error 2)" }

thread 'prop_crash_recovery' panicked at tests/property_tests.rs:126:74:
called `Result::unwrap()` on an `Err` value: DatabaseNotFound { path: "No such file or directory (os error 2)" }

thread 'prop_crash_recovery' panicked at tests/property_tests.rs:126:74:
called `Result::unwrap()` on an `Err` value: DatabaseNotFound { path: "No such file or directory (os error 2)" }

thread 'prop_crash_recovery' panicked at tests/property_tests.rs:126:74:
called `Result::unwrap()` on an `Err` value: DatabaseNotFound { path: "No such file or directory (os error 2)" }

thread 'prop_crash_recovery' panicked at tests/property_tests.rs:126:74:
called `Result::unwrap()` on an `Err` value: DatabaseNotFound { path: "No such file or directory (os error 2)" }

thread 'prop_crash_recovery' panicked at tests/property_tests.rs:126:74:
called `Result::unwrap()` on an `Err` value: DatabaseNotFound { path: "No such file or directory (os error 2)" }

thread 'prop_crash_recovery' panicked at tests/property_tests.rs:126:74:
called `Result::unwrap()` on an `Err` value: DatabaseNotFound { path: "No such file or directory (os error 2)" }

thread 'prop_crash_recovery' panicked at tests/property_tests.rs:126:74:
called `Result::unwrap()` on an `Err` value: DatabaseNotFound { path: "No such file or directory (os error 2)" }

thread 'prop_crash_recovery' panicked at tests/property_tests.rs:126:74:
called `Result::unwrap()` on an `Err` value: DatabaseNotFound { path: "No such file or directory (os error 2)" }

thread 'prop_crash_recovery' panicked at tests/property_tests.rs:126:74:
called `Result::unwrap()` on an `Err` value: DatabaseNotFound { path: "No such file or directory (os error 2)" }

thread 'prop_crash_recovery' panicked at tests/property_tests.rs:126:74:
called `Result::unwrap()` on an `Err` value: DatabaseNotFound { path: "No such file or directory (os error 2)" }

thread 'prop_crash_recovery' panicked at tests/property_tests.rs:126:74:
called `Result::unwrap()` on an `Err` value: DatabaseNotFound { path: "No such file or directory (os error 2)" }

thread 'prop_crash_recovery' panicked at tests/property_tests.rs:126:74:
called `Result::unwrap()` on an `Err` value: DatabaseNotFound { path: "No such file or directory (os error 2)" }

thread 'prop_crash_recovery' panicked at tests/property_tests.rs:126:74:
called `Result::unwrap()` on an `Err` value: DatabaseNotFound { path: "No such file or directory (os error 2)" }

thread 'prop_crash_recovery' panicked at tests/property_tests.rs:126:74:
called `Result::unwrap()` on an `Err` value: DatabaseNotFound { path: "No such file or directory (os error 2)" }

thread 'prop_crash_recovery' panicked at tests/property_tests.rs:126:74:
called `Result::unwrap()` on an `Err` value: DatabaseNotFound { path: "No such file or directory (os error 2)" }

thread 'prop_crash_recovery' panicked at tests/property_tests.rs:126:74:
called `Result::unwrap()` on an `Err` value: DatabaseNotFound { path: "No such file or directory (os error 2)" }

thread 'prop_crash_recovery' panicked at tests/property_tests.rs:126:74:
called `Result::unwrap()` on an `Err` value: DatabaseNotFound { path: "No such file or directory (os error 2)" }

thread 'prop_crash_recovery' panicked at tests/property_tests.rs:126:74:
called `Result::unwrap()` on an `Err` value: DatabaseNotFound { path: "No such file or directory (os error 2)" }

thread 'prop_crash_recovery' panicked at tests/property_tests.rs:126:74:
called `Result::unwrap()` on an `Err` value: DatabaseNotFound { path: "No such file or directory (os error 2)" }

thread 'prop_crash_recovery' panicked at tests/property_tests.rs:126:74:
called `Result::unwrap()` on an `Err` value: DatabaseNotFound { path: "No such file or directory (os error 2)" }

thread 'prop_crash_recovery' panicked at tests/property_tests.rs:126:74:
called `Result::unwrap()` on an `Err` value: DatabaseNotFound { path: "No such file or directory (os error 2)" }

thread 'prop_crash_recovery' panicked at tests/property_tests.rs:126:74:
called `Result::unwrap()` on an `Err` value: DatabaseNotFound { path: "No such file or directory (os error 2)" }

thread 'prop_crash_recovery' panicked at tests/property_tests.rs:126:74:
called `Result::unwrap()` on an `Err` value: DatabaseNotFound { path: "No such file or directory (os error 2)" }

thread 'prop_crash_recovery' panicked at tests/property_tests.rs:126:74:
called `Result::unwrap()` on an `Err` value: DatabaseNotFound { path: "No such file or directory (os error 2)" }

thread 'prop_crash_recovery' panicked at tests/property_tests.rs:126:74:
called `Result::unwrap()` on an `Err` value: DatabaseNotFound { path: "No such file or directory (os error 2)" }

thread 'prop_crash_recovery' panicked at tests/property_tests.rs:126:74:
called `Result::unwrap()` on an `Err` value: DatabaseNotFound { path: "No such file or directory (os error 2)" }

thread 'prop_crash_recovery' panicked at tests/property_tests.rs:126:74:
called `Result::unwrap()` on an `Err` value: DatabaseNotFound { path: "No such file or directory (os error 2)" }

thread 'prop_crash_recovery' panicked at tests/property_tests.rs:126:74:
called `Result::unwrap()` on an `Err` value: DatabaseNotFound { path: "No such file or directory (os error 2)" }

thread 'prop_crash_recovery' panicked at tests/property_tests.rs:126:74:
called `Result::unwrap()` on an `Err` value: DatabaseNotFound { path: "No such file or directory (os error 2)" }

thread 'prop_crash_recovery' panicked at tests/property_tests.rs:126:74:
called `Result::unwrap()` on an `Err` value: DatabaseNotFound { path: "No such file or directory (os error 2)" }

thread 'prop_crash_recovery' panicked at tests/property_tests.rs:126:74:
called `Result::unwrap()` on an `Err` value: DatabaseNotFound { path: "No such file or directory (os error 2)" }

thread 'prop_crash_recovery' panicked at tests/property_tests.rs:126:74:
called `Result::unwrap()` on an `Err` value: DatabaseNotFound { path: "No such file or directory (os error 2)" }

thread 'prop_crash_recovery' panicked at tests/property_tests.rs:126:74:
called `Result::unwrap()` on an `Err` value: DatabaseNotFound { path: "No such file or directory (os error 2)" }

thread 'prop_crash_recovery' panicked at tests/property_tests.rs:126:74:
called `Result::unwrap()` on an `Err` value: DatabaseNotFound { path: "No such file or directory (os error 2)" }

thread 'prop_crash_recovery' panicked at tests/property_tests.rs:126:74:
called `Result::unwrap()` on an `Err` value: DatabaseNotFound { path: "No such file or directory (os error 2)" }

thread 'prop_crash_recovery' panicked at tests/property_tests.rs:126:74:
called `Result::unwrap()` on an `Err` value: DatabaseNotFound { path: "No such file or directory (os error 2)" }

thread 'prop_crash_recovery' panicked at tests/property_tests.rs:126:74:
called `Result::unwrap()` on an `Err` value: DatabaseNotFound { path: "No such file or directory (os error 2)" }

thread 'prop_crash_recovery' panicked at tests/property_tests.rs:126:74:
called `Result::unwrap()` on an `Err` value: DatabaseNotFound { path: "No such file or directory (os error 2)" }

thread 'prop_crash_recovery' panicked at tests/property_tests.rs:126:74:
called `Result::unwrap()` on an `Err` value: DatabaseNotFound { path: "No such file or directory (os error 2)" }

thread 'prop_crash_recovery' panicked at tests/property_tests.rs:126:74:
called `Result::unwrap()` on an `Err` value: DatabaseNotFound { path: "No such file or directory (os error 2)" }

thread 'prop_crash_recovery' panicked at tests/property_tests.rs:126:74:
called `Result::unwrap()` on an `Err` value: DatabaseNotFound { path: "No such file or directory (os error 2)" }

thread 'prop_crash_recovery' panicked at tests/property_tests.rs:126:74:
called `Result::unwrap()` on an `Err` value: DatabaseNotFound { path: "No such file or directory (os error 2)" }

thread 'prop_crash_recovery' panicked at tests/property_tests.rs:126:74:
called `Result::unwrap()` on an `Err` value: DatabaseNotFound { path: "No such file or directory (os error 2)" }

thread 'prop_crash_recovery' panicked at tests/property_tests.rs:126:74:
called `Result::unwrap()` on an `Err` value: DatabaseNotFound { path: "No such file or directory (os error 2)" }

thread 'prop_crash_recovery' panicked at tests/property_tests.rs:126:74:
called `Result::unwrap()` on an `Err` value: DatabaseNotFound { path: "No such file or directory (os error 2)" }

thread 'prop_crash_recovery' panicked at tests/property_tests.rs:126:74:
called `Result::unwrap()` on an `Err` value: DatabaseNotFound { path: "No such file or directory (os error 2)" }

thread 'prop_crash_recovery' panicked at tests/property_tests.rs:126:74:
called `Result::unwrap()` on an `Err` value: DatabaseNotFound { path: "No such file or directory (os error 2)" }

thread 'prop_crash_recovery' panicked at tests/property_tests.rs:126:74:
called `Result::unwrap()` on an `Err` value: DatabaseNotFound { path: "No such file or directory (os error 2)" }

thread 'prop_crash_recovery' panicked at tests/property_tests.rs:126:74:
called `Result::unwrap()` on an `Err` value: DatabaseNotFound { path: "No such file or directory (os error 2)" }

thread 'prop_crash_recovery' panicked at tests/property_tests.rs:126:74:
called `Result::unwrap()` on an `Err` value: DatabaseNotFound { path: "No such file or directory (os error 2)" }

thread 'prop_crash_recovery' panicked at tests/property_tests.rs:126:74:
called `Result::unwrap()` on an `Err` value: DatabaseNotFound { path: "No such file or directory (os error 2)" }

thread 'prop_crash_recovery' panicked at tests/property_tests.rs:126:74:
called `Result::unwrap()` on an `Err` value: DatabaseNotFound { path: "No such file or directory (os error 2)" }

thread 'prop_crash_recovery' panicked at tests/property_tests.rs:126:74:
called `Result::unwrap()` on an `Err` value: DatabaseNotFound { path: "No such file or directory (os error 2)" }

thread 'prop_crash_recovery' panicked at tests/property_tests.rs:126:74:
called `Result::unwrap()` on an `Err` value: DatabaseNotFound { path: "No such file or directory (os error 2)" }

thread 'prop_crash_recovery' panicked at tests/property_tests.rs:126:74:
called `Result::unwrap()` on an `Err` value: DatabaseNotFound { path: "No such file or directory (os error 2)" }

thread 'prop_crash_recovery' panicked at tests/property_tests.rs:126:74:
called `Result::unwrap()` on an `Err` value: DatabaseNotFound { path: "No such file or directory (os error 2)" }

thread 'prop_crash_recovery' panicked at tests/property_tests.rs:126:74:
called `Result::unwrap()` on an `Err` value: DatabaseNotFound { path: "No such file or directory (os error 2)" }

thread 'prop_crash_recovery' panicked at tests/property_tests.rs:126:74:
called `Result::unwrap()` on an `Err` value: DatabaseNotFound { path: "No such file or directory (os error 2)" }

thread 'prop_crash_recovery' panicked at tests/property_tests.rs:126:74:
called `Result::unwrap()` on an `Err` value: DatabaseNotFound { path: "No such file or directory (os error 2)" }

thread 'prop_crash_recovery' panicked at tests/property_tests.rs:126:74:
called `Result::unwrap()` on an `Err` value: DatabaseNotFound { path: "No such file or directory (os error 2)" }

thread 'prop_crash_recovery' panicked at tests/property_tests.rs:126:74:
called `Result::unwrap()` on an `Err` value: DatabaseNotFound { path: "No such file or directory (os error 2)" }

thread 'prop_crash_recovery' panicked at tests/property_tests.rs:126:74:
called `Result::unwrap()` on an `Err` value: DatabaseNotFound { path: "No such file or directory (os error 2)" }

thread 'prop_crash_recovery' panicked at tests/property_tests.rs:126:74:
called `Result::unwrap()` on an `Err` value: DatabaseNotFound { path: "No such file or directory (os error 2)" }

thread 'prop_crash_recovery' panicked at tests/property_tests.rs:126:74:
called `Result::unwrap()` on an `Err` value: DatabaseNotFound { path: "No such file or directory (os error 2)" }

thread 'prop_crash_recovery' panicked at tests/property_tests.rs:126:74:
called `Result::unwrap()` on an `Err` value: DatabaseNotFound { path: "No such file or directory (os error 2)" }

thread 'prop_crash_recovery' panicked at tests/property_tests.rs:126:74:
called `Result::unwrap()` on an `Err` value: DatabaseNotFound { path: "No such file or directory (os error 2)" }

thread 'prop_crash_recovery' panicked at tests/property_tests.rs:126:74:
called `Result::unwrap()` on an `Err` value: DatabaseNotFound { path: "No such file or directory (os error 2)" }

thread 'prop_crash_recovery' panicked at tests/property_tests.rs:126:74:
called `Result::unwrap()` on an `Err` value: DatabaseNotFound { path: "No such file or directory (os error 2)" }

thread 'prop_crash_recovery' panicked at tests/property_tests.rs:126:74:
called `Result::unwrap()` on an `Err` value: DatabaseNotFound { path: "No such file or directory (os error 2)" }

thread 'prop_crash_recovery' panicked at tests/property_tests.rs:126:74:
called `Result::unwrap()` on an `Err` value: DatabaseNotFound { path: "No such file or directory (os error 2)" }

thread 'prop_crash_recovery' panicked at tests/property_tests.rs:126:74:
called `Result::unwrap()` on an `Err` value: DatabaseNotFound { path: "No such file or directory (os error 2)" }

thread 'prop_crash_recovery' panicked at tests/property_tests.rs:126:74:
called `Result::unwrap()` on an `Err` value: DatabaseNotFound { path: "No such file or directory (os error 2)" }

thread 'prop_crash_recovery' panicked at tests/property_tests.rs:126:74:
called `Result::unwrap()` on an `Err` value: DatabaseNotFound { path: "No such file or directory (os error 2)" }

thread 'prop_crash_recovery' panicked at tests/property_tests.rs:126:74:
called `Result::unwrap()` on an `Err` value: DatabaseNotFound { path: "No such file or directory (os error 2)" }

thread 'prop_crash_recovery' panicked at tests/property_tests.rs:126:74:
called `Result::unwrap()` on an `Err` value: DatabaseNotFound { path: "No such file or directory (os error 2)" }

thread 'prop_crash_recovery' panicked at tests/property_tests.rs:126:74:
called `Result::unwrap()` on an `Err` value: DatabaseNotFound { path: "No such file or directory (os error 2)" }

thread 'prop_crash_recovery' panicked at tests/property_tests.rs:126:74:
called `Result::unwrap()` on an `Err` value: DatabaseNotFound { path: "No such file or directory (os error 2)" }

thread 'prop_crash_recovery' panicked at tests/property_tests.rs:126:74:
called `Result::unwrap()` on an `Err` value: DatabaseNotFound { path: "No such file or directory (os error 2)" }

thread 'prop_crash_recovery' panicked at tests/property_tests.rs:126:74:
called `Result::unwrap()` on an `Err` value: DatabaseNotFound { path: "No such file or directory (os error 2)" }

thread 'prop_crash_recovery' panicked at tests/property_tests.rs:126:74:
called `Result::unwrap()` on an `Err` value: DatabaseNotFound { path: "No such file or directory (os error 2)" }

thread 'prop_crash_recovery' panicked at tests/property_tests.rs:126:74:
called `Result::unwrap()` on an `Err` value: DatabaseNotFound { path: "No such file or directory (os error 2)" }

thread 'prop_crash_recovery' panicked at tests/property_tests.rs:126:74:
called `Result::unwrap()` on an `Err` value: DatabaseNotFound { path: "No such file or directory (os error 2)" }

thread 'prop_crash_recovery' panicked at tests/property_tests.rs:126:74:
called `Result::unwrap()` on an `Err` value: DatabaseNotFound { path: "No such file or directory (os error 2)" }

thread 'prop_crash_recovery' panicked at tests/property_tests.rs:126:74:
called `Result::unwrap()` on an `Err` value: DatabaseNotFound { path: "No such file or directory (os error 2)" }

thread 'prop_crash_recovery' panicked at tests/property_tests.rs:126:74:
called `Result::unwrap()` on an `Err` value: DatabaseNotFound { path: "No such file or directory (os error 2)" }

thread 'prop_crash_recovery' panicked at tests/property_tests.rs:126:74:
called `Result::unwrap()` on an `Err` value: DatabaseNotFound { path: "No such file or directory (os error 2)" }

thread 'prop_crash_recovery' panicked at tests/property_tests.rs:126:74:
called `Result::unwrap()` on an `Err` value: DatabaseNotFound { path: "No such file or directory (os error 2)" }

thread 'prop_crash_recovery' panicked at tests/property_tests.rs:126:74:
called `Result::unwrap()` on an `Err` value: DatabaseNotFound { path: "No such file or directory (os error 2)" }

thread 'prop_crash_recovery' panicked at tests/property_tests.rs:126:74:
called `Result::unwrap()` on an `Err` value: DatabaseNotFound { path: "No such file or directory (os error 2)" }

thread 'prop_crash_recovery' panicked at tests/property_tests.rs:126:74:
called `Result::unwrap()` on an `Err` value: DatabaseNotFound { path: "No such file or directory (os error 2)" }

thread 'prop_crash_recovery' panicked at tests/property_tests.rs:126:74:
called `Result::unwrap()` on an `Err` value: DatabaseNotFound { path: "No such file or directory (os error 2)" }

thread 'prop_crash_recovery' panicked at tests/property_tests.rs:126:74:
called `Result::unwrap()` on an `Err` value: DatabaseNotFound { path: "No such file or directory (os error 2)" }

thread 'prop_crash_recovery' panicked at tests/property_tests.rs:126:74:
called `Result::unwrap()` on an `Err` value: DatabaseNotFound { path: "No such file or directory (os error 2)" }

thread 'prop_crash_recovery' panicked at tests/property_tests.rs:126:74:
called `Result::unwrap()` on an `Err` value: DatabaseNotFound { path: "No such file or directory (os error 2)" }

thread 'prop_crash_recovery' panicked at tests/property_tests.rs:126:74:
called `Result::unwrap()` on an `Err` value: DatabaseNotFound { path: "No such file or directory (os error 2)" }

thread 'prop_crash_recovery' panicked at tests/property_tests.rs:126:74:
called `Result::unwrap()` on an `Err` value: DatabaseNotFound { path: "No such file or directory (os error 2)" }

thread 'prop_crash_recovery' panicked at tests/property_tests.rs:126:74:
called `Result::unwrap()` on an `Err` value: DatabaseNotFound { path: "No such file or directory (os error 2)" }

thread 'prop_crash_recovery' panicked at tests/property_tests.rs:126:74:
called `Result::unwrap()` on an `Err` value: DatabaseNotFound { path: "No such file or directory (os error 2)" }

thread 'prop_crash_recovery' panicked at tests/property_tests.rs:126:74:
called `Result::unwrap()` on an `Err` value: DatabaseNotFound { path: "No such file or directory (os error 2)" }

thread 'prop_crash_recovery' panicked at tests/property_tests.rs:126:74:
called `Result::unwrap()` on an `Err` value: DatabaseNotFound { path: "No such file or directory (os error 2)" }

thread 'prop_crash_recovery' panicked at tests/property_tests.rs:126:74:
called `Result::unwrap()` on an `Err` value: DatabaseNotFound { path: "No such file or directory (os error 2)" }

thread 'prop_crash_recovery' panicked at tests/property_tests.rs:126:74:
called `Result::unwrap()` on an `Err` value: DatabaseNotFound { path: "No such file or directory (os error 2)" }

thread 'prop_crash_recovery' panicked at tests/property_tests.rs:126:74:
called `Result::unwrap()` on an `Err` value: DatabaseNotFound { path: "No such file or directory (os error 2)" }

thread 'prop_crash_recovery' panicked at tests/property_tests.rs:126:74:
called `Result::unwrap()` on an `Err` value: DatabaseNotFound { path: "No such file or directory (os error 2)" }

thread 'prop_crash_recovery' panicked at tests/property_tests.rs:126:74:
called `Result::unwrap()` on an `Err` value: DatabaseNotFound { path: "No such file or directory (os error 2)" }

thread 'prop_crash_recovery' panicked at tests/property_tests.rs:126:74:
called `Result::unwrap()` on an `Err` value: DatabaseNotFound { path: "No such file or directory (os error 2)" }

thread 'prop_crash_recovery' panicked at tests/property_tests.rs:126:74:
called `Result::unwrap()` on an `Err` value: DatabaseNotFound { path: "No such file or directory (os error 2)" }

thread 'prop_crash_recovery' panicked at tests/property_tests.rs:126:74:
called `Result::unwrap()` on an `Err` value: DatabaseNotFound { path: "No such file or directory (os error 2)" }

thread 'prop_crash_recovery' panicked at tests/property_tests.rs:126:74:
called `Result::unwrap()` on an `Err` value: DatabaseNotFound { path: "No such file or directory (os error 2)" }

thread 'prop_crash_recovery' panicked at tests/property_tests.rs:126:74:
called `Result::unwrap()` on an `Err` value: DatabaseNotFound { path: "No such file or directory (os error 2)" }

thread 'prop_crash_recovery' panicked at tests/property_tests.rs:126:74:
called `Result::unwrap()` on an `Err` value: DatabaseNotFound { path: "No such file or directory (os error 2)" }

thread 'prop_crash_recovery' panicked at tests/property_tests.rs:126:74:
called `Result::unwrap()` on an `Err` value: DatabaseNotFound { path: "No such file or directory (os error 2)" }

thread 'prop_crash_recovery' panicked at tests/property_tests.rs:126:74:
called `Result::unwrap()` on an `Err` value: DatabaseNotFound { path: "No such file or directory (os error 2)" }

thread 'prop_crash_recovery' panicked at tests/property_tests.rs:126:74:
called `Result::unwrap()` on an `Err` value: DatabaseNotFound { path: "No such file or directory (os error 2)" }

thread 'prop_crash_recovery' panicked at tests/property_tests.rs:126:74:
called `Result::unwrap()` on an `Err` value: DatabaseNotFound { path: "No such file or directory (os error 2)" }

thread 'prop_crash_recovery' panicked at tests/property_tests.rs:126:74:
called `Result::unwrap()` on an `Err` value: DatabaseNotFound { path: "No such file or directory (os error 2)" }

thread 'prop_crash_recovery' panicked at tests/property_tests.rs:126:74:
called `Result::unwrap()` on an `Err` value: DatabaseNotFound { path: "No such file or directory (os error 2)" }

thread 'prop_crash_recovery' panicked at tests/property_tests.rs:126:74:
called `Result::unwrap()` on an `Err` value: DatabaseNotFound { path: "No such file or directory (os error 2)" }

thread 'prop_crash_recovery' panicked at tests/property_tests.rs:126:74:
called `Result::unwrap()` on an `Err` value: DatabaseNotFound { path: "No such file or directory (os error 2)" }

thread 'prop_crash_recovery' panicked at tests/property_tests.rs:126:74:
called `Result::unwrap()` on an `Err` value: DatabaseNotFound { path: "No such file or directory (os error 2)" }

thread 'prop_crash_recovery' panicked at tests/property_tests.rs:126:74:
called `Result::unwrap()` on an `Err` value: DatabaseNotFound { path: "No such file or directory (os error 2)" }

thread 'prop_crash_recovery' panicked at tests/property_tests.rs:126:74:
called `Result::unwrap()` on an `Err` value: DatabaseNotFound { path: "No such file or directory (os error 2)" }

thread 'prop_crash_recovery' panicked at tests/property_tests.rs:126:74:
called `Result::unwrap()` on an `Err` value: DatabaseNotFound { path: "No such file or directory (os error 2)" }

thread 'prop_crash_recovery' panicked at tests/property_tests.rs:126:74:
called `Result::unwrap()` on an `Err` value: DatabaseNotFound { path: "No such file or directory (os error 2)" }

thread 'prop_crash_recovery' panicked at tests/property_tests.rs:126:74:
called `Result::unwrap()` on an `Err` value: DatabaseNotFound { path: "No such file or directory (os error 2)" }

thread 'prop_crash_recovery' panicked at tests/property_tests.rs:126:74:
called `Result::unwrap()` on an `Err` value: DatabaseNotFound { path: "No such file or directory (os error 2)" }

thread 'prop_crash_recovery' panicked at tests/property_tests.rs:126:74:
called `Result::unwrap()` on an `Err` value: DatabaseNotFound { path: "No such file or directory (os error 2)" }

thread 'prop_crash_recovery' panicked at tests/property_tests.rs:126:74:
called `Result::unwrap()` on an `Err` value: DatabaseNotFound { path: "No such file or directory (os error 2)" }

thread 'prop_crash_recovery' panicked at tests/property_tests.rs:126:74:
called `Result::unwrap()` on an `Err` value: DatabaseNotFound { path: "No such file or directory (os error 2)" }

thread 'prop_crash_recovery' panicked at tests/property_tests.rs:126:74:
called `Result::unwrap()` on an `Err` value: DatabaseNotFound { path: "No such file or directory (os error 2)" }

thread 'prop_crash_recovery' panicked at tests/property_tests.rs:126:74:
called `Result::unwrap()` on an `Err` value: DatabaseNotFound { path: "No such file or directory (os error 2)" }

thread 'prop_crash_recovery' panicked at tests/property_tests.rs:126:74:
called `Result::unwrap()` on an `Err` value: DatabaseNotFound { path: "No such file or directory (os error 2)" }

thread 'prop_crash_recovery' panicked at tests/property_tests.rs:126:74:
called `Result::unwrap()` on an `Err` value: DatabaseNotFound { path: "No such file or directory (os error 2)" }

thread 'prop_crash_recovery' panicked at tests/property_tests.rs:126:74:
called `Result::unwrap()` on an `Err` value: DatabaseNotFound { path: "No such file or directory (os error 2)" }

thread 'prop_crash_recovery' panicked at tests/property_tests.rs:126:74:
called `Result::unwrap()` on an `Err` value: DatabaseNotFound { path: "No such file or directory (os error 2)" }

thread 'prop_crash_recovery' panicked at tests/property_tests.rs:126:74:
called `Result::unwrap()` on an `Err` value: DatabaseNotFound { path: "No such file or directory (os error 2)" }

thread 'prop_crash_recovery' panicked at tests/property_tests.rs:126:74:
called `Result::unwrap()` on an `Err` value: DatabaseNotFound { path: "No such file or directory (os error 2)" }

thread 'prop_crash_recovery' panicked at tests/property_tests.rs:126:74:
called `Result::unwrap()` on an `Err` value: DatabaseNotFound { path: "No such file or directory (os error 2)" }

thread 'prop_crash_recovery' panicked at tests/property_tests.rs:126:74:
called `Result::unwrap()` on an `Err` value: DatabaseNotFound { path: "No such file or directory (os error 2)" }

thread 'prop_crash_recovery' panicked at tests/property_tests.rs:126:74:
called `Result::unwrap()` on an `Err` value: DatabaseNotFound { path: "No such file or directory (os error 2)" }

thread 'prop_crash_recovery' panicked at tests/property_tests.rs:126:74:
called `Result::unwrap()` on an `Err` value: DatabaseNotFound { path: "No such file or directory (os error 2)" }

thread 'prop_crash_recovery' panicked at tests/property_tests.rs:126:74:
called `Result::unwrap()` on an `Err` value: DatabaseNotFound { path: "No such file or directory (os error 2)" }

thread 'prop_crash_recovery' panicked at tests/property_tests.rs:126:74:
called `Result::unwrap()` on an `Err` value: DatabaseNotFound { path: "No such file or directory (os error 2)" }

thread 'prop_crash_recovery' panicked at tests/property_tests.rs:126:74:
called `Result::unwrap()` on an `Err` value: DatabaseNotFound { path: "No such file or directory (os error 2)" }

thread 'prop_crash_recovery' panicked at tests/property_tests.rs:126:74:
called `Result::unwrap()` on an `Err` value: DatabaseNotFound { path: "No such file or directory (os error 2)" }

thread 'prop_crash_recovery' panicked at tests/property_tests.rs:126:74:
called `Result::unwrap()` on an `Err` value: DatabaseNotFound { path: "No such file or directory (os error 2)" }

thread 'prop_crash_recovery' panicked at tests/property_tests.rs:126:74:
called `Result::unwrap()` on an `Err` value: DatabaseNotFound { path: "No such file or directory (os error 2)" }

thread 'prop_crash_recovery' panicked at tests/property_tests.rs:126:74:
called `Result::unwrap()` on an `Err` value: DatabaseNotFound { path: "No such file or directory (os error 2)" }

thread 'prop_crash_recovery' panicked at tests/property_tests.rs:126:74:
called `Result::unwrap()` on an `Err` value: DatabaseNotFound { path: "No such file or directory (os error 2)" }

thread 'prop_crash_recovery' panicked at tests/property_tests.rs:126:74:
called `Result::unwrap()` on an `Err` value: DatabaseNotFound { path: "No such file or directory (os error 2)" }

thread 'prop_crash_recovery' panicked at tests/property_tests.rs:126:74:
called `Result::unwrap()` on an `Err` value: DatabaseNotFound { path: "No such file or directory (os error 2)" }

thread 'prop_crash_recovery' panicked at tests/property_tests.rs:126:74:
called `Result::unwrap()` on an `Err` value: DatabaseNotFound { path: "No such file or directory (os error 2)" }

thread 'prop_crash_recovery' panicked at tests/property_tests.rs:126:74:
called `Result::unwrap()` on an `Err` value: DatabaseNotFound { path: "No such file or directory (os error 2)" }

thread 'prop_crash_recovery' panicked at tests/property_tests.rs:126:74:
called `Result::unwrap()` on an `Err` value: DatabaseNotFound { path: "No such file or directory (os error 2)" }

thread 'prop_crash_recovery' panicked at tests/property_tests.rs:126:74:
called `Result::unwrap()` on an `Err` value: DatabaseNotFound { path: "No such file or directory (os error 2)" }

thread 'prop_crash_recovery' panicked at tests/property_tests.rs:126:74:
called `Result::unwrap()` on an `Err` value: DatabaseNotFound { path: "No such file or directory (os error 2)" }

thread 'prop_crash_recovery' panicked at tests/property_tests.rs:126:74:
called `Result::unwrap()` on an `Err` value: DatabaseNotFound { path: "No such file or directory (os error 2)" }

thread 'prop_crash_recovery' panicked at tests/property_tests.rs:126:74:
called `Result::unwrap()` on an `Err` value: DatabaseNotFound { path: "No such file or directory (os error 2)" }

thread 'prop_crash_recovery' panicked at tests/property_tests.rs:126:74:
called `Result::unwrap()` on an `Err` value: DatabaseNotFound { path: "No such file or directory (os error 2)" }

thread 'prop_crash_recovery' panicked at tests/property_tests.rs:126:74:
called `Result::unwrap()` on an `Err` value: DatabaseNotFound { path: "No such file or directory (os error 2)" }

thread 'prop_crash_recovery' panicked at tests/property_tests.rs:126:74:
called `Result::unwrap()` on an `Err` value: DatabaseNotFound { path: "No such file or directory (os error 2)" }

thread 'prop_crash_recovery' panicked at tests/property_tests.rs:126:74:
called `Result::unwrap()` on an `Err` value: DatabaseNotFound { path: "No such file or directory (os error 2)" }

thread 'prop_crash_recovery' panicked at tests/property_tests.rs:126:74:
called `Result::unwrap()` on an `Err` value: DatabaseNotFound { path: "No such file or directory (os error 2)" }

thread 'prop_crash_recovery' panicked at tests/property_tests.rs:126:74:
called `Result::unwrap()` on an `Err` value: DatabaseNotFound { path: "No such file or directory (os error 2)" }

thread 'prop_crash_recovery' panicked at tests/property_tests.rs:126:74:
called `Result::unwrap()` on an `Err` value: DatabaseNotFound { path: "No such file or directory (os error 2)" }

thread 'prop_crash_recovery' panicked at tests/property_tests.rs:126:74:
called `Result::unwrap()` on an `Err` value: DatabaseNotFound { path: "No such file or directory (os error 2)" }

thread 'prop_crash_recovery' panicked at tests/property_tests.rs:126:74:
called `Result::unwrap()` on an `Err` value: DatabaseNotFound { path: "No such file or directory (os error 2)" }

thread 'prop_crash_recovery' panicked at tests/property_tests.rs:126:74:
called `Result::unwrap()` on an `Err` value: DatabaseNotFound { path: "No such file or directory (os error 2)" }

thread 'prop_crash_recovery' panicked at tests/property_tests.rs:126:74:
called `Result::unwrap()` on an `Err` value: DatabaseNotFound { path: "No such file or directory (os error 2)" }

thread 'prop_crash_recovery' panicked at tests/property_tests.rs:126:74:
called `Result::unwrap()` on an `Err` value: DatabaseNotFound { path: "No such file or directory (os error 2)" }

thread 'prop_crash_recovery' panicked at tests/property_tests.rs:126:74:
called `Result::unwrap()` on an `Err` value: DatabaseNotFound { path: "No such file or directory (os error 2)" }

thread 'prop_crash_recovery' panicked at tests/property_tests.rs:126:74:
called `Result::unwrap()` on an `Err` value: DatabaseNotFound { path: "No such file or directory (os error 2)" }

thread 'prop_crash_recovery' panicked at tests/property_tests.rs:126:74:
called `Result::unwrap()` on an `Err` value: DatabaseNotFound { path: "No such file or directory (os error 2)" }

thread 'prop_crash_recovery' panicked at tests/property_tests.rs:126:74:
called `Result::unwrap()` on an `Err` value: DatabaseNotFound { path: "No such file or directory (os error 2)" }

thread 'prop_crash_recovery' panicked at tests/property_tests.rs:126:74:
called `Result::unwrap()` on an `Err` value: DatabaseNotFound { path: "No such file or directory (os error 2)" }

thread 'prop_crash_recovery' panicked at tests/property_tests.rs:126:74:
called `Result::unwrap()` on an `Err` value: DatabaseNotFound { path: "No such file or directory (os error 2)" }

thread 'prop_crash_recovery' panicked at tests/property_tests.rs:126:74:
called `Result::unwrap()` on an `Err` value: DatabaseNotFound { path: "No such file or directory (os error 2)" }

thread 'prop_crash_recovery' panicked at tests/property_tests.rs:126:74:
called `Result::unwrap()` on an `Err` value: DatabaseNotFound { path: "No such file or directory (os error 2)" }

thread 'prop_crash_recovery' panicked at tests/property_tests.rs:126:74:
called `Result::unwrap()` on an `Err` value: DatabaseNotFound { path: "No such file or directory (os error 2)" }

thread 'prop_crash_recovery' panicked at tests/property_tests.rs:126:74:
called `Result::unwrap()` on an `Err` value: DatabaseNotFound { path: "No such file or directory (os error 2)" }

thread 'prop_crash_recovery' panicked at tests/property_tests.rs:126:74:
called `Result::unwrap()` on an `Err` value: DatabaseNotFound { path: "No such file or directory (os error 2)" }

thread 'prop_crash_recovery' panicked at tests/property_tests.rs:126:74:
called `Result::unwrap()` on an `Err` value: DatabaseNotFound { path: "No such file or directory (os error 2)" }

thread 'prop_crash_recovery' panicked at tests/property_tests.rs:126:74:
called `Result::unwrap()` on an `Err` value: DatabaseNotFound { path: "No such file or directory (os error 2)" }

thread 'prop_crash_recovery' panicked at tests/property_tests.rs:126:74:
called `Result::unwrap()` on an `Err` value: DatabaseNotFound { path: "No such file or directory (os error 2)" }

thread 'prop_crash_recovery' panicked at tests/property_tests.rs:126:74:
called `Result::unwrap()` on an `Err` value: DatabaseNotFound { path: "No such file or directory (os error 2)" }

thread 'prop_crash_recovery' panicked at tests/property_tests.rs:126:74:
called `Result::unwrap()` on an `Err` value: DatabaseNotFound { path: "No such file or directory (os error 2)" }

thread 'prop_crash_recovery' panicked at tests/property_tests.rs:126:74:
called `Result::unwrap()` on an `Err` value: DatabaseNotFound { path: "No such file or directory (os error 2)" }

thread 'prop_crash_recovery' panicked at tests/property_tests.rs:126:74:
called `Result::unwrap()` on an `Err` value: DatabaseNotFound { path: "No such file or directory (os error 2)" }

thread 'prop_crash_recovery' panicked at tests/property_tests.rs:126:74:
called `Result::unwrap()` on an `Err` value: DatabaseNotFound { path: "No such file or directory (os error 2)" }

thread 'prop_crash_recovery' panicked at tests/property_tests.rs:126:74:
called `Result::unwrap()` on an `Err` value: DatabaseNotFound { path: "No such file or directory (os error 2)" }

thread 'prop_crash_recovery' panicked at tests/property_tests.rs:126:74:
called `Result::unwrap()` on an `Err` value: DatabaseNotFound { path: "No such file or directory (os error 2)" }

thread 'prop_crash_recovery' panicked at tests/property_tests.rs:126:74:
called `Result::unwrap()` on an `Err` value: DatabaseNotFound { path: "No such file or directory (os error 2)" }

thread 'prop_crash_recovery' panicked at tests/property_tests.rs:126:74:
called `Result::unwrap()` on an `Err` value: DatabaseNotFound { path: "No such file or directory (os error 2)" }

thread 'prop_crash_recovery' panicked at tests/property_tests.rs:126:74:
called `Result::unwrap()` on an `Err` value: DatabaseNotFound { path: "No such file or directory (os error 2)" }

thread 'prop_crash_recovery' panicked at tests/property_tests.rs:126:74:
called `Result::unwrap()` on an `Err` value: DatabaseNotFound { path: "No such file or directory (os error 2)" }

thread 'prop_crash_recovery' panicked at tests/property_tests.rs:126:74:
called `Result::unwrap()` on an `Err` value: DatabaseNotFound { path: "No such file or directory (os error 2)" }

thread 'prop_crash_recovery' panicked at tests/property_tests.rs:126:74:
called `Result::unwrap()` on an `Err` value: DatabaseNotFound { path: "No such file or directory (os error 2)" }

thread 'prop_crash_recovery' panicked at tests/property_tests.rs:126:74:
called `Result::unwrap()` on an `Err` value: DatabaseNotFound { path: "No such file or directory (os error 2)" }

thread 'prop_crash_recovery' panicked at tests/property_tests.rs:126:74:
called `Result::unwrap()` on an `Err` value: DatabaseNotFound { path: "No such file or directory (os error 2)" }

thread 'prop_crash_recovery' panicked at tests/property_tests.rs:126:74:
called `Result::unwrap()` on an `Err` value: DatabaseNotFound { path: "No such file or directory (os error 2)" }

thread 'prop_crash_recovery' panicked at tests/property_tests.rs:126:74:
called `Result::unwrap()` on an `Err` value: DatabaseNotFound { path: "No such file or directory (os error 2)" }

thread 'prop_crash_recovery' panicked at tests/property_tests.rs:126:74:
called `Result::unwrap()` on an `Err` value: DatabaseNotFound { path: "No such file or directory (os error 2)" }

thread 'prop_crash_recovery' panicked at tests/property_tests.rs:126:74:
called `Result::unwrap()` on an `Err` value: DatabaseNotFound { path: "No such file or directory (os error 2)" }

thread 'prop_crash_recovery' panicked at tests/property_tests.rs:126:74:
called `Result::unwrap()` on an `Err` value: DatabaseNotFound { path: "No such file or directory (os error 2)" }

thread 'prop_crash_recovery' panicked at tests/property_tests.rs:126:74:
called `Result::unwrap()` on an `Err` value: DatabaseNotFound { path: "No such file or directory (os error 2)" }

thread 'prop_crash_recovery' panicked at tests/property_tests.rs:126:74:
called `Result::unwrap()` on an `Err` value: DatabaseNotFound { path: "No such file or directory (os error 2)" }

thread 'prop_crash_recovery' panicked at tests/property_tests.rs:126:74:
called `Result::unwrap()` on an `Err` value: DatabaseNotFound { path: "No such file or directory (os error 2)" }

thread 'prop_crash_recovery' panicked at tests/property_tests.rs:126:74:
called `Result::unwrap()` on an `Err` value: DatabaseNotFound { path: "No such file or directory (os error 2)" }

thread 'prop_crash_recovery' panicked at tests/property_tests.rs:126:74:
called `Result::unwrap()` on an `Err` value: DatabaseNotFound { path: "No such file or directory (os error 2)" }

thread 'prop_crash_recovery' panicked at tests/property_tests.rs:126:74:
called `Result::unwrap()` on an `Err` value: DatabaseNotFound { path: "No such file or directory (os error 2)" }

thread 'prop_crash_recovery' panicked at tests/property_tests.rs:126:74:
called `Result::unwrap()` on an `Err` value: DatabaseNotFound { path: "No such file or directory (os error 2)" }

thread 'prop_crash_recovery' panicked at tests/property_tests.rs:126:74:
called `Result::unwrap()` on an `Err` value: DatabaseNotFound { path: "No such file or directory (os error 2)" }

thread 'prop_crash_recovery' panicked at tests/property_tests.rs:126:74:
called `Result::unwrap()` on an `Err` value: DatabaseNotFound { path: "No such file or directory (os error 2)" }

thread 'prop_crash_recovery' panicked at tests/property_tests.rs:126:74:
called `Result::unwrap()` on an `Err` value: DatabaseNotFound { path: "No such file or directory (os error 2)" }

thread 'prop_crash_recovery' panicked at tests/property_tests.rs:126:74:
called `Result::unwrap()` on an `Err` value: DatabaseNotFound { path: "No such file or directory (os error 2)" }

thread 'prop_crash_recovery' panicked at tests/property_tests.rs:126:74:
called `Result::unwrap()` on an `Err` value: DatabaseNotFound { path: "No such file or directory (os error 2)" }

thread 'prop_crash_recovery' panicked at tests/property_tests.rs:126:74:
called `Result::unwrap()` on an `Err` value: DatabaseNotFound { path: "No such file or directory (os error 2)" }

thread 'prop_crash_recovery' panicked at tests/property_tests.rs:126:74:
called `Result::unwrap()` on an `Err` value: DatabaseNotFound { path: "No such file or directory (os error 2)" }

thread 'prop_crash_recovery' panicked at tests/property_tests.rs:126:74:
called `Result::unwrap()` on an `Err` value: DatabaseNotFound { path: "No such file or directory (os error 2)" }

thread 'prop_crash_recovery' panicked at tests/property_tests.rs:126:74:
called `Result::unwrap()` on an `Err` value: DatabaseNotFound { path: "No such file or directory (os error 2)" }

thread 'prop_crash_recovery' panicked at tests/property_tests.rs:126:74:
called `Result::unwrap()` on an `Err` value: DatabaseNotFound { path: "No such file or directory (os error 2)" }

thread 'prop_crash_recovery' panicked at tests/property_tests.rs:126:74:
called `Result::unwrap()` on an `Err` value: DatabaseNotFound { path: "No such file or directory (os error 2)" }

thread 'prop_crash_recovery' panicked at tests/property_tests.rs:126:74:
called `Result::unwrap()` on an `Err` value: DatabaseNotFound { path: "No such file or directory (os error 2)" }

thread 'prop_crash_recovery' panicked at tests/property_tests.rs:126:74:
called `Result::unwrap()` on an `Err` value: DatabaseNotFound { path: "No such file or directory (os error 2)" }

thread 'prop_crash_recovery' panicked at tests/property_tests.rs:126:74:
called `Result::unwrap()` on an `Err` value: DatabaseNotFound { path: "No such file or directory (os error 2)" }

thread 'prop_crash_recovery' panicked at tests/property_tests.rs:126:74:
called `Result::unwrap()` on an `Err` value: DatabaseNotFound { path: "No such file or directory (os error 2)" }

thread 'prop_crash_recovery' panicked at tests/property_tests.rs:126:74:
called `Result::unwrap()` on an `Err` value: DatabaseNotFound { path: "No such file or directory (os error 2)" }

thread 'prop_crash_recovery' panicked at tests/property_tests.rs:126:74:
called `Result::unwrap()` on an `Err` value: DatabaseNotFound { path: "No such file or directory (os error 2)" }

thread 'prop_crash_recovery' panicked at tests/property_tests.rs:126:74:
called `Result::unwrap()` on an `Err` value: DatabaseNotFound { path: "No such file or directory (os error 2)" }

thread 'prop_crash_recovery' panicked at tests/property_tests.rs:126:74:
called `Result::unwrap()` on an `Err` value: DatabaseNotFound { path: "No such file or directory (os error 2)" }

thread 'prop_crash_recovery' panicked at tests/property_tests.rs:126:74:
called `Result::unwrap()` on an `Err` value: DatabaseNotFound { path: "No such file or directory (os error 2)" }

thread 'prop_crash_recovery' panicked at tests/property_tests.rs:126:74:
called `Result::unwrap()` on an `Err` value: DatabaseNotFound { path: "No such file or directory (os error 2)" }

thread 'prop_crash_recovery' panicked at tests/property_tests.rs:126:74:
called `Result::unwrap()` on an `Err` value: DatabaseNotFound { path: "No such file or directory (os error 2)" }

thread 'prop_crash_recovery' panicked at tests/property_tests.rs:126:74:
called `Result::unwrap()` on an `Err` value: DatabaseNotFound { path: "No such file or directory (os error 2)" }

thread 'prop_crash_recovery' panicked at tests/property_tests.rs:126:74:
called `Result::unwrap()` on an `Err` value: DatabaseNotFound { path: "No such file or directory (os error 2)" }

thread 'prop_crash_recovery' panicked at tests/property_tests.rs:126:74:
called `Result::unwrap()` on an `Err` value: DatabaseNotFound { path: "No such file or directory (os error 2)" }

thread 'prop_crash_recovery' panicked at tests/property_tests.rs:126:74:
called `Result::unwrap()` on an `Err` value: DatabaseNotFound { path: "No such file or directory (os error 2)" }

thread 'prop_crash_recovery' panicked at tests/property_tests.rs:126:74:
called `Result::unwrap()` on an `Err` value: DatabaseNotFound { path: "No such file or directory (os error 2)" }

thread 'prop_crash_recovery' panicked at tests/property_tests.rs:126:74:
called `Result::unwrap()` on an `Err` value: DatabaseNotFound { path: "No such file or directory (os error 2)" }

thread 'prop_crash_recovery' panicked at tests/property_tests.rs:126:74:
called `Result::unwrap()` on an `Err` value: DatabaseNotFound { path: "No such file or directory (os error 2)" }

thread 'prop_crash_recovery' panicked at tests/property_tests.rs:126:74:
called `Result::unwrap()` on an `Err` value: DatabaseNotFound { path: "No such file or directory (os error 2)" }

thread 'prop_crash_recovery' panicked at tests/property_tests.rs:126:74:
called `Result::unwrap()` on an `Err` value: DatabaseNotFound { path: "No such file or directory (os error 2)" }

thread 'prop_crash_recovery' panicked at tests/property_tests.rs:126:74:
called `Result::unwrap()` on an `Err` value: DatabaseNotFound { path: "No such file or directory (os error 2)" }

thread 'prop_crash_recovery' panicked at tests/property_tests.rs:126:74:
called `Result::unwrap()` on an `Err` value: DatabaseNotFound { path: "No such file or directory (os error 2)" }

thread 'prop_crash_recovery' panicked at tests/property_tests.rs:126:74:
called `Result::unwrap()` on an `Err` value: DatabaseNotFound { path: "No such file or directory (os error 2)" }

thread 'prop_crash_recovery' panicked at tests/property_tests.rs:126:74:
called `Result::unwrap()` on an `Err` value: DatabaseNotFound { path: "No such file or directory (os error 2)" }

thread 'prop_crash_recovery' panicked at tests/property_tests.rs:126:74:
called `Result::unwrap()` on an `Err` value: DatabaseNotFound { path: "No such file or directory (os error 2)" }

thread 'prop_crash_recovery' panicked at tests/property_tests.rs:126:74:
called `Result::unwrap()` on an `Err` value: DatabaseNotFound { path: "No such file or directory (os error 2)" }

thread 'prop_crash_recovery' panicked at tests/property_tests.rs:126:74:
called `Result::unwrap()` on an `Err` value: DatabaseNotFound { path: "No such file or directory (os error 2)" }

thread 'prop_crash_recovery' panicked at tests/property_tests.rs:126:74:
called `Result::unwrap()` on an `Err` value: DatabaseNotFound { path: "No such file or directory (os error 2)" }

thread 'prop_crash_recovery' panicked at tests/property_tests.rs:126:74:
called `Result::unwrap()` on an `Err` value: DatabaseNotFound { path: "No such file or directory (os error 2)" }

thread 'prop_crash_recovery' panicked at tests/property_tests.rs:126:74:
called `Result::unwrap()` on an `Err` value: DatabaseNotFound { path: "No such file or directory (os error 2)" }

thread 'prop_crash_recovery' panicked at tests/property_tests.rs:126:74:
called `Result::unwrap()` on an `Err` value: DatabaseNotFound { path: "No such file or directory (os error 2)" }

thread 'prop_crash_recovery' panicked at tests/property_tests.rs:126:74:
called `Result::unwrap()` on an `Err` value: DatabaseNotFound { path: "No such file or directory (os error 2)" }

thread 'prop_crash_recovery' panicked at tests/property_tests.rs:126:74:
called `Result::unwrap()` on an `Err` value: DatabaseNotFound { path: "No such file or directory (os error 2)" }

thread 'prop_crash_recovery' panicked at tests/property_tests.rs:126:74:
called `Result::unwrap()` on an `Err` value: DatabaseNotFound { path: "No such file or directory (os error 2)" }

thread 'prop_crash_recovery' panicked at tests/property_tests.rs:126:74:
called `Result::unwrap()` on an `Err` value: DatabaseNotFound { path: "No such file or directory (os error 2)" }

thread 'prop_crash_recovery' panicked at tests/property_tests.rs:126:74:
called `Result::unwrap()` on an `Err` value: DatabaseNotFound { path: "No such file or directory (os error 2)" }

thread 'prop_crash_recovery' panicked at tests/property_tests.rs:126:74:
called `Result::unwrap()` on an `Err` value: DatabaseNotFound { path: "No such file or directory (os error 2)" }

thread 'prop_crash_recovery' panicked at tests/property_tests.rs:126:74:
called `Result::unwrap()` on an `Err` value: DatabaseNotFound { path: "No such file or directory (os error 2)" }

thread 'prop_crash_recovery' panicked at tests/property_tests.rs:126:74:
called `Result::unwrap()` on an `Err` value: DatabaseNotFound { path: "No such file or directory (os error 2)" }

thread 'prop_crash_recovery' panicked at tests/property_tests.rs:126:74:
called `Result::unwrap()` on an `Err` value: DatabaseNotFound { path: "No such file or directory (os error 2)" }

thread 'prop_crash_recovery' panicked at tests/property_tests.rs:126:74:
called `Result::unwrap()` on an `Err` value: DatabaseNotFound { path: "No such file or directory (os error 2)" }

thread 'prop_crash_recovery' panicked at tests/property_tests.rs:126:74:
called `Result::unwrap()` on an `Err` value: DatabaseNotFound { path: "No such file or directory (os error 2)" }

thread 'prop_crash_recovery' panicked at tests/property_tests.rs:126:74:
called `Result::unwrap()` on an `Err` value: DatabaseNotFound { path: "No such file or directory (os error 2)" }

thread 'prop_crash_recovery' panicked at tests/property_tests.rs:126:74:
called `Result::unwrap()` on an `Err` value: DatabaseNotFound { path: "No such file or directory (os error 2)" }

thread 'prop_crash_recovery' panicked at tests/property_tests.rs:126:74:
called `Result::unwrap()` on an `Err` value: DatabaseNotFound { path: "No such file or directory (os error 2)" }

thread 'prop_crash_recovery' panicked at tests/property_tests.rs:126:74:
called `Result::unwrap()` on an `Err` value: DatabaseNotFound { path: "No such file or directory (os error 2)" }

thread 'prop_crash_recovery' panicked at tests/property_tests.rs:126:74:
called `Result::unwrap()` on an `Err` value: DatabaseNotFound { path: "No such file or directory (os error 2)" }

thread 'prop_crash_recovery' panicked at tests/property_tests.rs:126:74:
called `Result::unwrap()` on an `Err` value: DatabaseNotFound { path: "No such file or directory (os error 2)" }

thread 'prop_crash_recovery' panicked at tests/property_tests.rs:126:74:
called `Result::unwrap()` on an `Err` value: DatabaseNotFound { path: "No such file or directory (os error 2)" }

thread 'prop_crash_recovery' panicked at tests/property_tests.rs:126:74:
called `Result::unwrap()` on an `Err` value: DatabaseNotFound { path: "No such file or directory (os error 2)" }

thread 'prop_crash_recovery' panicked at tests/property_tests.rs:126:74:
called `Result::unwrap()` on an `Err` value: DatabaseNotFound { path: "No such file or directory (os error 2)" }

thread 'prop_crash_recovery' panicked at tests/property_tests.rs:126:74:
called `Result::unwrap()` on an `Err` value: DatabaseNotFound { path: "No such file or directory (os error 2)" }

thread 'prop_crash_recovery' panicked at tests/property_tests.rs:126:74:
called `Result::unwrap()` on an `Err` value: DatabaseNotFound { path: "No such file or directory (os error 2)" }

thread 'prop_crash_recovery' panicked at tests/property_tests.rs:126:74:
called `Result::unwrap()` on an `Err` value: DatabaseNotFound { path: "No such file or directory (os error 2)" }

thread 'prop_crash_recovery' panicked at tests/property_tests.rs:126:74:
called `Result::unwrap()` on an `Err` value: DatabaseNotFound { path: "No such file or directory (os error 2)" }

thread 'prop_crash_recovery' panicked at tests/property_tests.rs:126:74:
called `Result::unwrap()` on an `Err` value: DatabaseNotFound { path: "No such file or directory (os error 2)" }

thread 'prop_crash_recovery' panicked at tests/property_tests.rs:126:74:
called `Result::unwrap()` on an `Err` value: DatabaseNotFound { path: "No such file or directory (os error 2)" }

thread 'prop_crash_recovery' panicked at tests/property_tests.rs:126:74:
called `Result::unwrap()` on an `Err` value: DatabaseNotFound { path: "No such file or directory (os error 2)" }

thread 'prop_crash_recovery' panicked at tests/property_tests.rs:126:74:
called `Result::unwrap()` on an `Err` value: DatabaseNotFound { path: "No such file or directory (os error 2)" }

thread 'prop_crash_recovery' panicked at tests/property_tests.rs:126:74:
called `Result::unwrap()` on an `Err` value: DatabaseNotFound { path: "No such file or directory (os error 2)" }

thread 'prop_crash_recovery' panicked at tests/property_tests.rs:126:74:
called `Result::unwrap()` on an `Err` value: DatabaseNotFound { path: "No such file or directory (os error 2)" }

thread 'prop_crash_recovery' panicked at tests/property_tests.rs:126:74:
called `Result::unwrap()` on an `Err` value: DatabaseNotFound { path: "No such file or directory (os error 2)" }

thread 'prop_crash_recovery' panicked at tests/property_tests.rs:126:74:
called `Result::unwrap()` on an `Err` value: DatabaseNotFound { path: "No such file or directory (os error 2)" }

thread 'prop_crash_recovery' panicked at tests/property_tests.rs:126:74:
called `Result::unwrap()` on an `Err` value: DatabaseNotFound { path: "No such file or directory (os error 2)" }

thread 'prop_crash_recovery' panicked at tests/property_tests.rs:126:74:
called `Result::unwrap()` on an `Err` value: DatabaseNotFound { path: "No such file or directory (os error 2)" }

thread 'prop_crash_recovery' panicked at tests/property_tests.rs:126:74:
called `Result::unwrap()` on an `Err` value: DatabaseNotFound { path: "No such file or directory (os error 2)" }

thread 'prop_crash_recovery' panicked at tests/property_tests.rs:126:74:
called `Result::unwrap()` on an `Err` value: DatabaseNotFound { path: "No such file or directory (os error 2)" }

thread 'prop_crash_recovery' panicked at tests/property_tests.rs:126:74:
called `Result::unwrap()` on an `Err` value: DatabaseNotFound { path: "No such file or directory (os error 2)" }

thread 'prop_crash_recovery' panicked at tests/property_tests.rs:126:74:
called `Result::unwrap()` on an `Err` value: DatabaseNotFound { path: "No such file or directory (os error 2)" }

thread 'prop_crash_recovery' panicked at tests/property_tests.rs:126:74:
called `Result::unwrap()` on an `Err` value: DatabaseNotFound { path: "No such file or directory (os error 2)" }

thread 'prop_crash_recovery' panicked at tests/property_tests.rs:126:74:
called `Result::unwrap()` on an `Err` value: DatabaseNotFound { path: "No such file or directory (os error 2)" }

thread 'prop_crash_recovery' panicked at tests/property_tests.rs:126:74:
called `Result::unwrap()` on an `Err` value: DatabaseNotFound { path: "No such file or directory (os error 2)" }

thread 'prop_crash_recovery' panicked at tests/property_tests.rs:126:74:
called `Result::unwrap()` on an `Err` value: DatabaseNotFound { path: "No such file or directory (os error 2)" }

thread 'prop_crash_recovery' panicked at tests/property_tests.rs:126:74:
called `Result::unwrap()` on an `Err` value: DatabaseNotFound { path: "No such file or directory (os error 2)" }

thread 'prop_crash_recovery' panicked at tests/property_tests.rs:126:74:
called `Result::unwrap()` on an `Err` value: DatabaseNotFound { path: "No such file or directory (os error 2)" }

thread 'prop_crash_recovery' panicked at tests/property_tests.rs:126:74:
called `Result::unwrap()` on an `Err` value: DatabaseNotFound { path: "No such file or directory (os error 2)" }

thread 'prop_crash_recovery' panicked at tests/property_tests.rs:126:74:
called `Result::unwrap()` on an `Err` value: DatabaseNotFound { path: "No such file or directory (os error 2)" }

thread 'prop_crash_recovery' panicked at tests/property_tests.rs:126:74:
called `Result::unwrap()` on an `Err` value: DatabaseNotFound { path: "No such file or directory (os error 2)" }

thread 'prop_crash_recovery' panicked at tests/property_tests.rs:126:74:
called `Result::unwrap()` on an `Err` value: DatabaseNotFound { path: "No such file or directory (os error 2)" }

thread 'prop_crash_recovery' panicked at tests/property_tests.rs:126:74:
called `Result::unwrap()` on an `Err` value: DatabaseNotFound { path: "No such file or directory (os error 2)" }

thread 'prop_crash_recovery' panicked at tests/property_tests.rs:126:74:
called `Result::unwrap()` on an `Err` value: DatabaseNotFound { path: "No such file or directory (os error 2)" }

thread 'prop_crash_recovery' panicked at tests/property_tests.rs:126:74:
called `Result::unwrap()` on an `Err` value: DatabaseNotFound { path: "No such file or directory (os error 2)" }

thread 'prop_crash_recovery' panicked at tests/property_tests.rs:126:74:
called `Result::unwrap()` on an `Err` value: DatabaseNotFound { path: "No such file or directory (os error 2)" }

thread 'prop_crash_recovery' panicked at tests/property_tests.rs:126:74:
called `Result::unwrap()` on an `Err` value: DatabaseNotFound { path: "No such file or directory (os error 2)" }

thread 'prop_crash_recovery' panicked at tests/property_tests.rs:126:74:
called `Result::unwrap()` on an `Err` value: DatabaseNotFound { path: "No such file or directory (os error 2)" }

thread 'prop_crash_recovery' panicked at tests/property_tests.rs:126:74:
called `Result::unwrap()` on an `Err` value: DatabaseNotFound { path: "No such file or directory (os error 2)" }

thread 'prop_crash_recovery' panicked at tests/property_tests.rs:126:74:
called `Result::unwrap()` on an `Err` value: DatabaseNotFound { path: "No such file or directory (os error 2)" }

thread 'prop_crash_recovery' panicked at tests/property_tests.rs:126:74:
called `Result::unwrap()` on an `Err` value: DatabaseNotFound { path: "No such file or directory (os error 2)" }

thread 'prop_crash_recovery' panicked at tests/property_tests.rs:126:74:
called `Result::unwrap()` on an `Err` value: DatabaseNotFound { path: "No such file or directory (os error 2)" }

thread 'prop_crash_recovery' panicked at tests/property_tests.rs:126:74:
called `Result::unwrap()` on an `Err` value: DatabaseNotFound { path: "No such file or directory (os error 2)" }

thread 'prop_crash_recovery' panicked at tests/property_tests.rs:126:74:
called `Result::unwrap()` on an `Err` value: DatabaseNotFound { path: "No such file or directory (os error 2)" }

thread 'prop_crash_recovery' panicked at tests/property_tests.rs:126:74:
called `Result::unwrap()` on an `Err` value: DatabaseNotFound { path: "No such file or directory (os error 2)" }

thread 'prop_crash_recovery' panicked at tests/property_tests.rs:126:74:
called `Result::unwrap()` on an `Err` value: DatabaseNotFound { path: "No such file or directory (os error 2)" }

thread 'prop_crash_recovery' panicked at tests/property_tests.rs:126:74:
called `Result::unwrap()` on an `Err` value: DatabaseNotFound { path: "No such file or directory (os error 2)" }

thread 'prop_crash_recovery' panicked at tests/property_tests.rs:126:74:
called `Result::unwrap()` on an `Err` value: DatabaseNotFound { path: "No such file or directory (os error 2)" }

thread 'prop_crash_recovery' panicked at tests/property_tests.rs:126:74:
called `Result::unwrap()` on an `Err` value: DatabaseNotFound { path: "No such file or directory (os error 2)" }

thread 'prop_crash_recovery' panicked at tests/property_tests.rs:126:74:
called `Result::unwrap()` on an `Err` value: DatabaseNotFound { path: "No such file or directory (os error 2)" }

thread 'prop_crash_recovery' panicked at tests/property_tests.rs:126:74:
called `Result::unwrap()` on an `Err` value: DatabaseNotFound { path: "No such file or directory (os error 2)" }

thread 'prop_crash_recovery' panicked at tests/property_tests.rs:126:74:
called `Result::unwrap()` on an `Err` value: DatabaseNotFound { path: "No such file or directory (os error 2)" }

thread 'prop_crash_recovery' panicked at tests/property_tests.rs:126:74:
called `Result::unwrap()` on an `Err` value: DatabaseNotFound { path: "No such file or directory (os error 2)" }

thread 'prop_crash_recovery' panicked at tests/property_tests.rs:126:74:
called `Result::unwrap()` on an `Err` value: DatabaseNotFound { path: "No such file or directory (os error 2)" }

thread 'prop_crash_recovery' panicked at tests/property_tests.rs:126:74:
called `Result::unwrap()` on an `Err` value: DatabaseNotFound { path: "No such file or directory (os error 2)" }

thread 'prop_crash_recovery' panicked at tests/property_tests.rs:126:74:
called `Result::unwrap()` on an `Err` value: DatabaseNotFound { path: "No such file or directory (os error 2)" }

thread 'prop_crash_recovery' panicked at tests/property_tests.rs:126:74:
called `Result::unwrap()` on an `Err` value: DatabaseNotFound { path: "No such file or directory (os error 2)" }

thread 'prop_crash_recovery' panicked at tests/property_tests.rs:126:74:
called `Result::unwrap()` on an `Err` value: DatabaseNotFound { path: "No such file or directory (os error 2)" }

thread 'prop_crash_recovery' panicked at tests/property_tests.rs:126:74:
called `Result::unwrap()` on an `Err` value: DatabaseNotFound { path: "No such file or directory (os error 2)" }

thread 'prop_crash_recovery' panicked at tests/property_tests.rs:126:74:
called `Result::unwrap()` on an `Err` value: DatabaseNotFound { path: "No such file or directory (os error 2)" }

thread 'prop_crash_recovery' panicked at tests/property_tests.rs:126:74:
called `Result::unwrap()` on an `Err` value: DatabaseNotFound { path: "No such file or directory (os error 2)" }

thread 'prop_crash_recovery' panicked at tests/property_tests.rs:126:74:
called `Result::unwrap()` on an `Err` value: DatabaseNotFound { path: "No such file or directory (os error 2)" }

thread 'prop_crash_recovery' panicked at tests/property_tests.rs:126:74:
called `Result::unwrap()` on an `Err` value: DatabaseNotFound { path: "No such file or directory (os error 2)" }

thread 'prop_crash_recovery' panicked at tests/property_tests.rs:126:74:
called `Result::unwrap()` on an `Err` value: DatabaseNotFound { path: "No such file or directory (os error 2)" }

thread 'prop_crash_recovery' panicked at tests/property_tests.rs:126:74:
called `Result::unwrap()` on an `Err` value: DatabaseNotFound { path: "No such file or directory (os error 2)" }

thread 'prop_crash_recovery' panicked at tests/property_tests.rs:126:74:
called `Result::unwrap()` on an `Err` value: DatabaseNotFound { path: "No such file or directory (os error 2)" }

thread 'prop_crash_recovery' panicked at tests/property_tests.rs:126:74:
called `Result::unwrap()` on an `Err` value: DatabaseNotFound { path: "No such file or directory (os error 2)" }

thread 'prop_crash_recovery' panicked at tests/property_tests.rs:126:74:
called `Result::unwrap()` on an `Err` value: DatabaseNotFound { path: "No such file or directory (os error 2)" }

thread 'prop_crash_recovery' panicked at tests/property_tests.rs:126:74:
called `Result::unwrap()` on an `Err` value: DatabaseNotFound { path: "No such file or directory (os error 2)" }

thread 'prop_crash_recovery' panicked at tests/property_tests.rs:126:74:
called `Result::unwrap()` on an `Err` value: DatabaseNotFound { path: "No such file or directory (os error 2)" }

thread 'prop_crash_recovery' panicked at tests/property_tests.rs:126:74:
called `Result::unwrap()` on an `Err` value: DatabaseNotFound { path: "No such file or directory (os error 2)" }

thread 'prop_crash_recovery' panicked at tests/property_tests.rs:126:74:
called `Result::unwrap()` on an `Err` value: DatabaseNotFound { path: "No such file or directory (os error 2)" }

thread 'prop_crash_recovery' panicked at tests/property_tests.rs:126:74:
called `Result::unwrap()` on an `Err` value: DatabaseNotFound { path: "No such file or directory (os error 2)" }

thread 'prop_crash_recovery' panicked at tests/property_tests.rs:126:74:
called `Result::unwrap()` on an `Err` value: DatabaseNotFound { path: "No such file or directory (os error 2)" }

thread 'prop_crash_recovery' panicked at tests/property_tests.rs:126:74:
called `Result::unwrap()` on an `Err` value: DatabaseNotFound { path: "No such file or directory (os error 2)" }

thread 'prop_crash_recovery' panicked at tests/property_tests.rs:126:74:
called `Result::unwrap()` on an `Err` value: DatabaseNotFound { path: "No such file or directory (os error 2)" }

thread 'prop_crash_recovery' panicked at tests/property_tests.rs:126:74:
called `Result::unwrap()` on an `Err` value: DatabaseNotFound { path: "No such file or directory (os error 2)" }

thread 'prop_crash_recovery' panicked at tests/property_tests.rs:126:74:
called `Result::unwrap()` on an `Err` value: DatabaseNotFound { path: "No such file or directory (os error 2)" }

thread 'prop_crash_recovery' panicked at tests/property_tests.rs:126:74:
called `Result::unwrap()` on an `Err` value: DatabaseNotFound { path: "No such file or directory (os error 2)" }

thread 'prop_crash_recovery' panicked at tests/property_tests.rs:126:74:
called `Result::unwrap()` on an `Err` value: DatabaseNotFound { path: "No such file or directory (os error 2)" }

thread 'prop_crash_recovery' panicked at tests/property_tests.rs:126:74:
called `Result::unwrap()` on an `Err` value: DatabaseNotFound { path: "No such file or directory (os error 2)" }

thread 'prop_crash_recovery' panicked at tests/property_tests.rs:126:74:
called `Result::unwrap()` on an `Err` value: DatabaseNotFound { path: "No such file or directory (os error 2)" }

thread 'prop_crash_recovery' panicked at tests/property_tests.rs:126:74:
called `Result::unwrap()` on an `Err` value: DatabaseNotFound { path: "No such file or directory (os error 2)" }

thread 'prop_crash_recovery' panicked at tests/property_tests.rs:126:74:
called `Result::unwrap()` on an `Err` value: DatabaseNotFound { path: "No such file or directory (os error 2)" }

thread 'prop_crash_recovery' panicked at tests/property_tests.rs:126:74:
called `Result::unwrap()` on an `Err` value: DatabaseNotFound { path: "No such file or directory (os error 2)" }

thread 'prop_crash_recovery' panicked at tests/property_tests.rs:126:74:
called `Result::unwrap()` on an `Err` value: DatabaseNotFound { path: "No such file or directory (os error 2)" }

thread 'prop_crash_recovery' panicked at tests/property_tests.rs:126:74:
called `Result::unwrap()` on an `Err` value: DatabaseNotFound { path: "No such file or directory (os error 2)" }

thread 'prop_crash_recovery' panicked at tests/property_tests.rs:126:74:
called `Result::unwrap()` on an `Err` value: DatabaseNotFound { path: "No such file or directory (os error 2)" }

thread 'prop_crash_recovery' panicked at tests/property_tests.rs:126:74:
called `Result::unwrap()` on an `Err` value: DatabaseNotFound { path: "No such file or directory (os error 2)" }

thread 'prop_crash_recovery' panicked at tests/property_tests.rs:126:74:
called `Result::unwrap()` on an `Err` value: DatabaseNotFound { path: "No such file or directory (os error 2)" }

thread 'prop_crash_recovery' panicked at tests/property_tests.rs:126:74:
called `Result::unwrap()` on an `Err` value: DatabaseNotFound { path: "No such file or directory (os error 2)" }

thread 'prop_crash_recovery' panicked at tests/property_tests.rs:126:74:
called `Result::unwrap()` on an `Err` value: DatabaseNotFound { path: "No such file or directory (os error 2)" }

thread 'prop_crash_recovery' panicked at tests/property_tests.rs:126:74:
called `Result::unwrap()` on an `Err` value: DatabaseNotFound { path: "No such file or directory (os error 2)" }

thread 'prop_crash_recovery' panicked at tests/property_tests.rs:126:74:
called `Result::unwrap()` on an `Err` value: DatabaseNotFound { path: "No such file or directory (os error 2)" }

thread 'prop_crash_recovery' panicked at tests/property_tests.rs:126:74:
called `Result::unwrap()` on an `Err` value: DatabaseNotFound { path: "No such file or directory (os error 2)" }

thread 'prop_crash_recovery' panicked at tests/property_tests.rs:126:74:
called `Result::unwrap()` on an `Err` value: DatabaseNotFound { path: "No such file or directory (os error 2)" }

thread 'prop_crash_recovery' panicked at tests/property_tests.rs:126:74:
called `Result::unwrap()` on an `Err` value: DatabaseNotFound { path: "No such file or directory (os error 2)" }

thread 'prop_crash_recovery' panicked at tests/property_tests.rs:126:74:
called `Result::unwrap()` on an `Err` value: DatabaseNotFound { path: "No such file or directory (os error 2)" }

thread 'prop_crash_recovery' panicked at tests/property_tests.rs:126:74:
called `Result::unwrap()` on an `Err` value: DatabaseNotFound { path: "No such file or directory (os error 2)" }

thread 'prop_crash_recovery' panicked at tests/property_tests.rs:126:74:
called `Result::unwrap()` on an `Err` value: DatabaseNotFound { path: "No such file or directory (os error 2)" }

thread 'prop_crash_recovery' panicked at tests/property_tests.rs:126:74:
called `Result::unwrap()` on an `Err` value: DatabaseNotFound { path: "No such file or directory (os error 2)" }

thread 'prop_crash_recovery' panicked at tests/property_tests.rs:126:74:
called `Result::unwrap()` on an `Err` value: DatabaseNotFound { path: "No such file or directory (os error 2)" }

thread 'prop_crash_recovery' panicked at tests/property_tests.rs:126:74:
called `Result::unwrap()` on an `Err` value: DatabaseNotFound { path: "No such file or directory (os error 2)" }

thread 'prop_crash_recovery' panicked at tests/property_tests.rs:126:74:
called `Result::unwrap()` on an `Err` value: DatabaseNotFound { path: "No such file or directory (os error 2)" }

thread 'prop_crash_recovery' panicked at tests/property_tests.rs:126:74:
called `Result::unwrap()` on an `Err` value: DatabaseNotFound { path: "No such file or directory (os error 2)" }

thread 'prop_crash_recovery' panicked at tests/property_tests.rs:126:74:
called `Result::unwrap()` on an `Err` value: DatabaseNotFound { path: "No such file or directory (os error 2)" }

thread 'prop_crash_recovery' panicked at tests/property_tests.rs:126:74:
called `Result::unwrap()` on an `Err` value: DatabaseNotFound { path: "No such file or directory (os error 2)" }

thread 'prop_crash_recovery' panicked at tests/property_tests.rs:126:74:
called `Result::unwrap()` on an `Err` value: DatabaseNotFound { path: "No such file or directory (os error 2)" }

thread 'prop_crash_recovery' panicked at tests/property_tests.rs:126:74:
called `Result::unwrap()` on an `Err` value: DatabaseNotFound { path: "No such file or directory (os error 2)" }

thread 'prop_crash_recovery' panicked at tests/property_tests.rs:126:74:
called `Result::unwrap()` on an `Err` value: DatabaseNotFound { path: "No such file or directory (os error 2)" }

thread 'prop_crash_recovery' panicked at tests/property_tests.rs:126:74:
called `Result::unwrap()` on an `Err` value: DatabaseNotFound { path: "No such file or directory (os error 2)" }

thread 'prop_crash_recovery' panicked at tests/property_tests.rs:126:74:
called `Result::unwrap()` on an `Err` value: DatabaseNotFound { path: "No such file or directory (os error 2)" }

thread 'prop_crash_recovery' panicked at tests/property_tests.rs:126:74:
called `Result::unwrap()` on an `Err` value: DatabaseNotFound { path: "No such file or directory (os error 2)" }

thread 'prop_crash_recovery' panicked at tests/property_tests.rs:126:74:
called `Result::unwrap()` on an `Err` value: DatabaseNotFound { path: "No such file or directory (os error 2)" }

thread 'prop_crash_recovery' panicked at tests/property_tests.rs:126:74:
called `Result::unwrap()` on an `Err` value: DatabaseNotFound { path: "No such file or directory (os error 2)" }

thread 'prop_crash_recovery' panicked at tests/property_tests.rs:126:74:
called `Result::unwrap()` on an `Err` value: DatabaseNotFound { path: "No such file or directory (os error 2)" }

thread 'prop_crash_recovery' panicked at tests/property_tests.rs:126:74:
called `Result::unwrap()` on an `Err` value: DatabaseNotFound { path: "No such file or directory (os error 2)" }

thread 'prop_crash_recovery' panicked at tests/property_tests.rs:126:74:
called `Result::unwrap()` on an `Err` value: DatabaseNotFound { path: "No such file or directory (os error 2)" }

thread 'prop_crash_recovery' panicked at tests/property_tests.rs:126:74:
called `Result::unwrap()` on an `Err` value: DatabaseNotFound { path: "No such file or directory (os error 2)" }

thread 'prop_crash_recovery' panicked at tests/property_tests.rs:126:74:
called `Result::unwrap()` on an `Err` value: DatabaseNotFound { path: "No such file or directory (os error 2)" }

thread 'prop_crash_recovery' panicked at tests/property_tests.rs:126:74:
called `Result::unwrap()` on an `Err` value: DatabaseNotFound { path: "No such file or directory (os error 2)" }

thread 'prop_crash_recovery' panicked at tests/property_tests.rs:126:74:
called `Result::unwrap()` on an `Err` value: DatabaseNotFound { path: "No such file or directory (os error 2)" }

thread 'prop_crash_recovery' panicked at tests/property_tests.rs:126:74:
called `Result::unwrap()` on an `Err` value: DatabaseNotFound { path: "No such file or directory (os error 2)" }

thread 'prop_crash_recovery' panicked at tests/property_tests.rs:126:74:
called `Result::unwrap()` on an `Err` value: DatabaseNotFound { path: "No such file or directory (os error 2)" }

thread 'prop_crash_recovery' panicked at tests/property_tests.rs:126:74:
called `Result::unwrap()` on an `Err` value: DatabaseNotFound { path: "No such file or directory (os error 2)" }

thread 'prop_crash_recovery' panicked at tests/property_tests.rs:126:74:
called `Result::unwrap()` on an `Err` value: DatabaseNotFound { path: "No such file or directory (os error 2)" }

thread 'prop_crash_recovery' panicked at tests/property_tests.rs:126:74:
called `Result::unwrap()` on an `Err` value: DatabaseNotFound { path: "No such file or directory (os error 2)" }

thread 'prop_crash_recovery' panicked at tests/property_tests.rs:126:74:
called `Result::unwrap()` on an `Err` value: DatabaseNotFound { path: "No such file or directory (os error 2)" }

thread 'prop_crash_recovery' panicked at tests/property_tests.rs:126:74:
called `Result::unwrap()` on an `Err` value: DatabaseNotFound { path: "No such file or directory (os error 2)" }

thread 'prop_crash_recovery' panicked at tests/property_tests.rs:126:74:
called `Result::unwrap()` on an `Err` value: DatabaseNotFound { path: "No such file or directory (os error 2)" }

thread 'prop_crash_recovery' panicked at tests/property_tests.rs:126:74:
called `Result::unwrap()` on an `Err` value: DatabaseNotFound { path: "No such file or directory (os error 2)" }

thread 'prop_crash_recovery' panicked at tests/property_tests.rs:126:74:
called `Result::unwrap()` on an `Err` value: DatabaseNotFound { path: "No such file or directory (os error 2)" }

thread 'prop_crash_recovery' panicked at tests/property_tests.rs:126:74:
called `Result::unwrap()` on an `Err` value: DatabaseNotFound { path: "No such file or directory (os error 2)" }

thread 'prop_crash_recovery' panicked at tests/property_tests.rs:126:74:
called `Result::unwrap()` on an `Err` value: DatabaseNotFound { path: "No such file or directory (os error 2)" }

thread 'prop_crash_recovery' panicked at tests/property_tests.rs:126:74:
called `Result::unwrap()` on an `Err` value: DatabaseNotFound { path: "No such file or directory (os error 2)" }

thread 'prop_crash_recovery' panicked at tests/property_tests.rs:126:74:
called `Result::unwrap()` on an `Err` value: DatabaseNotFound { path: "No such file or directory (os error 2)" }

thread 'prop_crash_recovery' panicked at tests/property_tests.rs:126:74:
called `Result::unwrap()` on an `Err` value: DatabaseNotFound { path: "No such file or directory (os error 2)" }

thread 'prop_crash_recovery' panicked at tests/property_tests.rs:126:74:
called `Result::unwrap()` on an `Err` value: DatabaseNotFound { path: "No such file or directory (os error 2)" }

thread 'prop_crash_recovery' panicked at tests/property_tests.rs:126:74:
called `Result::unwrap()` on an `Err` value: DatabaseNotFound { path: "No such file or directory (os error 2)" }

thread 'prop_crash_recovery' panicked at tests/property_tests.rs:126:74:
called `Result::unwrap()` on an `Err` value: DatabaseNotFound { path: "No such file or directory (os error 2)" }

thread 'prop_crash_recovery' panicked at tests/property_tests.rs:126:74:
called `Result::unwrap()` on an `Err` value: DatabaseNotFound { path: "No such file or directory (os error 2)" }

thread 'prop_crash_recovery' panicked at tests/property_tests.rs:126:74:
called `Result::unwrap()` on an `Err` value: DatabaseNotFound { path: "No such file or directory (os error 2)" }

thread 'prop_crash_recovery' panicked at tests/property_tests.rs:126:74:
called `Result::unwrap()` on an `Err` value: DatabaseNotFound { path: "No such file or directory (os error 2)" }

thread 'prop_crash_recovery' panicked at tests/property_tests.rs:126:74:
called `Result::unwrap()` on an `Err` value: DatabaseNotFound { path: "No such file or directory (os error 2)" }

thread 'prop_crash_recovery' panicked at tests/property_tests.rs:126:74:
called `Result::unwrap()` on an `Err` value: DatabaseNotFound { path: "No such file or directory (os error 2)" }

thread 'prop_crash_recovery' panicked at tests/property_tests.rs:126:74:
called `Result::unwrap()` on an `Err` value: DatabaseNotFound { path: "No such file or directory (os error 2)" }

thread 'prop_crash_recovery' panicked at tests/property_tests.rs:126:74:
called `Result::unwrap()` on an `Err` value: DatabaseNotFound { path: "No such file or directory (os error 2)" }

thread 'prop_crash_recovery' panicked at tests/property_tests.rs:126:74:
called `Result::unwrap()` on an `Err` value: DatabaseNotFound { path: "No such file or directory (os error 2)" }

thread 'prop_crash_recovery' panicked at tests/property_tests.rs:126:74:
called `Result::unwrap()` on an `Err` value: DatabaseNotFound { path: "No such file or directory (os error 2)" }

thread 'prop_crash_recovery' panicked at tests/property_tests.rs:126:74:
called `Result::unwrap()` on an `Err` value: DatabaseNotFound { path: "No such file or directory (os error 2)" }

thread 'prop_crash_recovery' panicked at tests/property_tests.rs:126:74:
called `Result::unwrap()` on an `Err` value: DatabaseNotFound { path: "No such file or directory (os error 2)" }

thread 'prop_crash_recovery' panicked at tests/property_tests.rs:126:74:
called `Result::unwrap()` on an `Err` value: DatabaseNotFound { path: "No such file or directory (os error 2)" }

thread 'prop_crash_recovery' panicked at tests/property_tests.rs:126:74:
called `Result::unwrap()` on an `Err` value: DatabaseNotFound { path: "No such file or directory (os error 2)" }

thread 'prop_crash_recovery' panicked at tests/property_tests.rs:126:74:
called `Result::unwrap()` on an `Err` value: DatabaseNotFound { path: "No such file or directory (os error 2)" }

thread 'prop_crash_recovery' panicked at tests/property_tests.rs:126:74:
called `Result::unwrap()` on an `Err` value: DatabaseNotFound { path: "No such file or directory (os error 2)" }

thread 'prop_crash_recovery' panicked at tests/property_tests.rs:126:74:
called `Result::unwrap()` on an `Err` value: DatabaseNotFound { path: "No such file or directory (os error 2)" }

thread 'prop_crash_recovery' panicked at tests/property_tests.rs:126:74:
called `Result::unwrap()` on an `Err` value: DatabaseNotFound { path: "No such file or directory (os error 2)" }

thread 'prop_crash_recovery' panicked at tests/property_tests.rs:126:74:
called `Result::unwrap()` on an `Err` value: DatabaseNotFound { path: "No such file or directory (os error 2)" }

thread 'prop_crash_recovery' panicked at tests/property_tests.rs:126:74:
called `Result::unwrap()` on an `Err` value: DatabaseNotFound { path: "No such file or directory (os error 2)" }

thread 'prop_crash_recovery' panicked at tests/property_tests.rs:126:74:
called `Result::unwrap()` on an `Err` value: DatabaseNotFound { path: "No such file or directory (os error 2)" }

thread 'prop_crash_recovery' panicked at tests/property_tests.rs:126:74:
called `Result::unwrap()` on an `Err` value: DatabaseNotFound { path: "No such file or directory (os error 2)" }

thread 'prop_crash_recovery' panicked at tests/property_tests.rs:126:74:
called `Result::unwrap()` on an `Err` value: DatabaseNotFound { path: "No such file or directory (os error 2)" }

thread 'prop_crash_recovery' panicked at tests/property_tests.rs:126:74:
called `Result::unwrap()` on an `Err` value: DatabaseNotFound { path: "No such file or directory (os error 2)" }

thread 'prop_crash_recovery' panicked at tests/property_tests.rs:126:74:
called `Result::unwrap()` on an `Err` value: DatabaseNotFound { path: "No such file or directory (os error 2)" }

thread 'prop_crash_recovery' panicked at tests/property_tests.rs:126:74:
called `Result::unwrap()` on an `Err` value: DatabaseNotFound { path: "No such file or directory (os error 2)" }

thread 'prop_crash_recovery' panicked at tests/property_tests.rs:126:74:
called `Result::unwrap()` on an `Err` value: DatabaseNotFound { path: "No such file or directory (os error 2)" }

thread 'prop_crash_recovery' panicked at tests/property_tests.rs:126:74:
called `Result::unwrap()` on an `Err` value: DatabaseNotFound { path: "No such file or directory (os error 2)" }

thread 'prop_crash_recovery' panicked at tests/property_tests.rs:126:74:
called `Result::unwrap()` on an `Err` value: DatabaseNotFound { path: "No such file or directory (os error 2)" }

thread 'prop_crash_recovery' panicked at tests/property_tests.rs:126:74:
called `Result::unwrap()` on an `Err` value: DatabaseNotFound { path: "No such file or directory (os error 2)" }

thread 'prop_crash_recovery' panicked at tests/property_tests.rs:126:74:
called `Result::unwrap()` on an `Err` value: DatabaseNotFound { path: "No such file or directory (os error 2)" }

thread 'prop_crash_recovery' panicked at tests/property_tests.rs:126:74:
called `Result::unwrap()` on an `Err` value: DatabaseNotFound { path: "No such file or directory (os error 2)" }

thread 'prop_crash_recovery' panicked at tests/property_tests.rs:126:74:
called `Result::unwrap()` on an `Err` value: DatabaseNotFound { path: "No such file or directory (os error 2)" }
proptest: Aborting shrinking after the PROPTEST_MAX_SHRINK_ITERS environment variable or ProptestConfig.max_shrink_iters iterations (set 1024 to a large(r) value to shrink more; current configuration: 1024 iterations)

thread 'prop_crash_recovery' panicked at tests/property_tests.rs:116:1:
Test failed: called `Result::unwrap()` on an `Err` value: DatabaseNotFound { path: "No such file or directory (os error 2)" }.
minimal failing input: data = [
    (
        [
            0,
        ],
        [
            209,
            85,
            233,
            176,
            255,
            209,
            166,
            203,
            204,
            135,
            35,
            185,
            4,
            95,
            216,
            178,
            164,
            6,
            173,
            165,
            17,
            223,
            127,
            207,
            51,
            81,
            17,
            89,
            222,
            168,
            208,
            192,
            135,
            17,
            37,
            72,
            3,
            234,
            134,
            229,
            220,
            57,
            96,
            79,
            57,
            112,
            183,
            153,
            195,
            224,
            32,
            20,
            247,
            251,
            130,
            67,
            56,
            116,
            237,
            199,
            152,
            155,
            220,
            247,
            49,
            168,
            227,
            108,
            14,
            62,
            173,
            160,
            21,
            152,
            70,
            15,
            52,
            180,
            144,
            14,
            242,
            193,
            248,
            170,
            129,
        ],
    ),
]
	successes: 0
	local rejects: 0
	global rejects: 0



failures:
    prop_concurrent_consistency
    prop_crash_recovery
    prop_delete_returns_none
    prop_empty_values
    prop_key_uniqueness
    prop_large_data
    prop_memory_limits
    prop_put_get_consistency
    prop_range_query_ordering
    prop_transaction_isolation

test result: FAILED. 0 passed; 10 failed; 0 ignored; 0 measured; 0 filtered out; finished in 0.29s

error: test failed, to rerun pass `--test property_tests`
